<!doctype html public "-//w3c//dtd html 4.0 transitional//en">
<html><head>
<title>Static Call Graph - [.\Objects\middleware-t.axf]</title></head>
<body><HR>
<H1>Static Call Graph for image .\Objects\middleware-t.axf</H1><HR>
<BR><P>#&#060CALLGRAPH&#062# ARM Linker, 5060422: Last Updated: Fri May 05 17:26:11 2017
<BR><P>
<H3>Maximum Stack Usage =        164 bytes + Unknown(Cycles, Untraceable Function Pointers)</H3><H3>
Call chain for Maximum Stack Depth:</H3>
main &rArr; hardware_init &rArr; dbg_uart_init &rArr; DbgConsole_Init &rArr; CLOCK_SYS_GetUartFreq &rArr; CLOCK_SYS_GetSystemClockFreq &rArr; CLOCK_HAL_GetOutClk &rArr; CLOCK_HAL_GetFllClk &rArr; CLOCK_HAL_GetFllRefClk &rArr; CLOCK_HAL_TestFllExternalRefFreq
<P>
<H3>
Mutually Recursive functions
</H3> <LI><a href="#[0]">rt_alloc_box</a>&nbsp;&nbsp;&nbsp;&rArr;&nbsp;&nbsp;&nbsp;<a href="#[0]">rt_alloc_box</a><BR>
 <LI><a href="#[17]">NMI_Handler</a>&nbsp;&nbsp;&nbsp;&rArr;&nbsp;&nbsp;&nbsp;<a href="#[17]">NMI_Handler</a><BR>
 <LI><a href="#[18]">HardFault_Handler</a>&nbsp;&nbsp;&nbsp;&rArr;&nbsp;&nbsp;&nbsp;<a href="#[18]">HardFault_Handler</a><BR>
 <LI><a href="#[19]">MemManage_Handler</a>&nbsp;&nbsp;&nbsp;&rArr;&nbsp;&nbsp;&nbsp;<a href="#[19]">MemManage_Handler</a><BR>
 <LI><a href="#[1a]">BusFault_Handler</a>&nbsp;&nbsp;&nbsp;&rArr;&nbsp;&nbsp;&nbsp;<a href="#[1a]">BusFault_Handler</a><BR>
 <LI><a href="#[1b]">UsageFault_Handler</a>&nbsp;&nbsp;&nbsp;&rArr;&nbsp;&nbsp;&nbsp;<a href="#[1b]">UsageFault_Handler</a><BR>
 <LI><a href="#[1d]">DebugMon_Handler</a>&nbsp;&nbsp;&nbsp;&rArr;&nbsp;&nbsp;&nbsp;<a href="#[1d]">DebugMon_Handler</a><BR>
</UL>
<P>
<H3>
Function Pointers
</H3><UL>
 <LI><a href="#[47]">ADC0_IRQHandler</a> from startup_mk64f12.o(.text) referenced from startup_mk64f12.o(RESET)
 <LI><a href="#[69]">ADC1_IRQHandler</a> from startup_mk64f12.o(.text) referenced from startup_mk64f12.o(RESET)
 <LI><a href="#[1a]">BusFault_Handler</a> from startup_mk64f12.o(.text) referenced from startup_mk64f12.o(RESET)
 <LI><a href="#[6c]">CAN0_Bus_Off_IRQHandler</a> from startup_mk64f12.o(.text) referenced from startup_mk64f12.o(RESET)
 <LI><a href="#[6d]">CAN0_Error_IRQHandler</a> from startup_mk64f12.o(.text) referenced from startup_mk64f12.o(RESET)
 <LI><a href="#[6b]">CAN0_ORed_Message_buffer_IRQHandler</a> from startup_mk64f12.o(.text) referenced from startup_mk64f12.o(RESET)
 <LI><a href="#[6f]">CAN0_Rx_Warning_IRQHandler</a> from startup_mk64f12.o(.text) referenced from startup_mk64f12.o(RESET)
 <LI><a href="#[6e]">CAN0_Tx_Warning_IRQHandler</a> from startup_mk64f12.o(.text) referenced from startup_mk64f12.o(RESET)
 <LI><a href="#[70]">CAN0_Wake_Up_IRQHandler</a> from startup_mk64f12.o(.text) referenced from startup_mk64f12.o(RESET)
 <LI><a href="#[5]">CLOCK_SYS_FllStableDelay</a> from fsl_clock_mk64f12.o(i.CLOCK_SYS_FllStableDelay) referenced from fsl_clock_mk64f12.o(i.CLOCK_SYS_SetConfiguration)
 <LI><a href="#[48]">CMP0_IRQHandler</a> from startup_mk64f12.o(.text) referenced from startup_mk64f12.o(RESET)
 <LI><a href="#[49]">CMP1_IRQHandler</a> from startup_mk64f12.o(.text) referenced from startup_mk64f12.o(RESET)
 <LI><a href="#[66]">CMP2_IRQHandler</a> from startup_mk64f12.o(.text) referenced from startup_mk64f12.o(RESET)
 <LI><a href="#[4d]">CMT_IRQHandler</a> from startup_mk64f12.o(.text) referenced from startup_mk64f12.o(RESET)
 <LI><a href="#[58]">DAC0_IRQHandler</a> from startup_mk64f12.o(.text) referenced from startup_mk64f12.o(RESET)
 <LI><a href="#[68]">DAC1_IRQHandler</a> from startup_mk64f12.o(.text) referenced from startup_mk64f12.o(RESET)
 <LI><a href="#[20]">DMA0_IRQHandler</a> from startup_mk64f12.o(.text) referenced from startup_mk64f12.o(RESET)
 <LI><a href="#[2a]">DMA10_IRQHandler</a> from startup_mk64f12.o(.text) referenced from startup_mk64f12.o(RESET)
 <LI><a href="#[2b]">DMA11_IRQHandler</a> from startup_mk64f12.o(.text) referenced from startup_mk64f12.o(RESET)
 <LI><a href="#[2c]">DMA12_IRQHandler</a> from startup_mk64f12.o(.text) referenced from startup_mk64f12.o(RESET)
 <LI><a href="#[2d]">DMA13_IRQHandler</a> from startup_mk64f12.o(.text) referenced from startup_mk64f12.o(RESET)
 <LI><a href="#[2e]">DMA14_IRQHandler</a> from startup_mk64f12.o(.text) referenced from startup_mk64f12.o(RESET)
 <LI><a href="#[2f]">DMA15_IRQHandler</a> from startup_mk64f12.o(.text) referenced from startup_mk64f12.o(RESET)
 <LI><a href="#[21]">DMA1_IRQHandler</a> from startup_mk64f12.o(.text) referenced from startup_mk64f12.o(RESET)
 <LI><a href="#[22]">DMA2_IRQHandler</a> from startup_mk64f12.o(.text) referenced from startup_mk64f12.o(RESET)
 <LI><a href="#[23]">DMA3_IRQHandler</a> from startup_mk64f12.o(.text) referenced from startup_mk64f12.o(RESET)
 <LI><a href="#[24]">DMA4_IRQHandler</a> from startup_mk64f12.o(.text) referenced from startup_mk64f12.o(RESET)
 <LI><a href="#[25]">DMA5_IRQHandler</a> from startup_mk64f12.o(.text) referenced from startup_mk64f12.o(RESET)
 <LI><a href="#[26]">DMA6_IRQHandler</a> from startup_mk64f12.o(.text) referenced from startup_mk64f12.o(RESET)
 <LI><a href="#[27]">DMA7_IRQHandler</a> from startup_mk64f12.o(.text) referenced from startup_mk64f12.o(RESET)
 <LI><a href="#[28]">DMA8_IRQHandler</a> from startup_mk64f12.o(.text) referenced from startup_mk64f12.o(RESET)
 <LI><a href="#[29]">DMA9_IRQHandler</a> from startup_mk64f12.o(.text) referenced from startup_mk64f12.o(RESET)
 <LI><a href="#[30]">DMA_Error_IRQHandler</a> from startup_mk64f12.o(.text) referenced from startup_mk64f12.o(RESET)
 <LI><a href="#[1d]">DebugMon_Handler</a> from startup_mk64f12.o(.text) referenced from startup_mk64f12.o(RESET)
 <LI><a href="#[76]">DefaultISR</a> from startup_mk64f12.o(.text) referenced 153 times from startup_mk64f12.o(RESET)
 <LI><a href="#[72]">ENET_1588_Timer_IRQHandler</a> from startup_mk64f12.o(.text) referenced from startup_mk64f12.o(RESET)
 <LI><a href="#[75]">ENET_Error_IRQHandler</a> from startup_mk64f12.o(.text) referenced from startup_mk64f12.o(RESET)
 <LI><a href="#[74]">ENET_Receive_IRQHandler</a> from startup_mk64f12.o(.text) referenced from startup_mk64f12.o(RESET)
 <LI><a href="#[73]">ENET_Transmit_IRQHandler</a> from startup_mk64f12.o(.text) referenced from startup_mk64f12.o(RESET)
 <LI><a href="#[32]">FTFE_IRQHandler</a> from startup_mk64f12.o(.text) referenced from startup_mk64f12.o(RESET)
 <LI><a href="#[4a]">FTM0_IRQHandler</a> from startup_mk64f12.o(.text) referenced from startup_mk64f12.o(RESET)
 <LI><a href="#[4b]">FTM1_IRQHandler</a> from startup_mk64f12.o(.text) referenced from startup_mk64f12.o(RESET)
 <LI><a href="#[4c]">FTM2_IRQHandler</a> from startup_mk64f12.o(.text) referenced from startup_mk64f12.o(RESET)
 <LI><a href="#[67]">FTM3_IRQHandler</a> from startup_mk64f12.o(.text) referenced from startup_mk64f12.o(RESET)
 <LI><a href="#[18]">HardFault_Handler</a> from startup_mk64f12.o(.text) referenced from startup_mk64f12.o(RESET)
 <LI><a href="#[38]">I2C0_IRQHandler</a> from startup_mk64f12.o(.text) referenced from startup_mk64f12.o(RESET)
 <LI><a href="#[39]">I2C1_IRQHandler</a> from startup_mk64f12.o(.text) referenced from startup_mk64f12.o(RESET)
 <LI><a href="#[6a]">I2C2_IRQHandler</a> from startup_mk64f12.o(.text) referenced from startup_mk64f12.o(RESET)
 <LI><a href="#[3d]">I2S0_Rx_IRQHandler</a> from startup_mk64f12.o(.text) referenced from startup_mk64f12.o(RESET)
 <LI><a href="#[3c]">I2S0_Tx_IRQHandler</a> from startup_mk64f12.o(.text) referenced from startup_mk64f12.o(RESET)
 <LI><a href="#[35]">LLWU_IRQHandler</a> from startup_mk64f12.o(.text) referenced from startup_mk64f12.o(RESET)
 <LI><a href="#[5a]">LPTMR0_IRQHandler</a> from startup_mk64f12.o(.text) referenced from startup_mk64f12.o(RESET)
 <LI><a href="#[34]">LVD_LVW_IRQHandler</a> from startup_mk64f12.o(.text) referenced from startup_mk64f12.o(RESET)
 <LI><a href="#[59]">MCG_IRQHandler</a> from startup_mk64f12.o(.text) referenced from startup_mk64f12.o(RESET)
 <LI><a href="#[31]">MCM_IRQHandler</a> from startup_mk64f12.o(.text) referenced from startup_mk64f12.o(RESET)
 <LI><a href="#[19]">MemManage_Handler</a> from startup_mk64f12.o(.text) referenced from startup_mk64f12.o(RESET)
 <LI><a href="#[17]">NMI_Handler</a> from startup_mk64f12.o(.text) referenced from startup_mk64f12.o(RESET)
 <LI><a href="#[54]">PDB0_IRQHandler</a> from startup_mk64f12.o(.text) referenced from startup_mk64f12.o(RESET)
 <LI><a href="#[50]">PIT0_IRQHandler</a> from startup_mk64f12.o(.text) referenced from startup_mk64f12.o(RESET)
 <LI><a href="#[51]">PIT1_IRQHandler</a> from startup_mk64f12.o(.text) referenced from startup_mk64f12.o(RESET)
 <LI><a href="#[52]">PIT2_IRQHandler</a> from startup_mk64f12.o(.text) referenced from startup_mk64f12.o(RESET)
 <LI><a href="#[53]">PIT3_IRQHandler</a> from startup_mk64f12.o(.text) referenced from startup_mk64f12.o(RESET)
 <LI><a href="#[5b]">PORTA_IRQHandler</a> from startup_mk64f12.o(.text) referenced from startup_mk64f12.o(RESET)
 <LI><a href="#[5c]">PORTB_IRQHandler</a> from startup_mk64f12.o(.text) referenced from startup_mk64f12.o(RESET)
 <LI><a href="#[5d]">PORTC_IRQHandler</a> from startup_mk64f12.o(.text) referenced from startup_mk64f12.o(RESET)
 <LI><a href="#[5e]">PORTD_IRQHandler</a> from startup_mk64f12.o(.text) referenced from startup_mk64f12.o(RESET)
 <LI><a href="#[5f]">PORTE_IRQHandler</a> from startup_mk64f12.o(.text) referenced from startup_mk64f12.o(RESET)
 <LI><a href="#[1e]">PendSV_Handler</a> from hal_cm4.o(.emb_text) referenced from startup_mk64f12.o(RESET)
 <LI><a href="#[37]">RNG_IRQHandler</a> from startup_mk64f12.o(.text) referenced from startup_mk64f12.o(RESET)
 <LI><a href="#[4e]">RTC_IRQHandler</a> from startup_mk64f12.o(.text) referenced from startup_mk64f12.o(RESET)
 <LI><a href="#[4f]">RTC_Seconds_IRQHandler</a> from startup_mk64f12.o(.text) referenced from startup_mk64f12.o(RESET)
 <LI><a href="#[33]">Read_Collision_IRQHandler</a> from startup_mk64f12.o(.text) referenced from startup_mk64f12.o(RESET)
 <LI><a href="#[57]">Reserved71_IRQHandler</a> from startup_mk64f12.o(.text) referenced from startup_mk64f12.o(RESET)
 <LI><a href="#[16]">Reset_Handler</a> from startup_mk64f12.o(.text) referenced from startup_mk64f12.o(RESET)
 <LI><a href="#[71]">SDHC_IRQHandler</a> from startup_mk64f12.o(.text) referenced from startup_mk64f12.o(RESET)
 <LI><a href="#[3a]">SPI0_IRQHandler</a> from startup_mk64f12.o(.text) referenced from startup_mk64f12.o(RESET)
 <LI><a href="#[3b]">SPI1_IRQHandler</a> from startup_mk64f12.o(.text) referenced from startup_mk64f12.o(RESET)
 <LI><a href="#[61]">SPI2_IRQHandler</a> from startup_mk64f12.o(.text) referenced from startup_mk64f12.o(RESET)
 <LI><a href="#[1c]">SVC_Handler</a> from hal_cm4.o(.emb_text) referenced from startup_mk64f12.o(RESET)
 <LI><a href="#[60]">SWI_IRQHandler</a> from startup_mk64f12.o(.text) referenced from startup_mk64f12.o(RESET)
 <LI><a href="#[1f]">SysTick_Handler</a> from hal_cm4.o(.emb_text) referenced from startup_mk64f12.o(RESET)
 <LI><a href="#[2]">SystemInit</a> from system_mk64f12.o(i.SystemInit) referenced from startup_mk64f12.o(.text)
 <LI><a href="#[13]">Thread</a> from sensorthread.o(i.Thread) referenced from sensorthread.o(.constdata)
 <LI><a href="#[40]">UART0_ERR_IRQHandler</a> from startup_mk64f12.o(.text) referenced from startup_mk64f12.o(RESET)
 <LI><a href="#[3e]">UART0_LON_IRQHandler</a> from startup_mk64f12.o(.text) referenced from startup_mk64f12.o(RESET)
 <LI><a href="#[3f]">UART0_RX_TX_IRQHandler</a> from startup_mk64f12.o(.text) referenced from startup_mk64f12.o(RESET)
 <LI><a href="#[42]">UART1_ERR_IRQHandler</a> from startup_mk64f12.o(.text) referenced from startup_mk64f12.o(RESET)
 <LI><a href="#[41]">UART1_RX_TX_IRQHandler</a> from startup_mk64f12.o(.text) referenced from startup_mk64f12.o(RESET)
 <LI><a href="#[44]">UART2_ERR_IRQHandler</a> from startup_mk64f12.o(.text) referenced from startup_mk64f12.o(RESET)
 <LI><a href="#[43]">UART2_RX_TX_IRQHandler</a> from startup_mk64f12.o(.text) referenced from startup_mk64f12.o(RESET)
 <LI><a href="#[46]">UART3_ERR_IRQHandler</a> from startup_mk64f12.o(.text) referenced from startup_mk64f12.o(RESET)
 <LI><a href="#[45]">UART3_RX_TX_IRQHandler</a> from startup_mk64f12.o(.text) referenced from startup_mk64f12.o(RESET)
 <LI><a href="#[63]">UART4_ERR_IRQHandler</a> from startup_mk64f12.o(.text) referenced from startup_mk64f12.o(RESET)
 <LI><a href="#[62]">UART4_RX_TX_IRQHandler</a> from startup_mk64f12.o(.text) referenced from startup_mk64f12.o(RESET)
 <LI><a href="#[65]">UART5_ERR_IRQHandler</a> from startup_mk64f12.o(.text) referenced from startup_mk64f12.o(RESET)
 <LI><a href="#[64]">UART5_RX_TX_IRQHandler</a> from startup_mk64f12.o(.text) referenced from startup_mk64f12.o(RESET)
 <LI><a href="#[7]">UART_HAL_ReceiveDataPolling</a> from fsl_uart_hal.o(i.UART_HAL_ReceiveDataPolling) referenced from fsl_debug_console.o(i.DbgConsole_Init)
 <LI><a href="#[6]">UART_HAL_SendDataPolling</a> from fsl_uart_hal.o(i.UART_HAL_SendDataPolling) referenced from fsl_debug_console.o(i.DbgConsole_Init)
 <LI><a href="#[55]">USB0_IRQHandler</a> from startup_mk64f12.o(.text) referenced from startup_mk64f12.o(RESET)
 <LI><a href="#[56]">USBDCD_IRQHandler</a> from startup_mk64f12.o(.text) referenced from startup_mk64f12.o(RESET)
 <LI><a href="#[1b]">UsageFault_Handler</a> from startup_mk64f12.o(.text) referenced from startup_mk64f12.o(RESET)
 <LI><a href="#[36]">WDOG_EWM_IRQHandler</a> from startup_mk64f12.o(.text) referenced from startup_mk64f12.o(RESET)
 <LI><a href="#[4]">__main</a> from entry.o(.ARM.Collect$$$$00000000) referenced from startup_mk64f12.o(.text)
 <LI><a href="#[3]">init_data_bss</a> from startup.o(i.init_data_bss) referenced from startup_mk64f12.o(.text)
 <LI><a href="#[15]">main</a> from main.o(i.main) referenced from rtx_conf_cm.o(.constdata)
 <LI><a href="#[12]">osThreadExit</a> from rt_cmsis.o(i.osThreadExit) referenced from rt_cmsis.o(i.svcThreadCreate)
 <LI><a href="#[14]">osTimerThread</a> from rt_cmsis.o(i.osTimerThread) referenced from rtx_conf_cm.o(.constdata)
 <LI><a href="#[11]">os_idle_demon</a> from rtx_conf_cm.o(i.os_idle_demon) referenced from rt_task.o(i.rt_sys_init)
 <LI><a href="#[0]">rt_alloc_box</a> from rt_membox.o(i.rt_alloc_box) referenced from hal_cm4.o(.emb_text)
 <LI><a href="#[1]">rt_free_box</a> from rt_membox.o(i.rt_free_box) referenced from hal_cm4.o(.emb_text)
 <LI><a href="#[8]">svcDelay</a> from rt_cmsis.o(i.svcDelay) referenced from rt_cmsis.o(i.osDelay)
 <LI><a href="#[9]">svcKernelInitialize</a> from rt_cmsis.o(i.svcKernelInitialize) referenced from rt_cmsis.o(i.osKernelInitialize)
 <LI><a href="#[a]">svcKernelStart</a> from rt_cmsis.o(i.svcKernelStart) referenced from rt_cmsis.o(i.osKernelStart)
 <LI><a href="#[b]">svcMessageGet</a> from rt_cmsis.o(i.svcMessageGet) referenced from rt_cmsis.o(i.osMessageGet)
 <LI><a href="#[c]">svcThreadCreate</a> from rt_cmsis.o(i.svcThreadCreate) referenced from rt_cmsis.o(i.osThreadCreate)
 <LI><a href="#[d]">svcThreadGetId</a> from rt_cmsis.o(i.svcThreadGetId) referenced from rt_cmsis.o(i.osThreadExit)
 <LI><a href="#[e]">svcThreadTerminate</a> from rt_cmsis.o(i.svcThreadTerminate) referenced from rt_cmsis.o(i.osThreadExit)
 <LI><a href="#[f]">svcThreadYield</a> from rt_cmsis.o(i.svcThreadYield) referenced from rt_cmsis.o(i.osThreadYield)
 <LI><a href="#[10]">svcTimerCall</a> from rt_cmsis.o(i.svcTimerCall) referenced from rt_cmsis.o(i.osTimerCall)
</UL>
<P>
<H3>
Global Symbols
</H3>
<P><STRONG><a name="[4]"></a>__main</STRONG> (Thumb, 0 bytes, Stack size unknown bytes, entry.o(.ARM.Collect$$$$00000000))
<BR>[Address Reference Count : 1]<UL><LI> startup_mk64f12.o(.text)
</UL>
<P><STRONG><a name="[10a]"></a>_main_stk</STRONG> (Thumb, 0 bytes, Stack size unknown bytes, entry4.o(.ARM.Collect$$$$00000003))

<P><STRONG><a name="[77]"></a>_main_scatterload</STRONG> (Thumb, 0 bytes, Stack size unknown bytes, entry5.o(.ARM.Collect$$$$00000004))
<BR><BR>[Calls]<UL><LI><a href="#[78]">&gt;&gt;</a>&nbsp;&nbsp;&nbsp;__scatterload
</UL>

<P><STRONG><a name="[82]"></a>__main_after_scatterload</STRONG> (Thumb, 0 bytes, Stack size 0 bytes, entry5.o(.ARM.Collect$$$$00000004))
<BR><BR>[Called By]<UL><LI><a href="#[78]">&gt;&gt;</a>&nbsp;&nbsp;&nbsp;__scatterload
</UL>

<P><STRONG><a name="[10b]"></a>__rt_final_cpp</STRONG> (Thumb, 0 bytes, Stack size 0 bytes, entry10a.o(.ARM.Collect$$$$0000000D))

<P><STRONG><a name="[10c]"></a>__rt_final_exit</STRONG> (Thumb, 0 bytes, Stack size 0 bytes, entry11a.o(.ARM.Collect$$$$0000000F))

<P><STRONG><a name="[10d]"></a>_main_clock</STRONG> (Thumb, 0 bytes, Stack size 0 bytes, entry7b.o(.ARM.Collect$$$$00000008))

<P><STRONG><a name="[10e]"></a>_main_cpp_init</STRONG> (Thumb, 0 bytes, Stack size 0 bytes, entry8b.o(.ARM.Collect$$$$0000000A))

<P><STRONG><a name="[79]"></a>_main_init</STRONG> (Thumb, 18 bytes, Stack size 0 bytes, rtx_conf_cm.o(.ARM.Collect$$$$000000FF))
<BR><BR>[Stack]<UL><LI>Max Depth = 80<LI>Call Chain = _main_init &rArr; osKernelInitialize &rArr; svcKernelInitialize &rArr; svcThreadCreate &rArr; rt_tsk_create &rArr; rt_init_context &rArr; rt_init_stack
</UL>
<BR>[Calls]<UL><LI><a href="#[7b]">&gt;&gt;</a>&nbsp;&nbsp;&nbsp;osThreadCreate
<LI><a href="#[7c]">&gt;&gt;</a>&nbsp;&nbsp;&nbsp;osKernelStart
<LI><a href="#[7a]">&gt;&gt;</a>&nbsp;&nbsp;&nbsp;osKernelInitialize
</UL>

<P><STRONG><a name="[10f]"></a>rt_set_PSP</STRONG> (Thumb, 6 bytes, Stack size 0 bytes, hal_cm4.o(.emb_text), UNUSED)

<P><STRONG><a name="[fc]"></a>rt_get_PSP</STRONG> (Thumb, 6 bytes, Stack size 0 bytes, hal_cm4.o(.emb_text))
<BR><BR>[Called By]<UL><LI><a href="#[fb]">&gt;&gt;</a>&nbsp;&nbsp;&nbsp;rt_tsk_delete
</UL>

<P><STRONG><a name="[110]"></a>os_set_env</STRONG> (Thumb, 24 bytes, Stack size 0 bytes, hal_cm4.o(.emb_text), UNUSED)

<P><STRONG><a name="[111]"></a>_alloc_box</STRONG> (Thumb, 28 bytes, Stack size 0 bytes, hal_cm4.o(.emb_text), UNUSED)

<P><STRONG><a name="[112]"></a>_free_box</STRONG> (Thumb, 28 bytes, Stack size 0 bytes, hal_cm4.o(.emb_text), UNUSED)

<P><STRONG><a name="[1c]"></a>SVC_Handler</STRONG> (Thumb, 168 bytes, Stack size 0 bytes, hal_cm4.o(.emb_text))
<BR><BR>[Calls]<UL><LI><a href="#[7d]">&gt;&gt;</a>&nbsp;&nbsp;&nbsp;rt_stk_check
</UL>
<BR>[Address Reference Count : 1]<UL><LI> startup_mk64f12.o(RESET)
</UL>
<P><STRONG><a name="[1e]"></a>PendSV_Handler</STRONG> (Thumb, 96 bytes, Stack size 0 bytes, hal_cm4.o(.emb_text))
<BR><BR>[Stack]<UL><LI>Max Depth = 56<LI>Call Chain = PendSV_Handler &rArr; rt_pop_req &rArr; rt_mbx_psh &rArr; rt_ret_val2
</UL>
<BR>[Calls]<UL><LI><a href="#[7e]">&gt;&gt;</a>&nbsp;&nbsp;&nbsp;rt_pop_req
<LI><a href="#[7d]">&gt;&gt;</a>&nbsp;&nbsp;&nbsp;rt_stk_check
</UL>
<BR>[Address Reference Count : 1]<UL><LI> startup_mk64f12.o(RESET)
</UL>
<P><STRONG><a name="[1f]"></a>SysTick_Handler</STRONG> (Thumb, 8 bytes, Stack size 0 bytes, hal_cm4.o(.emb_text))
<BR><BR>[Stack]<UL><LI>Max Depth = 72<LI>Call Chain = SysTick_Handler &rArr; rt_systick &rArr; sysTimerTick &rArr; isrMessagePut &rArr; isr_mbx_send &rArr; rt_psq_enq
</UL>
<BR>[Calls]<UL><LI><a href="#[7f]">&gt;&gt;</a>&nbsp;&nbsp;&nbsp;rt_systick
</UL>
<BR>[Address Reference Count : 1]<UL><LI> startup_mk64f12.o(RESET)
</UL>
<P><STRONG><a name="[80]"></a>OS_Tick_Handler</STRONG> (Thumb, 12 bytes, Stack size 0 bytes, hal_cm4.o(.emb_text), UNUSED)
<BR><BR>[Calls]<UL><LI><a href="#[81]">&gt;&gt;</a>&nbsp;&nbsp;&nbsp;os_tick_irqack
<LI><a href="#[7f]">&gt;&gt;</a>&nbsp;&nbsp;&nbsp;rt_systick
</UL>

<P><STRONG><a name="[16]"></a>Reset_Handler</STRONG> (Thumb, 18 bytes, Stack size 0 bytes, startup_mk64f12.o(.text))
<BR>[Address Reference Count : 1]<UL><LI> startup_mk64f12.o(RESET)
</UL>
<P><STRONG><a name="[17]"></a>NMI_Handler</STRONG> (Thumb, 2 bytes, Stack size 0 bytes, startup_mk64f12.o(.text))
<BR><BR>[Calls]<UL><LI><a href="#[17]">&gt;&gt;</a>&nbsp;&nbsp;&nbsp;NMI_Handler
</UL>
<BR>[Called By]<UL><LI><a href="#[17]">&gt;&gt;</a>&nbsp;&nbsp;&nbsp;NMI_Handler
</UL>
<BR>[Address Reference Count : 1]<UL><LI> startup_mk64f12.o(RESET)
</UL>
<P><STRONG><a name="[18]"></a>HardFault_Handler</STRONG> (Thumb, 2 bytes, Stack size 0 bytes, startup_mk64f12.o(.text))
<BR><BR>[Calls]<UL><LI><a href="#[18]">&gt;&gt;</a>&nbsp;&nbsp;&nbsp;HardFault_Handler
</UL>
<BR>[Called By]<UL><LI><a href="#[18]">&gt;&gt;</a>&nbsp;&nbsp;&nbsp;HardFault_Handler
</UL>
<BR>[Address Reference Count : 1]<UL><LI> startup_mk64f12.o(RESET)
</UL>
<P><STRONG><a name="[19]"></a>MemManage_Handler</STRONG> (Thumb, 2 bytes, Stack size 0 bytes, startup_mk64f12.o(.text))
<BR><BR>[Calls]<UL><LI><a href="#[19]">&gt;&gt;</a>&nbsp;&nbsp;&nbsp;MemManage_Handler
</UL>
<BR>[Called By]<UL><LI><a href="#[19]">&gt;&gt;</a>&nbsp;&nbsp;&nbsp;MemManage_Handler
</UL>
<BR>[Address Reference Count : 1]<UL><LI> startup_mk64f12.o(RESET)
</UL>
<P><STRONG><a name="[1a]"></a>BusFault_Handler</STRONG> (Thumb, 2 bytes, Stack size 0 bytes, startup_mk64f12.o(.text))
<BR><BR>[Calls]<UL><LI><a href="#[1a]">&gt;&gt;</a>&nbsp;&nbsp;&nbsp;BusFault_Handler
</UL>
<BR>[Called By]<UL><LI><a href="#[1a]">&gt;&gt;</a>&nbsp;&nbsp;&nbsp;BusFault_Handler
</UL>
<BR>[Address Reference Count : 1]<UL><LI> startup_mk64f12.o(RESET)
</UL>
<P><STRONG><a name="[1b]"></a>UsageFault_Handler</STRONG> (Thumb, 2 bytes, Stack size 0 bytes, startup_mk64f12.o(.text))
<BR><BR>[Calls]<UL><LI><a href="#[1b]">&gt;&gt;</a>&nbsp;&nbsp;&nbsp;UsageFault_Handler
</UL>
<BR>[Called By]<UL><LI><a href="#[1b]">&gt;&gt;</a>&nbsp;&nbsp;&nbsp;UsageFault_Handler
</UL>
<BR>[Address Reference Count : 1]<UL><LI> startup_mk64f12.o(RESET)
</UL>
<P><STRONG><a name="[1d]"></a>DebugMon_Handler</STRONG> (Thumb, 2 bytes, Stack size 0 bytes, startup_mk64f12.o(.text))
<BR><BR>[Calls]<UL><LI><a href="#[1d]">&gt;&gt;</a>&nbsp;&nbsp;&nbsp;DebugMon_Handler
</UL>
<BR>[Called By]<UL><LI><a href="#[1d]">&gt;&gt;</a>&nbsp;&nbsp;&nbsp;DebugMon_Handler
</UL>
<BR>[Address Reference Count : 1]<UL><LI> startup_mk64f12.o(RESET)
</UL>
<P><STRONG><a name="[47]"></a>ADC0_IRQHandler</STRONG> (Thumb, 0 bytes, Stack size 0 bytes, startup_mk64f12.o(.text))
<BR><BR>[Calls]<UL><LI><a href="#[76]">&gt;&gt;</a>&nbsp;&nbsp;&nbsp;DefaultISR
</UL>
<BR>[Address Reference Count : 1]<UL><LI> startup_mk64f12.o(RESET)
</UL>
<P><STRONG><a name="[69]"></a>ADC1_IRQHandler</STRONG> (Thumb, 0 bytes, Stack size 0 bytes, startup_mk64f12.o(.text))
<BR>[Address Reference Count : 1]<UL><LI> startup_mk64f12.o(RESET)
</UL>
<P><STRONG><a name="[6c]"></a>CAN0_Bus_Off_IRQHandler</STRONG> (Thumb, 0 bytes, Stack size 0 bytes, startup_mk64f12.o(.text))
<BR>[Address Reference Count : 1]<UL><LI> startup_mk64f12.o(RESET)
</UL>
<P><STRONG><a name="[6d]"></a>CAN0_Error_IRQHandler</STRONG> (Thumb, 0 bytes, Stack size 0 bytes, startup_mk64f12.o(.text))
<BR>[Address Reference Count : 1]<UL><LI> startup_mk64f12.o(RESET)
</UL>
<P><STRONG><a name="[6b]"></a>CAN0_ORed_Message_buffer_IRQHandler</STRONG> (Thumb, 0 bytes, Stack size 0 bytes, startup_mk64f12.o(.text))
<BR>[Address Reference Count : 1]<UL><LI> startup_mk64f12.o(RESET)
</UL>
<P><STRONG><a name="[6f]"></a>CAN0_Rx_Warning_IRQHandler</STRONG> (Thumb, 0 bytes, Stack size 0 bytes, startup_mk64f12.o(.text))
<BR>[Address Reference Count : 1]<UL><LI> startup_mk64f12.o(RESET)
</UL>
<P><STRONG><a name="[6e]"></a>CAN0_Tx_Warning_IRQHandler</STRONG> (Thumb, 0 bytes, Stack size 0 bytes, startup_mk64f12.o(.text))
<BR>[Address Reference Count : 1]<UL><LI> startup_mk64f12.o(RESET)
</UL>
<P><STRONG><a name="[70]"></a>CAN0_Wake_Up_IRQHandler</STRONG> (Thumb, 0 bytes, Stack size 0 bytes, startup_mk64f12.o(.text))
<BR>[Address Reference Count : 1]<UL><LI> startup_mk64f12.o(RESET)
</UL>
<P><STRONG><a name="[48]"></a>CMP0_IRQHandler</STRONG> (Thumb, 0 bytes, Stack size 0 bytes, startup_mk64f12.o(.text))
<BR>[Address Reference Count : 1]<UL><LI> startup_mk64f12.o(RESET)
</UL>
<P><STRONG><a name="[49]"></a>CMP1_IRQHandler</STRONG> (Thumb, 0 bytes, Stack size 0 bytes, startup_mk64f12.o(.text))
<BR>[Address Reference Count : 1]<UL><LI> startup_mk64f12.o(RESET)
</UL>
<P><STRONG><a name="[66]"></a>CMP2_IRQHandler</STRONG> (Thumb, 0 bytes, Stack size 0 bytes, startup_mk64f12.o(.text))
<BR>[Address Reference Count : 1]<UL><LI> startup_mk64f12.o(RESET)
</UL>
<P><STRONG><a name="[4d]"></a>CMT_IRQHandler</STRONG> (Thumb, 0 bytes, Stack size 0 bytes, startup_mk64f12.o(.text))
<BR>[Address Reference Count : 1]<UL><LI> startup_mk64f12.o(RESET)
</UL>
<P><STRONG><a name="[58]"></a>DAC0_IRQHandler</STRONG> (Thumb, 0 bytes, Stack size 0 bytes, startup_mk64f12.o(.text))
<BR>[Address Reference Count : 1]<UL><LI> startup_mk64f12.o(RESET)
</UL>
<P><STRONG><a name="[68]"></a>DAC1_IRQHandler</STRONG> (Thumb, 0 bytes, Stack size 0 bytes, startup_mk64f12.o(.text))
<BR>[Address Reference Count : 1]<UL><LI> startup_mk64f12.o(RESET)
</UL>
<P><STRONG><a name="[20]"></a>DMA0_IRQHandler</STRONG> (Thumb, 0 bytes, Stack size 0 bytes, startup_mk64f12.o(.text))
<BR>[Address Reference Count : 1]<UL><LI> startup_mk64f12.o(RESET)
</UL>
<P><STRONG><a name="[2a]"></a>DMA10_IRQHandler</STRONG> (Thumb, 0 bytes, Stack size 0 bytes, startup_mk64f12.o(.text))
<BR>[Address Reference Count : 1]<UL><LI> startup_mk64f12.o(RESET)
</UL>
<P><STRONG><a name="[2b]"></a>DMA11_IRQHandler</STRONG> (Thumb, 0 bytes, Stack size 0 bytes, startup_mk64f12.o(.text))
<BR>[Address Reference Count : 1]<UL><LI> startup_mk64f12.o(RESET)
</UL>
<P><STRONG><a name="[2c]"></a>DMA12_IRQHandler</STRONG> (Thumb, 0 bytes, Stack size 0 bytes, startup_mk64f12.o(.text))
<BR>[Address Reference Count : 1]<UL><LI> startup_mk64f12.o(RESET)
</UL>
<P><STRONG><a name="[2d]"></a>DMA13_IRQHandler</STRONG> (Thumb, 0 bytes, Stack size 0 bytes, startup_mk64f12.o(.text))
<BR>[Address Reference Count : 1]<UL><LI> startup_mk64f12.o(RESET)
</UL>
<P><STRONG><a name="[2e]"></a>DMA14_IRQHandler</STRONG> (Thumb, 0 bytes, Stack size 0 bytes, startup_mk64f12.o(.text))
<BR>[Address Reference Count : 1]<UL><LI> startup_mk64f12.o(RESET)
</UL>
<P><STRONG><a name="[2f]"></a>DMA15_IRQHandler</STRONG> (Thumb, 0 bytes, Stack size 0 bytes, startup_mk64f12.o(.text))
<BR>[Address Reference Count : 1]<UL><LI> startup_mk64f12.o(RESET)
</UL>
<P><STRONG><a name="[21]"></a>DMA1_IRQHandler</STRONG> (Thumb, 0 bytes, Stack size 0 bytes, startup_mk64f12.o(.text))
<BR>[Address Reference Count : 1]<UL><LI> startup_mk64f12.o(RESET)
</UL>
<P><STRONG><a name="[22]"></a>DMA2_IRQHandler</STRONG> (Thumb, 0 bytes, Stack size 0 bytes, startup_mk64f12.o(.text))
<BR>[Address Reference Count : 1]<UL><LI> startup_mk64f12.o(RESET)
</UL>
<P><STRONG><a name="[23]"></a>DMA3_IRQHandler</STRONG> (Thumb, 0 bytes, Stack size 0 bytes, startup_mk64f12.o(.text))
<BR>[Address Reference Count : 1]<UL><LI> startup_mk64f12.o(RESET)
</UL>
<P><STRONG><a name="[24]"></a>DMA4_IRQHandler</STRONG> (Thumb, 0 bytes, Stack size 0 bytes, startup_mk64f12.o(.text))
<BR>[Address Reference Count : 1]<UL><LI> startup_mk64f12.o(RESET)
</UL>
<P><STRONG><a name="[25]"></a>DMA5_IRQHandler</STRONG> (Thumb, 0 bytes, Stack size 0 bytes, startup_mk64f12.o(.text))
<BR>[Address Reference Count : 1]<UL><LI> startup_mk64f12.o(RESET)
</UL>
<P><STRONG><a name="[26]"></a>DMA6_IRQHandler</STRONG> (Thumb, 0 bytes, Stack size 0 bytes, startup_mk64f12.o(.text))
<BR>[Address Reference Count : 1]<UL><LI> startup_mk64f12.o(RESET)
</UL>
<P><STRONG><a name="[27]"></a>DMA7_IRQHandler</STRONG> (Thumb, 0 bytes, Stack size 0 bytes, startup_mk64f12.o(.text))
<BR>[Address Reference Count : 1]<UL><LI> startup_mk64f12.o(RESET)
</UL>
<P><STRONG><a name="[28]"></a>DMA8_IRQHandler</STRONG> (Thumb, 0 bytes, Stack size 0 bytes, startup_mk64f12.o(.text))
<BR>[Address Reference Count : 1]<UL><LI> startup_mk64f12.o(RESET)
</UL>
<P><STRONG><a name="[29]"></a>DMA9_IRQHandler</STRONG> (Thumb, 0 bytes, Stack size 0 bytes, startup_mk64f12.o(.text))
<BR>[Address Reference Count : 1]<UL><LI> startup_mk64f12.o(RESET)
</UL>
<P><STRONG><a name="[30]"></a>DMA_Error_IRQHandler</STRONG> (Thumb, 0 bytes, Stack size 0 bytes, startup_mk64f12.o(.text))
<BR>[Address Reference Count : 1]<UL><LI> startup_mk64f12.o(RESET)
</UL>
<P><STRONG><a name="[76]"></a>DefaultISR</STRONG> (Thumb, 0 bytes, Stack size 0 bytes, startup_mk64f12.o(.text))
<BR><BR>[Called By]<UL><LI><a href="#[47]">&gt;&gt;</a>&nbsp;&nbsp;&nbsp;ADC0_IRQHandler
</UL>
<BR>[Address Reference Count : 1]<UL><LI> startup_mk64f12.o(RESET)
</UL>
<P><STRONG><a name="[72]"></a>ENET_1588_Timer_IRQHandler</STRONG> (Thumb, 0 bytes, Stack size 0 bytes, startup_mk64f12.o(.text))
<BR>[Address Reference Count : 1]<UL><LI> startup_mk64f12.o(RESET)
</UL>
<P><STRONG><a name="[75]"></a>ENET_Error_IRQHandler</STRONG> (Thumb, 0 bytes, Stack size 0 bytes, startup_mk64f12.o(.text))
<BR>[Address Reference Count : 1]<UL><LI> startup_mk64f12.o(RESET)
</UL>
<P><STRONG><a name="[74]"></a>ENET_Receive_IRQHandler</STRONG> (Thumb, 0 bytes, Stack size 0 bytes, startup_mk64f12.o(.text))
<BR>[Address Reference Count : 1]<UL><LI> startup_mk64f12.o(RESET)
</UL>
<P><STRONG><a name="[73]"></a>ENET_Transmit_IRQHandler</STRONG> (Thumb, 0 bytes, Stack size 0 bytes, startup_mk64f12.o(.text))
<BR>[Address Reference Count : 1]<UL><LI> startup_mk64f12.o(RESET)
</UL>
<P><STRONG><a name="[32]"></a>FTFE_IRQHandler</STRONG> (Thumb, 0 bytes, Stack size 0 bytes, startup_mk64f12.o(.text))
<BR>[Address Reference Count : 1]<UL><LI> startup_mk64f12.o(RESET)
</UL>
<P><STRONG><a name="[4a]"></a>FTM0_IRQHandler</STRONG> (Thumb, 0 bytes, Stack size 0 bytes, startup_mk64f12.o(.text))
<BR>[Address Reference Count : 1]<UL><LI> startup_mk64f12.o(RESET)
</UL>
<P><STRONG><a name="[4b]"></a>FTM1_IRQHandler</STRONG> (Thumb, 0 bytes, Stack size 0 bytes, startup_mk64f12.o(.text))
<BR>[Address Reference Count : 1]<UL><LI> startup_mk64f12.o(RESET)
</UL>
<P><STRONG><a name="[4c]"></a>FTM2_IRQHandler</STRONG> (Thumb, 0 bytes, Stack size 0 bytes, startup_mk64f12.o(.text))
<BR>[Address Reference Count : 1]<UL><LI> startup_mk64f12.o(RESET)
</UL>
<P><STRONG><a name="[67]"></a>FTM3_IRQHandler</STRONG> (Thumb, 0 bytes, Stack size 0 bytes, startup_mk64f12.o(.text))
<BR>[Address Reference Count : 1]<UL><LI> startup_mk64f12.o(RESET)
</UL>
<P><STRONG><a name="[38]"></a>I2C0_IRQHandler</STRONG> (Thumb, 0 bytes, Stack size 0 bytes, startup_mk64f12.o(.text))
<BR>[Address Reference Count : 1]<UL><LI> startup_mk64f12.o(RESET)
</UL>
<P><STRONG><a name="[39]"></a>I2C1_IRQHandler</STRONG> (Thumb, 0 bytes, Stack size 0 bytes, startup_mk64f12.o(.text))
<BR>[Address Reference Count : 1]<UL><LI> startup_mk64f12.o(RESET)
</UL>
<P><STRONG><a name="[6a]"></a>I2C2_IRQHandler</STRONG> (Thumb, 0 bytes, Stack size 0 bytes, startup_mk64f12.o(.text))
<BR>[Address Reference Count : 1]<UL><LI> startup_mk64f12.o(RESET)
</UL>
<P><STRONG><a name="[3d]"></a>I2S0_Rx_IRQHandler</STRONG> (Thumb, 0 bytes, Stack size 0 bytes, startup_mk64f12.o(.text))
<BR>[Address Reference Count : 1]<UL><LI> startup_mk64f12.o(RESET)
</UL>
<P><STRONG><a name="[3c]"></a>I2S0_Tx_IRQHandler</STRONG> (Thumb, 0 bytes, Stack size 0 bytes, startup_mk64f12.o(.text))
<BR>[Address Reference Count : 1]<UL><LI> startup_mk64f12.o(RESET)
</UL>
<P><STRONG><a name="[35]"></a>LLWU_IRQHandler</STRONG> (Thumb, 0 bytes, Stack size 0 bytes, startup_mk64f12.o(.text))
<BR>[Address Reference Count : 1]<UL><LI> startup_mk64f12.o(RESET)
</UL>
<P><STRONG><a name="[5a]"></a>LPTMR0_IRQHandler</STRONG> (Thumb, 0 bytes, Stack size 0 bytes, startup_mk64f12.o(.text))
<BR>[Address Reference Count : 1]<UL><LI> startup_mk64f12.o(RESET)
</UL>
<P><STRONG><a name="[34]"></a>LVD_LVW_IRQHandler</STRONG> (Thumb, 0 bytes, Stack size 0 bytes, startup_mk64f12.o(.text))
<BR>[Address Reference Count : 1]<UL><LI> startup_mk64f12.o(RESET)
</UL>
<P><STRONG><a name="[59]"></a>MCG_IRQHandler</STRONG> (Thumb, 0 bytes, Stack size 0 bytes, startup_mk64f12.o(.text))
<BR>[Address Reference Count : 1]<UL><LI> startup_mk64f12.o(RESET)
</UL>
<P><STRONG><a name="[31]"></a>MCM_IRQHandler</STRONG> (Thumb, 0 bytes, Stack size 0 bytes, startup_mk64f12.o(.text))
<BR>[Address Reference Count : 1]<UL><LI> startup_mk64f12.o(RESET)
</UL>
<P><STRONG><a name="[54]"></a>PDB0_IRQHandler</STRONG> (Thumb, 0 bytes, Stack size 0 bytes, startup_mk64f12.o(.text))
<BR>[Address Reference Count : 1]<UL><LI> startup_mk64f12.o(RESET)
</UL>
<P><STRONG><a name="[50]"></a>PIT0_IRQHandler</STRONG> (Thumb, 0 bytes, Stack size 0 bytes, startup_mk64f12.o(.text))
<BR>[Address Reference Count : 1]<UL><LI> startup_mk64f12.o(RESET)
</UL>
<P><STRONG><a name="[51]"></a>PIT1_IRQHandler</STRONG> (Thumb, 0 bytes, Stack size 0 bytes, startup_mk64f12.o(.text))
<BR>[Address Reference Count : 1]<UL><LI> startup_mk64f12.o(RESET)
</UL>
<P><STRONG><a name="[52]"></a>PIT2_IRQHandler</STRONG> (Thumb, 0 bytes, Stack size 0 bytes, startup_mk64f12.o(.text))
<BR>[Address Reference Count : 1]<UL><LI> startup_mk64f12.o(RESET)
</UL>
<P><STRONG><a name="[53]"></a>PIT3_IRQHandler</STRONG> (Thumb, 0 bytes, Stack size 0 bytes, startup_mk64f12.o(.text))
<BR>[Address Reference Count : 1]<UL><LI> startup_mk64f12.o(RESET)
</UL>
<P><STRONG><a name="[5b]"></a>PORTA_IRQHandler</STRONG> (Thumb, 0 bytes, Stack size 0 bytes, startup_mk64f12.o(.text))
<BR>[Address Reference Count : 1]<UL><LI> startup_mk64f12.o(RESET)
</UL>
<P><STRONG><a name="[5c]"></a>PORTB_IRQHandler</STRONG> (Thumb, 0 bytes, Stack size 0 bytes, startup_mk64f12.o(.text))
<BR>[Address Reference Count : 1]<UL><LI> startup_mk64f12.o(RESET)
</UL>
<P><STRONG><a name="[5d]"></a>PORTC_IRQHandler</STRONG> (Thumb, 0 bytes, Stack size 0 bytes, startup_mk64f12.o(.text))
<BR>[Address Reference Count : 1]<UL><LI> startup_mk64f12.o(RESET)
</UL>
<P><STRONG><a name="[5e]"></a>PORTD_IRQHandler</STRONG> (Thumb, 0 bytes, Stack size 0 bytes, startup_mk64f12.o(.text))
<BR>[Address Reference Count : 1]<UL><LI> startup_mk64f12.o(RESET)
</UL>
<P><STRONG><a name="[5f]"></a>PORTE_IRQHandler</STRONG> (Thumb, 0 bytes, Stack size 0 bytes, startup_mk64f12.o(.text))
<BR>[Address Reference Count : 1]<UL><LI> startup_mk64f12.o(RESET)
</UL>
<P><STRONG><a name="[37]"></a>RNG_IRQHandler</STRONG> (Thumb, 0 bytes, Stack size 0 bytes, startup_mk64f12.o(.text))
<BR>[Address Reference Count : 1]<UL><LI> startup_mk64f12.o(RESET)
</UL>
<P><STRONG><a name="[4e]"></a>RTC_IRQHandler</STRONG> (Thumb, 0 bytes, Stack size 0 bytes, startup_mk64f12.o(.text))
<BR>[Address Reference Count : 1]<UL><LI> startup_mk64f12.o(RESET)
</UL>
<P><STRONG><a name="[4f]"></a>RTC_Seconds_IRQHandler</STRONG> (Thumb, 0 bytes, Stack size 0 bytes, startup_mk64f12.o(.text))
<BR>[Address Reference Count : 1]<UL><LI> startup_mk64f12.o(RESET)
</UL>
<P><STRONG><a name="[33]"></a>Read_Collision_IRQHandler</STRONG> (Thumb, 0 bytes, Stack size 0 bytes, startup_mk64f12.o(.text))
<BR>[Address Reference Count : 1]<UL><LI> startup_mk64f12.o(RESET)
</UL>
<P><STRONG><a name="[57]"></a>Reserved71_IRQHandler</STRONG> (Thumb, 0 bytes, Stack size 0 bytes, startup_mk64f12.o(.text))
<BR>[Address Reference Count : 1]<UL><LI> startup_mk64f12.o(RESET)
</UL>
<P><STRONG><a name="[71]"></a>SDHC_IRQHandler</STRONG> (Thumb, 0 bytes, Stack size 0 bytes, startup_mk64f12.o(.text))
<BR>[Address Reference Count : 1]<UL><LI> startup_mk64f12.o(RESET)
</UL>
<P><STRONG><a name="[3a]"></a>SPI0_IRQHandler</STRONG> (Thumb, 0 bytes, Stack size 0 bytes, startup_mk64f12.o(.text))
<BR>[Address Reference Count : 1]<UL><LI> startup_mk64f12.o(RESET)
</UL>
<P><STRONG><a name="[3b]"></a>SPI1_IRQHandler</STRONG> (Thumb, 0 bytes, Stack size 0 bytes, startup_mk64f12.o(.text))
<BR>[Address Reference Count : 1]<UL><LI> startup_mk64f12.o(RESET)
</UL>
<P><STRONG><a name="[61]"></a>SPI2_IRQHandler</STRONG> (Thumb, 0 bytes, Stack size 0 bytes, startup_mk64f12.o(.text))
<BR>[Address Reference Count : 1]<UL><LI> startup_mk64f12.o(RESET)
</UL>
<P><STRONG><a name="[60]"></a>SWI_IRQHandler</STRONG> (Thumb, 0 bytes, Stack size 0 bytes, startup_mk64f12.o(.text))
<BR>[Address Reference Count : 1]<UL><LI> startup_mk64f12.o(RESET)
</UL>
<P><STRONG><a name="[40]"></a>UART0_ERR_IRQHandler</STRONG> (Thumb, 0 bytes, Stack size 0 bytes, startup_mk64f12.o(.text))
<BR>[Address Reference Count : 1]<UL><LI> startup_mk64f12.o(RESET)
</UL>
<P><STRONG><a name="[3e]"></a>UART0_LON_IRQHandler</STRONG> (Thumb, 0 bytes, Stack size 0 bytes, startup_mk64f12.o(.text))
<BR>[Address Reference Count : 1]<UL><LI> startup_mk64f12.o(RESET)
</UL>
<P><STRONG><a name="[3f]"></a>UART0_RX_TX_IRQHandler</STRONG> (Thumb, 0 bytes, Stack size 0 bytes, startup_mk64f12.o(.text))
<BR>[Address Reference Count : 1]<UL><LI> startup_mk64f12.o(RESET)
</UL>
<P><STRONG><a name="[42]"></a>UART1_ERR_IRQHandler</STRONG> (Thumb, 0 bytes, Stack size 0 bytes, startup_mk64f12.o(.text))
<BR>[Address Reference Count : 1]<UL><LI> startup_mk64f12.o(RESET)
</UL>
<P><STRONG><a name="[41]"></a>UART1_RX_TX_IRQHandler</STRONG> (Thumb, 0 bytes, Stack size 0 bytes, startup_mk64f12.o(.text))
<BR>[Address Reference Count : 1]<UL><LI> startup_mk64f12.o(RESET)
</UL>
<P><STRONG><a name="[44]"></a>UART2_ERR_IRQHandler</STRONG> (Thumb, 0 bytes, Stack size 0 bytes, startup_mk64f12.o(.text))
<BR>[Address Reference Count : 1]<UL><LI> startup_mk64f12.o(RESET)
</UL>
<P><STRONG><a name="[43]"></a>UART2_RX_TX_IRQHandler</STRONG> (Thumb, 0 bytes, Stack size 0 bytes, startup_mk64f12.o(.text))
<BR>[Address Reference Count : 1]<UL><LI> startup_mk64f12.o(RESET)
</UL>
<P><STRONG><a name="[46]"></a>UART3_ERR_IRQHandler</STRONG> (Thumb, 0 bytes, Stack size 0 bytes, startup_mk64f12.o(.text))
<BR>[Address Reference Count : 1]<UL><LI> startup_mk64f12.o(RESET)
</UL>
<P><STRONG><a name="[45]"></a>UART3_RX_TX_IRQHandler</STRONG> (Thumb, 0 bytes, Stack size 0 bytes, startup_mk64f12.o(.text))
<BR>[Address Reference Count : 1]<UL><LI> startup_mk64f12.o(RESET)
</UL>
<P><STRONG><a name="[63]"></a>UART4_ERR_IRQHandler</STRONG> (Thumb, 0 bytes, Stack size 0 bytes, startup_mk64f12.o(.text))
<BR>[Address Reference Count : 1]<UL><LI> startup_mk64f12.o(RESET)
</UL>
<P><STRONG><a name="[62]"></a>UART4_RX_TX_IRQHandler</STRONG> (Thumb, 0 bytes, Stack size 0 bytes, startup_mk64f12.o(.text))
<BR>[Address Reference Count : 1]<UL><LI> startup_mk64f12.o(RESET)
</UL>
<P><STRONG><a name="[65]"></a>UART5_ERR_IRQHandler</STRONG> (Thumb, 0 bytes, Stack size 0 bytes, startup_mk64f12.o(.text))
<BR>[Address Reference Count : 1]<UL><LI> startup_mk64f12.o(RESET)
</UL>
<P><STRONG><a name="[64]"></a>UART5_RX_TX_IRQHandler</STRONG> (Thumb, 0 bytes, Stack size 0 bytes, startup_mk64f12.o(.text))
<BR>[Address Reference Count : 1]<UL><LI> startup_mk64f12.o(RESET)
</UL>
<P><STRONG><a name="[55]"></a>USB0_IRQHandler</STRONG> (Thumb, 0 bytes, Stack size 0 bytes, startup_mk64f12.o(.text))
<BR>[Address Reference Count : 1]<UL><LI> startup_mk64f12.o(RESET)
</UL>
<P><STRONG><a name="[56]"></a>USBDCD_IRQHandler</STRONG> (Thumb, 0 bytes, Stack size 0 bytes, startup_mk64f12.o(.text))
<BR>[Address Reference Count : 1]<UL><LI> startup_mk64f12.o(RESET)
</UL>
<P><STRONG><a name="[36]"></a>WDOG_EWM_IRQHandler</STRONG> (Thumb, 0 bytes, Stack size 0 bytes, startup_mk64f12.o(.text))
<BR>[Address Reference Count : 1]<UL><LI> startup_mk64f12.o(RESET)
</UL>
<P><STRONG><a name="[113]"></a>__aeabi_memcpy</STRONG> (Thumb, 36 bytes, Stack size 0 bytes, memcpya.o(.text), UNUSED)

<P><STRONG><a name="[b6]"></a>__aeabi_memcpy4</STRONG> (Thumb, 0 bytes, Stack size 0 bytes, memcpya.o(.text))
<BR><BR>[Called By]<UL><LI><a href="#[b5]">&gt;&gt;</a>&nbsp;&nbsp;&nbsp;DbgConsole_Init
</UL>

<P><STRONG><a name="[114]"></a>__aeabi_memcpy8</STRONG> (Thumb, 0 bytes, Stack size 0 bytes, memcpya.o(.text), UNUSED)

<P><STRONG><a name="[78]"></a>__scatterload</STRONG> (Thumb, 28 bytes, Stack size 0 bytes, init.o(.text))
<BR><BR>[Calls]<UL><LI><a href="#[82]">&gt;&gt;</a>&nbsp;&nbsp;&nbsp;__main_after_scatterload
</UL>
<BR>[Called By]<UL><LI><a href="#[77]">&gt;&gt;</a>&nbsp;&nbsp;&nbsp;_main_scatterload
</UL>

<P><STRONG><a name="[115]"></a>__scatterload_rt2</STRONG> (Thumb, 0 bytes, Stack size 0 bytes, init.o(.text), UNUSED)

<P><STRONG><a name="[83]"></a>BOARD_ClockInit</STRONG> (Thumb, 56 bytes, Stack size 8 bytes, board.o(i.BOARD_ClockInit))
<BR><BR>[Stack]<UL><LI>Max Depth = 136<LI>Call Chain = BOARD_ClockInit &rArr; CLOCK_SYS_SetConfiguration &rArr; CLOCK_SYS_SetMcgMode &rArr; CLOCK_HAL_SetPbeMode &rArr; CLOCK_HAL_GetMcgMode
</UL>
<BR>[Calls]<UL><LI><a href="#[86]">&gt;&gt;</a>&nbsp;&nbsp;&nbsp;CLOCK_SYS_SetConfiguration
<LI><a href="#[85]">&gt;&gt;</a>&nbsp;&nbsp;&nbsp;BOARD_InitRtcOsc
<LI><a href="#[84]">&gt;&gt;</a>&nbsp;&nbsp;&nbsp;BOARD_InitOsc0
</UL>
<BR>[Called By]<UL><LI><a href="#[d0]">&gt;&gt;</a>&nbsp;&nbsp;&nbsp;hardware_init
</UL>

<P><STRONG><a name="[84]"></a>BOARD_InitOsc0</STRONG> (Thumb, 20 bytes, Stack size 24 bytes, board.o(i.BOARD_InitOsc0))
<BR><BR>[Stack]<UL><LI>Max Depth = 56<LI>Call Chain = BOARD_InitOsc0 &rArr; CLOCK_SYS_OscInit &rArr; CLOCK_SYS_SetOscerConfigration
</UL>
<BR>[Calls]<UL><LI><a href="#[87]">&gt;&gt;</a>&nbsp;&nbsp;&nbsp;CLOCK_SYS_OscInit
</UL>
<BR>[Called By]<UL><LI><a href="#[83]">&gt;&gt;</a>&nbsp;&nbsp;&nbsp;BOARD_ClockInit
</UL>

<P><STRONG><a name="[85]"></a>BOARD_InitRtcOsc</STRONG> (Thumb, 20 bytes, Stack size 16 bytes, board.o(i.BOARD_InitRtcOsc))
<BR><BR>[Stack]<UL><LI>Max Depth = 40<LI>Call Chain = BOARD_InitRtcOsc &rArr; CLOCK_SYS_RtcOscInit
</UL>
<BR>[Calls]<UL><LI><a href="#[88]">&gt;&gt;</a>&nbsp;&nbsp;&nbsp;CLOCK_SYS_RtcOscInit
</UL>
<BR>[Called By]<UL><LI><a href="#[83]">&gt;&gt;</a>&nbsp;&nbsp;&nbsp;BOARD_ClockInit
</UL>

<P><STRONG><a name="[b2]"></a>CLOCK_HAL_EnablePll0InFllMode</STRONG> (Thumb, 64 bytes, Stack size 12 bytes, fsl_mcg_hal.o(i.CLOCK_HAL_EnablePll0InFllMode))
<BR><BR>[Stack]<UL><LI>Max Depth = 12<LI>Call Chain = CLOCK_HAL_EnablePll0InFllMode
</UL>
<BR>[Called By]<UL><LI><a href="#[ac]">&gt;&gt;</a>&nbsp;&nbsp;&nbsp;CLOCK_SYS_SetMcgMode
</UL>

<P><STRONG><a name="[89]"></a>CLOCK_HAL_GetFllClk</STRONG> (Thumb, 82 bytes, Stack size 24 bytes, fsl_mcg_hal.o(i.CLOCK_HAL_GetFllClk))
<BR><BR>[Stack]<UL><LI>Max Depth = 68<LI>Call Chain = CLOCK_HAL_GetFllClk &rArr; CLOCK_HAL_GetFllRefClk &rArr; CLOCK_HAL_TestFllExternalRefFreq
</UL>
<BR>[Calls]<UL><LI><a href="#[8b]">&gt;&gt;</a>&nbsp;&nbsp;&nbsp;CLOCK_HAL_TestFllFreq
<LI><a href="#[8a]">&gt;&gt;</a>&nbsp;&nbsp;&nbsp;CLOCK_HAL_GetFllRefClk
</UL>
<BR>[Called By]<UL><LI><a href="#[93]">&gt;&gt;</a>&nbsp;&nbsp;&nbsp;CLOCK_HAL_GetOutClk
</UL>

<P><STRONG><a name="[8a]"></a>CLOCK_HAL_GetFllRefClk</STRONG> (Thumb, 72 bytes, Stack size 32 bytes, fsl_mcg_hal.o(i.CLOCK_HAL_GetFllRefClk))
<BR><BR>[Stack]<UL><LI>Max Depth = 44<LI>Call Chain = CLOCK_HAL_GetFllRefClk &rArr; CLOCK_HAL_TestFllExternalRefFreq
</UL>
<BR>[Calls]<UL><LI><a href="#[8d]">&gt;&gt;</a>&nbsp;&nbsp;&nbsp;CLOCK_HAL_TestFllExternalRefFreq
<LI><a href="#[8c]">&gt;&gt;</a>&nbsp;&nbsp;&nbsp;CLOCK_HAL_GetMcgExternalClkFreq
</UL>
<BR>[Called By]<UL><LI><a href="#[89]">&gt;&gt;</a>&nbsp;&nbsp;&nbsp;CLOCK_HAL_GetFllClk
</UL>

<P><STRONG><a name="[95]"></a>CLOCK_HAL_GetInternalRefClk</STRONG> (Thumb, 52 bytes, Stack size 0 bytes, fsl_mcg_hal.o(i.CLOCK_HAL_GetInternalRefClk))
<BR><BR>[Called By]<UL><LI><a href="#[93]">&gt;&gt;</a>&nbsp;&nbsp;&nbsp;CLOCK_HAL_GetOutClk
</UL>

<P><STRONG><a name="[8f]"></a>CLOCK_HAL_GetMcgMode</STRONG> (Thumb, 150 bytes, Stack size 32 bytes, fsl_mcg_hal_modes.o(i.CLOCK_HAL_GetMcgMode))
<BR><BR>[Stack]<UL><LI>Max Depth = 32<LI>Call Chain = CLOCK_HAL_GetMcgMode
</UL>
<BR>[Calls]<UL><LI><a href="#[92]">&gt;&gt;</a>&nbsp;&nbsp;&nbsp;CLOCK_HAL_IsPllSelected
<LI><a href="#[91]">&gt;&gt;</a>&nbsp;&nbsp;&nbsp;CLOCK_HAL_GetFllSrc
<LI><a href="#[90]">&gt;&gt;</a>&nbsp;&nbsp;&nbsp;CLOCK_HAL_GetClkOutStat
</UL>
<BR>[Called By]<UL><LI><a href="#[9d]">&gt;&gt;</a>&nbsp;&nbsp;&nbsp;CLOCK_HAL_SetPbeMode
<LI><a href="#[9a]">&gt;&gt;</a>&nbsp;&nbsp;&nbsp;CLOCK_HAL_SetFbiMode
<LI><a href="#[99]">&gt;&gt;</a>&nbsp;&nbsp;&nbsp;CLOCK_HAL_SetFbeMode
<LI><a href="#[ac]">&gt;&gt;</a>&nbsp;&nbsp;&nbsp;CLOCK_SYS_SetMcgMode
</UL>

<P><STRONG><a name="[93]"></a>CLOCK_HAL_GetOutClk</STRONG> (Thumb, 78 bytes, Stack size 16 bytes, fsl_mcg_hal.o(i.CLOCK_HAL_GetOutClk))
<BR><BR>[Stack]<UL><LI>Max Depth = 84<LI>Call Chain = CLOCK_HAL_GetOutClk &rArr; CLOCK_HAL_GetFllClk &rArr; CLOCK_HAL_GetFllRefClk &rArr; CLOCK_HAL_TestFllExternalRefFreq
</UL>
<BR>[Calls]<UL><LI><a href="#[94]">&gt;&gt;</a>&nbsp;&nbsp;&nbsp;CLOCK_HAL_GetPll0Clk
<LI><a href="#[95]">&gt;&gt;</a>&nbsp;&nbsp;&nbsp;CLOCK_HAL_GetInternalRefClk
<LI><a href="#[89]">&gt;&gt;</a>&nbsp;&nbsp;&nbsp;CLOCK_HAL_GetFllClk
<LI><a href="#[8c]">&gt;&gt;</a>&nbsp;&nbsp;&nbsp;CLOCK_HAL_GetMcgExternalClkFreq
</UL>
<BR>[Called By]<UL><LI><a href="#[a5]">&gt;&gt;</a>&nbsp;&nbsp;&nbsp;CLOCK_SYS_GetSystemClockFreq
<LI><a href="#[a3]">&gt;&gt;</a>&nbsp;&nbsp;&nbsp;CLOCK_SYS_GetCoreClockFreq
<LI><a href="#[a4]">&gt;&gt;</a>&nbsp;&nbsp;&nbsp;CLOCK_SYS_GetBusClockFreq
</UL>

<P><STRONG><a name="[94]"></a>CLOCK_HAL_GetPll0Clk</STRONG> (Thumb, 68 bytes, Stack size 16 bytes, fsl_mcg_hal.o(i.CLOCK_HAL_GetPll0Clk))
<BR><BR>[Stack]<UL><LI>Max Depth = 32<LI>Call Chain = CLOCK_HAL_GetPll0Clk &rArr; CLOCK_HAL_GetPll0RefFreq &rArr; CLOCK_HAL_GetMcgExternalClkFreq
</UL>
<BR>[Calls]<UL><LI><a href="#[96]">&gt;&gt;</a>&nbsp;&nbsp;&nbsp;CLOCK_HAL_GetPll0RefFreq
</UL>
<BR>[Called By]<UL><LI><a href="#[93]">&gt;&gt;</a>&nbsp;&nbsp;&nbsp;CLOCK_HAL_GetOutClk
</UL>

<P><STRONG><a name="[96]"></a>CLOCK_HAL_GetPll0RefFreq</STRONG> (Thumb, 12 bytes, Stack size 8 bytes, fsl_mcg_hal.o(i.CLOCK_HAL_GetPll0RefFreq))
<BR><BR>[Stack]<UL><LI>Max Depth = 16<LI>Call Chain = CLOCK_HAL_GetPll0RefFreq &rArr; CLOCK_HAL_GetMcgExternalClkFreq
</UL>
<BR>[Calls]<UL><LI><a href="#[8c]">&gt;&gt;</a>&nbsp;&nbsp;&nbsp;CLOCK_HAL_GetMcgExternalClkFreq
</UL>
<BR>[Called By]<UL><LI><a href="#[94]">&gt;&gt;</a>&nbsp;&nbsp;&nbsp;CLOCK_HAL_GetPll0Clk
</UL>

<P><STRONG><a name="[99]"></a>CLOCK_HAL_SetFbeMode</STRONG> (Thumb, 228 bytes, Stack size 40 bytes, fsl_mcg_hal_modes.o(i.CLOCK_HAL_SetFbeMode))
<BR><BR>[Stack]<UL><LI>Max Depth = 72<LI>Call Chain = CLOCK_HAL_SetFbeMode &rArr; CLOCK_HAL_GetMcgMode
</UL>
<BR>[Calls]<UL><LI><a href="#[8f]">&gt;&gt;</a>&nbsp;&nbsp;&nbsp;CLOCK_HAL_GetMcgMode
<LI><a href="#[92]">&gt;&gt;</a>&nbsp;&nbsp;&nbsp;CLOCK_HAL_IsPllSelected
<LI><a href="#[98]">&gt;&gt;</a>&nbsp;&nbsp;&nbsp;CLOCK_HAL_IsOsc0Stable
<LI><a href="#[91]">&gt;&gt;</a>&nbsp;&nbsp;&nbsp;CLOCK_HAL_GetFllSrc
<LI><a href="#[90]">&gt;&gt;</a>&nbsp;&nbsp;&nbsp;CLOCK_HAL_GetClkOutStat
<LI><a href="#[8e]">&gt;&gt;</a>&nbsp;&nbsp;&nbsp;CLOCK_HAL_TestOscFreq
</UL>
<BR>[Called By]<UL><LI><a href="#[ac]">&gt;&gt;</a>&nbsp;&nbsp;&nbsp;CLOCK_SYS_SetMcgMode
</UL>

<P><STRONG><a name="[9a]"></a>CLOCK_HAL_SetFbiMode</STRONG> (Thumb, 170 bytes, Stack size 32 bytes, fsl_mcg_hal_modes.o(i.CLOCK_HAL_SetFbiMode))
<BR><BR>[Stack]<UL><LI>Max Depth = 64<LI>Call Chain = CLOCK_HAL_SetFbiMode &rArr; CLOCK_HAL_GetMcgMode
</UL>
<BR>[Calls]<UL><LI><a href="#[8f]">&gt;&gt;</a>&nbsp;&nbsp;&nbsp;CLOCK_HAL_GetMcgMode
<LI><a href="#[9c]">&gt;&gt;</a>&nbsp;&nbsp;&nbsp;CLOCK_HAL_GetInternalRefClkMode
<LI><a href="#[91]">&gt;&gt;</a>&nbsp;&nbsp;&nbsp;CLOCK_HAL_GetFllSrc
<LI><a href="#[90]">&gt;&gt;</a>&nbsp;&nbsp;&nbsp;CLOCK_HAL_GetClkOutStat
<LI><a href="#[9b]">&gt;&gt;</a>&nbsp;&nbsp;&nbsp;CLOCK_HAL_UpdateFastClkInternalRefDiv
</UL>
<BR>[Called By]<UL><LI><a href="#[ac]">&gt;&gt;</a>&nbsp;&nbsp;&nbsp;CLOCK_SYS_SetMcgMode
</UL>

<P><STRONG><a name="[a9]"></a>CLOCK_HAL_SetOsc0Mode</STRONG> (Thumb, 36 bytes, Stack size 12 bytes, fsl_mcg_hal.o(i.CLOCK_HAL_SetOsc0Mode))
<BR><BR>[Stack]<UL><LI>Max Depth = 12<LI>Call Chain = CLOCK_HAL_SetOsc0Mode
</UL>
<BR>[Called By]<UL><LI><a href="#[87]">&gt;&gt;</a>&nbsp;&nbsp;&nbsp;CLOCK_SYS_OscInit
</UL>

<P><STRONG><a name="[ab]"></a>CLOCK_HAL_SetOutDiv</STRONG> (Thumb, 56 bytes, Stack size 16 bytes, fsl_sim_hal_mk64f12.o(i.CLOCK_HAL_SetOutDiv))
<BR><BR>[Stack]<UL><LI>Max Depth = 16<LI>Call Chain = CLOCK_HAL_SetOutDiv
</UL>
<BR>[Called By]<UL><LI><a href="#[ad]">&gt;&gt;</a>&nbsp;&nbsp;&nbsp;CLOCK_SYS_SetSimConfigration
<LI><a href="#[86]">&gt;&gt;</a>&nbsp;&nbsp;&nbsp;CLOCK_SYS_SetConfiguration
</UL>

<P><STRONG><a name="[9d]"></a>CLOCK_HAL_SetPbeMode</STRONG> (Thumb, 228 bytes, Stack size 40 bytes, fsl_mcg_hal_modes.o(i.CLOCK_HAL_SetPbeMode))
<BR><BR>[Stack]<UL><LI>Max Depth = 72<LI>Call Chain = CLOCK_HAL_SetPbeMode &rArr; CLOCK_HAL_GetMcgMode
</UL>
<BR>[Calls]<UL><LI><a href="#[8f]">&gt;&gt;</a>&nbsp;&nbsp;&nbsp;CLOCK_HAL_GetMcgMode
<LI><a href="#[97]">&gt;&gt;</a>&nbsp;&nbsp;&nbsp;CLOCK_HAL_PrepareOsc
<LI><a href="#[92]">&gt;&gt;</a>&nbsp;&nbsp;&nbsp;CLOCK_HAL_IsPllSelected
<LI><a href="#[90]">&gt;&gt;</a>&nbsp;&nbsp;&nbsp;CLOCK_HAL_GetClkOutStat
<LI><a href="#[8e]">&gt;&gt;</a>&nbsp;&nbsp;&nbsp;CLOCK_HAL_TestOscFreq
</UL>
<BR>[Called By]<UL><LI><a href="#[ac]">&gt;&gt;</a>&nbsp;&nbsp;&nbsp;CLOCK_SYS_SetMcgMode
</UL>

<P><STRONG><a name="[8d]"></a>CLOCK_HAL_TestFllExternalRefFreq</STRONG> (Thumb, 70 bytes, Stack size 12 bytes, fsl_mcg_hal.o(i.CLOCK_HAL_TestFllExternalRefFreq))
<BR><BR>[Stack]<UL><LI>Max Depth = 12<LI>Call Chain = CLOCK_HAL_TestFllExternalRefFreq
</UL>
<BR>[Called By]<UL><LI><a href="#[8a]">&gt;&gt;</a>&nbsp;&nbsp;&nbsp;CLOCK_HAL_GetFllRefClk
</UL>

<P><STRONG><a name="[8b]"></a>CLOCK_HAL_TestFllFreq</STRONG> (Thumb, 50 bytes, Stack size 8 bytes, fsl_mcg_hal.o(i.CLOCK_HAL_TestFllFreq))
<BR><BR>[Stack]<UL><LI>Max Depth = 8<LI>Call Chain = CLOCK_HAL_TestFllFreq
</UL>
<BR>[Called By]<UL><LI><a href="#[89]">&gt;&gt;</a>&nbsp;&nbsp;&nbsp;CLOCK_HAL_GetFllClk
</UL>

<P><STRONG><a name="[8e]"></a>CLOCK_HAL_TestOscFreq</STRONG> (Thumb, 38 bytes, Stack size 0 bytes, fsl_mcg_hal.o(i.CLOCK_HAL_TestOscFreq))
<BR><BR>[Called By]<UL><LI><a href="#[9d]">&gt;&gt;</a>&nbsp;&nbsp;&nbsp;CLOCK_HAL_SetPbeMode
<LI><a href="#[99]">&gt;&gt;</a>&nbsp;&nbsp;&nbsp;CLOCK_HAL_SetFbeMode
<LI><a href="#[8c]">&gt;&gt;</a>&nbsp;&nbsp;&nbsp;CLOCK_HAL_GetMcgExternalClkFreq
</UL>

<P><STRONG><a name="[9b]"></a>CLOCK_HAL_UpdateFastClkInternalRefDiv</STRONG> (Thumb, 104 bytes, Stack size 16 bytes, fsl_mcg_hal.o(i.CLOCK_HAL_UpdateFastClkInternalRefDiv))
<BR><BR>[Stack]<UL><LI>Max Depth = 16<LI>Call Chain = CLOCK_HAL_UpdateFastClkInternalRefDiv
</UL>
<BR>[Calls]<UL><LI><a href="#[9e]">&gt;&gt;</a>&nbsp;&nbsp;&nbsp;CLOCK_HAL_SetInternalRefClkMode
<LI><a href="#[9f]">&gt;&gt;</a>&nbsp;&nbsp;&nbsp;CLOCK_HAL_GetInternalRefClkMode
</UL>
<BR>[Called By]<UL><LI><a href="#[9a]">&gt;&gt;</a>&nbsp;&nbsp;&nbsp;CLOCK_HAL_SetFbiMode
<LI><a href="#[ac]">&gt;&gt;</a>&nbsp;&nbsp;&nbsp;CLOCK_SYS_SetMcgMode
</UL>

<P><STRONG><a name="[a0]"></a>CLOCK_SYS_EnablePortClock</STRONG> (Thumb, 16 bytes, Stack size 8 bytes, fsl_clock_mk64f12.o(i.CLOCK_SYS_EnablePortClock))
<BR><BR>[Stack]<UL><LI>Max Depth = 16<LI>Call Chain = CLOCK_SYS_EnablePortClock &rArr; SIM_HAL_EnableClock
</UL>
<BR>[Calls]<UL><LI><a href="#[a1]">&gt;&gt;</a>&nbsp;&nbsp;&nbsp;SIM_HAL_EnableClock
</UL>
<BR>[Called By]<UL><LI><a href="#[bb]">&gt;&gt;</a>&nbsp;&nbsp;&nbsp;GPIO_DRV_OutputPinInit
<LI><a href="#[ba]">&gt;&gt;</a>&nbsp;&nbsp;&nbsp;GPIO_DRV_InputPinInit
<LI><a href="#[d0]">&gt;&gt;</a>&nbsp;&nbsp;&nbsp;hardware_init
</UL>

<P><STRONG><a name="[a2]"></a>CLOCK_SYS_EnableUartClock</STRONG> (Thumb, 16 bytes, Stack size 8 bytes, fsl_clock_mk64f12.o(i.CLOCK_SYS_EnableUartClock))
<BR><BR>[Stack]<UL><LI>Max Depth = 16<LI>Call Chain = CLOCK_SYS_EnableUartClock &rArr; SIM_HAL_EnableClock
</UL>
<BR>[Calls]<UL><LI><a href="#[a1]">&gt;&gt;</a>&nbsp;&nbsp;&nbsp;SIM_HAL_EnableClock
</UL>
<BR>[Called By]<UL><LI><a href="#[b5]">&gt;&gt;</a>&nbsp;&nbsp;&nbsp;DbgConsole_Init
</UL>

<P><STRONG><a name="[a4]"></a>CLOCK_SYS_GetBusClockFreq</STRONG> (Thumb, 26 bytes, Stack size 8 bytes, fsl_clock_mk64f12.o(i.CLOCK_SYS_GetBusClockFreq))
<BR><BR>[Stack]<UL><LI>Max Depth = 92<LI>Call Chain = CLOCK_SYS_GetBusClockFreq &rArr; CLOCK_HAL_GetOutClk &rArr; CLOCK_HAL_GetFllClk &rArr; CLOCK_HAL_GetFllRefClk &rArr; CLOCK_HAL_TestFllExternalRefFreq
</UL>
<BR>[Calls]<UL><LI><a href="#[93]">&gt;&gt;</a>&nbsp;&nbsp;&nbsp;CLOCK_HAL_GetOutClk
</UL>
<BR>[Called By]<UL><LI><a href="#[a6]">&gt;&gt;</a>&nbsp;&nbsp;&nbsp;CLOCK_SYS_GetUartFreq
</UL>

<P><STRONG><a name="[a3]"></a>CLOCK_SYS_GetCoreClockFreq</STRONG> (Thumb, 24 bytes, Stack size 8 bytes, fsl_clock_mk64f12.o(i.CLOCK_SYS_GetCoreClockFreq))
<BR><BR>[Stack]<UL><LI>Max Depth = 92<LI>Call Chain = CLOCK_SYS_GetCoreClockFreq &rArr; CLOCK_HAL_GetOutClk &rArr; CLOCK_HAL_GetFllClk &rArr; CLOCK_HAL_GetFllRefClk &rArr; CLOCK_HAL_TestFllExternalRefFreq
</UL>
<BR>[Calls]<UL><LI><a href="#[93]">&gt;&gt;</a>&nbsp;&nbsp;&nbsp;CLOCK_HAL_GetOutClk
</UL>
<BR>[Called By]<UL><LI><a href="#[5]">&gt;&gt;</a>&nbsp;&nbsp;&nbsp;CLOCK_SYS_FllStableDelay
<LI><a href="#[86]">&gt;&gt;</a>&nbsp;&nbsp;&nbsp;CLOCK_SYS_SetConfiguration
</UL>

<P><STRONG><a name="[a5]"></a>CLOCK_SYS_GetSystemClockFreq</STRONG> (Thumb, 24 bytes, Stack size 8 bytes, fsl_clock_mk64f12.o(i.CLOCK_SYS_GetSystemClockFreq))
<BR><BR>[Stack]<UL><LI>Max Depth = 92<LI>Call Chain = CLOCK_SYS_GetSystemClockFreq &rArr; CLOCK_HAL_GetOutClk &rArr; CLOCK_HAL_GetFllClk &rArr; CLOCK_HAL_GetFllRefClk &rArr; CLOCK_HAL_TestFllExternalRefFreq
</UL>
<BR>[Calls]<UL><LI><a href="#[93]">&gt;&gt;</a>&nbsp;&nbsp;&nbsp;CLOCK_HAL_GetOutClk
</UL>
<BR>[Called By]<UL><LI><a href="#[a6]">&gt;&gt;</a>&nbsp;&nbsp;&nbsp;CLOCK_SYS_GetUartFreq
</UL>

<P><STRONG><a name="[a6]"></a>CLOCK_SYS_GetUartFreq</STRONG> (Thumb, 46 bytes, Stack size 8 bytes, fsl_clock_mk64f12.o(i.CLOCK_SYS_GetUartFreq))
<BR><BR>[Stack]<UL><LI>Max Depth = 100<LI>Call Chain = CLOCK_SYS_GetUartFreq &rArr; CLOCK_SYS_GetSystemClockFreq &rArr; CLOCK_HAL_GetOutClk &rArr; CLOCK_HAL_GetFllClk &rArr; CLOCK_HAL_GetFllRefClk &rArr; CLOCK_HAL_TestFllExternalRefFreq
</UL>
<BR>[Calls]<UL><LI><a href="#[a5]">&gt;&gt;</a>&nbsp;&nbsp;&nbsp;CLOCK_SYS_GetSystemClockFreq
<LI><a href="#[a4]">&gt;&gt;</a>&nbsp;&nbsp;&nbsp;CLOCK_SYS_GetBusClockFreq
</UL>
<BR>[Called By]<UL><LI><a href="#[b5]">&gt;&gt;</a>&nbsp;&nbsp;&nbsp;DbgConsole_Init
</UL>

<P><STRONG><a name="[87]"></a>CLOCK_SYS_OscInit</STRONG> (Thumb, 144 bytes, Stack size 16 bytes, fsl_clock_manager.o(i.CLOCK_SYS_OscInit))
<BR><BR>[Stack]<UL><LI>Max Depth = 32<LI>Call Chain = CLOCK_SYS_OscInit &rArr; CLOCK_SYS_SetOscerConfigration
</UL>
<BR>[Calls]<UL><LI><a href="#[a7]">&gt;&gt;</a>&nbsp;&nbsp;&nbsp;OSC_HAL_SetCapacitor
<LI><a href="#[a9]">&gt;&gt;</a>&nbsp;&nbsp;&nbsp;CLOCK_HAL_SetOsc0Mode
<LI><a href="#[a8]">&gt;&gt;</a>&nbsp;&nbsp;&nbsp;CLOCK_SYS_SetOscerConfigration
</UL>
<BR>[Called By]<UL><LI><a href="#[84]">&gt;&gt;</a>&nbsp;&nbsp;&nbsp;BOARD_InitOsc0
</UL>

<P><STRONG><a name="[88]"></a>CLOCK_SYS_RtcOscInit</STRONG> (Thumb, 188 bytes, Stack size 24 bytes, fsl_clock_manager.o(i.CLOCK_SYS_RtcOscInit))
<BR><BR>[Stack]<UL><LI>Max Depth = 24<LI>Call Chain = CLOCK_SYS_RtcOscInit
</UL>
<BR>[Calls]<UL><LI><a href="#[aa]">&gt;&gt;</a>&nbsp;&nbsp;&nbsp;RTC_HAL_SetOscillatorCmd
</UL>
<BR>[Called By]<UL><LI><a href="#[85]">&gt;&gt;</a>&nbsp;&nbsp;&nbsp;BOARD_InitRtcOsc
</UL>

<P><STRONG><a name="[86]"></a>CLOCK_SYS_SetConfiguration</STRONG> (Thumb, 58 bytes, Stack size 16 bytes, fsl_clock_mk64f12.o(i.CLOCK_SYS_SetConfiguration))
<BR><BR>[Stack]<UL><LI>Max Depth = 128<LI>Call Chain = CLOCK_SYS_SetConfiguration &rArr; CLOCK_SYS_SetMcgMode &rArr; CLOCK_HAL_SetPbeMode &rArr; CLOCK_HAL_GetMcgMode
</UL>
<BR>[Calls]<UL><LI><a href="#[ab]">&gt;&gt;</a>&nbsp;&nbsp;&nbsp;CLOCK_HAL_SetOutDiv
<LI><a href="#[a8]">&gt;&gt;</a>&nbsp;&nbsp;&nbsp;CLOCK_SYS_SetOscerConfigration
<LI><a href="#[ac]">&gt;&gt;</a>&nbsp;&nbsp;&nbsp;CLOCK_SYS_SetMcgMode
<LI><a href="#[a3]">&gt;&gt;</a>&nbsp;&nbsp;&nbsp;CLOCK_SYS_GetCoreClockFreq
<LI><a href="#[ad]">&gt;&gt;</a>&nbsp;&nbsp;&nbsp;CLOCK_SYS_SetSimConfigration
</UL>
<BR>[Called By]<UL><LI><a href="#[83]">&gt;&gt;</a>&nbsp;&nbsp;&nbsp;BOARD_ClockInit
</UL>

<P><STRONG><a name="[ac]"></a>CLOCK_SYS_SetMcgMode</STRONG> (Thumb, 340 bytes, Stack size 40 bytes, fsl_clock_manager.o(i.CLOCK_SYS_SetMcgMode))
<BR><BR>[Stack]<UL><LI>Max Depth = 112<LI>Call Chain = CLOCK_SYS_SetMcgMode &rArr; CLOCK_HAL_SetPbeMode &rArr; CLOCK_HAL_GetMcgMode
</UL>
<BR>[Calls]<UL><LI><a href="#[9d]">&gt;&gt;</a>&nbsp;&nbsp;&nbsp;CLOCK_HAL_SetPbeMode
<LI><a href="#[9a]">&gt;&gt;</a>&nbsp;&nbsp;&nbsp;CLOCK_HAL_SetFbiMode
<LI><a href="#[99]">&gt;&gt;</a>&nbsp;&nbsp;&nbsp;CLOCK_HAL_SetFbeMode
<LI><a href="#[8f]">&gt;&gt;</a>&nbsp;&nbsp;&nbsp;CLOCK_HAL_GetMcgMode
<LI><a href="#[9b]">&gt;&gt;</a>&nbsp;&nbsp;&nbsp;CLOCK_HAL_UpdateFastClkInternalRefDiv
<LI><a href="#[b2]">&gt;&gt;</a>&nbsp;&nbsp;&nbsp;CLOCK_HAL_EnablePll0InFllMode
<LI><a href="#[ae]">&gt;&gt;</a>&nbsp;&nbsp;&nbsp;CLOCK_SYS_SetMcgPeeToFbe
<LI><a href="#[af]">&gt;&gt;</a>&nbsp;&nbsp;&nbsp;CLOCK_HAL_SetLowPowerModeCmd
<LI><a href="#[b0]">&gt;&gt;</a>&nbsp;&nbsp;&nbsp;CLOCK_HAL_SetClkOutSrc
<LI><a href="#[b1]">&gt;&gt;</a>&nbsp;&nbsp;&nbsp;CLOCK_HAL_GetClkOutStat
</UL>
<BR>[Called By]<UL><LI><a href="#[86]">&gt;&gt;</a>&nbsp;&nbsp;&nbsp;CLOCK_SYS_SetConfiguration
</UL>

<P><STRONG><a name="[a8]"></a>CLOCK_SYS_SetOscerConfigration</STRONG> (Thumb, 32 bytes, Stack size 16 bytes, fsl_clock_manager.o(i.CLOCK_SYS_SetOscerConfigration))
<BR><BR>[Stack]<UL><LI>Max Depth = 16<LI>Call Chain = CLOCK_SYS_SetOscerConfigration
</UL>
<BR>[Calls]<UL><LI><a href="#[b4]">&gt;&gt;</a>&nbsp;&nbsp;&nbsp;OSC_HAL_SetExternalRefClkInStopModeCmd
<LI><a href="#[b3]">&gt;&gt;</a>&nbsp;&nbsp;&nbsp;OSC_HAL_SetExternalRefClkCmd
</UL>
<BR>[Called By]<UL><LI><a href="#[86]">&gt;&gt;</a>&nbsp;&nbsp;&nbsp;CLOCK_SYS_SetConfiguration
<LI><a href="#[87]">&gt;&gt;</a>&nbsp;&nbsp;&nbsp;CLOCK_SYS_OscInit
</UL>

<P><STRONG><a name="[b5]"></a>DbgConsole_Init</STRONG> (Thumb, 172 bytes, Stack size 48 bytes, fsl_debug_console.o(i.DbgConsole_Init))
<BR><BR>[Stack]<UL><LI>Max Depth = 148<LI>Call Chain = DbgConsole_Init &rArr; CLOCK_SYS_GetUartFreq &rArr; CLOCK_SYS_GetSystemClockFreq &rArr; CLOCK_HAL_GetOutClk &rArr; CLOCK_HAL_GetFllClk &rArr; CLOCK_HAL_GetFllRefClk &rArr; CLOCK_HAL_TestFllExternalRefFreq
</UL>
<BR>[Calls]<UL><LI><a href="#[b6]">&gt;&gt;</a>&nbsp;&nbsp;&nbsp;__aeabi_memcpy4
<LI><a href="#[a6]">&gt;&gt;</a>&nbsp;&nbsp;&nbsp;CLOCK_SYS_GetUartFreq
<LI><a href="#[a2]">&gt;&gt;</a>&nbsp;&nbsp;&nbsp;CLOCK_SYS_EnableUartClock
<LI><a href="#[b8]">&gt;&gt;</a>&nbsp;&nbsp;&nbsp;UART_HAL_SetParityMode
<LI><a href="#[b7]">&gt;&gt;</a>&nbsp;&nbsp;&nbsp;UART_HAL_SetBaudRate
</UL>
<BR>[Called By]<UL><LI><a href="#[cf]">&gt;&gt;</a>&nbsp;&nbsp;&nbsp;dbg_uart_init
</UL>

<P><STRONG><a name="[b9]"></a>GPIO_DRV_Init</STRONG> (Thumb, 48 bytes, Stack size 16 bytes, fsl_gpio_driver.o(i.GPIO_DRV_Init))
<BR><BR>[Stack]<UL><LI>Max Depth = 56<LI>Call Chain = GPIO_DRV_Init &rArr; GPIO_DRV_OutputPinInit &rArr; CLOCK_SYS_EnablePortClock &rArr; SIM_HAL_EnableClock
</UL>
<BR>[Calls]<UL><LI><a href="#[bb]">&gt;&gt;</a>&nbsp;&nbsp;&nbsp;GPIO_DRV_OutputPinInit
<LI><a href="#[ba]">&gt;&gt;</a>&nbsp;&nbsp;&nbsp;GPIO_DRV_InputPinInit
</UL>
<BR>[Called By]<UL><LI><a href="#[c2]">&gt;&gt;</a>&nbsp;&nbsp;&nbsp;LED_Initialize
</UL>

<P><STRONG><a name="[ba]"></a>GPIO_DRV_InputPinInit</STRONG> (Thumb, 196 bytes, Stack size 24 bytes, fsl_gpio_driver.o(i.GPIO_DRV_InputPinInit))
<BR><BR>[Stack]<UL><LI>Max Depth = 40<LI>Call Chain = GPIO_DRV_InputPinInit &rArr; CLOCK_SYS_EnablePortClock &rArr; SIM_HAL_EnableClock
</UL>
<BR>[Calls]<UL><LI><a href="#[bd]">&gt;&gt;</a>&nbsp;&nbsp;&nbsp;GPIO_HAL_SetPinDir
<LI><a href="#[a0]">&gt;&gt;</a>&nbsp;&nbsp;&nbsp;CLOCK_SYS_EnablePortClock
<LI><a href="#[bc]">&gt;&gt;</a>&nbsp;&nbsp;&nbsp;PORT_HAL_SetMuxMode
<LI><a href="#[be]">&gt;&gt;</a>&nbsp;&nbsp;&nbsp;PORT_HAL_SetDigitalFilterCmd
</UL>
<BR>[Called By]<UL><LI><a href="#[b9]">&gt;&gt;</a>&nbsp;&nbsp;&nbsp;GPIO_DRV_Init
</UL>

<P><STRONG><a name="[bb]"></a>GPIO_DRV_OutputPinInit</STRONG> (Thumb, 118 bytes, Stack size 24 bytes, fsl_gpio_driver.o(i.GPIO_DRV_OutputPinInit))
<BR><BR>[Stack]<UL><LI>Max Depth = 40<LI>Call Chain = GPIO_DRV_OutputPinInit &rArr; CLOCK_SYS_EnablePortClock &rArr; SIM_HAL_EnableClock
</UL>
<BR>[Calls]<UL><LI><a href="#[bf]">&gt;&gt;</a>&nbsp;&nbsp;&nbsp;GPIO_HAL_WritePinOutput
<LI><a href="#[bd]">&gt;&gt;</a>&nbsp;&nbsp;&nbsp;GPIO_HAL_SetPinDir
<LI><a href="#[a0]">&gt;&gt;</a>&nbsp;&nbsp;&nbsp;CLOCK_SYS_EnablePortClock
<LI><a href="#[bc]">&gt;&gt;</a>&nbsp;&nbsp;&nbsp;PORT_HAL_SetMuxMode
</UL>
<BR>[Called By]<UL><LI><a href="#[b9]">&gt;&gt;</a>&nbsp;&nbsp;&nbsp;GPIO_DRV_Init
</UL>

<P><STRONG><a name="[c0]"></a>GPIO_DRV_WritePinOutput</STRONG> (Thumb, 34 bytes, Stack size 24 bytes, fsl_gpio_driver.o(i.GPIO_DRV_WritePinOutput))
<BR><BR>[Stack]<UL><LI>Max Depth = 24<LI>Call Chain = GPIO_DRV_WritePinOutput
</UL>
<BR>[Calls]<UL><LI><a href="#[bf]">&gt;&gt;</a>&nbsp;&nbsp;&nbsp;GPIO_HAL_WritePinOutput
</UL>
<BR>[Called By]<UL><LI><a href="#[c4]">&gt;&gt;</a>&nbsp;&nbsp;&nbsp;LED_On
<LI><a href="#[c3]">&gt;&gt;</a>&nbsp;&nbsp;&nbsp;LED_Off
</UL>

<P><STRONG><a name="[bd]"></a>GPIO_HAL_SetPinDir</STRONG> (Thumb, 30 bytes, Stack size 8 bytes, fsl_gpio_hal.o(i.GPIO_HAL_SetPinDir))
<BR><BR>[Stack]<UL><LI>Max Depth = 8<LI>Call Chain = GPIO_HAL_SetPinDir
</UL>
<BR>[Called By]<UL><LI><a href="#[bb]">&gt;&gt;</a>&nbsp;&nbsp;&nbsp;GPIO_DRV_OutputPinInit
<LI><a href="#[ba]">&gt;&gt;</a>&nbsp;&nbsp;&nbsp;GPIO_DRV_InputPinInit
</UL>

<P><STRONG><a name="[bf]"></a>GPIO_HAL_WritePinOutput</STRONG> (Thumb, 18 bytes, Stack size 0 bytes, fsl_gpio_hal.o(i.GPIO_HAL_WritePinOutput))
<BR><BR>[Called By]<UL><LI><a href="#[bb]">&gt;&gt;</a>&nbsp;&nbsp;&nbsp;GPIO_DRV_OutputPinInit
<LI><a href="#[c0]">&gt;&gt;</a>&nbsp;&nbsp;&nbsp;GPIO_DRV_WritePinOutput
</UL>

<P><STRONG><a name="[c1]"></a>Init_Thread</STRONG> (Thumb, 30 bytes, Stack size 8 bytes, sensorthread.o(i.Init_Thread))
<BR><BR>[Stack]<UL><LI>Max Depth = 80<LI>Call Chain = Init_Thread &rArr; osThreadCreate &rArr; svcThreadCreate &rArr; rt_tsk_create &rArr; rt_init_context &rArr; rt_init_stack
</UL>
<BR>[Calls]<UL><LI><a href="#[7b]">&gt;&gt;</a>&nbsp;&nbsp;&nbsp;osThreadCreate
</UL>
<BR>[Called By]<UL><LI><a href="#[15]">&gt;&gt;</a>&nbsp;&nbsp;&nbsp;main
</UL>

<P><STRONG><a name="[c2]"></a>LED_Initialize</STRONG> (Thumb, 14 bytes, Stack size 8 bytes, led_frdm_k64f.o(i.LED_Initialize))
<BR><BR>[Stack]<UL><LI>Max Depth = 64<LI>Call Chain = LED_Initialize &rArr; GPIO_DRV_Init &rArr; GPIO_DRV_OutputPinInit &rArr; CLOCK_SYS_EnablePortClock &rArr; SIM_HAL_EnableClock
</UL>
<BR>[Calls]<UL><LI><a href="#[b9]">&gt;&gt;</a>&nbsp;&nbsp;&nbsp;GPIO_DRV_Init
</UL>
<BR>[Called By]<UL><LI><a href="#[15]">&gt;&gt;</a>&nbsp;&nbsp;&nbsp;main
</UL>

<P><STRONG><a name="[c3]"></a>LED_Off</STRONG> (Thumb, 24 bytes, Stack size 8 bytes, led_frdm_k64f.o(i.LED_Off))
<BR><BR>[Stack]<UL><LI>Max Depth = 32<LI>Call Chain = LED_Off &rArr; GPIO_DRV_WritePinOutput
</UL>
<BR>[Calls]<UL><LI><a href="#[c0]">&gt;&gt;</a>&nbsp;&nbsp;&nbsp;GPIO_DRV_WritePinOutput
</UL>
<BR>[Called By]<UL><LI><a href="#[13]">&gt;&gt;</a>&nbsp;&nbsp;&nbsp;Thread
<LI><a href="#[15]">&gt;&gt;</a>&nbsp;&nbsp;&nbsp;main
</UL>

<P><STRONG><a name="[c4]"></a>LED_On</STRONG> (Thumb, 24 bytes, Stack size 8 bytes, led_frdm_k64f.o(i.LED_On))
<BR><BR>[Stack]<UL><LI>Max Depth = 32<LI>Call Chain = LED_On &rArr; GPIO_DRV_WritePinOutput
</UL>
<BR>[Calls]<UL><LI><a href="#[c0]">&gt;&gt;</a>&nbsp;&nbsp;&nbsp;GPIO_DRV_WritePinOutput
</UL>
<BR>[Called By]<UL><LI><a href="#[13]">&gt;&gt;</a>&nbsp;&nbsp;&nbsp;Thread
<LI><a href="#[15]">&gt;&gt;</a>&nbsp;&nbsp;&nbsp;main
</UL>

<P><STRONG><a name="[a7]"></a>OSC_HAL_SetCapacitor</STRONG> (Thumb, 12 bytes, Stack size 0 bytes, fsl_osc_hal.o(i.OSC_HAL_SetCapacitor))
<BR><BR>[Called By]<UL><LI><a href="#[87]">&gt;&gt;</a>&nbsp;&nbsp;&nbsp;CLOCK_SYS_OscInit
</UL>

<P><STRONG><a name="[2]"></a>SystemInit</STRONG> (Thumb, 34 bytes, Stack size 0 bytes, system_mk64f12.o(i.SystemInit))
<BR>[Address Reference Count : 1]<UL><LI> startup_mk64f12.o(.text)
</UL>
<P><STRONG><a name="[13]"></a>Thread</STRONG> (Thumb, 36 bytes, Stack size 0 bytes, sensorthread.o(i.Thread))
<BR><BR>[Stack]<UL><LI>Max Depth = 32<LI>Call Chain = Thread &rArr; LED_On &rArr; GPIO_DRV_WritePinOutput
</UL>
<BR>[Calls]<UL><LI><a href="#[c6]">&gt;&gt;</a>&nbsp;&nbsp;&nbsp;osThreadYield
<LI><a href="#[c5]">&gt;&gt;</a>&nbsp;&nbsp;&nbsp;osDelay
<LI><a href="#[c4]">&gt;&gt;</a>&nbsp;&nbsp;&nbsp;LED_On
<LI><a href="#[c3]">&gt;&gt;</a>&nbsp;&nbsp;&nbsp;LED_Off
</UL>
<BR>[Address Reference Count : 1]<UL><LI> sensorthread.o(.constdata)
</UL>
<P><STRONG><a name="[c7]"></a>UART_HAL_Getchar</STRONG> (Thumb, 12 bytes, Stack size 0 bytes, fsl_uart_hal.o(i.UART_HAL_Getchar))
<BR><BR>[Called By]<UL><LI><a href="#[7]">&gt;&gt;</a>&nbsp;&nbsp;&nbsp;UART_HAL_ReceiveDataPolling
</UL>

<P><STRONG><a name="[c8]"></a>UART_HAL_Putchar</STRONG> (Thumb, 10 bytes, Stack size 0 bytes, fsl_uart_hal.o(i.UART_HAL_Putchar))
<BR><BR>[Called By]<UL><LI><a href="#[6]">&gt;&gt;</a>&nbsp;&nbsp;&nbsp;UART_HAL_SendDataPolling
</UL>

<P><STRONG><a name="[7]"></a>UART_HAL_ReceiveDataPolling</STRONG> (Thumb, 86 bytes, Stack size 24 bytes, fsl_uart_hal.o(i.UART_HAL_ReceiveDataPolling))
<BR><BR>[Stack]<UL><LI>Max Depth = 24<LI>Call Chain = UART_HAL_ReceiveDataPolling
</UL>
<BR>[Calls]<UL><LI><a href="#[c7]">&gt;&gt;</a>&nbsp;&nbsp;&nbsp;UART_HAL_Getchar
</UL>
<BR>[Address Reference Count : 1]<UL><LI> fsl_debug_console.o(i.DbgConsole_Init)
</UL>
<P><STRONG><a name="[6]"></a>UART_HAL_SendDataPolling</STRONG> (Thumb, 46 bytes, Stack size 16 bytes, fsl_uart_hal.o(i.UART_HAL_SendDataPolling))
<BR><BR>[Stack]<UL><LI>Max Depth = 16<LI>Call Chain = UART_HAL_SendDataPolling
</UL>
<BR>[Calls]<UL><LI><a href="#[c8]">&gt;&gt;</a>&nbsp;&nbsp;&nbsp;UART_HAL_Putchar
</UL>
<BR>[Address Reference Count : 1]<UL><LI> fsl_debug_console.o(i.DbgConsole_Init)
</UL>
<P><STRONG><a name="[b7]"></a>UART_HAL_SetBaudRate</STRONG> (Thumb, 68 bytes, Stack size 16 bytes, fsl_uart_hal.o(i.UART_HAL_SetBaudRate))
<BR><BR>[Stack]<UL><LI>Max Depth = 16<LI>Call Chain = UART_HAL_SetBaudRate
</UL>
<BR>[Called By]<UL><LI><a href="#[b5]">&gt;&gt;</a>&nbsp;&nbsp;&nbsp;DbgConsole_Init
</UL>

<P><STRONG><a name="[b8]"></a>UART_HAL_SetParityMode</STRONG> (Thumb, 28 bytes, Stack size 0 bytes, fsl_uart_hal.o(i.UART_HAL_SetParityMode))
<BR><BR>[Called By]<UL><LI><a href="#[b5]">&gt;&gt;</a>&nbsp;&nbsp;&nbsp;DbgConsole_Init
</UL>

<P><STRONG><a name="[116]"></a>__scatterload_copy</STRONG> (Thumb, 14 bytes, Stack size unknown bytes, handlers.o(i.__scatterload_copy), UNUSED)

<P><STRONG><a name="[117]"></a>__scatterload_null</STRONG> (Thumb, 2 bytes, Stack size unknown bytes, handlers.o(i.__scatterload_null), UNUSED)

<P><STRONG><a name="[118]"></a>__scatterload_zeroinit</STRONG> (Thumb, 14 bytes, Stack size unknown bytes, handlers.o(i.__scatterload_zeroinit), UNUSED)

<P><STRONG><a name="[f4]"></a>_init_box</STRONG> (Thumb, 70 bytes, Stack size 8 bytes, rt_membox.o(i._init_box))
<BR><BR>[Stack]<UL><LI>Max Depth = 8<LI>Call Chain = _init_box
</UL>
<BR>[Called By]<UL><LI><a href="#[f2]">&gt;&gt;</a>&nbsp;&nbsp;&nbsp;rt_sys_init
</UL>

<P><STRONG><a name="[c9]"></a>configure_enet_pins</STRONG> (Thumb, 176 bytes, Stack size 8 bytes, pin_mux.o(i.configure_enet_pins))
<BR><BR>[Stack]<UL><LI>Max Depth = 16<LI>Call Chain = configure_enet_pins &rArr; PORT_HAL_SetMuxMode
</UL>
<BR>[Calls]<UL><LI><a href="#[cc]">&gt;&gt;</a>&nbsp;&nbsp;&nbsp;PORT_HAL_SetPullMode
<LI><a href="#[cd]">&gt;&gt;</a>&nbsp;&nbsp;&nbsp;PORT_HAL_SetPullCmd
<LI><a href="#[cb]">&gt;&gt;</a>&nbsp;&nbsp;&nbsp;PORT_HAL_SetOpenDrainCmd
<LI><a href="#[ca]">&gt;&gt;</a>&nbsp;&nbsp;&nbsp;PORT_HAL_SetMuxMode
</UL>
<BR>[Called By]<UL><LI><a href="#[d0]">&gt;&gt;</a>&nbsp;&nbsp;&nbsp;hardware_init
</UL>

<P><STRONG><a name="[ce]"></a>configure_uart_pins</STRONG> (Thumb, 62 bytes, Stack size 8 bytes, pin_mux.o(i.configure_uart_pins))
<BR><BR>[Stack]<UL><LI>Max Depth = 16<LI>Call Chain = configure_uart_pins &rArr; PORT_HAL_SetMuxMode
</UL>
<BR>[Calls]<UL><LI><a href="#[ca]">&gt;&gt;</a>&nbsp;&nbsp;&nbsp;PORT_HAL_SetMuxMode
</UL>
<BR>[Called By]<UL><LI><a href="#[cf]">&gt;&gt;</a>&nbsp;&nbsp;&nbsp;dbg_uart_init
</UL>

<P><STRONG><a name="[f3]"></a>dbg_init</STRONG> (Thumb, 34 bytes, Stack size 0 bytes, hal_cm.o(i.dbg_init))
<BR><BR>[Called By]<UL><LI><a href="#[f2]">&gt;&gt;</a>&nbsp;&nbsp;&nbsp;rt_sys_init
</UL>

<P><STRONG><a name="[fa]"></a>dbg_task_notify</STRONG> (Thumb, 32 bytes, Stack size 0 bytes, hal_cm.o(i.dbg_task_notify))
<BR><BR>[Called By]<UL><LI><a href="#[fb]">&gt;&gt;</a>&nbsp;&nbsp;&nbsp;rt_tsk_delete
<LI><a href="#[f9]">&gt;&gt;</a>&nbsp;&nbsp;&nbsp;rt_tsk_create
</UL>

<P><STRONG><a name="[f1]"></a>dbg_task_switch</STRONG> (Thumb, 16 bytes, Stack size 0 bytes, hal_cm.o(i.dbg_task_switch))
<BR><BR>[Called By]<UL><LI><a href="#[dd]">&gt;&gt;</a>&nbsp;&nbsp;&nbsp;rt_switch_req
</UL>

<P><STRONG><a name="[cf]"></a>dbg_uart_init</STRONG> (Thumb, 22 bytes, Stack size 8 bytes, board.o(i.dbg_uart_init))
<BR><BR>[Stack]<UL><LI>Max Depth = 156<LI>Call Chain = dbg_uart_init &rArr; DbgConsole_Init &rArr; CLOCK_SYS_GetUartFreq &rArr; CLOCK_SYS_GetSystemClockFreq &rArr; CLOCK_HAL_GetOutClk &rArr; CLOCK_HAL_GetFllClk &rArr; CLOCK_HAL_GetFllRefClk &rArr; CLOCK_HAL_TestFllExternalRefFreq
</UL>
<BR>[Calls]<UL><LI><a href="#[ce]">&gt;&gt;</a>&nbsp;&nbsp;&nbsp;configure_uart_pins
<LI><a href="#[b5]">&gt;&gt;</a>&nbsp;&nbsp;&nbsp;DbgConsole_Init
</UL>
<BR>[Called By]<UL><LI><a href="#[d0]">&gt;&gt;</a>&nbsp;&nbsp;&nbsp;hardware_init
</UL>

<P><STRONG><a name="[d0]"></a>hardware_init</STRONG> (Thumb, 74 bytes, Stack size 8 bytes, hardware_init.o(i.hardware_init))
<BR><BR>[Stack]<UL><LI>Max Depth = 164<LI>Call Chain = hardware_init &rArr; dbg_uart_init &rArr; DbgConsole_Init &rArr; CLOCK_SYS_GetUartFreq &rArr; CLOCK_SYS_GetSystemClockFreq &rArr; CLOCK_HAL_GetOutClk &rArr; CLOCK_HAL_GetFllClk &rArr; CLOCK_HAL_GetFllRefClk &rArr; CLOCK_HAL_TestFllExternalRefFreq
</UL>
<BR>[Calls]<UL><LI><a href="#[a0]">&gt;&gt;</a>&nbsp;&nbsp;&nbsp;CLOCK_SYS_EnablePortClock
<LI><a href="#[c9]">&gt;&gt;</a>&nbsp;&nbsp;&nbsp;configure_enet_pins
<LI><a href="#[cf]">&gt;&gt;</a>&nbsp;&nbsp;&nbsp;dbg_uart_init
<LI><a href="#[83]">&gt;&gt;</a>&nbsp;&nbsp;&nbsp;BOARD_ClockInit
</UL>
<BR>[Called By]<UL><LI><a href="#[15]">&gt;&gt;</a>&nbsp;&nbsp;&nbsp;main
</UL>

<P><STRONG><a name="[3]"></a>init_data_bss</STRONG> (Thumb, 54 bytes, Stack size 0 bytes, startup.o(i.init_data_bss))
<BR>[Address Reference Count : 1]<UL><LI> startup_mk64f12.o(.text)
</UL>
<P><STRONG><a name="[d1]"></a>isrMessageGet</STRONG> (Thumb, 42 bytes, Stack size 16 bytes, rt_cmsis.o(i.isrMessageGet))
<BR><BR>[Stack]<UL><LI>Max Depth = 40<LI>Call Chain = isrMessageGet &rArr; isr_mbx_receive &rArr; rt_psq_enq
</UL>
<BR>[Calls]<UL><LI><a href="#[d2]">&gt;&gt;</a>&nbsp;&nbsp;&nbsp;isr_mbx_receive
</UL>
<BR>[Called By]<UL><LI><a href="#[d8]">&gt;&gt;</a>&nbsp;&nbsp;&nbsp;osMessageGet
</UL>

<P><STRONG><a name="[d3]"></a>isrMessagePut</STRONG> (Thumb, 44 bytes, Stack size 16 bytes, rt_cmsis.o(i.isrMessagePut))
<BR><BR>[Stack]<UL><LI>Max Depth = 40<LI>Call Chain = isrMessagePut &rArr; isr_mbx_send &rArr; rt_psq_enq
</UL>
<BR>[Calls]<UL><LI><a href="#[d4]">&gt;&gt;</a>&nbsp;&nbsp;&nbsp;rt_mbx_check
<LI><a href="#[d5]">&gt;&gt;</a>&nbsp;&nbsp;&nbsp;isr_mbx_send
</UL>
<BR>[Called By]<UL><LI><a href="#[f8]">&gt;&gt;</a>&nbsp;&nbsp;&nbsp;sysTimerTick
</UL>

<P><STRONG><a name="[d2]"></a>isr_mbx_receive</STRONG> (Thumb, 86 bytes, Stack size 8 bytes, rt_mailbox.o(i.isr_mbx_receive))
<BR><BR>[Stack]<UL><LI>Max Depth = 24<LI>Call Chain = isr_mbx_receive &rArr; rt_psq_enq
</UL>
<BR>[Calls]<UL><LI><a href="#[d6]">&gt;&gt;</a>&nbsp;&nbsp;&nbsp;rt_psq_enq
<LI><a href="#[d7]">&gt;&gt;</a>&nbsp;&nbsp;&nbsp;rt_psh_req
</UL>
<BR>[Called By]<UL><LI><a href="#[d1]">&gt;&gt;</a>&nbsp;&nbsp;&nbsp;isrMessageGet
</UL>

<P><STRONG><a name="[d5]"></a>isr_mbx_send</STRONG> (Thumb, 14 bytes, Stack size 8 bytes, rt_mailbox.o(i.isr_mbx_send))
<BR><BR>[Stack]<UL><LI>Max Depth = 24<LI>Call Chain = isr_mbx_send &rArr; rt_psq_enq
</UL>
<BR>[Calls]<UL><LI><a href="#[d6]">&gt;&gt;</a>&nbsp;&nbsp;&nbsp;rt_psq_enq
<LI><a href="#[d7]">&gt;&gt;</a>&nbsp;&nbsp;&nbsp;rt_psh_req
</UL>
<BR>[Called By]<UL><LI><a href="#[d3]">&gt;&gt;</a>&nbsp;&nbsp;&nbsp;isrMessagePut
</UL>

<P><STRONG><a name="[15]"></a>main</STRONG> (Thumb, 52 bytes, Stack size 0 bytes, main.o(i.main))
<BR><BR>[Stack]<UL><LI>Max Depth = 164<LI>Call Chain = main &rArr; hardware_init &rArr; dbg_uart_init &rArr; DbgConsole_Init &rArr; CLOCK_SYS_GetUartFreq &rArr; CLOCK_SYS_GetSystemClockFreq &rArr; CLOCK_HAL_GetOutClk &rArr; CLOCK_HAL_GetFllClk &rArr; CLOCK_HAL_GetFllRefClk &rArr; CLOCK_HAL_TestFllExternalRefFreq
</UL>
<BR>[Calls]<UL><LI><a href="#[7c]">&gt;&gt;</a>&nbsp;&nbsp;&nbsp;osKernelStart
<LI><a href="#[7a]">&gt;&gt;</a>&nbsp;&nbsp;&nbsp;osKernelInitialize
<LI><a href="#[c5]">&gt;&gt;</a>&nbsp;&nbsp;&nbsp;osDelay
<LI><a href="#[d0]">&gt;&gt;</a>&nbsp;&nbsp;&nbsp;hardware_init
<LI><a href="#[c4]">&gt;&gt;</a>&nbsp;&nbsp;&nbsp;LED_On
<LI><a href="#[c3]">&gt;&gt;</a>&nbsp;&nbsp;&nbsp;LED_Off
<LI><a href="#[c2]">&gt;&gt;</a>&nbsp;&nbsp;&nbsp;LED_Initialize
<LI><a href="#[c1]">&gt;&gt;</a>&nbsp;&nbsp;&nbsp;Init_Thread
</UL>
<BR>[Address Reference Count : 1]<UL><LI> rtx_conf_cm.o(.constdata)
</UL>
<P><STRONG><a name="[c5]"></a>osDelay</STRONG> (Thumb, 18 bytes, Stack size 0 bytes, rt_cmsis.o(i.osDelay))
<BR><BR>[Called By]<UL><LI><a href="#[13]">&gt;&gt;</a>&nbsp;&nbsp;&nbsp;Thread
<LI><a href="#[15]">&gt;&gt;</a>&nbsp;&nbsp;&nbsp;main
</UL>

<P><STRONG><a name="[7a]"></a>osKernelInitialize</STRONG> (Thumb, 30 bytes, Stack size 0 bytes, rt_cmsis.o(i.osKernelInitialize))
<BR><BR>[Stack]<UL><LI>Max Depth = 80<LI>Call Chain = osKernelInitialize &rArr; svcKernelInitialize &rArr; svcThreadCreate &rArr; rt_tsk_create &rArr; rt_init_context &rArr; rt_init_stack
</UL>
<BR>[Calls]<UL><LI><a href="#[9]">&gt;&gt;</a>&nbsp;&nbsp;&nbsp;svcKernelInitialize
</UL>
<BR>[Called By]<UL><LI><a href="#[79]">&gt;&gt;</a>&nbsp;&nbsp;&nbsp;_main_init
<LI><a href="#[15]">&gt;&gt;</a>&nbsp;&nbsp;&nbsp;main
</UL>

<P><STRONG><a name="[7c]"></a>osKernelStart</STRONG> (Thumb, 98 bytes, Stack size 32 bytes, rt_cmsis.o(i.osKernelStart))
<BR><BR>[Stack]<UL><LI>Max Depth = 32<LI>Call Chain = osKernelStart
</UL>
<BR>[Called By]<UL><LI><a href="#[79]">&gt;&gt;</a>&nbsp;&nbsp;&nbsp;_main_init
<LI><a href="#[15]">&gt;&gt;</a>&nbsp;&nbsp;&nbsp;main
</UL>

<P><STRONG><a name="[d8]"></a>osMessageGet</STRONG> (Thumb, 18 bytes, Stack size 0 bytes, rt_cmsis.o(i.osMessageGet))
<BR><BR>[Stack]<UL><LI>Max Depth = 40<LI>Call Chain = osMessageGet &rArr; isrMessageGet &rArr; isr_mbx_receive &rArr; rt_psq_enq
</UL>
<BR>[Calls]<UL><LI><a href="#[d1]">&gt;&gt;</a>&nbsp;&nbsp;&nbsp;isrMessageGet
</UL>
<BR>[Called By]<UL><LI><a href="#[14]">&gt;&gt;</a>&nbsp;&nbsp;&nbsp;osTimerThread
</UL>

<P><STRONG><a name="[7b]"></a>osThreadCreate</STRONG> (Thumb, 36 bytes, Stack size 0 bytes, rt_cmsis.o(i.osThreadCreate))
<BR><BR>[Stack]<UL><LI>Max Depth = 72<LI>Call Chain = osThreadCreate &rArr; svcThreadCreate &rArr; rt_tsk_create &rArr; rt_init_context &rArr; rt_init_stack
</UL>
<BR>[Calls]<UL><LI><a href="#[c]">&gt;&gt;</a>&nbsp;&nbsp;&nbsp;svcThreadCreate
</UL>
<BR>[Called By]<UL><LI><a href="#[79]">&gt;&gt;</a>&nbsp;&nbsp;&nbsp;_main_init
<LI><a href="#[c1]">&gt;&gt;</a>&nbsp;&nbsp;&nbsp;Init_Thread
</UL>

<P><STRONG><a name="[12]"></a>osThreadExit</STRONG> (Thumb, 14 bytes, Stack size 0 bytes, rt_cmsis.o(i.osThreadExit))
<BR>[Address Reference Count : 1]<UL><LI> rt_cmsis.o(i.svcThreadCreate)
</UL>
<P><STRONG><a name="[c6]"></a>osThreadYield</STRONG> (Thumb, 18 bytes, Stack size 0 bytes, rt_cmsis.o(i.osThreadYield))
<BR><BR>[Called By]<UL><LI><a href="#[13]">&gt;&gt;</a>&nbsp;&nbsp;&nbsp;Thread
</UL>

<P><STRONG><a name="[d9]"></a>osTimerCall</STRONG> (Thumb, 8 bytes, Stack size 0 bytes, rt_cmsis.o(i.osTimerCall))
<BR><BR>[Called By]<UL><LI><a href="#[14]">&gt;&gt;</a>&nbsp;&nbsp;&nbsp;osTimerThread
</UL>

<P><STRONG><a name="[14]"></a>osTimerThread</STRONG> (Thumb, 38 bytes, Stack size 0 bytes, rt_cmsis.o(i.osTimerThread))
<BR><BR>[Stack]<UL><LI>Max Depth = 40<LI>Call Chain = osTimerThread &rArr; osMessageGet &rArr; isrMessageGet &rArr; isr_mbx_receive &rArr; rt_psq_enq
</UL>
<BR>[Calls]<UL><LI><a href="#[d9]">&gt;&gt;</a>&nbsp;&nbsp;&nbsp;osTimerCall
<LI><a href="#[d8]">&gt;&gt;</a>&nbsp;&nbsp;&nbsp;osMessageGet
</UL>
<BR>[Address Reference Count : 1]<UL><LI> rtx_conf_cm.o(.constdata)
</UL>
<P><STRONG><a name="[eb]"></a>os_error</STRONG> (Thumb, 34 bytes, Stack size 0 bytes, rtx_conf_cm.o(i.os_error))
<BR><BR>[Called By]<UL><LI><a href="#[e9]">&gt;&gt;</a>&nbsp;&nbsp;&nbsp;rt_mbx_psh
<LI><a href="#[7d]">&gt;&gt;</a>&nbsp;&nbsp;&nbsp;rt_stk_check
<LI><a href="#[d6]">&gt;&gt;</a>&nbsp;&nbsp;&nbsp;rt_psq_enq
<LI><a href="#[f8]">&gt;&gt;</a>&nbsp;&nbsp;&nbsp;sysTimerTick
</UL>

<P><STRONG><a name="[11]"></a>os_idle_demon</STRONG> (Thumb, 4 bytes, Stack size 0 bytes, rtx_conf_cm.o(i.os_idle_demon))
<BR>[Address Reference Count : 1]<UL><LI> rt_task.o(i.rt_sys_init)
</UL>
<P><STRONG><a name="[f7]"></a>os_tick_init</STRONG> (Thumb, 32 bytes, Stack size 0 bytes, rt_system.o(i.os_tick_init))
<BR><BR>[Called By]<UL><LI><a href="#[f6]">&gt;&gt;</a>&nbsp;&nbsp;&nbsp;rt_sys_start
</UL>

<P><STRONG><a name="[81]"></a>os_tick_irqack</STRONG> (Thumb, 2 bytes, Stack size 0 bytes, rt_system.o(i.os_tick_irqack), UNUSED)
<BR><BR>[Called By]<UL><LI><a href="#[80]">&gt;&gt;</a>&nbsp;&nbsp;&nbsp;OS_Tick_Handler
</UL>

<P><STRONG><a name="[0]"></a>rt_alloc_box</STRONG> (Thumb, 26 bytes, Stack size 0 bytes, rt_membox.o(i.rt_alloc_box))
<BR><BR>[Calls]<UL><LI><a href="#[0]">&gt;&gt;</a>&nbsp;&nbsp;&nbsp;rt_alloc_box
</UL>
<BR>[Called By]<UL><LI><a href="#[e9]">&gt;&gt;</a>&nbsp;&nbsp;&nbsp;rt_mbx_psh
<LI><a href="#[e7]">&gt;&gt;</a>&nbsp;&nbsp;&nbsp;rt_init_context
<LI><a href="#[f9]">&gt;&gt;</a>&nbsp;&nbsp;&nbsp;rt_tsk_create
<LI><a href="#[0]">&gt;&gt;</a>&nbsp;&nbsp;&nbsp;rt_alloc_box
</UL>
<BR>[Address Reference Count : 1]<UL><LI> hal_cm4.o(.emb_text)
</UL>
<P><STRONG><a name="[104]"></a>rt_alloc_mem</STRONG> (Thumb, 62 bytes, Stack size 8 bytes, rt_memory.o(i.rt_alloc_mem))
<BR><BR>[Stack]<UL><LI>Max Depth = 8<LI>Call Chain = rt_alloc_mem
</UL>
<BR>[Called By]<UL><LI><a href="#[c]">&gt;&gt;</a>&nbsp;&nbsp;&nbsp;svcThreadCreate
</UL>

<P><STRONG><a name="[da]"></a>rt_block</STRONG> (Thumb, 48 bytes, Stack size 16 bytes, rt_task.o(i.rt_block))
<BR><BR>[Stack]<UL><LI>Max Depth = 24<LI>Call Chain = rt_block &rArr; rt_put_dly
</UL>
<BR>[Calls]<UL><LI><a href="#[db]">&gt;&gt;</a>&nbsp;&nbsp;&nbsp;rt_put_dly
<LI><a href="#[dd]">&gt;&gt;</a>&nbsp;&nbsp;&nbsp;rt_switch_req
<LI><a href="#[dc]">&gt;&gt;</a>&nbsp;&nbsp;&nbsp;rt_get_first
</UL>
<BR>[Called By]<UL><LI><a href="#[ec]">&gt;&gt;</a>&nbsp;&nbsp;&nbsp;rt_mbx_wait
<LI><a href="#[e3]">&gt;&gt;</a>&nbsp;&nbsp;&nbsp;rt_dly_wait
</UL>

<P><STRONG><a name="[de]"></a>rt_chk_robin</STRONG> (Thumb, 60 bytes, Stack size 8 bytes, rt_robin.o(i.rt_chk_robin))
<BR><BR>[Stack]<UL><LI>Max Depth = 20<LI>Call Chain = rt_chk_robin &rArr; rt_put_prio
</UL>
<BR>[Calls]<UL><LI><a href="#[df]">&gt;&gt;</a>&nbsp;&nbsp;&nbsp;rt_put_prio
<LI><a href="#[dc]">&gt;&gt;</a>&nbsp;&nbsp;&nbsp;rt_get_first
</UL>
<BR>[Called By]<UL><LI><a href="#[7f]">&gt;&gt;</a>&nbsp;&nbsp;&nbsp;rt_systick
</UL>

<P><STRONG><a name="[e0]"></a>rt_dec_dly</STRONG> (Thumb, 102 bytes, Stack size 16 bytes, rt_list.o(i.rt_dec_dly))
<BR><BR>[Stack]<UL><LI>Max Depth = 28<LI>Call Chain = rt_dec_dly &rArr; rt_put_prio
</UL>
<BR>[Calls]<UL><LI><a href="#[df]">&gt;&gt;</a>&nbsp;&nbsp;&nbsp;rt_put_prio
</UL>
<BR>[Called By]<UL><LI><a href="#[7f]">&gt;&gt;</a>&nbsp;&nbsp;&nbsp;rt_systick
</UL>

<P><STRONG><a name="[e1]"></a>rt_dispatch</STRONG> (Thumb, 60 bytes, Stack size 16 bytes, rt_task.o(i.rt_dispatch))
<BR><BR>[Stack]<UL><LI>Max Depth = 28<LI>Call Chain = rt_dispatch &rArr; rt_put_prio
</UL>
<BR>[Calls]<UL><LI><a href="#[e2]">&gt;&gt;</a>&nbsp;&nbsp;&nbsp;rt_put_rdy_first
<LI><a href="#[dd]">&gt;&gt;</a>&nbsp;&nbsp;&nbsp;rt_switch_req
<LI><a href="#[df]">&gt;&gt;</a>&nbsp;&nbsp;&nbsp;rt_put_prio
<LI><a href="#[dc]">&gt;&gt;</a>&nbsp;&nbsp;&nbsp;rt_get_first
</UL>
<BR>[Called By]<UL><LI><a href="#[ff]">&gt;&gt;</a>&nbsp;&nbsp;&nbsp;rt_tsk_prio
<LI><a href="#[fb]">&gt;&gt;</a>&nbsp;&nbsp;&nbsp;rt_tsk_delete
<LI><a href="#[f9]">&gt;&gt;</a>&nbsp;&nbsp;&nbsp;rt_tsk_create
<LI><a href="#[ec]">&gt;&gt;</a>&nbsp;&nbsp;&nbsp;rt_mbx_wait
[...]
</UL>
<BR>[Called By]<UL><LI><a href="#[a]">&gt;&gt;</a>&nbsp;&nbsp;&nbsp;svcKernelStart
</UL>

<P><STRONG><a name="[7f]"></a>rt_systick</STRONG> (Thumb, 50 bytes, Stack size 8 bytes, rt_system.o(i.rt_systick))
<BR><BR>[Stack]<UL><LI>Max Depth = 72<LI>Call Chain = rt_systick &rArr; sysTimerTick &rArr; isrMessagePut &rArr; isr_mbx_send &rArr; rt_psq_enq
</UL>
<BR>[Calls]<UL><LI><a href="#[e0]">&gt;&gt;</a>&nbsp;&nbsp;&nbsp;rt_dec_dly
<LI><a href="#[de]">&gt;&gt;</a>&nbsp;&nbsp;&nbsp;rt_chk_robin
<LI><a href="#[e2]">&gt;&gt;</a>&nbsp;&nbsp;&nbsp;rt_put_rdy_first
<LI><a href="#[dd]">&gt;&gt;</a>&nbsp;&nbsp;&nbsp;rt_switch_req
<LI><a href="#[dc]">&gt;&gt;</a>&nbsp;&nbsp;&nbsp;rt_get_first
<LI><a href="#[f8]">&gt;&gt;</a>&nbsp;&nbsp;&nbsp;sysTimerTick
</UL>
<BR>[Called By]<UL><LI><a href="#[80]">&gt;&gt;</a>&nbsp;&nbsp;&nbsp;OS_Tick_Handler
<LI><a href="#[1f]">&gt;&gt;</a>&nbsp;&nbsp;&nbsp;SysTick_Handler
</UL>

<P><STRONG><a name="[f9]"></a>rt_tsk_create</STRONG> (Thumb, 118 bytes, Stack size 24 bytes, rt_task.o(i.rt_tsk_create))
<BR><BR>[Stack]<UL><LI>Max Depth = 56<LI>Call Chain = rt_tsk_create &rArr; rt_init_context &rArr; rt_init_stack
</UL>
<BR>[Calls]<UL><LI><a href="#[fa]">&gt;&gt;</a>&nbsp;&nbsp;&nbsp;dbg_task_notify
<LI><a href="#[e7]">&gt;&gt;</a>&nbsp;&nbsp;&nbsp;rt_init_context
<LI><a href="#[e1]">&gt;&gt;</a>&nbsp;&nbsp;&nbsp;rt_dispatch
<LI><a href="#[0]">&gt;&gt;</a>&nbsp;&nbsp;&nbsp;rt_alloc_box
</UL>
<BR>[Called By]<UL><LI><a href="#[c]">&gt;&gt;</a>&nbsp;&nbsp;&nbsp;svcThreadCreate
</UL>

<P><STRONG><a name="[fb]"></a>rt_tsk_delete</STRONG> (Thumb, 352 bytes, Stack size 40 bytes, rt_task.o(i.rt_tsk_delete))
<BR><BR>[Stack]<UL><LI>Max Depth = 68<LI>Call Chain = rt_tsk_delete &rArr; rt_dispatch &rArr; rt_put_prio
</UL>
<BR>[Calls]<UL><LI><a href="#[7d]">&gt;&gt;</a>&nbsp;&nbsp;&nbsp;rt_stk_check
<LI><a href="#[ef]">&gt;&gt;</a>&nbsp;&nbsp;&nbsp;rt_rmv_list
<LI><a href="#[fc]">&gt;&gt;</a>&nbsp;&nbsp;&nbsp;rt_get_PSP
<LI><a href="#[fa]">&gt;&gt;</a>&nbsp;&nbsp;&nbsp;dbg_task_notify
<LI><a href="#[e5]">&gt;&gt;</a>&nbsp;&nbsp;&nbsp;rt_rmv_dly
<LI><a href="#[ea]">&gt;&gt;</a>&nbsp;&nbsp;&nbsp;rt_ret_val
<LI><a href="#[df]">&gt;&gt;</a>&nbsp;&nbsp;&nbsp;rt_put_prio
<LI><a href="#[dc]">&gt;&gt;</a>&nbsp;&nbsp;&nbsp;rt_get_first
<LI><a href="#[1]">&gt;&gt;</a>&nbsp;&nbsp;&nbsp;rt_free_box
<LI><a href="#[e1]">&gt;&gt;</a>&nbsp;&nbsp;&nbsp;rt_dispatch
</UL>
<BR>[Called By]<UL><LI><a href="#[e]">&gt;&gt;</a>&nbsp;&nbsp;&nbsp;svcThreadTerminate
</UL>

<P><STRONG><a name="[fd]"></a>rt_tsk_pass</STRONG> (Thumb, 38 bytes, Stack size 16 bytes, rt_task.o(i.rt_tsk_pass))
<BR><BR>[Stack]<UL><LI>Max Depth = 28<LI>Call Chain = rt_tsk_pass &rArr; rt_put_prio
</UL>
<BR>[Calls]<UL><LI><a href="#[fe]">&gt;&gt;</a>&nbsp;&nbsp;&nbsp;rt_get_same_rdy_prio
<LI><a href="#[dd]">&gt;&gt;</a>&nbsp;&nbsp;&nbsp;rt_switch_req
<LI><a href="#[df]">&gt;&gt;</a>&nbsp;&nbsp;&nbsp;rt_put_prio
</UL>
<BR>[Called By]<UL><LI><a href="#[f]">&gt;&gt;</a>&nbsp;&nbsp;&nbsp;svcThreadYield
</UL>

<P><STRONG><a name="[ff]"></a>rt_tsk_prio</STRONG> (Thumb, 108 bytes, Stack size 16 bytes, rt_task.o(i.rt_tsk_prio))
<BR><BR>[Stack]<UL><LI>Max Depth = 44<LI>Call Chain = rt_tsk_prio &rArr; rt_dispatch &rArr; rt_put_prio
</UL>
<BR>[Calls]<UL><LI><a href="#[ee]">&gt;&gt;</a>&nbsp;&nbsp;&nbsp;rt_resort_prio
<LI><a href="#[df]">&gt;&gt;</a>&nbsp;&nbsp;&nbsp;rt_put_prio
<LI><a href="#[dc]">&gt;&gt;</a>&nbsp;&nbsp;&nbsp;rt_get_first
<LI><a href="#[e1]">&gt;&gt;</a>&nbsp;&nbsp;&nbsp;rt_dispatch
</UL>
<BR>[Called By]<UL><LI><a href="#[a]">&gt;&gt;</a>&nbsp;&nbsp;&nbsp;svcKernelStart
</UL>

<P><STRONG><a name="[106]"></a>rt_tsk_self</STRONG> (Thumb, 12 bytes, Stack size 0 bytes, rt_task.o(i.rt_tsk_self))
<BR><BR>[Called By]<UL><LI><a href="#[d]">&gt;&gt;</a>&nbsp;&nbsp;&nbsp;svcThreadGetId
</UL>

<P><STRONG><a name="[8]"></a>svcDelay</STRONG> (Thumb, 18 bytes, Stack size 8 bytes, rt_cmsis.o(i.svcDelay))
<BR><BR>[Stack]<UL><LI>Max Depth = 32<LI>Call Chain = svcDelay &rArr; rt_dly_wait &rArr; rt_block &rArr; rt_put_dly
</UL>
<BR>[Calls]<UL><LI><a href="#[e3]">&gt;&gt;</a>&nbsp;&nbsp;&nbsp;rt_dly_wait
<LI><a href="#[100]">&gt;&gt;</a>&nbsp;&nbsp;&nbsp;rt_ms2tick
</UL>
<BR>[Address Reference Count : 1]<UL><LI> rt_cmsis.o(i.osDelay)
</UL>
<P><STRONG><a name="[9]"></a>svcKernelInitialize</STRONG> (Thumb, 80 bytes, Stack size 8 bytes, rt_cmsis.o(i.svcKernelInitialize))
<BR><BR>[Stack]<UL><LI>Max Depth = 80<LI>Call Chain = svcKernelInitialize &rArr; svcThreadCreate &rArr; rt_tsk_create &rArr; rt_init_context &rArr; rt_init_stack
</UL>
<BR>[Calls]<UL><LI><a href="#[f2]">&gt;&gt;</a>&nbsp;&nbsp;&nbsp;rt_sys_init
<LI><a href="#[101]">&gt;&gt;</a>&nbsp;&nbsp;&nbsp;rt_init_mem
<LI><a href="#[c]">&gt;&gt;</a>&nbsp;&nbsp;&nbsp;svcThreadCreate
<LI><a href="#[102]">&gt;&gt;</a>&nbsp;&nbsp;&nbsp;svcMessageCreate
</UL>
<BR>[Called By]<UL><LI><a href="#[7a]">&gt;&gt;</a>&nbsp;&nbsp;&nbsp;osKernelInitialize
</UL>
<BR>[Address Reference Count : 1]<UL><LI> rt_cmsis.o(i.osKernelInitialize)
</UL>
<P><STRONG><a name="[a]"></a>svcKernelStart</STRONG> (Thumb, 62 bytes, Stack size 16 bytes, rt_cmsis.o(i.svcKernelStart))
<BR><BR>[Stack]<UL><LI>Max Depth = 60<LI>Call Chain = svcKernelStart &rArr; rt_tsk_prio &rArr; rt_dispatch &rArr; rt_put_prio
</UL>
<BR>[Calls]<UL><LI><a href="#[ff]">&gt;&gt;</a>&nbsp;&nbsp;&nbsp;rt_tsk_prio
<LI><a href="#[f6]">&gt;&gt;</a>&nbsp;&nbsp;&nbsp;rt_sys_start
</UL>
<BR>[Address Reference Count : 1]<UL><LI> rt_cmsis.o(i.osKernelStart)
</UL>
<P><STRONG><a name="[102]"></a>svcMessageCreate</STRONG> (Thumb, 36 bytes, Stack size 8 bytes, rt_cmsis.o(i.svcMessageCreate))
<BR><BR>[Stack]<UL><LI>Max Depth = 8<LI>Call Chain = svcMessageCreate
</UL>
<BR>[Calls]<UL><LI><a href="#[103]">&gt;&gt;</a>&nbsp;&nbsp;&nbsp;rt_mbx_init
</UL>
<BR>[Called By]<UL><LI><a href="#[9]">&gt;&gt;</a>&nbsp;&nbsp;&nbsp;svcKernelInitialize
</UL>

<P><STRONG><a name="[b]"></a>svcMessageGet</STRONG> (Thumb, 58 bytes, Stack size 24 bytes, rt_cmsis.o(i.svcMessageGet))
<BR><BR>[Stack]<UL><LI>Max Depth = 68<LI>Call Chain = svcMessageGet &rArr; rt_mbx_wait &rArr; rt_dispatch &rArr; rt_put_prio
</UL>
<BR>[Calls]<UL><LI><a href="#[ec]">&gt;&gt;</a>&nbsp;&nbsp;&nbsp;rt_mbx_wait
<LI><a href="#[100]">&gt;&gt;</a>&nbsp;&nbsp;&nbsp;rt_ms2tick
</UL>
<BR>[Address Reference Count : 1]<UL><LI> rt_cmsis.o(i.osMessageGet)
</UL>
<P><STRONG><a name="[c]"></a>svcThreadCreate</STRONG> (Thumb, 96 bytes, Stack size 16 bytes, rt_cmsis.o(i.svcThreadCreate))
<BR><BR>[Stack]<UL><LI>Max Depth = 72<LI>Call Chain = svcThreadCreate &rArr; rt_tsk_create &rArr; rt_init_context &rArr; rt_init_stack
</UL>
<BR>[Calls]<UL><LI><a href="#[f9]">&gt;&gt;</a>&nbsp;&nbsp;&nbsp;rt_tsk_create
<LI><a href="#[105]">&gt;&gt;</a>&nbsp;&nbsp;&nbsp;rt_free_mem
<LI><a href="#[104]">&gt;&gt;</a>&nbsp;&nbsp;&nbsp;rt_alloc_mem
</UL>
<BR>[Called By]<UL><LI><a href="#[9]">&gt;&gt;</a>&nbsp;&nbsp;&nbsp;svcKernelInitialize
<LI><a href="#[7b]">&gt;&gt;</a>&nbsp;&nbsp;&nbsp;osThreadCreate
</UL>
<BR>[Address Reference Count : 1]<UL><LI> rt_cmsis.o(i.osThreadCreate)
</UL>
<P><STRONG><a name="[d]"></a>svcThreadGetId</STRONG> (Thumb, 22 bytes, Stack size 8 bytes, rt_cmsis.o(i.svcThreadGetId))
<BR><BR>[Stack]<UL><LI>Max Depth = 8<LI>Call Chain = svcThreadGetId
</UL>
<BR>[Calls]<UL><LI><a href="#[106]">&gt;&gt;</a>&nbsp;&nbsp;&nbsp;rt_tsk_self
</UL>
<BR>[Address Reference Count : 1]<UL><LI> rt_cmsis.o(i.osThreadExit)
</UL>
<P><STRONG><a name="[e]"></a>svcThreadTerminate</STRONG> (Thumb, 50 bytes, Stack size 8 bytes, rt_cmsis.o(i.svcThreadTerminate))
<BR><BR>[Stack]<UL><LI>Max Depth = 76<LI>Call Chain = svcThreadTerminate &rArr; rt_tsk_delete &rArr; rt_dispatch &rArr; rt_put_prio
</UL>
<BR>[Calls]<UL><LI><a href="#[fb]">&gt;&gt;</a>&nbsp;&nbsp;&nbsp;rt_tsk_delete
<LI><a href="#[105]">&gt;&gt;</a>&nbsp;&nbsp;&nbsp;rt_free_mem
<LI><a href="#[107]">&gt;&gt;</a>&nbsp;&nbsp;&nbsp;rt_tid2ptcb
</UL>
<BR>[Address Reference Count : 1]<UL><LI> rt_cmsis.o(i.osThreadExit)
</UL>
<P><STRONG><a name="[f]"></a>svcThreadYield</STRONG> (Thumb, 10 bytes, Stack size 8 bytes, rt_cmsis.o(i.svcThreadYield))
<BR><BR>[Stack]<UL><LI>Max Depth = 36<LI>Call Chain = svcThreadYield &rArr; rt_tsk_pass &rArr; rt_put_prio
</UL>
<BR>[Calls]<UL><LI><a href="#[fd]">&gt;&gt;</a>&nbsp;&nbsp;&nbsp;rt_tsk_pass
</UL>
<BR>[Address Reference Count : 1]<UL><LI> rt_cmsis.o(i.osThreadYield)
</UL>
<P><STRONG><a name="[10]"></a>svcTimerCall</STRONG> (Thumb, 24 bytes, Stack size 8 bytes, rt_cmsis.o(i.svcTimerCall))
<BR><BR>[Stack]<UL><LI>Max Depth = 8<LI>Call Chain = svcTimerCall
</UL>
<BR>[Calls]<UL><LI><a href="#[108]">&gt;&gt;</a>&nbsp;&nbsp;&nbsp;rt_id2obj
</UL>
<BR>[Address Reference Count : 1]<UL><LI> rt_cmsis.o(i.osTimerCall)
</UL>
<P><STRONG><a name="[f8]"></a>sysTimerTick</STRONG> (Thumb, 84 bytes, Stack size 24 bytes, rt_cmsis.o(i.sysTimerTick))
<BR><BR>[Stack]<UL><LI>Max Depth = 64<LI>Call Chain = sysTimerTick &rArr; isrMessagePut &rArr; isr_mbx_send &rArr; rt_psq_enq
</UL>
<BR>[Calls]<UL><LI><a href="#[d3]">&gt;&gt;</a>&nbsp;&nbsp;&nbsp;isrMessagePut
<LI><a href="#[109]">&gt;&gt;</a>&nbsp;&nbsp;&nbsp;rt_timer_insert
<LI><a href="#[eb]">&gt;&gt;</a>&nbsp;&nbsp;&nbsp;os_error
</UL>
<BR>[Called By]<UL><LI><a href="#[7f]">&gt;&gt;</a>&nbsp;&nbsp;&nbsp;rt_systick
</UL>
<P>
<H3>
Local Symbols
</H3>
<P><STRONG><a name="[ca]"></a>PORT_HAL_SetMuxMode</STRONG> (Thumb, 26 bytes, Stack size 8 bytes, pin_mux.o(i.PORT_HAL_SetMuxMode))
<BR><BR>[Stack]<UL><LI>Max Depth = 8<LI>Call Chain = PORT_HAL_SetMuxMode
</UL>
<BR>[Called By]<UL><LI><a href="#[c9]">&gt;&gt;</a>&nbsp;&nbsp;&nbsp;configure_enet_pins
<LI><a href="#[ce]">&gt;&gt;</a>&nbsp;&nbsp;&nbsp;configure_uart_pins
</UL>

<P><STRONG><a name="[cb]"></a>PORT_HAL_SetOpenDrainCmd</STRONG> (Thumb, 14 bytes, Stack size 0 bytes, pin_mux.o(i.PORT_HAL_SetOpenDrainCmd))
<BR><BR>[Called By]<UL><LI><a href="#[c9]">&gt;&gt;</a>&nbsp;&nbsp;&nbsp;configure_enet_pins
</UL>

<P><STRONG><a name="[cd]"></a>PORT_HAL_SetPullCmd</STRONG> (Thumb, 14 bytes, Stack size 0 bytes, pin_mux.o(i.PORT_HAL_SetPullCmd))
<BR><BR>[Called By]<UL><LI><a href="#[c9]">&gt;&gt;</a>&nbsp;&nbsp;&nbsp;configure_enet_pins
</UL>

<P><STRONG><a name="[cc]"></a>PORT_HAL_SetPullMode</STRONG> (Thumb, 14 bytes, Stack size 0 bytes, pin_mux.o(i.PORT_HAL_SetPullMode))
<BR><BR>[Called By]<UL><LI><a href="#[c9]">&gt;&gt;</a>&nbsp;&nbsp;&nbsp;configure_enet_pins
</UL>

<P><STRONG><a name="[be]"></a>PORT_HAL_SetDigitalFilterCmd</STRONG> (Thumb, 18 bytes, Stack size 8 bytes, fsl_gpio_driver.o(i.PORT_HAL_SetDigitalFilterCmd))
<BR><BR>[Stack]<UL><LI>Max Depth = 8<LI>Call Chain = PORT_HAL_SetDigitalFilterCmd
</UL>
<BR>[Called By]<UL><LI><a href="#[ba]">&gt;&gt;</a>&nbsp;&nbsp;&nbsp;GPIO_DRV_InputPinInit
</UL>

<P><STRONG><a name="[bc]"></a>PORT_HAL_SetMuxMode</STRONG> (Thumb, 26 bytes, Stack size 8 bytes, fsl_gpio_driver.o(i.PORT_HAL_SetMuxMode))
<BR><BR>[Stack]<UL><LI>Max Depth = 8<LI>Call Chain = PORT_HAL_SetMuxMode
</UL>
<BR>[Called By]<UL><LI><a href="#[bb]">&gt;&gt;</a>&nbsp;&nbsp;&nbsp;GPIO_DRV_OutputPinInit
<LI><a href="#[ba]">&gt;&gt;</a>&nbsp;&nbsp;&nbsp;GPIO_DRV_InputPinInit
</UL>

<P><STRONG><a name="[9f]"></a>CLOCK_HAL_GetInternalRefClkMode</STRONG> (Thumb, 14 bytes, Stack size 0 bytes, fsl_mcg_hal.o(i.CLOCK_HAL_GetInternalRefClkMode))
<BR><BR>[Called By]<UL><LI><a href="#[9b]">&gt;&gt;</a>&nbsp;&nbsp;&nbsp;CLOCK_HAL_UpdateFastClkInternalRefDiv
</UL>

<P><STRONG><a name="[8c]"></a>CLOCK_HAL_GetMcgExternalClkFreq</STRONG> (Thumb, 18 bytes, Stack size 8 bytes, fsl_mcg_hal.o(i.CLOCK_HAL_GetMcgExternalClkFreq))
<BR><BR>[Stack]<UL><LI>Max Depth = 8<LI>Call Chain = CLOCK_HAL_GetMcgExternalClkFreq
</UL>
<BR>[Calls]<UL><LI><a href="#[8e]">&gt;&gt;</a>&nbsp;&nbsp;&nbsp;CLOCK_HAL_TestOscFreq
</UL>
<BR>[Called By]<UL><LI><a href="#[96]">&gt;&gt;</a>&nbsp;&nbsp;&nbsp;CLOCK_HAL_GetPll0RefFreq
<LI><a href="#[93]">&gt;&gt;</a>&nbsp;&nbsp;&nbsp;CLOCK_HAL_GetOutClk
<LI><a href="#[8a]">&gt;&gt;</a>&nbsp;&nbsp;&nbsp;CLOCK_HAL_GetFllRefClk
</UL>

<P><STRONG><a name="[9e]"></a>CLOCK_HAL_SetInternalRefClkMode</STRONG> (Thumb, 12 bytes, Stack size 0 bytes, fsl_mcg_hal.o(i.CLOCK_HAL_SetInternalRefClkMode))
<BR><BR>[Called By]<UL><LI><a href="#[9b]">&gt;&gt;</a>&nbsp;&nbsp;&nbsp;CLOCK_HAL_UpdateFastClkInternalRefDiv
</UL>

<P><STRONG><a name="[90]"></a>CLOCK_HAL_GetClkOutStat</STRONG> (Thumb, 10 bytes, Stack size 0 bytes, fsl_mcg_hal_modes.o(i.CLOCK_HAL_GetClkOutStat))
<BR><BR>[Called By]<UL><LI><a href="#[9d]">&gt;&gt;</a>&nbsp;&nbsp;&nbsp;CLOCK_HAL_SetPbeMode
<LI><a href="#[9a]">&gt;&gt;</a>&nbsp;&nbsp;&nbsp;CLOCK_HAL_SetFbiMode
<LI><a href="#[99]">&gt;&gt;</a>&nbsp;&nbsp;&nbsp;CLOCK_HAL_SetFbeMode
<LI><a href="#[8f]">&gt;&gt;</a>&nbsp;&nbsp;&nbsp;CLOCK_HAL_GetMcgMode
</UL>

<P><STRONG><a name="[91]"></a>CLOCK_HAL_GetFllSrc</STRONG> (Thumb, 14 bytes, Stack size 0 bytes, fsl_mcg_hal_modes.o(i.CLOCK_HAL_GetFllSrc))
<BR><BR>[Called By]<UL><LI><a href="#[9a]">&gt;&gt;</a>&nbsp;&nbsp;&nbsp;CLOCK_HAL_SetFbiMode
<LI><a href="#[99]">&gt;&gt;</a>&nbsp;&nbsp;&nbsp;CLOCK_HAL_SetFbeMode
<LI><a href="#[8f]">&gt;&gt;</a>&nbsp;&nbsp;&nbsp;CLOCK_HAL_GetMcgMode
</UL>

<P><STRONG><a name="[9c]"></a>CLOCK_HAL_GetInternalRefClkMode</STRONG> (Thumb, 14 bytes, Stack size 0 bytes, fsl_mcg_hal_modes.o(i.CLOCK_HAL_GetInternalRefClkMode))
<BR><BR>[Called By]<UL><LI><a href="#[9a]">&gt;&gt;</a>&nbsp;&nbsp;&nbsp;CLOCK_HAL_SetFbiMode
</UL>

<P><STRONG><a name="[98]"></a>CLOCK_HAL_IsOsc0Stable</STRONG> (Thumb, 22 bytes, Stack size 0 bytes, fsl_mcg_hal_modes.o(i.CLOCK_HAL_IsOsc0Stable))
<BR><BR>[Called By]<UL><LI><a href="#[99]">&gt;&gt;</a>&nbsp;&nbsp;&nbsp;CLOCK_HAL_SetFbeMode
<LI><a href="#[97]">&gt;&gt;</a>&nbsp;&nbsp;&nbsp;CLOCK_HAL_PrepareOsc
</UL>

<P><STRONG><a name="[92]"></a>CLOCK_HAL_IsPllSelected</STRONG> (Thumb, 22 bytes, Stack size 0 bytes, fsl_mcg_hal_modes.o(i.CLOCK_HAL_IsPllSelected))
<BR><BR>[Called By]<UL><LI><a href="#[9d]">&gt;&gt;</a>&nbsp;&nbsp;&nbsp;CLOCK_HAL_SetPbeMode
<LI><a href="#[99]">&gt;&gt;</a>&nbsp;&nbsp;&nbsp;CLOCK_HAL_SetFbeMode
<LI><a href="#[8f]">&gt;&gt;</a>&nbsp;&nbsp;&nbsp;CLOCK_HAL_GetMcgMode
</UL>

<P><STRONG><a name="[97]"></a>CLOCK_HAL_PrepareOsc</STRONG> (Thumb, 42 bytes, Stack size 16 bytes, fsl_mcg_hal_modes.o(i.CLOCK_HAL_PrepareOsc))
<BR><BR>[Stack]<UL><LI>Max Depth = 16<LI>Call Chain = CLOCK_HAL_PrepareOsc
</UL>
<BR>[Calls]<UL><LI><a href="#[98]">&gt;&gt;</a>&nbsp;&nbsp;&nbsp;CLOCK_HAL_IsOsc0Stable
</UL>
<BR>[Called By]<UL><LI><a href="#[9d]">&gt;&gt;</a>&nbsp;&nbsp;&nbsp;CLOCK_HAL_SetPbeMode
</UL>

<P><STRONG><a name="[5]"></a>CLOCK_SYS_FllStableDelay</STRONG> (Thumb, 30 bytes, Stack size 8 bytes, fsl_clock_mk64f12.o(i.CLOCK_SYS_FllStableDelay))
<BR><BR>[Stack]<UL><LI>Max Depth = 100<LI>Call Chain = CLOCK_SYS_FllStableDelay &rArr; CLOCK_SYS_GetCoreClockFreq &rArr; CLOCK_HAL_GetOutClk &rArr; CLOCK_HAL_GetFllClk &rArr; CLOCK_HAL_GetFllRefClk &rArr; CLOCK_HAL_TestFllExternalRefFreq
</UL>
<BR>[Calls]<UL><LI><a href="#[a3]">&gt;&gt;</a>&nbsp;&nbsp;&nbsp;CLOCK_SYS_GetCoreClockFreq
</UL>
<BR>[Address Reference Count : 1]<UL><LI> fsl_clock_mk64f12.o(i.CLOCK_SYS_SetConfiguration)
</UL>
<P><STRONG><a name="[ad]"></a>CLOCK_SYS_SetSimConfigration</STRONG> (Thumb, 54 bytes, Stack size 16 bytes, fsl_clock_mk64f12.o(i.CLOCK_SYS_SetSimConfigration))
<BR><BR>[Stack]<UL><LI>Max Depth = 32<LI>Call Chain = CLOCK_SYS_SetSimConfigration &rArr; CLOCK_HAL_SetOutDiv
</UL>
<BR>[Calls]<UL><LI><a href="#[ab]">&gt;&gt;</a>&nbsp;&nbsp;&nbsp;CLOCK_HAL_SetOutDiv
</UL>
<BR>[Called By]<UL><LI><a href="#[86]">&gt;&gt;</a>&nbsp;&nbsp;&nbsp;CLOCK_SYS_SetConfiguration
</UL>

<P><STRONG><a name="[a1]"></a>SIM_HAL_EnableClock</STRONG> (Thumb, 34 bytes, Stack size 8 bytes, fsl_clock_mk64f12.o(i.SIM_HAL_EnableClock))
<BR><BR>[Stack]<UL><LI>Max Depth = 8<LI>Call Chain = SIM_HAL_EnableClock
</UL>
<BR>[Called By]<UL><LI><a href="#[a2]">&gt;&gt;</a>&nbsp;&nbsp;&nbsp;CLOCK_SYS_EnableUartClock
<LI><a href="#[a0]">&gt;&gt;</a>&nbsp;&nbsp;&nbsp;CLOCK_SYS_EnablePortClock
</UL>

<P><STRONG><a name="[b1]"></a>CLOCK_HAL_GetClkOutStat</STRONG> (Thumb, 10 bytes, Stack size 0 bytes, fsl_clock_manager.o(i.CLOCK_HAL_GetClkOutStat))
<BR><BR>[Called By]<UL><LI><a href="#[ae]">&gt;&gt;</a>&nbsp;&nbsp;&nbsp;CLOCK_SYS_SetMcgPeeToFbe
<LI><a href="#[ac]">&gt;&gt;</a>&nbsp;&nbsp;&nbsp;CLOCK_SYS_SetMcgMode
</UL>

<P><STRONG><a name="[b0]"></a>CLOCK_HAL_SetClkOutSrc</STRONG> (Thumb, 10 bytes, Stack size 0 bytes, fsl_clock_manager.o(i.CLOCK_HAL_SetClkOutSrc))
<BR><BR>[Called By]<UL><LI><a href="#[ae]">&gt;&gt;</a>&nbsp;&nbsp;&nbsp;CLOCK_SYS_SetMcgPeeToFbe
<LI><a href="#[ac]">&gt;&gt;</a>&nbsp;&nbsp;&nbsp;CLOCK_SYS_SetMcgMode
</UL>

<P><STRONG><a name="[af]"></a>CLOCK_HAL_SetLowPowerModeCmd</STRONG> (Thumb, 12 bytes, Stack size 0 bytes, fsl_clock_manager.o(i.CLOCK_HAL_SetLowPowerModeCmd))
<BR><BR>[Called By]<UL><LI><a href="#[ac]">&gt;&gt;</a>&nbsp;&nbsp;&nbsp;CLOCK_SYS_SetMcgMode
</UL>

<P><STRONG><a name="[ae]"></a>CLOCK_SYS_SetMcgPeeToFbe</STRONG> (Thumb, 66 bytes, Stack size 8 bytes, fsl_clock_manager.o(i.CLOCK_SYS_SetMcgPeeToFbe))
<BR><BR>[Stack]<UL><LI>Max Depth = 8<LI>Call Chain = CLOCK_SYS_SetMcgPeeToFbe
</UL>
<BR>[Calls]<UL><LI><a href="#[b0]">&gt;&gt;</a>&nbsp;&nbsp;&nbsp;CLOCK_HAL_SetClkOutSrc
<LI><a href="#[b1]">&gt;&gt;</a>&nbsp;&nbsp;&nbsp;CLOCK_HAL_GetClkOutStat
</UL>
<BR>[Called By]<UL><LI><a href="#[ac]">&gt;&gt;</a>&nbsp;&nbsp;&nbsp;CLOCK_SYS_SetMcgMode
</UL>

<P><STRONG><a name="[b3]"></a>OSC_HAL_SetExternalRefClkCmd</STRONG> (Thumb, 10 bytes, Stack size 0 bytes, fsl_clock_manager.o(i.OSC_HAL_SetExternalRefClkCmd))
<BR><BR>[Called By]<UL><LI><a href="#[a8]">&gt;&gt;</a>&nbsp;&nbsp;&nbsp;CLOCK_SYS_SetOscerConfigration
</UL>

<P><STRONG><a name="[b4]"></a>OSC_HAL_SetExternalRefClkInStopModeCmd</STRONG> (Thumb, 10 bytes, Stack size 0 bytes, fsl_clock_manager.o(i.OSC_HAL_SetExternalRefClkInStopModeCmd))
<BR><BR>[Called By]<UL><LI><a href="#[a8]">&gt;&gt;</a>&nbsp;&nbsp;&nbsp;CLOCK_SYS_SetOscerConfigration
</UL>

<P><STRONG><a name="[aa]"></a>RTC_HAL_SetOscillatorCmd</STRONG> (Thumb, 14 bytes, Stack size 0 bytes, fsl_clock_manager.o(i.RTC_HAL_SetOscillatorCmd))
<BR><BR>[Called By]<UL><LI><a href="#[88]">&gt;&gt;</a>&nbsp;&nbsp;&nbsp;CLOCK_SYS_RtcOscInit
</UL>

<P><STRONG><a name="[108]"></a>rt_id2obj</STRONG> (Thumb, 8 bytes, Stack size 0 bytes, rt_cmsis.o(i.rt_id2obj))
<BR><BR>[Called By]<UL><LI><a href="#[10]">&gt;&gt;</a>&nbsp;&nbsp;&nbsp;svcTimerCall
</UL>

<P><STRONG><a name="[100]"></a>rt_ms2tick</STRONG> (Thumb, 58 bytes, Stack size 0 bytes, rt_cmsis.o(i.rt_ms2tick))
<BR><BR>[Called By]<UL><LI><a href="#[b]">&gt;&gt;</a>&nbsp;&nbsp;&nbsp;svcMessageGet
<LI><a href="#[8]">&gt;&gt;</a>&nbsp;&nbsp;&nbsp;svcDelay
</UL>

<P><STRONG><a name="[107]"></a>rt_tid2ptcb</STRONG> (Thumb, 18 bytes, Stack size 0 bytes, rt_cmsis.o(i.rt_tid2ptcb))
<BR><BR>[Called By]<UL><LI><a href="#[e]">&gt;&gt;</a>&nbsp;&nbsp;&nbsp;svcThreadTerminate
</UL>

<P><STRONG><a name="[109]"></a>rt_timer_insert</STRONG> (Thumb, 48 bytes, Stack size 12 bytes, rt_cmsis.o(i.rt_timer_insert))
<BR><BR>[Stack]<UL><LI>Max Depth = 12<LI>Call Chain = rt_timer_insert
</UL>
<BR>[Called By]<UL><LI><a href="#[f8]">&gt;&gt;</a>&nbsp;&nbsp;&nbsp;sysTimerTick
</UL>

<P><STRONG><a name="[e7]"></a>rt_init_context</STRONG> (Thumb, 66 bytes, Stack size 16 bytes, rt_task.o(i.rt_init_context))
<BR><BR>[Stack]<UL><LI>Max Depth = 32<LI>Call Chain = rt_init_context &rArr; rt_init_stack
</UL>
<BR>[Calls]<UL><LI><a href="#[e8]">&gt;&gt;</a>&nbsp;&nbsp;&nbsp;rt_init_stack
<LI><a href="#[0]">&gt;&gt;</a>&nbsp;&nbsp;&nbsp;rt_alloc_box
</UL>
<BR>[Called By]<UL><LI><a href="#[f9]">&gt;&gt;</a>&nbsp;&nbsp;&nbsp;rt_tsk_create
<LI><a href="#[f2]">&gt;&gt;</a>&nbsp;&nbsp;&nbsp;rt_sys_init
</UL>

<P><STRONG><a name="[f0]"></a>rt_ret_regs</STRONG> (Thumb, 16 bytes, Stack size 0 bytes, hal_cm.o(i.rt_ret_regs))
<BR><BR>[Called By]<UL><LI><a href="#[e6]">&gt;&gt;</a>&nbsp;&nbsp;&nbsp;rt_ret_val2
<LI><a href="#[ea]">&gt;&gt;</a>&nbsp;&nbsp;&nbsp;rt_ret_val
</UL>
<P>
<H3>
Undefined Global Symbols
</H3><HR></body></html>
