<!doctype html public "-//w3c//dtd html 4.0 transitional//en">
<html><head>
<title>Static Call Graph - [.\Objects\middleware-t.axf]</title></head>
<body><HR>
<H1>Static Call Graph for image .\Objects\middleware-t.axf</H1><HR>
<BR><P>#&#060CALLGRAPH&#062# ARM Linker, 5060422: Last Updated: Tue May 16 01:24:39 2017
<BR><P>
<H3>Maximum Stack Usage =        240 bytes + Unknown(Cycles, Untraceable Function Pointers)</H3><H3>
Call chain for Maximum Stack Depth:</H3>
main &rArr; net_main &rArr; net_sys_run &rArr; dhcp_client_run &rArr; dhcp_send_message &rArr; udp_send &rArr; ip_send_frame &rArr; eth_send_frame &rArr; arp_cache_find &rArr; arp_send_request &rArr; mem_free
<P>
<H3>
Mutually Recursive functions
</H3> <LI><a href="#[0]">rt_alloc_box</a>&nbsp;&nbsp;&nbsp;&rArr;&nbsp;&nbsp;&nbsp;<a href="#[0]">rt_alloc_box</a><BR>
 <LI><a href="#[62]">NMI_Handler</a>&nbsp;&nbsp;&nbsp;&rArr;&nbsp;&nbsp;&nbsp;<a href="#[62]">NMI_Handler</a><BR>
 <LI><a href="#[63]">HardFault_Handler</a>&nbsp;&nbsp;&nbsp;&rArr;&nbsp;&nbsp;&nbsp;<a href="#[63]">HardFault_Handler</a><BR>
 <LI><a href="#[64]">MemManage_Handler</a>&nbsp;&nbsp;&nbsp;&rArr;&nbsp;&nbsp;&nbsp;<a href="#[64]">MemManage_Handler</a><BR>
 <LI><a href="#[65]">BusFault_Handler</a>&nbsp;&nbsp;&nbsp;&rArr;&nbsp;&nbsp;&nbsp;<a href="#[65]">BusFault_Handler</a><BR>
 <LI><a href="#[66]">UsageFault_Handler</a>&nbsp;&nbsp;&nbsp;&rArr;&nbsp;&nbsp;&nbsp;<a href="#[66]">UsageFault_Handler</a><BR>
 <LI><a href="#[68]">DebugMon_Handler</a>&nbsp;&nbsp;&nbsp;&rArr;&nbsp;&nbsp;&nbsp;<a href="#[68]">DebugMon_Handler</a><BR>
 <LI><a href="#[5e]">eth_thread</a>&nbsp;&nbsp;&nbsp;&rArr;&nbsp;&nbsp;&nbsp;<a href="#[5e]">eth_thread</a><BR>
 <LI><a href="#[20d]">net_sys_error</a>&nbsp;&nbsp;&nbsp;&rArr;&nbsp;&nbsp;&nbsp;<a href="#[20d]">net_sys_error</a><BR>
 <LI><a href="#[215]">str_up_case</a>&nbsp;&nbsp;&nbsp;&rArr;&nbsp;&nbsp;&nbsp;<a href="#[215]">str_up_case</a><BR>
</UL>
<P>
<H3>
Function Pointers
</H3><UL>
 <LI><a href="#[92]">ADC0_IRQHandler</a> from startup_mk64f12.o(.text) referenced from startup_mk64f12.o(RESET)
 <LI><a href="#[b4]">ADC1_IRQHandler</a> from startup_mk64f12.o(.text) referenced from startup_mk64f12.o(RESET)
 <LI><a href="#[65]">BusFault_Handler</a> from startup_mk64f12.o(.text) referenced from startup_mk64f12.o(RESET)
 <LI><a href="#[b7]">CAN0_Bus_Off_IRQHandler</a> from startup_mk64f12.o(.text) referenced from startup_mk64f12.o(RESET)
 <LI><a href="#[b8]">CAN0_Error_IRQHandler</a> from startup_mk64f12.o(.text) referenced from startup_mk64f12.o(RESET)
 <LI><a href="#[b6]">CAN0_ORed_Message_buffer_IRQHandler</a> from startup_mk64f12.o(.text) referenced from startup_mk64f12.o(RESET)
 <LI><a href="#[ba]">CAN0_Rx_Warning_IRQHandler</a> from startup_mk64f12.o(.text) referenced from startup_mk64f12.o(RESET)
 <LI><a href="#[b9]">CAN0_Tx_Warning_IRQHandler</a> from startup_mk64f12.o(.text) referenced from startup_mk64f12.o(RESET)
 <LI><a href="#[bb]">CAN0_Wake_Up_IRQHandler</a> from startup_mk64f12.o(.text) referenced from startup_mk64f12.o(RESET)
 <LI><a href="#[5]">CLOCK_SYS_FllStableDelay</a> from fsl_clock_mk64f12.o(i.CLOCK_SYS_FllStableDelay) referenced from fsl_clock_mk64f12.o(i.CLOCK_SYS_SetConfiguration)
 <LI><a href="#[93]">CMP0_IRQHandler</a> from startup_mk64f12.o(.text) referenced from startup_mk64f12.o(RESET)
 <LI><a href="#[94]">CMP1_IRQHandler</a> from startup_mk64f12.o(.text) referenced from startup_mk64f12.o(RESET)
 <LI><a href="#[b1]">CMP2_IRQHandler</a> from startup_mk64f12.o(.text) referenced from startup_mk64f12.o(RESET)
 <LI><a href="#[98]">CMT_IRQHandler</a> from startup_mk64f12.o(.text) referenced from startup_mk64f12.o(RESET)
 <LI><a href="#[33]">Control</a> from emac_mk64f.o(i.Control) referenced from emac_mk64f.o(.constdata)
 <LI><a href="#[32]">ControlTimer</a> from emac_mk64f.o(i.ControlTimer) referenced from emac_mk64f.o(.constdata)
 <LI><a href="#[a3]">DAC0_IRQHandler</a> from startup_mk64f12.o(.text) referenced from startup_mk64f12.o(RESET)
 <LI><a href="#[b3]">DAC1_IRQHandler</a> from startup_mk64f12.o(.text) referenced from startup_mk64f12.o(RESET)
 <LI><a href="#[6b]">DMA0_IRQHandler</a> from fsl_edma_irq.o(i.DMA0_IRQHandler) referenced from startup_mk64f12.o(RESET)
 <LI><a href="#[75]">DMA10_IRQHandler</a> from fsl_edma_irq.o(i.DMA10_IRQHandler) referenced from startup_mk64f12.o(RESET)
 <LI><a href="#[76]">DMA11_IRQHandler</a> from fsl_edma_irq.o(i.DMA11_IRQHandler) referenced from startup_mk64f12.o(RESET)
 <LI><a href="#[77]">DMA12_IRQHandler</a> from fsl_edma_irq.o(i.DMA12_IRQHandler) referenced from startup_mk64f12.o(RESET)
 <LI><a href="#[78]">DMA13_IRQHandler</a> from fsl_edma_irq.o(i.DMA13_IRQHandler) referenced from startup_mk64f12.o(RESET)
 <LI><a href="#[79]">DMA14_IRQHandler</a> from fsl_edma_irq.o(i.DMA14_IRQHandler) referenced from startup_mk64f12.o(RESET)
 <LI><a href="#[7a]">DMA15_IRQHandler</a> from fsl_edma_irq.o(i.DMA15_IRQHandler) referenced from startup_mk64f12.o(RESET)
 <LI><a href="#[6c]">DMA1_IRQHandler</a> from fsl_edma_irq.o(i.DMA1_IRQHandler) referenced from startup_mk64f12.o(RESET)
 <LI><a href="#[6d]">DMA2_IRQHandler</a> from fsl_edma_irq.o(i.DMA2_IRQHandler) referenced from startup_mk64f12.o(RESET)
 <LI><a href="#[6e]">DMA3_IRQHandler</a> from fsl_edma_irq.o(i.DMA3_IRQHandler) referenced from startup_mk64f12.o(RESET)
 <LI><a href="#[6f]">DMA4_IRQHandler</a> from fsl_edma_irq.o(i.DMA4_IRQHandler) referenced from startup_mk64f12.o(RESET)
 <LI><a href="#[70]">DMA5_IRQHandler</a> from fsl_edma_irq.o(i.DMA5_IRQHandler) referenced from startup_mk64f12.o(RESET)
 <LI><a href="#[71]">DMA6_IRQHandler</a> from fsl_edma_irq.o(i.DMA6_IRQHandler) referenced from startup_mk64f12.o(RESET)
 <LI><a href="#[72]">DMA7_IRQHandler</a> from fsl_edma_irq.o(i.DMA7_IRQHandler) referenced from startup_mk64f12.o(RESET)
 <LI><a href="#[73]">DMA8_IRQHandler</a> from fsl_edma_irq.o(i.DMA8_IRQHandler) referenced from startup_mk64f12.o(RESET)
 <LI><a href="#[74]">DMA9_IRQHandler</a> from fsl_edma_irq.o(i.DMA9_IRQHandler) referenced from startup_mk64f12.o(RESET)
 <LI><a href="#[7b]">DMA_Error_IRQHandler</a> from startup_mk64f12.o(.text) referenced from startup_mk64f12.o(RESET)
 <LI><a href="#[68]">DebugMon_Handler</a> from startup_mk64f12.o(.text) referenced from startup_mk64f12.o(RESET)
 <LI><a href="#[c1]">DefaultISR</a> from startup_mk64f12.o(.text) referenced 153 times from startup_mk64f12.o(RESET)
 <LI><a href="#[bd]">ENET_1588_Timer_IRQHandler</a> from startup_mk64f12.o(.text) referenced from startup_mk64f12.o(RESET)
 <LI><a href="#[c0]">ENET_Error_IRQHandler</a> from emac_mk64f.o(i.ENET_Error_IRQHandler) referenced from startup_mk64f12.o(RESET)
 <LI><a href="#[bf]">ENET_Receive_IRQHandler</a> from emac_mk64f.o(i.ENET_Receive_IRQHandler) referenced from startup_mk64f12.o(RESET)
 <LI><a href="#[be]">ENET_Transmit_IRQHandler</a> from emac_mk64f.o(i.ENET_Transmit_IRQHandler) referenced from startup_mk64f12.o(RESET)
 <LI><a href="#[7d]">FTFE_IRQHandler</a> from startup_mk64f12.o(.text) referenced from startup_mk64f12.o(RESET)
 <LI><a href="#[95]">FTM0_IRQHandler</a> from startup_mk64f12.o(.text) referenced from startup_mk64f12.o(RESET)
 <LI><a href="#[96]">FTM1_IRQHandler</a> from startup_mk64f12.o(.text) referenced from startup_mk64f12.o(RESET)
 <LI><a href="#[97]">FTM2_IRQHandler</a> from startup_mk64f12.o(.text) referenced from startup_mk64f12.o(RESET)
 <LI><a href="#[b2]">FTM3_IRQHandler</a> from startup_mk64f12.o(.text) referenced from startup_mk64f12.o(RESET)
 <LI><a href="#[26]">GetCapabilities</a> from emac_mk64f.o(i.GetCapabilities) referenced from emac_mk64f.o(.constdata)
 <LI><a href="#[5d]">GetLinkInfo</a> from phy_ksz8081rna.o(i.GetLinkInfo) referenced from phy_ksz8081rna.o(.constdata)
 <LI><a href="#[5c]">GetLinkState</a> from phy_ksz8081rna.o(i.GetLinkState) referenced from phy_ksz8081rna.o(.constdata)
 <LI><a href="#[2a]">GetMacAddress</a> from emac_mk64f.o(i.GetMacAddress) referenced from emac_mk64f.o(.constdata)
 <LI><a href="#[2f]">GetRxFrameSize</a> from emac_mk64f.o(i.GetRxFrameSize) referenced from emac_mk64f.o(.constdata)
 <LI><a href="#[30]">GetRxFrameTime</a> from emac_mk64f.o(i.GetRxFrameTime) referenced from emac_mk64f.o(.constdata)
 <LI><a href="#[31]">GetTxFrameTime</a> from emac_mk64f.o(i.GetTxFrameTime) referenced from emac_mk64f.o(.constdata)
 <LI><a href="#[25]">GetVersion</a> from emac_mk64f.o(i.GetVersion) referenced 2 times from emac_mk64f.o(.constdata)
 <LI><a href="#[63]">HardFault_Handler</a> from startup_mk64f12.o(.text) referenced from startup_mk64f12.o(RESET)
 <LI><a href="#[40]">I2C0_Control</a> from i2c_mk64f.o(i.I2C0_Control) referenced from i2c_mk64f.o(.constdata)
 <LI><a href="#[3f]">I2C0_GetDataCount</a> from i2c_mk64f.o(i.I2C0_GetDataCount) referenced from i2c_mk64f.o(.constdata)
 <LI><a href="#[41]">I2C0_GetStatus</a> from i2c_mk64f.o(i.I2C0_GetStatus) referenced from i2c_mk64f.o(.constdata)
 <LI><a href="#[83]">I2C0_IRQHandler</a> from i2c_mk64f.o(i.I2C0_IRQHandler) referenced from startup_mk64f12.o(RESET)
 <LI><a href="#[38]">I2C0_Initialize</a> from i2c_mk64f.o(i.I2C0_Initialize) referenced from i2c_mk64f.o(.constdata)
 <LI><a href="#[3c]">I2C0_MasterReceive</a> from i2c_mk64f.o(i.I2C0_MasterReceive) referenced from i2c_mk64f.o(.constdata)
 <LI><a href="#[3b]">I2C0_MasterTransmit</a> from i2c_mk64f.o(i.I2C0_MasterTransmit) referenced from i2c_mk64f.o(.constdata)
 <LI><a href="#[3a]">I2C0_PowerControl</a> from i2c_mk64f.o(i.I2C0_PowerControl) referenced from i2c_mk64f.o(.constdata)
 <LI><a href="#[3e]">I2C0_SlaveReceive</a> from i2c_mk64f.o(i.I2C0_SlaveReceive) referenced from i2c_mk64f.o(.constdata)
 <LI><a href="#[3d]">I2C0_SlaveTransmit</a> from i2c_mk64f.o(i.I2C0_SlaveTransmit) referenced from i2c_mk64f.o(.constdata)
 <LI><a href="#[39]">I2C0_Uninitialize</a> from i2c_mk64f.o(i.I2C0_Uninitialize) referenced from i2c_mk64f.o(.constdata)
 <LI><a href="#[4a]">I2C1_Control</a> from i2c_mk64f.o(i.I2C1_Control) referenced from i2c_mk64f.o(.constdata)
 <LI><a href="#[49]">I2C1_GetDataCount</a> from i2c_mk64f.o(i.I2C1_GetDataCount) referenced from i2c_mk64f.o(.constdata)
 <LI><a href="#[4b]">I2C1_GetStatus</a> from i2c_mk64f.o(i.I2C1_GetStatus) referenced from i2c_mk64f.o(.constdata)
 <LI><a href="#[84]">I2C1_IRQHandler</a> from i2c_mk64f.o(i.I2C1_IRQHandler) referenced from startup_mk64f12.o(RESET)
 <LI><a href="#[42]">I2C1_Initialize</a> from i2c_mk64f.o(i.I2C1_Initialize) referenced from i2c_mk64f.o(.constdata)
 <LI><a href="#[46]">I2C1_MasterReceive</a> from i2c_mk64f.o(i.I2C1_MasterReceive) referenced from i2c_mk64f.o(.constdata)
 <LI><a href="#[45]">I2C1_MasterTransmit</a> from i2c_mk64f.o(i.I2C1_MasterTransmit) referenced from i2c_mk64f.o(.constdata)
 <LI><a href="#[44]">I2C1_PowerControl</a> from i2c_mk64f.o(i.I2C1_PowerControl) referenced from i2c_mk64f.o(.constdata)
 <LI><a href="#[48]">I2C1_SlaveReceive</a> from i2c_mk64f.o(i.I2C1_SlaveReceive) referenced from i2c_mk64f.o(.constdata)
 <LI><a href="#[47]">I2C1_SlaveTransmit</a> from i2c_mk64f.o(i.I2C1_SlaveTransmit) referenced from i2c_mk64f.o(.constdata)
 <LI><a href="#[43]">I2C1_Uninitialize</a> from i2c_mk64f.o(i.I2C1_Uninitialize) referenced from i2c_mk64f.o(.constdata)
 <LI><a href="#[54]">I2C2_Control</a> from i2c_mk64f.o(i.I2C2_Control) referenced from i2c_mk64f.o(.constdata)
 <LI><a href="#[53]">I2C2_GetDataCount</a> from i2c_mk64f.o(i.I2C2_GetDataCount) referenced from i2c_mk64f.o(.constdata)
 <LI><a href="#[55]">I2C2_GetStatus</a> from i2c_mk64f.o(i.I2C2_GetStatus) referenced from i2c_mk64f.o(.constdata)
 <LI><a href="#[b5]">I2C2_IRQHandler</a> from i2c_mk64f.o(i.I2C2_IRQHandler) referenced from startup_mk64f12.o(RESET)
 <LI><a href="#[4c]">I2C2_Initialize</a> from i2c_mk64f.o(i.I2C2_Initialize) referenced from i2c_mk64f.o(.constdata)
 <LI><a href="#[50]">I2C2_MasterReceive</a> from i2c_mk64f.o(i.I2C2_MasterReceive) referenced from i2c_mk64f.o(.constdata)
 <LI><a href="#[4f]">I2C2_MasterTransmit</a> from i2c_mk64f.o(i.I2C2_MasterTransmit) referenced from i2c_mk64f.o(.constdata)
 <LI><a href="#[4e]">I2C2_PowerControl</a> from i2c_mk64f.o(i.I2C2_PowerControl) referenced from i2c_mk64f.o(.constdata)
 <LI><a href="#[52]">I2C2_SlaveReceive</a> from i2c_mk64f.o(i.I2C2_SlaveReceive) referenced from i2c_mk64f.o(.constdata)
 <LI><a href="#[51]">I2C2_SlaveTransmit</a> from i2c_mk64f.o(i.I2C2_SlaveTransmit) referenced from i2c_mk64f.o(.constdata)
 <LI><a href="#[4d]">I2C2_Uninitialize</a> from i2c_mk64f.o(i.I2C2_Uninitialize) referenced from i2c_mk64f.o(.constdata)
 <LI><a href="#[37]">I2CX_GetCapabilities</a> from i2c_mk64f.o(i.I2CX_GetCapabilities) referenced 3 times from i2c_mk64f.o(.constdata)
 <LI><a href="#[36]">I2CX_GetVersion</a> from i2c_mk64f.o(i.I2CX_GetVersion) referenced 3 times from i2c_mk64f.o(.constdata)
 <LI><a href="#[8]">I2Cx_DMA_Callback</a> from i2c_mk64f.o(i.I2Cx_DMA_Callback) referenced from i2c_mk64f.o(i.I2C_Initialize)
 <LI><a href="#[88]">I2S0_Rx_IRQHandler</a> from startup_mk64f12.o(.text) referenced from startup_mk64f12.o(RESET)
 <LI><a href="#[87]">I2S0_Tx_IRQHandler</a> from startup_mk64f12.o(.text) referenced from startup_mk64f12.o(RESET)
 <LI><a href="#[27]">Initialize</a> from emac_mk64f.o(i.Initialize) referenced 2 times from emac_mk64f.o(.constdata)
 <LI><a href="#[80]">LLWU_IRQHandler</a> from startup_mk64f12.o(.text) referenced from startup_mk64f12.o(RESET)
 <LI><a href="#[a5]">LPTMR0_IRQHandler</a> from startup_mk64f12.o(.text) referenced from startup_mk64f12.o(RESET)
 <LI><a href="#[7f]">LVD_LVW_IRQHandler</a> from startup_mk64f12.o(.text) referenced from startup_mk64f12.o(RESET)
 <LI><a href="#[a4]">MCG_IRQHandler</a> from startup_mk64f12.o(.text) referenced from startup_mk64f12.o(RESET)
 <LI><a href="#[7c]">MCM_IRQHandler</a> from startup_mk64f12.o(.text) referenced from startup_mk64f12.o(RESET)
 <LI><a href="#[64]">MemManage_Handler</a> from startup_mk64f12.o(.text) referenced from startup_mk64f12.o(RESET)
 <LI><a href="#[62]">NMI_Handler</a> from startup_mk64f12.o(.text) referenced from startup_mk64f12.o(RESET)
 <LI><a href="#[9f]">PDB0_IRQHandler</a> from startup_mk64f12.o(.text) referenced from startup_mk64f12.o(RESET)
 <LI><a href="#[34]">PHY_Read</a> from emac_mk64f.o(i.PHY_Read) referenced from emac_mk64f.o(.constdata)
 <LI><a href="#[35]">PHY_Write</a> from emac_mk64f.o(i.PHY_Write) referenced from emac_mk64f.o(.constdata)
 <LI><a href="#[9b]">PIT0_IRQHandler</a> from startup_mk64f12.o(.text) referenced from startup_mk64f12.o(RESET)
 <LI><a href="#[9c]">PIT1_IRQHandler</a> from startup_mk64f12.o(.text) referenced from startup_mk64f12.o(RESET)
 <LI><a href="#[9d]">PIT2_IRQHandler</a> from startup_mk64f12.o(.text) referenced from startup_mk64f12.o(RESET)
 <LI><a href="#[9e]">PIT3_IRQHandler</a> from startup_mk64f12.o(.text) referenced from startup_mk64f12.o(RESET)
 <LI><a href="#[a6]">PORTA_IRQHandler</a> from startup_mk64f12.o(.text) referenced from startup_mk64f12.o(RESET)
 <LI><a href="#[a7]">PORTB_IRQHandler</a> from startup_mk64f12.o(.text) referenced from startup_mk64f12.o(RESET)
 <LI><a href="#[a8]">PORTC_IRQHandler</a> from startup_mk64f12.o(.text) referenced from startup_mk64f12.o(RESET)
 <LI><a href="#[a9]">PORTD_IRQHandler</a> from startup_mk64f12.o(.text) referenced from startup_mk64f12.o(RESET)
 <LI><a href="#[aa]">PORTE_IRQHandler</a> from startup_mk64f12.o(.text) referenced from startup_mk64f12.o(RESET)
 <LI><a href="#[69]">PendSV_Handler</a> from hal_cm4.o(.emb_text) referenced from startup_mk64f12.o(RESET)
 <LI><a href="#[29]">PowerControl</a> from emac_mk64f.o(i.PowerControl) referenced 2 times from emac_mk64f.o(.constdata)
 <LI><a href="#[82]">RNG_IRQHandler</a> from startup_mk64f12.o(.text) referenced from startup_mk64f12.o(RESET)
 <LI><a href="#[99]">RTC_IRQHandler</a> from startup_mk64f12.o(.text) referenced from startup_mk64f12.o(RESET)
 <LI><a href="#[9a]">RTC_Seconds_IRQHandler</a> from startup_mk64f12.o(.text) referenced from startup_mk64f12.o(RESET)
 <LI><a href="#[2e]">ReadFrame</a> from emac_mk64f.o(i.ReadFrame) referenced from emac_mk64f.o(.constdata)
 <LI><a href="#[7e]">Read_Collision_IRQHandler</a> from startup_mk64f12.o(.text) referenced from startup_mk64f12.o(RESET)
 <LI><a href="#[a2]">Reserved71_IRQHandler</a> from startup_mk64f12.o(.text) referenced from startup_mk64f12.o(RESET)
 <LI><a href="#[61]">Reset_Handler</a> from startup_mk64f12.o(.text) referenced from startup_mk64f12.o(RESET)
 <LI><a href="#[bc]">SDHC_IRQHandler</a> from startup_mk64f12.o(.text) referenced from startup_mk64f12.o(RESET)
 <LI><a href="#[85]">SPI0_IRQHandler</a> from startup_mk64f12.o(.text) referenced from startup_mk64f12.o(RESET)
 <LI><a href="#[86]">SPI1_IRQHandler</a> from startup_mk64f12.o(.text) referenced from startup_mk64f12.o(RESET)
 <LI><a href="#[ac]">SPI2_IRQHandler</a> from startup_mk64f12.o(.text) referenced from startup_mk64f12.o(RESET)
 <LI><a href="#[67]">SVC_Handler</a> from hal_cm4.o(.emb_text) referenced from startup_mk64f12.o(RESET)
 <LI><a href="#[ab]">SWI_IRQHandler</a> from startup_mk64f12.o(.text) referenced from startup_mk64f12.o(RESET)
 <LI><a href="#[2d]">SendFrame</a> from emac_mk64f.o(i.SendFrame) referenced from emac_mk64f.o(.constdata)
 <LI><a href="#[2c]">SetAddressFilter</a> from emac_mk64f.o(i.SetAddressFilter) referenced from emac_mk64f.o(.constdata)
 <LI><a href="#[5a]">SetInterface</a> from phy_ksz8081rna.o(i.SetInterface) referenced from phy_ksz8081rna.o(.constdata)
 <LI><a href="#[2b]">SetMacAddress</a> from emac_mk64f.o(i.SetMacAddress) referenced from emac_mk64f.o(.constdata)
 <LI><a href="#[5b]">SetMode</a> from phy_ksz8081rna.o(i.SetMode) referenced from phy_ksz8081rna.o(.constdata)
 <LI><a href="#[6a]">SysTick_Handler</a> from hal_cm4.o(.emb_text) referenced from startup_mk64f12.o(RESET)
 <LI><a href="#[2]">SystemInit</a> from system_mk64f12.o(i.SystemInit) referenced from startup_mk64f12.o(.text)
 <LI><a href="#[23]">Thread</a> from sensorthread.o(i.Thread) referenced from sensorthread.o(.constdata)
 <LI><a href="#[8b]">UART0_ERR_IRQHandler</a> from startup_mk64f12.o(.text) referenced from startup_mk64f12.o(RESET)
 <LI><a href="#[89]">UART0_LON_IRQHandler</a> from startup_mk64f12.o(.text) referenced from startup_mk64f12.o(RESET)
 <LI><a href="#[8a]">UART0_RX_TX_IRQHandler</a> from startup_mk64f12.o(.text) referenced from startup_mk64f12.o(RESET)
 <LI><a href="#[8d]">UART1_ERR_IRQHandler</a> from startup_mk64f12.o(.text) referenced from startup_mk64f12.o(RESET)
 <LI><a href="#[8c]">UART1_RX_TX_IRQHandler</a> from startup_mk64f12.o(.text) referenced from startup_mk64f12.o(RESET)
 <LI><a href="#[8f]">UART2_ERR_IRQHandler</a> from startup_mk64f12.o(.text) referenced from startup_mk64f12.o(RESET)
 <LI><a href="#[8e]">UART2_RX_TX_IRQHandler</a> from startup_mk64f12.o(.text) referenced from startup_mk64f12.o(RESET)
 <LI><a href="#[91]">UART3_ERR_IRQHandler</a> from startup_mk64f12.o(.text) referenced from startup_mk64f12.o(RESET)
 <LI><a href="#[90]">UART3_RX_TX_IRQHandler</a> from startup_mk64f12.o(.text) referenced from startup_mk64f12.o(RESET)
 <LI><a href="#[ae]">UART4_ERR_IRQHandler</a> from startup_mk64f12.o(.text) referenced from startup_mk64f12.o(RESET)
 <LI><a href="#[ad]">UART4_RX_TX_IRQHandler</a> from startup_mk64f12.o(.text) referenced from startup_mk64f12.o(RESET)
 <LI><a href="#[b0]">UART5_ERR_IRQHandler</a> from startup_mk64f12.o(.text) referenced from startup_mk64f12.o(RESET)
 <LI><a href="#[af]">UART5_RX_TX_IRQHandler</a> from startup_mk64f12.o(.text) referenced from startup_mk64f12.o(RESET)
 <LI><a href="#[7]">UART_HAL_ReceiveDataPolling</a> from fsl_uart_hal.o(i.UART_HAL_ReceiveDataPolling) referenced from fsl_debug_console.o(i.DbgConsole_Init)
 <LI><a href="#[6]">UART_HAL_SendDataPolling</a> from fsl_uart_hal.o(i.UART_HAL_SendDataPolling) referenced from fsl_debug_console.o(i.DbgConsole_Init)
 <LI><a href="#[a0]">USB0_IRQHandler</a> from startup_mk64f12.o(.text) referenced from startup_mk64f12.o(RESET)
 <LI><a href="#[a1]">USBDCD_IRQHandler</a> from startup_mk64f12.o(.text) referenced from startup_mk64f12.o(RESET)
 <LI><a href="#[28]">Uninitialize</a> from emac_mk64f.o(i.Uninitialize) referenced 2 times from emac_mk64f.o(.constdata)
 <LI><a href="#[66]">UsageFault_Handler</a> from startup_mk64f12.o(.text) referenced from startup_mk64f12.o(RESET)
 <LI><a href="#[81]">WDOG_EWM_IRQHandler</a> from startup_mk64f12.o(.text) referenced from startup_mk64f12.o(RESET)
 <LI><a href="#[4]">__main</a> from entry.o(.ARM.Collect$$$$00000000) referenced from startup_mk64f12.o(.text)
 <LI><a href="#[9]">_sputc</a> from printf8.o(i._sputc) referenced from printf8.o(i.__0sprintf$8)
 <LI><a href="#[a]">dhcp_listener</a> from net_dhcp_client.o(i.dhcp_listener) referenced from net_dhcp_client.o(i.dhcp_client_init)
 <LI><a href="#[b]">eth_notify</a> from net_eth.o(i.eth_notify) referenced from net_eth.o(i.eth_init_link)
 <LI><a href="#[5e]">eth_thread</a> from net_eth.o(i.eth_thread) referenced from net_eth.o(.constdata)
 <LI><a href="#[c]">http_listener</a> from net_http_server.o(i.http_listener) referenced from net_http_server.o(i.http_server_init)
 <LI><a href="#[3]">init_data_bss</a> from startup.o(i.init_data_bss) referenced from startup_mk64f12.o(.text)
 <LI><a href="#[60]">main</a> from main.o(i.main) referenced from rtx_conf_cm.o(.data)
 <LI><a href="#[d]">nbns_listener</a> from net_nbns_client.o(i.nbns_listener) referenced from net_nbns_client.o(i.nbns_client_init)
 <LI><a href="#[5f]">net_timer_tick</a> from net_sys.o(i.net_timer_tick) referenced from net_sys.o(.constdata)
 <LI><a href="#[22]">osThreadExit</a> from rt_cmsis.o(i.osThreadExit) referenced from rt_cmsis.o(i.svcThreadCreate)
 <LI><a href="#[24]">osTimerThread</a> from rt_cmsis.o(i.osTimerThread) referenced from rtx_conf_cm.o(.constdata)
 <LI><a href="#[21]">os_idle_demon</a> from rtx_conf_cm.o(i.os_idle_demon) referenced from rt_task.o(i.rt_sys_init)
 <LI><a href="#[0]">rt_alloc_box</a> from rt_membox.o(i.rt_alloc_box) referenced from hal_cm4.o(.emb_text)
 <LI><a href="#[1]">rt_free_box</a> from rt_membox.o(i.rt_free_box) referenced from hal_cm4.o(.emb_text)
 <LI><a href="#[e]">svcDelay</a> from rt_cmsis.o(i.svcDelay) referenced from rt_cmsis.o(i.osDelay)
 <LI><a href="#[f]">svcKernelInitialize</a> from rt_cmsis.o(i.svcKernelInitialize) referenced from rt_cmsis.o(i.osKernelInitialize)
 <LI><a href="#[10]">svcKernelStart</a> from rt_cmsis.o(i.svcKernelStart) referenced from rt_cmsis.o(i.osKernelStart)
 <LI><a href="#[11]">svcMessageGet</a> from rt_cmsis.o(i.svcMessageGet) referenced from rt_cmsis.o(i.osMessageGet)
 <LI><a href="#[12]">svcMutexCreate</a> from rt_cmsis.o(i.svcMutexCreate) referenced from rt_cmsis.o(i.osMutexCreate)
 <LI><a href="#[13]">svcMutexRelease</a> from rt_cmsis.o(i.svcMutexRelease) referenced from rt_cmsis.o(i.osMutexRelease)
 <LI><a href="#[14]">svcMutexWait</a> from rt_cmsis.o(i.svcMutexWait) referenced from rt_cmsis.o(i.osMutexWait)
 <LI><a href="#[15]">svcSemaphoreCreate</a> from rt_cmsis.o(i.svcSemaphoreCreate) referenced from rt_cmsis.o(i.osSemaphoreCreate)
 <LI><a href="#[16]">svcSemaphoreRelease</a> from rt_cmsis.o(i.svcSemaphoreRelease) referenced from rt_cmsis.o(i.osSemaphoreRelease)
 <LI><a href="#[17]">svcSemaphoreWait</a> from rt_cmsis.o(i.svcSemaphoreWait) referenced from rt_cmsis.o(i.osSemaphoreWait)
 <LI><a href="#[18]">svcSignalSet</a> from rt_cmsis.o(i.svcSignalSet) referenced from rt_cmsis.o(i.osSignalSet)
 <LI><a href="#[19]">svcSignalWait</a> from rt_cmsis.o(i.svcSignalWait) referenced from rt_cmsis.o(i.osSignalWait)
 <LI><a href="#[1a]">svcThreadCreate</a> from rt_cmsis.o(i.svcThreadCreate) referenced from rt_cmsis.o(i.osThreadCreate)
 <LI><a href="#[1b]">svcThreadGetId</a> from rt_cmsis.o(i.svcThreadGetId) referenced from rt_cmsis.o(i.osThreadExit)
 <LI><a href="#[1c]">svcThreadTerminate</a> from rt_cmsis.o(i.svcThreadTerminate) referenced from rt_cmsis.o(i.osThreadExit)
 <LI><a href="#[1d]">svcThreadYield</a> from rt_cmsis.o(i.svcThreadYield) referenced from rt_cmsis.o(i.osThreadYield)
 <LI><a href="#[1e]">svcTimerCall</a> from rt_cmsis.o(i.svcTimerCall) referenced from rt_cmsis.o(i.osTimerCall)
 <LI><a href="#[1f]">svcTimerCreate</a> from rt_cmsis.o(i.svcTimerCreate) referenced from rt_cmsis.o(i.osTimerCreate)
 <LI><a href="#[20]">svcTimerStart</a> from rt_cmsis.o(i.svcTimerStart) referenced from rt_cmsis.o(i.osTimerStart)
</UL>
<P>
<H3>
Global Symbols
</H3>
<P><STRONG><a name="[4]"></a>__main</STRONG> (Thumb, 0 bytes, Stack size unknown bytes, entry.o(.ARM.Collect$$$$00000000))
<BR>[Address Reference Count : 1]<UL><LI> startup_mk64f12.o(.text)
</UL>
<P><STRONG><a name="[269]"></a>_main_stk</STRONG> (Thumb, 0 bytes, Stack size unknown bytes, entry4.o(.ARM.Collect$$$$00000003))

<P><STRONG><a name="[c2]"></a>_main_scatterload</STRONG> (Thumb, 0 bytes, Stack size unknown bytes, entry5.o(.ARM.Collect$$$$00000004))
<BR><BR>[Calls]<UL><LI><a href="#[c3]">&gt;&gt;</a>&nbsp;&nbsp;&nbsp;__scatterload
</UL>

<P><STRONG><a name="[d8]"></a>__main_after_scatterload</STRONG> (Thumb, 0 bytes, Stack size 0 bytes, entry5.o(.ARM.Collect$$$$00000004))
<BR><BR>[Called By]<UL><LI><a href="#[c3]">&gt;&gt;</a>&nbsp;&nbsp;&nbsp;__scatterload
</UL>

<P><STRONG><a name="[26a]"></a>__rt_final_cpp</STRONG> (Thumb, 0 bytes, Stack size 0 bytes, entry10a.o(.ARM.Collect$$$$0000000D))

<P><STRONG><a name="[26b]"></a>__rt_final_exit</STRONG> (Thumb, 0 bytes, Stack size 0 bytes, entry11a.o(.ARM.Collect$$$$0000000F))

<P><STRONG><a name="[26c]"></a>_main_clock</STRONG> (Thumb, 0 bytes, Stack size 0 bytes, entry7b.o(.ARM.Collect$$$$00000008))

<P><STRONG><a name="[26d]"></a>_main_cpp_init</STRONG> (Thumb, 0 bytes, Stack size 0 bytes, entry8b.o(.ARM.Collect$$$$0000000A))

<P><STRONG><a name="[c4]"></a>_main_init</STRONG> (Thumb, 18 bytes, Stack size 0 bytes, rtx_conf_cm.o(.ARM.Collect$$$$000000FF))
<BR><BR>[Stack]<UL><LI>Max Depth = 80<LI>Call Chain = _main_init &rArr; osKernelInitialize &rArr; svcKernelInitialize &rArr; svcThreadCreate &rArr; rt_tsk_create &rArr; rt_init_context &rArr; rt_init_stack
</UL>
<BR>[Calls]<UL><LI><a href="#[c6]">&gt;&gt;</a>&nbsp;&nbsp;&nbsp;osThreadCreate
<LI><a href="#[c7]">&gt;&gt;</a>&nbsp;&nbsp;&nbsp;osKernelStart
<LI><a href="#[c5]">&gt;&gt;</a>&nbsp;&nbsp;&nbsp;osKernelInitialize
</UL>

<P><STRONG><a name="[26e]"></a>rt_set_PSP</STRONG> (Thumb, 6 bytes, Stack size 0 bytes, hal_cm4.o(.emb_text), UNUSED)

<P><STRONG><a name="[24b]"></a>rt_get_PSP</STRONG> (Thumb, 6 bytes, Stack size 0 bytes, hal_cm4.o(.emb_text))
<BR><BR>[Called By]<UL><LI><a href="#[24a]">&gt;&gt;</a>&nbsp;&nbsp;&nbsp;rt_tsk_delete
</UL>

<P><STRONG><a name="[26f]"></a>os_set_env</STRONG> (Thumb, 24 bytes, Stack size 0 bytes, hal_cm4.o(.emb_text), UNUSED)

<P><STRONG><a name="[270]"></a>_alloc_box</STRONG> (Thumb, 28 bytes, Stack size 0 bytes, hal_cm4.o(.emb_text), UNUSED)

<P><STRONG><a name="[271]"></a>_free_box</STRONG> (Thumb, 28 bytes, Stack size 0 bytes, hal_cm4.o(.emb_text), UNUSED)

<P><STRONG><a name="[67]"></a>SVC_Handler</STRONG> (Thumb, 168 bytes, Stack size 0 bytes, hal_cm4.o(.emb_text))
<BR><BR>[Calls]<UL><LI><a href="#[c8]">&gt;&gt;</a>&nbsp;&nbsp;&nbsp;rt_stk_check
</UL>
<BR>[Address Reference Count : 1]<UL><LI> startup_mk64f12.o(RESET)
</UL>
<P><STRONG><a name="[69]"></a>PendSV_Handler</STRONG> (Thumb, 96 bytes, Stack size 0 bytes, hal_cm4.o(.emb_text))
<BR><BR>[Stack]<UL><LI>Max Depth = 56<LI>Call Chain = PendSV_Handler &rArr; rt_pop_req &rArr; rt_mbx_psh &rArr; rt_ret_val2
</UL>
<BR>[Calls]<UL><LI><a href="#[c9]">&gt;&gt;</a>&nbsp;&nbsp;&nbsp;rt_pop_req
<LI><a href="#[c8]">&gt;&gt;</a>&nbsp;&nbsp;&nbsp;rt_stk_check
</UL>
<BR>[Address Reference Count : 1]<UL><LI> startup_mk64f12.o(RESET)
</UL>
<P><STRONG><a name="[6a]"></a>SysTick_Handler</STRONG> (Thumb, 8 bytes, Stack size 0 bytes, hal_cm4.o(.emb_text))
<BR><BR>[Stack]<UL><LI>Max Depth = 72<LI>Call Chain = SysTick_Handler &rArr; rt_systick &rArr; sysTimerTick &rArr; isrMessagePut &rArr; isr_mbx_send &rArr; rt_psq_enq
</UL>
<BR>[Calls]<UL><LI><a href="#[ca]">&gt;&gt;</a>&nbsp;&nbsp;&nbsp;rt_systick
</UL>
<BR>[Address Reference Count : 1]<UL><LI> startup_mk64f12.o(RESET)
</UL>
<P><STRONG><a name="[cb]"></a>OS_Tick_Handler</STRONG> (Thumb, 12 bytes, Stack size 0 bytes, hal_cm4.o(.emb_text), UNUSED)
<BR><BR>[Calls]<UL><LI><a href="#[cc]">&gt;&gt;</a>&nbsp;&nbsp;&nbsp;os_tick_irqack
<LI><a href="#[ca]">&gt;&gt;</a>&nbsp;&nbsp;&nbsp;rt_systick
</UL>

<P><STRONG><a name="[61]"></a>Reset_Handler</STRONG> (Thumb, 18 bytes, Stack size 0 bytes, startup_mk64f12.o(.text))
<BR>[Address Reference Count : 1]<UL><LI> startup_mk64f12.o(RESET)
</UL>
<P><STRONG><a name="[62]"></a>NMI_Handler</STRONG> (Thumb, 2 bytes, Stack size 0 bytes, startup_mk64f12.o(.text))
<BR><BR>[Calls]<UL><LI><a href="#[62]">&gt;&gt;</a>&nbsp;&nbsp;&nbsp;NMI_Handler
</UL>
<BR>[Called By]<UL><LI><a href="#[62]">&gt;&gt;</a>&nbsp;&nbsp;&nbsp;NMI_Handler
</UL>
<BR>[Address Reference Count : 1]<UL><LI> startup_mk64f12.o(RESET)
</UL>
<P><STRONG><a name="[63]"></a>HardFault_Handler</STRONG> (Thumb, 2 bytes, Stack size 0 bytes, startup_mk64f12.o(.text))
<BR><BR>[Calls]<UL><LI><a href="#[63]">&gt;&gt;</a>&nbsp;&nbsp;&nbsp;HardFault_Handler
</UL>
<BR>[Called By]<UL><LI><a href="#[63]">&gt;&gt;</a>&nbsp;&nbsp;&nbsp;HardFault_Handler
</UL>
<BR>[Address Reference Count : 1]<UL><LI> startup_mk64f12.o(RESET)
</UL>
<P><STRONG><a name="[64]"></a>MemManage_Handler</STRONG> (Thumb, 2 bytes, Stack size 0 bytes, startup_mk64f12.o(.text))
<BR><BR>[Calls]<UL><LI><a href="#[64]">&gt;&gt;</a>&nbsp;&nbsp;&nbsp;MemManage_Handler
</UL>
<BR>[Called By]<UL><LI><a href="#[64]">&gt;&gt;</a>&nbsp;&nbsp;&nbsp;MemManage_Handler
</UL>
<BR>[Address Reference Count : 1]<UL><LI> startup_mk64f12.o(RESET)
</UL>
<P><STRONG><a name="[65]"></a>BusFault_Handler</STRONG> (Thumb, 2 bytes, Stack size 0 bytes, startup_mk64f12.o(.text))
<BR><BR>[Calls]<UL><LI><a href="#[65]">&gt;&gt;</a>&nbsp;&nbsp;&nbsp;BusFault_Handler
</UL>
<BR>[Called By]<UL><LI><a href="#[65]">&gt;&gt;</a>&nbsp;&nbsp;&nbsp;BusFault_Handler
</UL>
<BR>[Address Reference Count : 1]<UL><LI> startup_mk64f12.o(RESET)
</UL>
<P><STRONG><a name="[66]"></a>UsageFault_Handler</STRONG> (Thumb, 2 bytes, Stack size 0 bytes, startup_mk64f12.o(.text))
<BR><BR>[Calls]<UL><LI><a href="#[66]">&gt;&gt;</a>&nbsp;&nbsp;&nbsp;UsageFault_Handler
</UL>
<BR>[Called By]<UL><LI><a href="#[66]">&gt;&gt;</a>&nbsp;&nbsp;&nbsp;UsageFault_Handler
</UL>
<BR>[Address Reference Count : 1]<UL><LI> startup_mk64f12.o(RESET)
</UL>
<P><STRONG><a name="[68]"></a>DebugMon_Handler</STRONG> (Thumb, 2 bytes, Stack size 0 bytes, startup_mk64f12.o(.text))
<BR><BR>[Calls]<UL><LI><a href="#[68]">&gt;&gt;</a>&nbsp;&nbsp;&nbsp;DebugMon_Handler
</UL>
<BR>[Called By]<UL><LI><a href="#[68]">&gt;&gt;</a>&nbsp;&nbsp;&nbsp;DebugMon_Handler
</UL>
<BR>[Address Reference Count : 1]<UL><LI> startup_mk64f12.o(RESET)
</UL>
<P><STRONG><a name="[92]"></a>ADC0_IRQHandler</STRONG> (Thumb, 0 bytes, Stack size 0 bytes, startup_mk64f12.o(.text))
<BR><BR>[Calls]<UL><LI><a href="#[c1]">&gt;&gt;</a>&nbsp;&nbsp;&nbsp;DefaultISR
</UL>
<BR>[Address Reference Count : 1]<UL><LI> startup_mk64f12.o(RESET)
</UL>
<P><STRONG><a name="[b4]"></a>ADC1_IRQHandler</STRONG> (Thumb, 0 bytes, Stack size 0 bytes, startup_mk64f12.o(.text))
<BR>[Address Reference Count : 1]<UL><LI> startup_mk64f12.o(RESET)
</UL>
<P><STRONG><a name="[b7]"></a>CAN0_Bus_Off_IRQHandler</STRONG> (Thumb, 0 bytes, Stack size 0 bytes, startup_mk64f12.o(.text))
<BR>[Address Reference Count : 1]<UL><LI> startup_mk64f12.o(RESET)
</UL>
<P><STRONG><a name="[b8]"></a>CAN0_Error_IRQHandler</STRONG> (Thumb, 0 bytes, Stack size 0 bytes, startup_mk64f12.o(.text))
<BR>[Address Reference Count : 1]<UL><LI> startup_mk64f12.o(RESET)
</UL>
<P><STRONG><a name="[b6]"></a>CAN0_ORed_Message_buffer_IRQHandler</STRONG> (Thumb, 0 bytes, Stack size 0 bytes, startup_mk64f12.o(.text))
<BR>[Address Reference Count : 1]<UL><LI> startup_mk64f12.o(RESET)
</UL>
<P><STRONG><a name="[ba]"></a>CAN0_Rx_Warning_IRQHandler</STRONG> (Thumb, 0 bytes, Stack size 0 bytes, startup_mk64f12.o(.text))
<BR>[Address Reference Count : 1]<UL><LI> startup_mk64f12.o(RESET)
</UL>
<P><STRONG><a name="[b9]"></a>CAN0_Tx_Warning_IRQHandler</STRONG> (Thumb, 0 bytes, Stack size 0 bytes, startup_mk64f12.o(.text))
<BR>[Address Reference Count : 1]<UL><LI> startup_mk64f12.o(RESET)
</UL>
<P><STRONG><a name="[bb]"></a>CAN0_Wake_Up_IRQHandler</STRONG> (Thumb, 0 bytes, Stack size 0 bytes, startup_mk64f12.o(.text))
<BR>[Address Reference Count : 1]<UL><LI> startup_mk64f12.o(RESET)
</UL>
<P><STRONG><a name="[93]"></a>CMP0_IRQHandler</STRONG> (Thumb, 0 bytes, Stack size 0 bytes, startup_mk64f12.o(.text))
<BR>[Address Reference Count : 1]<UL><LI> startup_mk64f12.o(RESET)
</UL>
<P><STRONG><a name="[94]"></a>CMP1_IRQHandler</STRONG> (Thumb, 0 bytes, Stack size 0 bytes, startup_mk64f12.o(.text))
<BR>[Address Reference Count : 1]<UL><LI> startup_mk64f12.o(RESET)
</UL>
<P><STRONG><a name="[b1]"></a>CMP2_IRQHandler</STRONG> (Thumb, 0 bytes, Stack size 0 bytes, startup_mk64f12.o(.text))
<BR>[Address Reference Count : 1]<UL><LI> startup_mk64f12.o(RESET)
</UL>
<P><STRONG><a name="[98]"></a>CMT_IRQHandler</STRONG> (Thumb, 0 bytes, Stack size 0 bytes, startup_mk64f12.o(.text))
<BR>[Address Reference Count : 1]<UL><LI> startup_mk64f12.o(RESET)
</UL>
<P><STRONG><a name="[a3]"></a>DAC0_IRQHandler</STRONG> (Thumb, 0 bytes, Stack size 0 bytes, startup_mk64f12.o(.text))
<BR>[Address Reference Count : 1]<UL><LI> startup_mk64f12.o(RESET)
</UL>
<P><STRONG><a name="[b3]"></a>DAC1_IRQHandler</STRONG> (Thumb, 0 bytes, Stack size 0 bytes, startup_mk64f12.o(.text))
<BR>[Address Reference Count : 1]<UL><LI> startup_mk64f12.o(RESET)
</UL>
<P><STRONG><a name="[7b]"></a>DMA_Error_IRQHandler</STRONG> (Thumb, 0 bytes, Stack size 0 bytes, startup_mk64f12.o(.text))
<BR>[Address Reference Count : 1]<UL><LI> startup_mk64f12.o(RESET)
</UL>
<P><STRONG><a name="[c1]"></a>DefaultISR</STRONG> (Thumb, 0 bytes, Stack size 0 bytes, startup_mk64f12.o(.text))
<BR><BR>[Called By]<UL><LI><a href="#[92]">&gt;&gt;</a>&nbsp;&nbsp;&nbsp;ADC0_IRQHandler
</UL>
<BR>[Address Reference Count : 1]<UL><LI> startup_mk64f12.o(RESET)
</UL>
<P><STRONG><a name="[bd]"></a>ENET_1588_Timer_IRQHandler</STRONG> (Thumb, 0 bytes, Stack size 0 bytes, startup_mk64f12.o(.text))
<BR>[Address Reference Count : 1]<UL><LI> startup_mk64f12.o(RESET)
</UL>
<P><STRONG><a name="[7d]"></a>FTFE_IRQHandler</STRONG> (Thumb, 0 bytes, Stack size 0 bytes, startup_mk64f12.o(.text))
<BR>[Address Reference Count : 1]<UL><LI> startup_mk64f12.o(RESET)
</UL>
<P><STRONG><a name="[95]"></a>FTM0_IRQHandler</STRONG> (Thumb, 0 bytes, Stack size 0 bytes, startup_mk64f12.o(.text))
<BR>[Address Reference Count : 1]<UL><LI> startup_mk64f12.o(RESET)
</UL>
<P><STRONG><a name="[96]"></a>FTM1_IRQHandler</STRONG> (Thumb, 0 bytes, Stack size 0 bytes, startup_mk64f12.o(.text))
<BR>[Address Reference Count : 1]<UL><LI> startup_mk64f12.o(RESET)
</UL>
<P><STRONG><a name="[97]"></a>FTM2_IRQHandler</STRONG> (Thumb, 0 bytes, Stack size 0 bytes, startup_mk64f12.o(.text))
<BR>[Address Reference Count : 1]<UL><LI> startup_mk64f12.o(RESET)
</UL>
<P><STRONG><a name="[b2]"></a>FTM3_IRQHandler</STRONG> (Thumb, 0 bytes, Stack size 0 bytes, startup_mk64f12.o(.text))
<BR>[Address Reference Count : 1]<UL><LI> startup_mk64f12.o(RESET)
</UL>
<P><STRONG><a name="[88]"></a>I2S0_Rx_IRQHandler</STRONG> (Thumb, 0 bytes, Stack size 0 bytes, startup_mk64f12.o(.text))
<BR>[Address Reference Count : 1]<UL><LI> startup_mk64f12.o(RESET)
</UL>
<P><STRONG><a name="[87]"></a>I2S0_Tx_IRQHandler</STRONG> (Thumb, 0 bytes, Stack size 0 bytes, startup_mk64f12.o(.text))
<BR>[Address Reference Count : 1]<UL><LI> startup_mk64f12.o(RESET)
</UL>
<P><STRONG><a name="[80]"></a>LLWU_IRQHandler</STRONG> (Thumb, 0 bytes, Stack size 0 bytes, startup_mk64f12.o(.text))
<BR>[Address Reference Count : 1]<UL><LI> startup_mk64f12.o(RESET)
</UL>
<P><STRONG><a name="[a5]"></a>LPTMR0_IRQHandler</STRONG> (Thumb, 0 bytes, Stack size 0 bytes, startup_mk64f12.o(.text))
<BR>[Address Reference Count : 1]<UL><LI> startup_mk64f12.o(RESET)
</UL>
<P><STRONG><a name="[7f]"></a>LVD_LVW_IRQHandler</STRONG> (Thumb, 0 bytes, Stack size 0 bytes, startup_mk64f12.o(.text))
<BR>[Address Reference Count : 1]<UL><LI> startup_mk64f12.o(RESET)
</UL>
<P><STRONG><a name="[a4]"></a>MCG_IRQHandler</STRONG> (Thumb, 0 bytes, Stack size 0 bytes, startup_mk64f12.o(.text))
<BR>[Address Reference Count : 1]<UL><LI> startup_mk64f12.o(RESET)
</UL>
<P><STRONG><a name="[7c]"></a>MCM_IRQHandler</STRONG> (Thumb, 0 bytes, Stack size 0 bytes, startup_mk64f12.o(.text))
<BR>[Address Reference Count : 1]<UL><LI> startup_mk64f12.o(RESET)
</UL>
<P><STRONG><a name="[9f]"></a>PDB0_IRQHandler</STRONG> (Thumb, 0 bytes, Stack size 0 bytes, startup_mk64f12.o(.text))
<BR>[Address Reference Count : 1]<UL><LI> startup_mk64f12.o(RESET)
</UL>
<P><STRONG><a name="[9b]"></a>PIT0_IRQHandler</STRONG> (Thumb, 0 bytes, Stack size 0 bytes, startup_mk64f12.o(.text))
<BR>[Address Reference Count : 1]<UL><LI> startup_mk64f12.o(RESET)
</UL>
<P><STRONG><a name="[9c]"></a>PIT1_IRQHandler</STRONG> (Thumb, 0 bytes, Stack size 0 bytes, startup_mk64f12.o(.text))
<BR>[Address Reference Count : 1]<UL><LI> startup_mk64f12.o(RESET)
</UL>
<P><STRONG><a name="[9d]"></a>PIT2_IRQHandler</STRONG> (Thumb, 0 bytes, Stack size 0 bytes, startup_mk64f12.o(.text))
<BR>[Address Reference Count : 1]<UL><LI> startup_mk64f12.o(RESET)
</UL>
<P><STRONG><a name="[9e]"></a>PIT3_IRQHandler</STRONG> (Thumb, 0 bytes, Stack size 0 bytes, startup_mk64f12.o(.text))
<BR>[Address Reference Count : 1]<UL><LI> startup_mk64f12.o(RESET)
</UL>
<P><STRONG><a name="[a6]"></a>PORTA_IRQHandler</STRONG> (Thumb, 0 bytes, Stack size 0 bytes, startup_mk64f12.o(.text))
<BR>[Address Reference Count : 1]<UL><LI> startup_mk64f12.o(RESET)
</UL>
<P><STRONG><a name="[a7]"></a>PORTB_IRQHandler</STRONG> (Thumb, 0 bytes, Stack size 0 bytes, startup_mk64f12.o(.text))
<BR>[Address Reference Count : 1]<UL><LI> startup_mk64f12.o(RESET)
</UL>
<P><STRONG><a name="[a8]"></a>PORTC_IRQHandler</STRONG> (Thumb, 0 bytes, Stack size 0 bytes, startup_mk64f12.o(.text))
<BR>[Address Reference Count : 1]<UL><LI> startup_mk64f12.o(RESET)
</UL>
<P><STRONG><a name="[a9]"></a>PORTD_IRQHandler</STRONG> (Thumb, 0 bytes, Stack size 0 bytes, startup_mk64f12.o(.text))
<BR>[Address Reference Count : 1]<UL><LI> startup_mk64f12.o(RESET)
</UL>
<P><STRONG><a name="[aa]"></a>PORTE_IRQHandler</STRONG> (Thumb, 0 bytes, Stack size 0 bytes, startup_mk64f12.o(.text))
<BR>[Address Reference Count : 1]<UL><LI> startup_mk64f12.o(RESET)
</UL>
<P><STRONG><a name="[82]"></a>RNG_IRQHandler</STRONG> (Thumb, 0 bytes, Stack size 0 bytes, startup_mk64f12.o(.text))
<BR>[Address Reference Count : 1]<UL><LI> startup_mk64f12.o(RESET)
</UL>
<P><STRONG><a name="[99]"></a>RTC_IRQHandler</STRONG> (Thumb, 0 bytes, Stack size 0 bytes, startup_mk64f12.o(.text))
<BR>[Address Reference Count : 1]<UL><LI> startup_mk64f12.o(RESET)
</UL>
<P><STRONG><a name="[9a]"></a>RTC_Seconds_IRQHandler</STRONG> (Thumb, 0 bytes, Stack size 0 bytes, startup_mk64f12.o(.text))
<BR>[Address Reference Count : 1]<UL><LI> startup_mk64f12.o(RESET)
</UL>
<P><STRONG><a name="[7e]"></a>Read_Collision_IRQHandler</STRONG> (Thumb, 0 bytes, Stack size 0 bytes, startup_mk64f12.o(.text))
<BR>[Address Reference Count : 1]<UL><LI> startup_mk64f12.o(RESET)
</UL>
<P><STRONG><a name="[a2]"></a>Reserved71_IRQHandler</STRONG> (Thumb, 0 bytes, Stack size 0 bytes, startup_mk64f12.o(.text))
<BR>[Address Reference Count : 1]<UL><LI> startup_mk64f12.o(RESET)
</UL>
<P><STRONG><a name="[bc]"></a>SDHC_IRQHandler</STRONG> (Thumb, 0 bytes, Stack size 0 bytes, startup_mk64f12.o(.text))
<BR>[Address Reference Count : 1]<UL><LI> startup_mk64f12.o(RESET)
</UL>
<P><STRONG><a name="[85]"></a>SPI0_IRQHandler</STRONG> (Thumb, 0 bytes, Stack size 0 bytes, startup_mk64f12.o(.text))
<BR>[Address Reference Count : 1]<UL><LI> startup_mk64f12.o(RESET)
</UL>
<P><STRONG><a name="[86]"></a>SPI1_IRQHandler</STRONG> (Thumb, 0 bytes, Stack size 0 bytes, startup_mk64f12.o(.text))
<BR>[Address Reference Count : 1]<UL><LI> startup_mk64f12.o(RESET)
</UL>
<P><STRONG><a name="[ac]"></a>SPI2_IRQHandler</STRONG> (Thumb, 0 bytes, Stack size 0 bytes, startup_mk64f12.o(.text))
<BR>[Address Reference Count : 1]<UL><LI> startup_mk64f12.o(RESET)
</UL>
<P><STRONG><a name="[ab]"></a>SWI_IRQHandler</STRONG> (Thumb, 0 bytes, Stack size 0 bytes, startup_mk64f12.o(.text))
<BR>[Address Reference Count : 1]<UL><LI> startup_mk64f12.o(RESET)
</UL>
<P><STRONG><a name="[8b]"></a>UART0_ERR_IRQHandler</STRONG> (Thumb, 0 bytes, Stack size 0 bytes, startup_mk64f12.o(.text))
<BR>[Address Reference Count : 1]<UL><LI> startup_mk64f12.o(RESET)
</UL>
<P><STRONG><a name="[89]"></a>UART0_LON_IRQHandler</STRONG> (Thumb, 0 bytes, Stack size 0 bytes, startup_mk64f12.o(.text))
<BR>[Address Reference Count : 1]<UL><LI> startup_mk64f12.o(RESET)
</UL>
<P><STRONG><a name="[8a]"></a>UART0_RX_TX_IRQHandler</STRONG> (Thumb, 0 bytes, Stack size 0 bytes, startup_mk64f12.o(.text))
<BR>[Address Reference Count : 1]<UL><LI> startup_mk64f12.o(RESET)
</UL>
<P><STRONG><a name="[8d]"></a>UART1_ERR_IRQHandler</STRONG> (Thumb, 0 bytes, Stack size 0 bytes, startup_mk64f12.o(.text))
<BR>[Address Reference Count : 1]<UL><LI> startup_mk64f12.o(RESET)
</UL>
<P><STRONG><a name="[8c]"></a>UART1_RX_TX_IRQHandler</STRONG> (Thumb, 0 bytes, Stack size 0 bytes, startup_mk64f12.o(.text))
<BR>[Address Reference Count : 1]<UL><LI> startup_mk64f12.o(RESET)
</UL>
<P><STRONG><a name="[8f]"></a>UART2_ERR_IRQHandler</STRONG> (Thumb, 0 bytes, Stack size 0 bytes, startup_mk64f12.o(.text))
<BR>[Address Reference Count : 1]<UL><LI> startup_mk64f12.o(RESET)
</UL>
<P><STRONG><a name="[8e]"></a>UART2_RX_TX_IRQHandler</STRONG> (Thumb, 0 bytes, Stack size 0 bytes, startup_mk64f12.o(.text))
<BR>[Address Reference Count : 1]<UL><LI> startup_mk64f12.o(RESET)
</UL>
<P><STRONG><a name="[91]"></a>UART3_ERR_IRQHandler</STRONG> (Thumb, 0 bytes, Stack size 0 bytes, startup_mk64f12.o(.text))
<BR>[Address Reference Count : 1]<UL><LI> startup_mk64f12.o(RESET)
</UL>
<P><STRONG><a name="[90]"></a>UART3_RX_TX_IRQHandler</STRONG> (Thumb, 0 bytes, Stack size 0 bytes, startup_mk64f12.o(.text))
<BR>[Address Reference Count : 1]<UL><LI> startup_mk64f12.o(RESET)
</UL>
<P><STRONG><a name="[ae]"></a>UART4_ERR_IRQHandler</STRONG> (Thumb, 0 bytes, Stack size 0 bytes, startup_mk64f12.o(.text))
<BR>[Address Reference Count : 1]<UL><LI> startup_mk64f12.o(RESET)
</UL>
<P><STRONG><a name="[ad]"></a>UART4_RX_TX_IRQHandler</STRONG> (Thumb, 0 bytes, Stack size 0 bytes, startup_mk64f12.o(.text))
<BR>[Address Reference Count : 1]<UL><LI> startup_mk64f12.o(RESET)
</UL>
<P><STRONG><a name="[b0]"></a>UART5_ERR_IRQHandler</STRONG> (Thumb, 0 bytes, Stack size 0 bytes, startup_mk64f12.o(.text))
<BR>[Address Reference Count : 1]<UL><LI> startup_mk64f12.o(RESET)
</UL>
<P><STRONG><a name="[af]"></a>UART5_RX_TX_IRQHandler</STRONG> (Thumb, 0 bytes, Stack size 0 bytes, startup_mk64f12.o(.text))
<BR>[Address Reference Count : 1]<UL><LI> startup_mk64f12.o(RESET)
</UL>
<P><STRONG><a name="[a0]"></a>USB0_IRQHandler</STRONG> (Thumb, 0 bytes, Stack size 0 bytes, startup_mk64f12.o(.text))
<BR>[Address Reference Count : 1]<UL><LI> startup_mk64f12.o(RESET)
</UL>
<P><STRONG><a name="[a1]"></a>USBDCD_IRQHandler</STRONG> (Thumb, 0 bytes, Stack size 0 bytes, startup_mk64f12.o(.text))
<BR>[Address Reference Count : 1]<UL><LI> startup_mk64f12.o(RESET)
</UL>
<P><STRONG><a name="[81]"></a>WDOG_EWM_IRQHandler</STRONG> (Thumb, 0 bytes, Stack size 0 bytes, startup_mk64f12.o(.text))
<BR>[Address Reference Count : 1]<UL><LI> startup_mk64f12.o(RESET)
</UL>
<P><STRONG><a name="[cd]"></a>__aeabi_uldivmod</STRONG> (Thumb, 98 bytes, Stack size 40 bytes, uldiv.o(.text))
<BR><BR>[Stack]<UL><LI>Max Depth = 40<LI>Call Chain = __aeabi_uldivmod
</UL>
<BR>[Calls]<UL><LI><a href="#[ce]">&gt;&gt;</a>&nbsp;&nbsp;&nbsp;__aeabi_llsr
<LI><a href="#[cf]">&gt;&gt;</a>&nbsp;&nbsp;&nbsp;__aeabi_llsl
</UL>
<BR>[Called By]<UL><LI><a href="#[20]">&gt;&gt;</a>&nbsp;&nbsp;&nbsp;svcTimerStart
<LI><a href="#[180]">&gt;&gt;</a>&nbsp;&nbsp;&nbsp;_printf_core
</UL>

<P><STRONG><a name="[1e1]"></a>__aeabi_memcpy</STRONG> (Thumb, 36 bytes, Stack size 0 bytes, memcpya.o(.text))
<BR><BR>[Called By]<UL><LI><a href="#[209]">&gt;&gt;</a>&nbsp;&nbsp;&nbsp;net_initialize
<LI><a href="#[d]">&gt;&gt;</a>&nbsp;&nbsp;&nbsp;nbns_listener
<LI><a href="#[1ef]">&gt;&gt;</a>&nbsp;&nbsp;&nbsp;ip_send_frame
<LI><a href="#[1bd]">&gt;&gt;</a>&nbsp;&nbsp;&nbsp;icmp_process
<LI><a href="#[1e5]">&gt;&gt;</a>&nbsp;&nbsp;&nbsp;http_server_run
<LI><a href="#[1d4]">&gt;&gt;</a>&nbsp;&nbsp;&nbsp;http_proc_post
</UL>

<P><STRONG><a name="[117]"></a>__aeabi_memcpy4</STRONG> (Thumb, 0 bytes, Stack size 0 bytes, memcpya.o(.text))
<BR><BR>[Called By]<UL><LI><a href="#[116]">&gt;&gt;</a>&nbsp;&nbsp;&nbsp;DbgConsole_Init
</UL>

<P><STRONG><a name="[272]"></a>__aeabi_memcpy8</STRONG> (Thumb, 0 bytes, Stack size 0 bytes, memcpya.o(.text), UNUSED)

<P><STRONG><a name="[d1]"></a>__aeabi_memset</STRONG> (Thumb, 14 bytes, Stack size 0 bytes, memseta.o(.text))
<BR><BR>[Called By]<UL><LI><a href="#[d2]">&gt;&gt;</a>&nbsp;&nbsp;&nbsp;_memset$wrapper
<LI><a href="#[d0]">&gt;&gt;</a>&nbsp;&nbsp;&nbsp;__aeabi_memclr
</UL>

<P><STRONG><a name="[273]"></a>__aeabi_memset4</STRONG> (Thumb, 0 bytes, Stack size 0 bytes, memseta.o(.text), UNUSED)

<P><STRONG><a name="[274]"></a>__aeabi_memset8</STRONG> (Thumb, 0 bytes, Stack size 0 bytes, memseta.o(.text), UNUSED)

<P><STRONG><a name="[d0]"></a>__aeabi_memclr</STRONG> (Thumb, 4 bytes, Stack size 0 bytes, memseta.o(.text))
<BR><BR>[Calls]<UL><LI><a href="#[d1]">&gt;&gt;</a>&nbsp;&nbsp;&nbsp;__aeabi_memset
</UL>
<BR>[Called By]<UL><LI><a href="#[1ad]">&gt;&gt;</a>&nbsp;&nbsp;&nbsp;dhcp_send_message
</UL>

<P><STRONG><a name="[130]"></a>__aeabi_memclr4</STRONG> (Thumb, 0 bytes, Stack size 0 bytes, memseta.o(.text))
<BR><BR>[Called By]<UL><LI><a href="#[145]">&gt;&gt;</a>&nbsp;&nbsp;&nbsp;I2C_Initialize
<LI><a href="#[12f]">&gt;&gt;</a>&nbsp;&nbsp;&nbsp;ENET_HAL_GetBufDescripAttr
<LI><a href="#[209]">&gt;&gt;</a>&nbsp;&nbsp;&nbsp;net_initialize
<LI><a href="#[21d]">&gt;&gt;</a>&nbsp;&nbsp;&nbsp;udp_socket_init
<LI><a href="#[21e]">&gt;&gt;</a>&nbsp;&nbsp;&nbsp;tcp_socket_init
</UL>

<P><STRONG><a name="[275]"></a>__aeabi_memclr8</STRONG> (Thumb, 0 bytes, Stack size 0 bytes, memseta.o(.text), UNUSED)

<P><STRONG><a name="[d2]"></a>_memset$wrapper</STRONG> (Thumb, 18 bytes, Stack size 8 bytes, memseta.o(.text), UNUSED)
<BR><BR>[Calls]<UL><LI><a href="#[d1]">&gt;&gt;</a>&nbsp;&nbsp;&nbsp;__aeabi_memset
</UL>

<P><STRONG><a name="[198]"></a>strlen</STRONG> (Thumb, 14 bytes, Stack size 0 bytes, strlen.o(.text))
<BR><BR>[Called By]<UL><LI><a href="#[197]">&gt;&gt;</a>&nbsp;&nbsp;&nbsp;cgi_script
<LI><a href="#[1d5]">&gt;&gt;</a>&nbsp;&nbsp;&nbsp;read_script_line
</UL>

<P><STRONG><a name="[1dd]"></a>strcmp</STRONG> (Thumb, 28 bytes, Stack size 8 bytes, strcmp.o(.text))
<BR><BR>[Stack]<UL><LI>Max Depth = 8<LI>Call Chain = strcmp
</UL>
<BR>[Called By]<UL><LI><a href="#[1d2]">&gt;&gt;</a>&nbsp;&nbsp;&nbsp;http_proc_header
</UL>

<P><STRONG><a name="[216]"></a>memcmp</STRONG> (Thumb, 26 bytes, Stack size 12 bytes, memcmp.o(.text))
<BR><BR>[Stack]<UL><LI>Max Depth = 12<LI>Call Chain = memcmp
</UL>
<BR>[Called By]<UL><LI><a href="#[d]">&gt;&gt;</a>&nbsp;&nbsp;&nbsp;nbns_listener
</UL>

<P><STRONG><a name="[d3]"></a>atoi</STRONG> (Thumb, 26 bytes, Stack size 16 bytes, atoi.o(.text))
<BR><BR>[Stack]<UL><LI>Max Depth = 88<LI>Call Chain = atoi &rArr; strtol &rArr; _strtoul
</UL>
<BR>[Calls]<UL><LI><a href="#[d5]">&gt;&gt;</a>&nbsp;&nbsp;&nbsp;strtol
<LI><a href="#[d4]">&gt;&gt;</a>&nbsp;&nbsp;&nbsp;__aeabi_errno_addr
</UL>
<BR>[Called By]<UL><LI><a href="#[1df]">&gt;&gt;</a>&nbsp;&nbsp;&nbsp;http_to_utc
<LI><a href="#[199]">&gt;&gt;</a>&nbsp;&nbsp;&nbsp;chk_post_req
</UL>

<P><STRONG><a name="[cf]"></a>__aeabi_llsl</STRONG> (Thumb, 30 bytes, Stack size 0 bytes, llshl.o(.text))
<BR><BR>[Called By]<UL><LI><a href="#[cd]">&gt;&gt;</a>&nbsp;&nbsp;&nbsp;__aeabi_uldivmod
</UL>

<P><STRONG><a name="[276]"></a>_ll_shift_l</STRONG> (Thumb, 0 bytes, Stack size 0 bytes, llshl.o(.text), UNUSED)

<P><STRONG><a name="[ce]"></a>__aeabi_llsr</STRONG> (Thumb, 32 bytes, Stack size 0 bytes, llushr.o(.text))
<BR><BR>[Called By]<UL><LI><a href="#[cd]">&gt;&gt;</a>&nbsp;&nbsp;&nbsp;__aeabi_uldivmod
</UL>

<P><STRONG><a name="[277]"></a>_ll_ushift_r</STRONG> (Thumb, 0 bytes, Stack size 0 bytes, llushr.o(.text), UNUSED)

<P><STRONG><a name="[d9]"></a>_chval</STRONG> (Thumb, 28 bytes, Stack size 0 bytes, _chval.o(.text))
<BR><BR>[Called By]<UL><LI><a href="#[d7]">&gt;&gt;</a>&nbsp;&nbsp;&nbsp;_strtoul
</UL>

<P><STRONG><a name="[d5]"></a>strtol</STRONG> (Thumb, 112 bytes, Stack size 32 bytes, strtol.o(.text))
<BR><BR>[Stack]<UL><LI>Max Depth = 72<LI>Call Chain = strtol &rArr; _strtoul
</UL>
<BR>[Calls]<UL><LI><a href="#[d4]">&gt;&gt;</a>&nbsp;&nbsp;&nbsp;__aeabi_errno_addr
<LI><a href="#[d7]">&gt;&gt;</a>&nbsp;&nbsp;&nbsp;_strtoul
<LI><a href="#[d6]">&gt;&gt;</a>&nbsp;&nbsp;&nbsp;__rt_ctype_table
</UL>
<BR>[Called By]<UL><LI><a href="#[d3]">&gt;&gt;</a>&nbsp;&nbsp;&nbsp;atoi
</UL>

<P><STRONG><a name="[c3]"></a>__scatterload</STRONG> (Thumb, 28 bytes, Stack size 0 bytes, init.o(.text))
<BR><BR>[Calls]<UL><LI><a href="#[d8]">&gt;&gt;</a>&nbsp;&nbsp;&nbsp;__main_after_scatterload
</UL>
<BR>[Called By]<UL><LI><a href="#[c2]">&gt;&gt;</a>&nbsp;&nbsp;&nbsp;_main_scatterload
</UL>

<P><STRONG><a name="[278]"></a>__scatterload_rt2</STRONG> (Thumb, 0 bytes, Stack size 0 bytes, init.o(.text), UNUSED)

<P><STRONG><a name="[d6]"></a>__rt_ctype_table</STRONG> (Thumb, 4 bytes, Stack size 0 bytes, ctype_o.o(.text))
<BR><BR>[Called By]<UL><LI><a href="#[d5]">&gt;&gt;</a>&nbsp;&nbsp;&nbsp;strtol
</UL>

<P><STRONG><a name="[d7]"></a>_strtoul</STRONG> (Thumb, 158 bytes, Stack size 40 bytes, _strtoul.o(.text))
<BR><BR>[Stack]<UL><LI>Max Depth = 40<LI>Call Chain = _strtoul
</UL>
<BR>[Calls]<UL><LI><a href="#[d9]">&gt;&gt;</a>&nbsp;&nbsp;&nbsp;_chval
<LI><a href="#[d4]">&gt;&gt;</a>&nbsp;&nbsp;&nbsp;__aeabi_errno_addr
</UL>
<BR>[Called By]<UL><LI><a href="#[d5]">&gt;&gt;</a>&nbsp;&nbsp;&nbsp;strtol
</UL>

<P><STRONG><a name="[da]"></a>Accelerometer_GetState</STRONG> (Thumb, 244 bytes, Stack size 32 bytes, fxos8700.o(i.Accelerometer_GetState))
<BR><BR>[Stack]<UL><LI>Max Depth = 64<LI>Call Chain = Accelerometer_GetState &rArr; osSemaphoreRelease &rArr; isrSemaphoreRelease &rArr; isr_sem_send &rArr; rt_psq_enq
</UL>
<BR>[Calls]<UL><LI><a href="#[db]">&gt;&gt;</a>&nbsp;&nbsp;&nbsp;osSemaphoreWait
<LI><a href="#[dc]">&gt;&gt;</a>&nbsp;&nbsp;&nbsp;osSemaphoreRelease
</UL>
<BR>[Called By]<UL><LI><a href="#[23]">&gt;&gt;</a>&nbsp;&nbsp;&nbsp;Thread
</UL>

<P><STRONG><a name="[dd]"></a>Accelerometer_Initialize</STRONG> (Thumb, 32 bytes, Stack size 8 bytes, fxos8700.o(i.Accelerometer_Initialize))
<BR><BR>[Stack]<UL><LI>Max Depth = 48<LI>Call Chain = Accelerometer_Initialize &rArr; Initialize &rArr; Register_Write
</UL>
<BR>[Calls]<UL><LI><a href="#[de]">&gt;&gt;</a>&nbsp;&nbsp;&nbsp;Initialize
</UL>
<BR>[Called By]<UL><LI><a href="#[23]">&gt;&gt;</a>&nbsp;&nbsp;&nbsp;Thread
</UL>

<P><STRONG><a name="[df]"></a>BOARD_ClockInit</STRONG> (Thumb, 56 bytes, Stack size 8 bytes, board.o(i.BOARD_ClockInit))
<BR><BR>[Stack]<UL><LI>Max Depth = 136<LI>Call Chain = BOARD_ClockInit &rArr; CLOCK_SYS_SetConfiguration &rArr; CLOCK_SYS_SetMcgMode &rArr; CLOCK_HAL_SetPbeMode &rArr; CLOCK_HAL_GetMcgMode
</UL>
<BR>[Calls]<UL><LI><a href="#[e2]">&gt;&gt;</a>&nbsp;&nbsp;&nbsp;CLOCK_SYS_SetConfiguration
<LI><a href="#[e1]">&gt;&gt;</a>&nbsp;&nbsp;&nbsp;BOARD_InitRtcOsc
<LI><a href="#[e0]">&gt;&gt;</a>&nbsp;&nbsp;&nbsp;BOARD_InitOsc0
</UL>
<BR>[Called By]<UL><LI><a href="#[1c4]">&gt;&gt;</a>&nbsp;&nbsp;&nbsp;hardware_init
</UL>

<P><STRONG><a name="[e0]"></a>BOARD_InitOsc0</STRONG> (Thumb, 20 bytes, Stack size 24 bytes, board.o(i.BOARD_InitOsc0))
<BR><BR>[Stack]<UL><LI>Max Depth = 56<LI>Call Chain = BOARD_InitOsc0 &rArr; CLOCK_SYS_OscInit &rArr; CLOCK_SYS_SetOscerConfigration
</UL>
<BR>[Calls]<UL><LI><a href="#[e3]">&gt;&gt;</a>&nbsp;&nbsp;&nbsp;CLOCK_SYS_OscInit
</UL>
<BR>[Called By]<UL><LI><a href="#[df]">&gt;&gt;</a>&nbsp;&nbsp;&nbsp;BOARD_ClockInit
</UL>

<P><STRONG><a name="[e1]"></a>BOARD_InitRtcOsc</STRONG> (Thumb, 20 bytes, Stack size 16 bytes, board.o(i.BOARD_InitRtcOsc))
<BR><BR>[Stack]<UL><LI>Max Depth = 40<LI>Call Chain = BOARD_InitRtcOsc &rArr; CLOCK_SYS_RtcOscInit
</UL>
<BR>[Calls]<UL><LI><a href="#[e4]">&gt;&gt;</a>&nbsp;&nbsp;&nbsp;CLOCK_SYS_RtcOscInit
</UL>
<BR>[Called By]<UL><LI><a href="#[df]">&gt;&gt;</a>&nbsp;&nbsp;&nbsp;BOARD_ClockInit
</UL>

<P><STRONG><a name="[10e]"></a>CLOCK_HAL_EnablePll0InFllMode</STRONG> (Thumb, 64 bytes, Stack size 12 bytes, fsl_mcg_hal.o(i.CLOCK_HAL_EnablePll0InFllMode))
<BR><BR>[Stack]<UL><LI>Max Depth = 12<LI>Call Chain = CLOCK_HAL_EnablePll0InFllMode
</UL>
<BR>[Called By]<UL><LI><a href="#[108]">&gt;&gt;</a>&nbsp;&nbsp;&nbsp;CLOCK_SYS_SetMcgMode
</UL>

<P><STRONG><a name="[e5]"></a>CLOCK_HAL_GetFllClk</STRONG> (Thumb, 82 bytes, Stack size 24 bytes, fsl_mcg_hal.o(i.CLOCK_HAL_GetFllClk))
<BR><BR>[Stack]<UL><LI>Max Depth = 68<LI>Call Chain = CLOCK_HAL_GetFllClk &rArr; CLOCK_HAL_GetFllRefClk &rArr; CLOCK_HAL_TestFllExternalRefFreq
</UL>
<BR>[Calls]<UL><LI><a href="#[e7]">&gt;&gt;</a>&nbsp;&nbsp;&nbsp;CLOCK_HAL_TestFllFreq
<LI><a href="#[e6]">&gt;&gt;</a>&nbsp;&nbsp;&nbsp;CLOCK_HAL_GetFllRefClk
</UL>
<BR>[Called By]<UL><LI><a href="#[ef]">&gt;&gt;</a>&nbsp;&nbsp;&nbsp;CLOCK_HAL_GetOutClk
</UL>

<P><STRONG><a name="[e6]"></a>CLOCK_HAL_GetFllRefClk</STRONG> (Thumb, 72 bytes, Stack size 32 bytes, fsl_mcg_hal.o(i.CLOCK_HAL_GetFllRefClk))
<BR><BR>[Stack]<UL><LI>Max Depth = 44<LI>Call Chain = CLOCK_HAL_GetFllRefClk &rArr; CLOCK_HAL_TestFllExternalRefFreq
</UL>
<BR>[Calls]<UL><LI><a href="#[e9]">&gt;&gt;</a>&nbsp;&nbsp;&nbsp;CLOCK_HAL_TestFllExternalRefFreq
<LI><a href="#[e8]">&gt;&gt;</a>&nbsp;&nbsp;&nbsp;CLOCK_HAL_GetMcgExternalClkFreq
</UL>
<BR>[Called By]<UL><LI><a href="#[e5]">&gt;&gt;</a>&nbsp;&nbsp;&nbsp;CLOCK_HAL_GetFllClk
</UL>

<P><STRONG><a name="[f1]"></a>CLOCK_HAL_GetInternalRefClk</STRONG> (Thumb, 52 bytes, Stack size 0 bytes, fsl_mcg_hal.o(i.CLOCK_HAL_GetInternalRefClk))
<BR><BR>[Called By]<UL><LI><a href="#[ef]">&gt;&gt;</a>&nbsp;&nbsp;&nbsp;CLOCK_HAL_GetOutClk
</UL>

<P><STRONG><a name="[eb]"></a>CLOCK_HAL_GetMcgMode</STRONG> (Thumb, 150 bytes, Stack size 32 bytes, fsl_mcg_hal_modes.o(i.CLOCK_HAL_GetMcgMode))
<BR><BR>[Stack]<UL><LI>Max Depth = 32<LI>Call Chain = CLOCK_HAL_GetMcgMode
</UL>
<BR>[Calls]<UL><LI><a href="#[ee]">&gt;&gt;</a>&nbsp;&nbsp;&nbsp;CLOCK_HAL_IsPllSelected
<LI><a href="#[ed]">&gt;&gt;</a>&nbsp;&nbsp;&nbsp;CLOCK_HAL_GetFllSrc
<LI><a href="#[ec]">&gt;&gt;</a>&nbsp;&nbsp;&nbsp;CLOCK_HAL_GetClkOutStat
</UL>
<BR>[Called By]<UL><LI><a href="#[f9]">&gt;&gt;</a>&nbsp;&nbsp;&nbsp;CLOCK_HAL_SetPbeMode
<LI><a href="#[f6]">&gt;&gt;</a>&nbsp;&nbsp;&nbsp;CLOCK_HAL_SetFbiMode
<LI><a href="#[f5]">&gt;&gt;</a>&nbsp;&nbsp;&nbsp;CLOCK_HAL_SetFbeMode
<LI><a href="#[108]">&gt;&gt;</a>&nbsp;&nbsp;&nbsp;CLOCK_SYS_SetMcgMode
</UL>

<P><STRONG><a name="[ef]"></a>CLOCK_HAL_GetOutClk</STRONG> (Thumb, 78 bytes, Stack size 16 bytes, fsl_mcg_hal.o(i.CLOCK_HAL_GetOutClk))
<BR><BR>[Stack]<UL><LI>Max Depth = 84<LI>Call Chain = CLOCK_HAL_GetOutClk &rArr; CLOCK_HAL_GetFllClk &rArr; CLOCK_HAL_GetFllRefClk &rArr; CLOCK_HAL_TestFllExternalRefFreq
</UL>
<BR>[Calls]<UL><LI><a href="#[f0]">&gt;&gt;</a>&nbsp;&nbsp;&nbsp;CLOCK_HAL_GetPll0Clk
<LI><a href="#[f1]">&gt;&gt;</a>&nbsp;&nbsp;&nbsp;CLOCK_HAL_GetInternalRefClk
<LI><a href="#[e5]">&gt;&gt;</a>&nbsp;&nbsp;&nbsp;CLOCK_HAL_GetFllClk
<LI><a href="#[e8]">&gt;&gt;</a>&nbsp;&nbsp;&nbsp;CLOCK_HAL_GetMcgExternalClkFreq
</UL>
<BR>[Called By]<UL><LI><a href="#[100]">&gt;&gt;</a>&nbsp;&nbsp;&nbsp;CLOCK_SYS_GetBusClockFreq
<LI><a href="#[101]">&gt;&gt;</a>&nbsp;&nbsp;&nbsp;CLOCK_SYS_GetSystemClockFreq
<LI><a href="#[ff]">&gt;&gt;</a>&nbsp;&nbsp;&nbsp;CLOCK_SYS_GetCoreClockFreq
</UL>

<P><STRONG><a name="[f0]"></a>CLOCK_HAL_GetPll0Clk</STRONG> (Thumb, 68 bytes, Stack size 16 bytes, fsl_mcg_hal.o(i.CLOCK_HAL_GetPll0Clk))
<BR><BR>[Stack]<UL><LI>Max Depth = 32<LI>Call Chain = CLOCK_HAL_GetPll0Clk &rArr; CLOCK_HAL_GetPll0RefFreq &rArr; CLOCK_HAL_GetMcgExternalClkFreq
</UL>
<BR>[Calls]<UL><LI><a href="#[f2]">&gt;&gt;</a>&nbsp;&nbsp;&nbsp;CLOCK_HAL_GetPll0RefFreq
</UL>
<BR>[Called By]<UL><LI><a href="#[ef]">&gt;&gt;</a>&nbsp;&nbsp;&nbsp;CLOCK_HAL_GetOutClk
</UL>

<P><STRONG><a name="[f2]"></a>CLOCK_HAL_GetPll0RefFreq</STRONG> (Thumb, 12 bytes, Stack size 8 bytes, fsl_mcg_hal.o(i.CLOCK_HAL_GetPll0RefFreq))
<BR><BR>[Stack]<UL><LI>Max Depth = 16<LI>Call Chain = CLOCK_HAL_GetPll0RefFreq &rArr; CLOCK_HAL_GetMcgExternalClkFreq
</UL>
<BR>[Calls]<UL><LI><a href="#[e8]">&gt;&gt;</a>&nbsp;&nbsp;&nbsp;CLOCK_HAL_GetMcgExternalClkFreq
</UL>
<BR>[Called By]<UL><LI><a href="#[f0]">&gt;&gt;</a>&nbsp;&nbsp;&nbsp;CLOCK_HAL_GetPll0Clk
</UL>

<P><STRONG><a name="[f5]"></a>CLOCK_HAL_SetFbeMode</STRONG> (Thumb, 228 bytes, Stack size 40 bytes, fsl_mcg_hal_modes.o(i.CLOCK_HAL_SetFbeMode))
<BR><BR>[Stack]<UL><LI>Max Depth = 72<LI>Call Chain = CLOCK_HAL_SetFbeMode &rArr; CLOCK_HAL_GetMcgMode
</UL>
<BR>[Calls]<UL><LI><a href="#[eb]">&gt;&gt;</a>&nbsp;&nbsp;&nbsp;CLOCK_HAL_GetMcgMode
<LI><a href="#[ee]">&gt;&gt;</a>&nbsp;&nbsp;&nbsp;CLOCK_HAL_IsPllSelected
<LI><a href="#[f4]">&gt;&gt;</a>&nbsp;&nbsp;&nbsp;CLOCK_HAL_IsOsc0Stable
<LI><a href="#[ed]">&gt;&gt;</a>&nbsp;&nbsp;&nbsp;CLOCK_HAL_GetFllSrc
<LI><a href="#[ec]">&gt;&gt;</a>&nbsp;&nbsp;&nbsp;CLOCK_HAL_GetClkOutStat
<LI><a href="#[ea]">&gt;&gt;</a>&nbsp;&nbsp;&nbsp;CLOCK_HAL_TestOscFreq
</UL>
<BR>[Called By]<UL><LI><a href="#[108]">&gt;&gt;</a>&nbsp;&nbsp;&nbsp;CLOCK_SYS_SetMcgMode
</UL>

<P><STRONG><a name="[f6]"></a>CLOCK_HAL_SetFbiMode</STRONG> (Thumb, 170 bytes, Stack size 32 bytes, fsl_mcg_hal_modes.o(i.CLOCK_HAL_SetFbiMode))
<BR><BR>[Stack]<UL><LI>Max Depth = 64<LI>Call Chain = CLOCK_HAL_SetFbiMode &rArr; CLOCK_HAL_GetMcgMode
</UL>
<BR>[Calls]<UL><LI><a href="#[eb]">&gt;&gt;</a>&nbsp;&nbsp;&nbsp;CLOCK_HAL_GetMcgMode
<LI><a href="#[f8]">&gt;&gt;</a>&nbsp;&nbsp;&nbsp;CLOCK_HAL_GetInternalRefClkMode
<LI><a href="#[ed]">&gt;&gt;</a>&nbsp;&nbsp;&nbsp;CLOCK_HAL_GetFllSrc
<LI><a href="#[ec]">&gt;&gt;</a>&nbsp;&nbsp;&nbsp;CLOCK_HAL_GetClkOutStat
<LI><a href="#[f7]">&gt;&gt;</a>&nbsp;&nbsp;&nbsp;CLOCK_HAL_UpdateFastClkInternalRefDiv
</UL>
<BR>[Called By]<UL><LI><a href="#[108]">&gt;&gt;</a>&nbsp;&nbsp;&nbsp;CLOCK_SYS_SetMcgMode
</UL>

<P><STRONG><a name="[105]"></a>CLOCK_HAL_SetOsc0Mode</STRONG> (Thumb, 36 bytes, Stack size 12 bytes, fsl_mcg_hal.o(i.CLOCK_HAL_SetOsc0Mode))
<BR><BR>[Stack]<UL><LI>Max Depth = 12<LI>Call Chain = CLOCK_HAL_SetOsc0Mode
</UL>
<BR>[Called By]<UL><LI><a href="#[e3]">&gt;&gt;</a>&nbsp;&nbsp;&nbsp;CLOCK_SYS_OscInit
</UL>

<P><STRONG><a name="[107]"></a>CLOCK_HAL_SetOutDiv</STRONG> (Thumb, 56 bytes, Stack size 16 bytes, fsl_sim_hal_mk64f12.o(i.CLOCK_HAL_SetOutDiv))
<BR><BR>[Stack]<UL><LI>Max Depth = 16<LI>Call Chain = CLOCK_HAL_SetOutDiv
</UL>
<BR>[Called By]<UL><LI><a href="#[e2]">&gt;&gt;</a>&nbsp;&nbsp;&nbsp;CLOCK_SYS_SetConfiguration
<LI><a href="#[109]">&gt;&gt;</a>&nbsp;&nbsp;&nbsp;CLOCK_SYS_SetSimConfigration
</UL>

<P><STRONG><a name="[f9]"></a>CLOCK_HAL_SetPbeMode</STRONG> (Thumb, 228 bytes, Stack size 40 bytes, fsl_mcg_hal_modes.o(i.CLOCK_HAL_SetPbeMode))
<BR><BR>[Stack]<UL><LI>Max Depth = 72<LI>Call Chain = CLOCK_HAL_SetPbeMode &rArr; CLOCK_HAL_GetMcgMode
</UL>
<BR>[Calls]<UL><LI><a href="#[eb]">&gt;&gt;</a>&nbsp;&nbsp;&nbsp;CLOCK_HAL_GetMcgMode
<LI><a href="#[f3]">&gt;&gt;</a>&nbsp;&nbsp;&nbsp;CLOCK_HAL_PrepareOsc
<LI><a href="#[ee]">&gt;&gt;</a>&nbsp;&nbsp;&nbsp;CLOCK_HAL_IsPllSelected
<LI><a href="#[ec]">&gt;&gt;</a>&nbsp;&nbsp;&nbsp;CLOCK_HAL_GetClkOutStat
<LI><a href="#[ea]">&gt;&gt;</a>&nbsp;&nbsp;&nbsp;CLOCK_HAL_TestOscFreq
</UL>
<BR>[Called By]<UL><LI><a href="#[108]">&gt;&gt;</a>&nbsp;&nbsp;&nbsp;CLOCK_SYS_SetMcgMode
</UL>

<P><STRONG><a name="[e9]"></a>CLOCK_HAL_TestFllExternalRefFreq</STRONG> (Thumb, 70 bytes, Stack size 12 bytes, fsl_mcg_hal.o(i.CLOCK_HAL_TestFllExternalRefFreq))
<BR><BR>[Stack]<UL><LI>Max Depth = 12<LI>Call Chain = CLOCK_HAL_TestFllExternalRefFreq
</UL>
<BR>[Called By]<UL><LI><a href="#[e6]">&gt;&gt;</a>&nbsp;&nbsp;&nbsp;CLOCK_HAL_GetFllRefClk
</UL>

<P><STRONG><a name="[e7]"></a>CLOCK_HAL_TestFllFreq</STRONG> (Thumb, 50 bytes, Stack size 8 bytes, fsl_mcg_hal.o(i.CLOCK_HAL_TestFllFreq))
<BR><BR>[Stack]<UL><LI>Max Depth = 8<LI>Call Chain = CLOCK_HAL_TestFllFreq
</UL>
<BR>[Called By]<UL><LI><a href="#[e5]">&gt;&gt;</a>&nbsp;&nbsp;&nbsp;CLOCK_HAL_GetFllClk
</UL>

<P><STRONG><a name="[ea]"></a>CLOCK_HAL_TestOscFreq</STRONG> (Thumb, 38 bytes, Stack size 0 bytes, fsl_mcg_hal.o(i.CLOCK_HAL_TestOscFreq))
<BR><BR>[Called By]<UL><LI><a href="#[f9]">&gt;&gt;</a>&nbsp;&nbsp;&nbsp;CLOCK_HAL_SetPbeMode
<LI><a href="#[f5]">&gt;&gt;</a>&nbsp;&nbsp;&nbsp;CLOCK_HAL_SetFbeMode
<LI><a href="#[e8]">&gt;&gt;</a>&nbsp;&nbsp;&nbsp;CLOCK_HAL_GetMcgExternalClkFreq
</UL>

<P><STRONG><a name="[f7]"></a>CLOCK_HAL_UpdateFastClkInternalRefDiv</STRONG> (Thumb, 104 bytes, Stack size 16 bytes, fsl_mcg_hal.o(i.CLOCK_HAL_UpdateFastClkInternalRefDiv))
<BR><BR>[Stack]<UL><LI>Max Depth = 16<LI>Call Chain = CLOCK_HAL_UpdateFastClkInternalRefDiv
</UL>
<BR>[Calls]<UL><LI><a href="#[fa]">&gt;&gt;</a>&nbsp;&nbsp;&nbsp;CLOCK_HAL_SetInternalRefClkMode
<LI><a href="#[fb]">&gt;&gt;</a>&nbsp;&nbsp;&nbsp;CLOCK_HAL_GetInternalRefClkMode
</UL>
<BR>[Called By]<UL><LI><a href="#[f6]">&gt;&gt;</a>&nbsp;&nbsp;&nbsp;CLOCK_HAL_SetFbiMode
<LI><a href="#[108]">&gt;&gt;</a>&nbsp;&nbsp;&nbsp;CLOCK_SYS_SetMcgMode
</UL>

<P><STRONG><a name="[fc]"></a>CLOCK_SYS_EnablePortClock</STRONG> (Thumb, 16 bytes, Stack size 8 bytes, fsl_clock_mk64f12.o(i.CLOCK_SYS_EnablePortClock))
<BR><BR>[Stack]<UL><LI>Max Depth = 16<LI>Call Chain = CLOCK_SYS_EnablePortClock &rArr; SIM_HAL_EnableClock
</UL>
<BR>[Calls]<UL><LI><a href="#[fd]">&gt;&gt;</a>&nbsp;&nbsp;&nbsp;SIM_HAL_EnableClock
</UL>
<BR>[Called By]<UL><LI><a href="#[1c4]">&gt;&gt;</a>&nbsp;&nbsp;&nbsp;hardware_init
<LI><a href="#[13b]">&gt;&gt;</a>&nbsp;&nbsp;&nbsp;GPIO_DRV_OutputPinInit
<LI><a href="#[13a]">&gt;&gt;</a>&nbsp;&nbsp;&nbsp;GPIO_DRV_InputPinInit
</UL>

<P><STRONG><a name="[fe]"></a>CLOCK_SYS_EnableUartClock</STRONG> (Thumb, 16 bytes, Stack size 8 bytes, fsl_clock_mk64f12.o(i.CLOCK_SYS_EnableUartClock))
<BR><BR>[Stack]<UL><LI>Max Depth = 16<LI>Call Chain = CLOCK_SYS_EnableUartClock &rArr; SIM_HAL_EnableClock
</UL>
<BR>[Calls]<UL><LI><a href="#[fd]">&gt;&gt;</a>&nbsp;&nbsp;&nbsp;SIM_HAL_EnableClock
</UL>
<BR>[Called By]<UL><LI><a href="#[116]">&gt;&gt;</a>&nbsp;&nbsp;&nbsp;DbgConsole_Init
</UL>

<P><STRONG><a name="[100]"></a>CLOCK_SYS_GetBusClockFreq</STRONG> (Thumb, 26 bytes, Stack size 8 bytes, fsl_clock_mk64f12.o(i.CLOCK_SYS_GetBusClockFreq))
<BR><BR>[Stack]<UL><LI>Max Depth = 92<LI>Call Chain = CLOCK_SYS_GetBusClockFreq &rArr; CLOCK_HAL_GetOutClk &rArr; CLOCK_HAL_GetFllClk &rArr; CLOCK_HAL_GetFllRefClk &rArr; CLOCK_HAL_TestFllExternalRefFreq
</UL>
<BR>[Calls]<UL><LI><a href="#[ef]">&gt;&gt;</a>&nbsp;&nbsp;&nbsp;CLOCK_HAL_GetOutClk
</UL>
<BR>[Called By]<UL><LI><a href="#[141]">&gt;&gt;</a>&nbsp;&nbsp;&nbsp;I2C_Control
<LI><a href="#[102]">&gt;&gt;</a>&nbsp;&nbsp;&nbsp;CLOCK_SYS_GetUartFreq
</UL>

<P><STRONG><a name="[ff]"></a>CLOCK_SYS_GetCoreClockFreq</STRONG> (Thumb, 24 bytes, Stack size 8 bytes, fsl_clock_mk64f12.o(i.CLOCK_SYS_GetCoreClockFreq))
<BR><BR>[Stack]<UL><LI>Max Depth = 92<LI>Call Chain = CLOCK_SYS_GetCoreClockFreq &rArr; CLOCK_HAL_GetOutClk &rArr; CLOCK_HAL_GetFllClk &rArr; CLOCK_HAL_GetFllRefClk &rArr; CLOCK_HAL_TestFllExternalRefFreq
</UL>
<BR>[Calls]<UL><LI><a href="#[ef]">&gt;&gt;</a>&nbsp;&nbsp;&nbsp;CLOCK_HAL_GetOutClk
</UL>
<BR>[Called By]<UL><LI><a href="#[e2]">&gt;&gt;</a>&nbsp;&nbsp;&nbsp;CLOCK_SYS_SetConfiguration
<LI><a href="#[5]">&gt;&gt;</a>&nbsp;&nbsp;&nbsp;CLOCK_SYS_FllStableDelay
</UL>

<P><STRONG><a name="[101]"></a>CLOCK_SYS_GetSystemClockFreq</STRONG> (Thumb, 24 bytes, Stack size 8 bytes, fsl_clock_mk64f12.o(i.CLOCK_SYS_GetSystemClockFreq))
<BR><BR>[Stack]<UL><LI>Max Depth = 92<LI>Call Chain = CLOCK_SYS_GetSystemClockFreq &rArr; CLOCK_HAL_GetOutClk &rArr; CLOCK_HAL_GetFllClk &rArr; CLOCK_HAL_GetFllRefClk &rArr; CLOCK_HAL_TestFllExternalRefFreq
</UL>
<BR>[Calls]<UL><LI><a href="#[ef]">&gt;&gt;</a>&nbsp;&nbsp;&nbsp;CLOCK_HAL_GetOutClk
</UL>
<BR>[Called By]<UL><LI><a href="#[102]">&gt;&gt;</a>&nbsp;&nbsp;&nbsp;CLOCK_SYS_GetUartFreq
</UL>

<P><STRONG><a name="[102]"></a>CLOCK_SYS_GetUartFreq</STRONG> (Thumb, 46 bytes, Stack size 8 bytes, fsl_clock_mk64f12.o(i.CLOCK_SYS_GetUartFreq))
<BR><BR>[Stack]<UL><LI>Max Depth = 100<LI>Call Chain = CLOCK_SYS_GetUartFreq &rArr; CLOCK_SYS_GetBusClockFreq &rArr; CLOCK_HAL_GetOutClk &rArr; CLOCK_HAL_GetFllClk &rArr; CLOCK_HAL_GetFllRefClk &rArr; CLOCK_HAL_TestFllExternalRefFreq
</UL>
<BR>[Calls]<UL><LI><a href="#[100]">&gt;&gt;</a>&nbsp;&nbsp;&nbsp;CLOCK_SYS_GetBusClockFreq
<LI><a href="#[101]">&gt;&gt;</a>&nbsp;&nbsp;&nbsp;CLOCK_SYS_GetSystemClockFreq
</UL>
<BR>[Called By]<UL><LI><a href="#[116]">&gt;&gt;</a>&nbsp;&nbsp;&nbsp;DbgConsole_Init
</UL>

<P><STRONG><a name="[e3]"></a>CLOCK_SYS_OscInit</STRONG> (Thumb, 144 bytes, Stack size 16 bytes, fsl_clock_manager.o(i.CLOCK_SYS_OscInit))
<BR><BR>[Stack]<UL><LI>Max Depth = 32<LI>Call Chain = CLOCK_SYS_OscInit &rArr; CLOCK_SYS_SetOscerConfigration
</UL>
<BR>[Calls]<UL><LI><a href="#[103]">&gt;&gt;</a>&nbsp;&nbsp;&nbsp;OSC_HAL_SetCapacitor
<LI><a href="#[105]">&gt;&gt;</a>&nbsp;&nbsp;&nbsp;CLOCK_HAL_SetOsc0Mode
<LI><a href="#[104]">&gt;&gt;</a>&nbsp;&nbsp;&nbsp;CLOCK_SYS_SetOscerConfigration
</UL>
<BR>[Called By]<UL><LI><a href="#[e0]">&gt;&gt;</a>&nbsp;&nbsp;&nbsp;BOARD_InitOsc0
</UL>

<P><STRONG><a name="[e4]"></a>CLOCK_SYS_RtcOscInit</STRONG> (Thumb, 188 bytes, Stack size 24 bytes, fsl_clock_manager.o(i.CLOCK_SYS_RtcOscInit))
<BR><BR>[Stack]<UL><LI>Max Depth = 24<LI>Call Chain = CLOCK_SYS_RtcOscInit
</UL>
<BR>[Calls]<UL><LI><a href="#[106]">&gt;&gt;</a>&nbsp;&nbsp;&nbsp;RTC_HAL_SetOscillatorCmd
</UL>
<BR>[Called By]<UL><LI><a href="#[e1]">&gt;&gt;</a>&nbsp;&nbsp;&nbsp;BOARD_InitRtcOsc
</UL>

<P><STRONG><a name="[e2]"></a>CLOCK_SYS_SetConfiguration</STRONG> (Thumb, 58 bytes, Stack size 16 bytes, fsl_clock_mk64f12.o(i.CLOCK_SYS_SetConfiguration))
<BR><BR>[Stack]<UL><LI>Max Depth = 128<LI>Call Chain = CLOCK_SYS_SetConfiguration &rArr; CLOCK_SYS_SetMcgMode &rArr; CLOCK_HAL_SetPbeMode &rArr; CLOCK_HAL_GetMcgMode
</UL>
<BR>[Calls]<UL><LI><a href="#[109]">&gt;&gt;</a>&nbsp;&nbsp;&nbsp;CLOCK_SYS_SetSimConfigration
<LI><a href="#[107]">&gt;&gt;</a>&nbsp;&nbsp;&nbsp;CLOCK_HAL_SetOutDiv
<LI><a href="#[104]">&gt;&gt;</a>&nbsp;&nbsp;&nbsp;CLOCK_SYS_SetOscerConfigration
<LI><a href="#[108]">&gt;&gt;</a>&nbsp;&nbsp;&nbsp;CLOCK_SYS_SetMcgMode
<LI><a href="#[ff]">&gt;&gt;</a>&nbsp;&nbsp;&nbsp;CLOCK_SYS_GetCoreClockFreq
</UL>
<BR>[Called By]<UL><LI><a href="#[df]">&gt;&gt;</a>&nbsp;&nbsp;&nbsp;BOARD_ClockInit
</UL>

<P><STRONG><a name="[108]"></a>CLOCK_SYS_SetMcgMode</STRONG> (Thumb, 340 bytes, Stack size 40 bytes, fsl_clock_manager.o(i.CLOCK_SYS_SetMcgMode))
<BR><BR>[Stack]<UL><LI>Max Depth = 112<LI>Call Chain = CLOCK_SYS_SetMcgMode &rArr; CLOCK_HAL_SetPbeMode &rArr; CLOCK_HAL_GetMcgMode
</UL>
<BR>[Calls]<UL><LI><a href="#[f9]">&gt;&gt;</a>&nbsp;&nbsp;&nbsp;CLOCK_HAL_SetPbeMode
<LI><a href="#[f6]">&gt;&gt;</a>&nbsp;&nbsp;&nbsp;CLOCK_HAL_SetFbiMode
<LI><a href="#[f5]">&gt;&gt;</a>&nbsp;&nbsp;&nbsp;CLOCK_HAL_SetFbeMode
<LI><a href="#[eb]">&gt;&gt;</a>&nbsp;&nbsp;&nbsp;CLOCK_HAL_GetMcgMode
<LI><a href="#[f7]">&gt;&gt;</a>&nbsp;&nbsp;&nbsp;CLOCK_HAL_UpdateFastClkInternalRefDiv
<LI><a href="#[10e]">&gt;&gt;</a>&nbsp;&nbsp;&nbsp;CLOCK_HAL_EnablePll0InFllMode
<LI><a href="#[10a]">&gt;&gt;</a>&nbsp;&nbsp;&nbsp;CLOCK_SYS_SetMcgPeeToFbe
<LI><a href="#[10b]">&gt;&gt;</a>&nbsp;&nbsp;&nbsp;CLOCK_HAL_SetLowPowerModeCmd
<LI><a href="#[10c]">&gt;&gt;</a>&nbsp;&nbsp;&nbsp;CLOCK_HAL_SetClkOutSrc
<LI><a href="#[10d]">&gt;&gt;</a>&nbsp;&nbsp;&nbsp;CLOCK_HAL_GetClkOutStat
</UL>
<BR>[Called By]<UL><LI><a href="#[e2]">&gt;&gt;</a>&nbsp;&nbsp;&nbsp;CLOCK_SYS_SetConfiguration
</UL>

<P><STRONG><a name="[104]"></a>CLOCK_SYS_SetOscerConfigration</STRONG> (Thumb, 32 bytes, Stack size 16 bytes, fsl_clock_manager.o(i.CLOCK_SYS_SetOscerConfigration))
<BR><BR>[Stack]<UL><LI>Max Depth = 16<LI>Call Chain = CLOCK_SYS_SetOscerConfigration
</UL>
<BR>[Calls]<UL><LI><a href="#[110]">&gt;&gt;</a>&nbsp;&nbsp;&nbsp;OSC_HAL_SetExternalRefClkInStopModeCmd
<LI><a href="#[10f]">&gt;&gt;</a>&nbsp;&nbsp;&nbsp;OSC_HAL_SetExternalRefClkCmd
</UL>
<BR>[Called By]<UL><LI><a href="#[e2]">&gt;&gt;</a>&nbsp;&nbsp;&nbsp;CLOCK_SYS_SetConfiguration
<LI><a href="#[e3]">&gt;&gt;</a>&nbsp;&nbsp;&nbsp;CLOCK_SYS_OscInit
</UL>

<P><STRONG><a name="[6b]"></a>DMA0_IRQHandler</STRONG> (Thumb, 10 bytes, Stack size 8 bytes, fsl_edma_irq.o(i.DMA0_IRQHandler))
<BR><BR>[Stack]<UL><LI>Max Depth = 36<LI>Call Chain = DMA0_IRQHandler &rArr; EDMA_DRV_IRQHandler &rArr; EDMA_DRV_ClearIntStatus
</UL>
<BR>[Calls]<UL><LI><a href="#[115]">&gt;&gt;</a>&nbsp;&nbsp;&nbsp;EDMA_DRV_IRQHandler
</UL>
<BR>[Address Reference Count : 1]<UL><LI> startup_mk64f12.o(RESET)
</UL>
<P><STRONG><a name="[75]"></a>DMA10_IRQHandler</STRONG> (Thumb, 10 bytes, Stack size 8 bytes, fsl_edma_irq.o(i.DMA10_IRQHandler))
<BR><BR>[Stack]<UL><LI>Max Depth = 36<LI>Call Chain = DMA10_IRQHandler &rArr; EDMA_DRV_IRQHandler &rArr; EDMA_DRV_ClearIntStatus
</UL>
<BR>[Calls]<UL><LI><a href="#[115]">&gt;&gt;</a>&nbsp;&nbsp;&nbsp;EDMA_DRV_IRQHandler
</UL>
<BR>[Address Reference Count : 1]<UL><LI> startup_mk64f12.o(RESET)
</UL>
<P><STRONG><a name="[76]"></a>DMA11_IRQHandler</STRONG> (Thumb, 10 bytes, Stack size 8 bytes, fsl_edma_irq.o(i.DMA11_IRQHandler))
<BR><BR>[Stack]<UL><LI>Max Depth = 36<LI>Call Chain = DMA11_IRQHandler &rArr; EDMA_DRV_IRQHandler &rArr; EDMA_DRV_ClearIntStatus
</UL>
<BR>[Calls]<UL><LI><a href="#[115]">&gt;&gt;</a>&nbsp;&nbsp;&nbsp;EDMA_DRV_IRQHandler
</UL>
<BR>[Address Reference Count : 1]<UL><LI> startup_mk64f12.o(RESET)
</UL>
<P><STRONG><a name="[77]"></a>DMA12_IRQHandler</STRONG> (Thumb, 10 bytes, Stack size 8 bytes, fsl_edma_irq.o(i.DMA12_IRQHandler))
<BR><BR>[Stack]<UL><LI>Max Depth = 36<LI>Call Chain = DMA12_IRQHandler &rArr; EDMA_DRV_IRQHandler &rArr; EDMA_DRV_ClearIntStatus
</UL>
<BR>[Calls]<UL><LI><a href="#[115]">&gt;&gt;</a>&nbsp;&nbsp;&nbsp;EDMA_DRV_IRQHandler
</UL>
<BR>[Address Reference Count : 1]<UL><LI> startup_mk64f12.o(RESET)
</UL>
<P><STRONG><a name="[78]"></a>DMA13_IRQHandler</STRONG> (Thumb, 10 bytes, Stack size 8 bytes, fsl_edma_irq.o(i.DMA13_IRQHandler))
<BR><BR>[Stack]<UL><LI>Max Depth = 36<LI>Call Chain = DMA13_IRQHandler &rArr; EDMA_DRV_IRQHandler &rArr; EDMA_DRV_ClearIntStatus
</UL>
<BR>[Calls]<UL><LI><a href="#[115]">&gt;&gt;</a>&nbsp;&nbsp;&nbsp;EDMA_DRV_IRQHandler
</UL>
<BR>[Address Reference Count : 1]<UL><LI> startup_mk64f12.o(RESET)
</UL>
<P><STRONG><a name="[79]"></a>DMA14_IRQHandler</STRONG> (Thumb, 10 bytes, Stack size 8 bytes, fsl_edma_irq.o(i.DMA14_IRQHandler))
<BR><BR>[Stack]<UL><LI>Max Depth = 36<LI>Call Chain = DMA14_IRQHandler &rArr; EDMA_DRV_IRQHandler &rArr; EDMA_DRV_ClearIntStatus
</UL>
<BR>[Calls]<UL><LI><a href="#[115]">&gt;&gt;</a>&nbsp;&nbsp;&nbsp;EDMA_DRV_IRQHandler
</UL>
<BR>[Address Reference Count : 1]<UL><LI> startup_mk64f12.o(RESET)
</UL>
<P><STRONG><a name="[7a]"></a>DMA15_IRQHandler</STRONG> (Thumb, 10 bytes, Stack size 8 bytes, fsl_edma_irq.o(i.DMA15_IRQHandler))
<BR><BR>[Stack]<UL><LI>Max Depth = 36<LI>Call Chain = DMA15_IRQHandler &rArr; EDMA_DRV_IRQHandler &rArr; EDMA_DRV_ClearIntStatus
</UL>
<BR>[Calls]<UL><LI><a href="#[115]">&gt;&gt;</a>&nbsp;&nbsp;&nbsp;EDMA_DRV_IRQHandler
</UL>
<BR>[Address Reference Count : 1]<UL><LI> startup_mk64f12.o(RESET)
</UL>
<P><STRONG><a name="[6c]"></a>DMA1_IRQHandler</STRONG> (Thumb, 10 bytes, Stack size 8 bytes, fsl_edma_irq.o(i.DMA1_IRQHandler))
<BR><BR>[Stack]<UL><LI>Max Depth = 36<LI>Call Chain = DMA1_IRQHandler &rArr; EDMA_DRV_IRQHandler &rArr; EDMA_DRV_ClearIntStatus
</UL>
<BR>[Calls]<UL><LI><a href="#[115]">&gt;&gt;</a>&nbsp;&nbsp;&nbsp;EDMA_DRV_IRQHandler
</UL>
<BR>[Address Reference Count : 1]<UL><LI> startup_mk64f12.o(RESET)
</UL>
<P><STRONG><a name="[6d]"></a>DMA2_IRQHandler</STRONG> (Thumb, 10 bytes, Stack size 8 bytes, fsl_edma_irq.o(i.DMA2_IRQHandler))
<BR><BR>[Stack]<UL><LI>Max Depth = 36<LI>Call Chain = DMA2_IRQHandler &rArr; EDMA_DRV_IRQHandler &rArr; EDMA_DRV_ClearIntStatus
</UL>
<BR>[Calls]<UL><LI><a href="#[115]">&gt;&gt;</a>&nbsp;&nbsp;&nbsp;EDMA_DRV_IRQHandler
</UL>
<BR>[Address Reference Count : 1]<UL><LI> startup_mk64f12.o(RESET)
</UL>
<P><STRONG><a name="[6e]"></a>DMA3_IRQHandler</STRONG> (Thumb, 10 bytes, Stack size 8 bytes, fsl_edma_irq.o(i.DMA3_IRQHandler))
<BR><BR>[Stack]<UL><LI>Max Depth = 36<LI>Call Chain = DMA3_IRQHandler &rArr; EDMA_DRV_IRQHandler &rArr; EDMA_DRV_ClearIntStatus
</UL>
<BR>[Calls]<UL><LI><a href="#[115]">&gt;&gt;</a>&nbsp;&nbsp;&nbsp;EDMA_DRV_IRQHandler
</UL>
<BR>[Address Reference Count : 1]<UL><LI> startup_mk64f12.o(RESET)
</UL>
<P><STRONG><a name="[6f]"></a>DMA4_IRQHandler</STRONG> (Thumb, 10 bytes, Stack size 8 bytes, fsl_edma_irq.o(i.DMA4_IRQHandler))
<BR><BR>[Stack]<UL><LI>Max Depth = 36<LI>Call Chain = DMA4_IRQHandler &rArr; EDMA_DRV_IRQHandler &rArr; EDMA_DRV_ClearIntStatus
</UL>
<BR>[Calls]<UL><LI><a href="#[115]">&gt;&gt;</a>&nbsp;&nbsp;&nbsp;EDMA_DRV_IRQHandler
</UL>
<BR>[Address Reference Count : 1]<UL><LI> startup_mk64f12.o(RESET)
</UL>
<P><STRONG><a name="[70]"></a>DMA5_IRQHandler</STRONG> (Thumb, 10 bytes, Stack size 8 bytes, fsl_edma_irq.o(i.DMA5_IRQHandler))
<BR><BR>[Stack]<UL><LI>Max Depth = 36<LI>Call Chain = DMA5_IRQHandler &rArr; EDMA_DRV_IRQHandler &rArr; EDMA_DRV_ClearIntStatus
</UL>
<BR>[Calls]<UL><LI><a href="#[115]">&gt;&gt;</a>&nbsp;&nbsp;&nbsp;EDMA_DRV_IRQHandler
</UL>
<BR>[Address Reference Count : 1]<UL><LI> startup_mk64f12.o(RESET)
</UL>
<P><STRONG><a name="[71]"></a>DMA6_IRQHandler</STRONG> (Thumb, 10 bytes, Stack size 8 bytes, fsl_edma_irq.o(i.DMA6_IRQHandler))
<BR><BR>[Stack]<UL><LI>Max Depth = 36<LI>Call Chain = DMA6_IRQHandler &rArr; EDMA_DRV_IRQHandler &rArr; EDMA_DRV_ClearIntStatus
</UL>
<BR>[Calls]<UL><LI><a href="#[115]">&gt;&gt;</a>&nbsp;&nbsp;&nbsp;EDMA_DRV_IRQHandler
</UL>
<BR>[Address Reference Count : 1]<UL><LI> startup_mk64f12.o(RESET)
</UL>
<P><STRONG><a name="[72]"></a>DMA7_IRQHandler</STRONG> (Thumb, 10 bytes, Stack size 8 bytes, fsl_edma_irq.o(i.DMA7_IRQHandler))
<BR><BR>[Stack]<UL><LI>Max Depth = 36<LI>Call Chain = DMA7_IRQHandler &rArr; EDMA_DRV_IRQHandler &rArr; EDMA_DRV_ClearIntStatus
</UL>
<BR>[Calls]<UL><LI><a href="#[115]">&gt;&gt;</a>&nbsp;&nbsp;&nbsp;EDMA_DRV_IRQHandler
</UL>
<BR>[Address Reference Count : 1]<UL><LI> startup_mk64f12.o(RESET)
</UL>
<P><STRONG><a name="[73]"></a>DMA8_IRQHandler</STRONG> (Thumb, 10 bytes, Stack size 8 bytes, fsl_edma_irq.o(i.DMA8_IRQHandler))
<BR><BR>[Stack]<UL><LI>Max Depth = 36<LI>Call Chain = DMA8_IRQHandler &rArr; EDMA_DRV_IRQHandler &rArr; EDMA_DRV_ClearIntStatus
</UL>
<BR>[Calls]<UL><LI><a href="#[115]">&gt;&gt;</a>&nbsp;&nbsp;&nbsp;EDMA_DRV_IRQHandler
</UL>
<BR>[Address Reference Count : 1]<UL><LI> startup_mk64f12.o(RESET)
</UL>
<P><STRONG><a name="[74]"></a>DMA9_IRQHandler</STRONG> (Thumb, 10 bytes, Stack size 8 bytes, fsl_edma_irq.o(i.DMA9_IRQHandler))
<BR><BR>[Stack]<UL><LI>Max Depth = 36<LI>Call Chain = DMA9_IRQHandler &rArr; EDMA_DRV_IRQHandler &rArr; EDMA_DRV_ClearIntStatus
</UL>
<BR>[Calls]<UL><LI><a href="#[115]">&gt;&gt;</a>&nbsp;&nbsp;&nbsp;EDMA_DRV_IRQHandler
</UL>
<BR>[Address Reference Count : 1]<UL><LI> startup_mk64f12.o(RESET)
</UL>
<P><STRONG><a name="[116]"></a>DbgConsole_Init</STRONG> (Thumb, 172 bytes, Stack size 48 bytes, fsl_debug_console.o(i.DbgConsole_Init))
<BR><BR>[Stack]<UL><LI>Max Depth = 148<LI>Call Chain = DbgConsole_Init &rArr; CLOCK_SYS_GetUartFreq &rArr; CLOCK_SYS_GetBusClockFreq &rArr; CLOCK_HAL_GetOutClk &rArr; CLOCK_HAL_GetFllClk &rArr; CLOCK_HAL_GetFllRefClk &rArr; CLOCK_HAL_TestFllExternalRefFreq
</UL>
<BR>[Calls]<UL><LI><a href="#[119]">&gt;&gt;</a>&nbsp;&nbsp;&nbsp;UART_HAL_SetParityMode
<LI><a href="#[118]">&gt;&gt;</a>&nbsp;&nbsp;&nbsp;UART_HAL_SetBaudRate
<LI><a href="#[102]">&gt;&gt;</a>&nbsp;&nbsp;&nbsp;CLOCK_SYS_GetUartFreq
<LI><a href="#[fe]">&gt;&gt;</a>&nbsp;&nbsp;&nbsp;CLOCK_SYS_EnableUartClock
<LI><a href="#[117]">&gt;&gt;</a>&nbsp;&nbsp;&nbsp;__aeabi_memcpy4
</UL>
<BR>[Called By]<UL><LI><a href="#[1a6]">&gt;&gt;</a>&nbsp;&nbsp;&nbsp;dbg_uart_init
</UL>

<P><STRONG><a name="[115]"></a>EDMA_DRV_IRQHandler</STRONG> (Thumb, 38 bytes, Stack size 16 bytes, fsl_edma_driver.o(i.EDMA_DRV_IRQHandler))
<BR><BR>[Stack]<UL><LI>Max Depth = 28<LI>Call Chain = EDMA_DRV_IRQHandler &rArr; EDMA_DRV_ClearIntStatus
</UL>
<BR>[Calls]<UL><LI><a href="#[11e]">&gt;&gt;</a>&nbsp;&nbsp;&nbsp;EDMA_DRV_ClearIntStatus
</UL>
<BR>[Called By]<UL><LI><a href="#[74]">&gt;&gt;</a>&nbsp;&nbsp;&nbsp;DMA9_IRQHandler
<LI><a href="#[73]">&gt;&gt;</a>&nbsp;&nbsp;&nbsp;DMA8_IRQHandler
<LI><a href="#[72]">&gt;&gt;</a>&nbsp;&nbsp;&nbsp;DMA7_IRQHandler
<LI><a href="#[71]">&gt;&gt;</a>&nbsp;&nbsp;&nbsp;DMA6_IRQHandler
<LI><a href="#[70]">&gt;&gt;</a>&nbsp;&nbsp;&nbsp;DMA5_IRQHandler
<LI><a href="#[6f]">&gt;&gt;</a>&nbsp;&nbsp;&nbsp;DMA4_IRQHandler
<LI><a href="#[6e]">&gt;&gt;</a>&nbsp;&nbsp;&nbsp;DMA3_IRQHandler
<LI><a href="#[6d]">&gt;&gt;</a>&nbsp;&nbsp;&nbsp;DMA2_IRQHandler
<LI><a href="#[6c]">&gt;&gt;</a>&nbsp;&nbsp;&nbsp;DMA1_IRQHandler
<LI><a href="#[7a]">&gt;&gt;</a>&nbsp;&nbsp;&nbsp;DMA15_IRQHandler
<LI><a href="#[79]">&gt;&gt;</a>&nbsp;&nbsp;&nbsp;DMA14_IRQHandler
<LI><a href="#[78]">&gt;&gt;</a>&nbsp;&nbsp;&nbsp;DMA13_IRQHandler
<LI><a href="#[77]">&gt;&gt;</a>&nbsp;&nbsp;&nbsp;DMA12_IRQHandler
<LI><a href="#[76]">&gt;&gt;</a>&nbsp;&nbsp;&nbsp;DMA11_IRQHandler
<LI><a href="#[75]">&gt;&gt;</a>&nbsp;&nbsp;&nbsp;DMA10_IRQHandler
<LI><a href="#[6b]">&gt;&gt;</a>&nbsp;&nbsp;&nbsp;DMA0_IRQHandler
</UL>

<P><STRONG><a name="[15a]"></a>EDMA_DRV_InstallCallback</STRONG> (Thumb, 10 bytes, Stack size 0 bytes, fsl_edma_driver.o(i.EDMA_DRV_InstallCallback))
<BR><BR>[Called By]<UL><LI><a href="#[145]">&gt;&gt;</a>&nbsp;&nbsp;&nbsp;I2C_Initialize
</UL>

<P><STRONG><a name="[121]"></a>EDMA_DRV_PushDescriptorToReg</STRONG> (Thumb, 46 bytes, Stack size 24 bytes, fsl_edma_driver.o(i.EDMA_DRV_PushDescriptorToReg))
<BR><BR>[Stack]<UL><LI>Max Depth = 32<LI>Call Chain = EDMA_DRV_PushDescriptorToReg &rArr; EDMA_HAL_PushSTCDToHTCD
</UL>
<BR>[Calls]<UL><LI><a href="#[122]">&gt;&gt;</a>&nbsp;&nbsp;&nbsp;EDMA_HAL_PushSTCDToHTCD
<LI><a href="#[11d]">&gt;&gt;</a>&nbsp;&nbsp;&nbsp;EDMA_HAL_HTCDClearReg
</UL>
<BR>[Called By]<UL><LI><a href="#[147]">&gt;&gt;</a>&nbsp;&nbsp;&nbsp;I2C_MasterTransmit
<LI><a href="#[146]">&gt;&gt;</a>&nbsp;&nbsp;&nbsp;I2C_MasterReceive
</UL>

<P><STRONG><a name="[123]"></a>EDMA_DRV_RequestChannel</STRONG> (Thumb, 160 bytes, Stack size 32 bytes, fsl_edma_driver.o(i.EDMA_DRV_RequestChannel))
<BR><BR>[Stack]<UL><LI>Max Depth = 72<LI>Call Chain = EDMA_DRV_RequestChannel &rArr; EDMA_DRV_ClaimChannel
</UL>
<BR>[Calls]<UL><LI><a href="#[11a]">&gt;&gt;</a>&nbsp;&nbsp;&nbsp;EDMA_DRV_ClaimChannel
</UL>
<BR>[Called By]<UL><LI><a href="#[145]">&gt;&gt;</a>&nbsp;&nbsp;&nbsp;I2C_Initialize
</UL>

<P><STRONG><a name="[124]"></a>EDMA_DRV_StartChannel</STRONG> (Thumb, 36 bytes, Stack size 24 bytes, fsl_edma_driver.o(i.EDMA_DRV_StartChannel))
<BR><BR>[Stack]<UL><LI>Max Depth = 24<LI>Call Chain = EDMA_DRV_StartChannel
</UL>
<BR>[Calls]<UL><LI><a href="#[125]">&gt;&gt;</a>&nbsp;&nbsp;&nbsp;EDMA_HAL_SetDmaRequestCmd
</UL>
<BR>[Called By]<UL><LI><a href="#[147]">&gt;&gt;</a>&nbsp;&nbsp;&nbsp;I2C_MasterTransmit
<LI><a href="#[146]">&gt;&gt;</a>&nbsp;&nbsp;&nbsp;I2C_MasterReceive
</UL>

<P><STRONG><a name="[11d]"></a>EDMA_HAL_HTCDClearReg</STRONG> (Thumb, 114 bytes, Stack size 0 bytes, fsl_edma_hal.o(i.EDMA_HAL_HTCDClearReg))
<BR><BR>[Called By]<UL><LI><a href="#[11a]">&gt;&gt;</a>&nbsp;&nbsp;&nbsp;EDMA_DRV_ClaimChannel
[...]
<LI><a href="#[192]">&gt;&gt;</a>&nbsp;&nbsp;&nbsp;mem_alloc
<LI><a href="#[216]">&gt;&gt;</a>&nbsp;&nbsp;&nbsp;memcmp
<LI><a href="#[1e1]">&gt;&gt;</a>&nbsp;&nbsp;&nbsp;__aeabi_memcpy
</UL>
<BR>[Address Reference Count : 1]<UL><LI> net_nbns_client.o(i.nbns_client_init)
</UL>
<P><STRONG><a name="[a]"></a>dhcp_listener</STRONG> (Thumb, 490 bytes, Stack size 32 bytes, net_dhcp_client.o(i.dhcp_listener))
<BR><BR>[Stack]<UL><LI>Max Depth = 216<LI>Call Chain = dhcp_listener &rArr; dhcp_send_message &rArr; udp_send &rArr; ip_send_frame &rArr; eth_send_frame &rArr; arp_cache_find &rArr; arp_send_request &rArr; mem_free
</UL>
<BR>[Calls]<UL><LI><a href="#[1ab]">&gt;&gt;</a>&nbsp;&nbsp;&nbsp;dhcp_client_notify
<LI><a href="#[1ae]">&gt;&gt;</a>&nbsp;&nbsp;&nbsp;proc_opt_sel
<LI><a href="#[1af]">&gt;&gt;</a>&nbsp;&nbsp;&nbsp;proc_opt_req
<LI><a href="#[1b0]">&gt;&gt;</a>&nbsp;&nbsp;&nbsp;proc_opt_renew
<LI><a href="#[1ad]">&gt;&gt;</a>&nbsp;&nbsp;&nbsp;dhcp_send_message
<LI><a href="#[18d]">&gt;&gt;</a>&nbsp;&nbsp;&nbsp;arp_notify
</UL>
<BR>[Address Reference Count : 1]<UL><LI> net_dhcp_client.o(i.dhcp_client_init)
</UL>
<P><STRONG><a name="[1ad]"></a>dhcp_send_message</STRONG> (Thumb, 482 bytes, Stack size 40 bytes, net_dhcp_client.o(i.dhcp_send_message))
<BR><BR>[Stack]<UL><LI>Max Depth = 184<LI>Call Chain = dhcp_send_message &rArr; udp_send &rArr; ip_send_frame &rArr; eth_send_frame &rArr; arp_cache_find &rArr; arp_send_request &rArr; mem_free
</UL>
<BR>[Calls]<UL><LI><a href="#[1b3]">&gt;&gt;</a>&nbsp;&nbsp;&nbsp;udp_send
<LI><a href="#[1b1]">&gt;&gt;</a>&nbsp;&nbsp;&nbsp;udp_get_buf
<LI><a href="#[1b2]">&gt;&gt;</a>&nbsp;&nbsp;&nbsp;str_copy
<LI><a href="#[d0]">&gt;&gt;</a>&nbsp;&nbsp;&nbsp;__aeabi_memclr
</UL>
<BR>[Called By]<UL><LI><a href="#[a]">&gt;&gt;</a>&nbsp;&nbsp;&nbsp;dhcp_listener
<LI><a href="#[1ac]">&gt;&gt;</a>&nbsp;&nbsp;&nbsp;dhcp_client_run
</UL>

<P><STRONG><a name="[1b0]"></a>proc_opt_renew</STRONG> (Thumb, 130 bytes, Stack size 12 bytes, net_dhcp_client.o(i.proc_opt_renew))
<BR><BR>[Stack]<UL><LI>Max Depth = 12<LI>Call Chain = proc_opt_renew
</UL>
<BR>[Called By]<UL><LI><a href="#[a]">&gt;&gt;</a>&nbsp;&nbsp;&nbsp;dhcp_listener
</UL>

<P><STRONG><a name="[1af]"></a>proc_opt_req</STRONG> (Thumb, 224 bytes, Stack size 24 bytes, net_dhcp_client.o(i.proc_opt_req))
<BR><BR>[Stack]<UL><LI>Max Depth = 80<LI>Call Chain = proc_opt_req &rArr; dhcp_client_notify &rArr; LED_On &rArr; GPIO_DRV_WritePinOutput
</UL>
<BR>[Calls]<UL><LI><a href="#[1ab]">&gt;&gt;</a>&nbsp;&nbsp;&nbsp;dhcp_client_notify
</UL>
<BR>[Called By]<UL><LI><a href="#[a]">&gt;&gt;</a>&nbsp;&nbsp;&nbsp;dhcp_listener
</UL>

<P><STRONG><a name="[1ae]"></a>proc_opt_sel</STRONG> (Thumb, 42 bytes, Stack size 0 bytes, net_dhcp_client.o(i.proc_opt_sel))
<BR><BR>[Called By]<UL><LI><a href="#[a]">&gt;&gt;</a>&nbsp;&nbsp;&nbsp;dhcp_listener
</UL>

<P><STRONG><a name="[183]"></a>add_server_id</STRONG> (Thumb, 16 bytes, Stack size 0 bytes, net_http_server.o(i.add_server_id))
<BR><BR>[Stack]<UL><LI>Max Depth = 24<LI>Call Chain = add_server_id &rArr; __2sprintf
</UL>
<BR>[Calls]<UL><LI><a href="#[184]">&gt;&gt;</a>&nbsp;&nbsp;&nbsp;__2sprintf
</UL>
<BR>[Called By]<UL><LI><a href="#[1c9]">&gt;&gt;</a>&nbsp;&nbsp;&nbsp;http_error_msg
<LI><a href="#[1c5]">&gt;&gt;</a>&nbsp;&nbsp;&nbsp;http_add_header
</UL>

<P><STRONG><a name="[199]"></a>chk_post_req</STRONG> (Thumb, 336 bytes, Stack size 32 bytes, net_http_server.o(i.chk_post_req))
<BR><BR>[Stack]<UL><LI>Max Depth = 120<LI>Call Chain = chk_post_req &rArr; atoi &rArr; strtol &rArr; _strtoul
</UL>
<BR>[Calls]<UL><LI><a href="#[192]">&gt;&gt;</a>&nbsp;&nbsp;&nbsp;mem_alloc
<LI><a href="#[19b]">&gt;&gt;</a>&nbsp;&nbsp;&nbsp;str_scomp
<LI><a href="#[19c]">&gt;&gt;</a>&nbsp;&nbsp;&nbsp;http_strcpy
<LI><a href="#[19d]">&gt;&gt;</a>&nbsp;&nbsp;&nbsp;get_next_par
<LI><a href="#[19e]">&gt;&gt;</a>&nbsp;&nbsp;&nbsp;get_next_field
<LI><a href="#[19a]">&gt;&gt;</a>&nbsp;&nbsp;&nbsp;cmp_header
<LI><a href="#[d3]">&gt;&gt;</a>&nbsp;&nbsp;&nbsp;atoi
</UL>
<BR>[Called By]<UL><LI><a href="#[c]">&gt;&gt;</a>&nbsp;&nbsp;&nbsp;http_listener
</UL>

<P><STRONG><a name="[1cc]"></a>cmp_fname_ext</STRONG> (Thumb, 30 bytes, Stack size 0 bytes, net_http_server.o(i.cmp_fname_ext))
<BR><BR>[Called By]<UL><LI><a href="#[1cb]">&gt;&gt;</a>&nbsp;&nbsp;&nbsp;http_get_ftype
</UL>

<P><STRONG><a name="[19a]"></a>cmp_header</STRONG> (Thumb, 40 bytes, Stack size 8 bytes, net_http_server.o(i.cmp_header))
<BR><BR>[Stack]<UL><LI>Max Depth = 8<LI>Call Chain = cmp_header
</UL>
<BR>[Called By]<UL><LI><a href="#[1d6]">&gt;&gt;</a>&nbsp;&nbsp;&nbsp;http_proc_multipart
<LI><a href="#[1d2]">&gt;&gt;</a>&nbsp;&nbsp;&nbsp;http_proc_header
<LI><a href="#[199]">&gt;&gt;</a>&nbsp;&nbsp;&nbsp;chk_post_req
</UL>

<P><STRONG><a name="[19e]"></a>get_next_field</STRONG> (Thumb, 40 bytes, Stack size 0 bytes, net_http_server.o(i.get_next_field))
<BR><BR>[Called By]<UL><LI><a href="#[1d6]">&gt;&gt;</a>&nbsp;&nbsp;&nbsp;http_proc_multipart
<LI><a href="#[1d2]">&gt;&gt;</a>&nbsp;&nbsp;&nbsp;http_proc_header
<LI><a href="#[199]">&gt;&gt;</a>&nbsp;&nbsp;&nbsp;chk_post_req
</UL>

<P><STRONG><a name="[19d]"></a>get_next_par</STRONG> (Thumb, 50 bytes, Stack size 0 bytes, net_http_server.o(i.get_next_par))
<BR><BR>[Called By]<UL><LI><a href="#[1d6]">&gt;&gt;</a>&nbsp;&nbsp;&nbsp;http_proc_multipart
<LI><a href="#[199]">&gt;&gt;</a>&nbsp;&nbsp;&nbsp;chk_post_req
</UL>

<P><STRONG><a name="[1ca]"></a>hex2byte</STRONG> (Thumb, 18 bytes, Stack size 0 bytes, net_http_server.o(i.hex2byte))
<BR><BR>[Called By]<UL><LI><a href="#[195]">&gt;&gt;</a>&nbsp;&nbsp;&nbsp;http_get_env_var
</UL>

<P><STRONG><a name="[1c5]"></a>http_add_header</STRONG> (Thumb, 280 bytes, Stack size 24 bytes, net_http_server.o(i.http_add_header))
<BR><BR>[Stack]<UL><LI>Max Depth = 88<LI>Call Chain = http_add_header &rArr; utc_to_http &rArr; __2sprintf
</UL>
<BR>[Calls]<UL><LI><a href="#[1c7]">&gt;&gt;</a>&nbsp;&nbsp;&nbsp;http_encoding
<LI><a href="#[1c6]">&gt;&gt;</a>&nbsp;&nbsp;&nbsp;cgx_content_type
<LI><a href="#[19b]">&gt;&gt;</a>&nbsp;&nbsp;&nbsp;str_scomp
<LI><a href="#[1c8]">&gt;&gt;</a>&nbsp;&nbsp;&nbsp;utc_to_http
<LI><a href="#[183]">&gt;&gt;</a>&nbsp;&nbsp;&nbsp;add_server_id
<LI><a href="#[1b2]">&gt;&gt;</a>&nbsp;&nbsp;&nbsp;str_copy
<LI><a href="#[184]">&gt;&gt;</a>&nbsp;&nbsp;&nbsp;__2sprintf
</UL>
<BR>[Called By]<UL><LI><a href="#[1e5]">&gt;&gt;</a>&nbsp;&nbsp;&nbsp;http_server_run
</UL>

<P><STRONG><a name="[1c9]"></a>http_error_msg</STRONG> (Thumb, 166 bytes, Stack size 24 bytes, net_http_server.o(i.http_error_msg))
<BR><BR>[Stack]<UL><LI>Max Depth = 48<LI>Call Chain = http_error_msg &rArr; add_server_id &rArr; __2sprintf
</UL>
<BR>[Calls]<UL><LI><a href="#[183]">&gt;&gt;</a>&nbsp;&nbsp;&nbsp;add_server_id
<LI><a href="#[1b2]">&gt;&gt;</a>&nbsp;&nbsp;&nbsp;str_copy
<LI><a href="#[184]">&gt;&gt;</a>&nbsp;&nbsp;&nbsp;__2sprintf
</UL>
<BR>[Called By]<UL><LI><a href="#[1e5]">&gt;&gt;</a>&nbsp;&nbsp;&nbsp;http_server_run
</UL>

<P><STRONG><a name="[1cb]"></a>http_get_ftype</STRONG> (Thumb, 106 bytes, Stack size 24 bytes, net_http_server.o(i.http_get_ftype))
<BR><BR>[Stack]<UL><LI>Max Depth = 24<LI>Call Chain = http_get_ftype
</UL>
<BR>[Calls]<UL><LI><a href="#[1cd]">&gt;&gt;</a>&nbsp;&nbsp;&nbsp;cgi_content_type
<LI><a href="#[1cc]">&gt;&gt;</a>&nbsp;&nbsp;&nbsp;cmp_fname_ext
</UL>
<BR>[Called By]<UL><LI><a href="#[c]">&gt;&gt;</a>&nbsp;&nbsp;&nbsp;http_listener
</UL>

<P><STRONG><a name="[1ce]"></a>http_kill_session</STRONG> (Thumb, 94 bytes, Stack size 16 bytes, net_http_server.o(i.http_kill_session))
<BR><BR>[Stack]<UL><LI>Max Depth = 96<LI>Call Chain = http_kill_session &rArr; cgi_process_data &rArr; http_get_env_var
</UL>
<BR>[Calls]<UL><LI><a href="#[194]">&gt;&gt;</a>&nbsp;&nbsp;&nbsp;cgi_process_data
<LI><a href="#[193]">&gt;&gt;</a>&nbsp;&nbsp;&nbsp;mem_free
<LI><a href="#[1cf]">&gt;&gt;</a>&nbsp;&nbsp;&nbsp;http_server_fclose
</UL>
<BR>[Called By]<UL><LI><a href="#[1e5]">&gt;&gt;</a>&nbsp;&nbsp;&nbsp;http_server_run
<LI><a href="#[c]">&gt;&gt;</a>&nbsp;&nbsp;&nbsp;http_listener
</UL>

<P><STRONG><a name="[c]"></a>http_listener</STRONG> (Thumb, 500 bytes, Stack size 32 bytes, net_http_server.o(i.http_listener))
<BR><BR>[Stack]<UL><LI>Max Depth = 184<LI>Call Chain = http_listener &rArr; http_proc_header &rArr; http_to_utc &rArr; atoi &rArr; strtol &rArr; _strtoul
</UL>
<BR>[Calls]<UL><LI><a href="#[196]">&gt;&gt;</a>&nbsp;&nbsp;&nbsp;cgi_process_query
<LI><a href="#[192]">&gt;&gt;</a>&nbsp;&nbsp;&nbsp;mem_alloc
<LI><a href="#[1d0]">&gt;&gt;</a>&nbsp;&nbsp;&nbsp;http_accept_client
<LI><a href="#[19b]">&gt;&gt;</a>&nbsp;&nbsp;&nbsp;str_scomp
<LI><a href="#[1d5]">&gt;&gt;</a>&nbsp;&nbsp;&nbsp;read_script_line
<LI><a href="#[1d1]">&gt;&gt;</a>&nbsp;&nbsp;&nbsp;proc_req_line
<LI><a href="#[1d4]">&gt;&gt;</a>&nbsp;&nbsp;&nbsp;http_proc_post
<LI><a href="#[1d6]">&gt;&gt;</a>&nbsp;&nbsp;&nbsp;http_proc_multipart
<LI><a href="#[1d2]">&gt;&gt;</a>&nbsp;&nbsp;&nbsp;http_proc_header
<LI><a href="#[1d3]">&gt;&gt;</a>&nbsp;&nbsp;&nbsp;http_open_file
<LI><a href="#[1ce]">&gt;&gt;</a>&nbsp;&nbsp;&nbsp;http_kill_session
<LI><a href="#[1cb]">&gt;&gt;</a>&nbsp;&nbsp;&nbsp;http_get_ftype
<LI><a href="#[199]">&gt;&gt;</a>&nbsp;&nbsp;&nbsp;chk_post_req
</UL>
<BR>[Address Reference Count : 1]<UL><LI> net_http_server.o(i.http_server_init)
</UL>
<P><STRONG><a name="[1d3]"></a>http_open_file</STRONG> (Thumb, 212 bytes, Stack size 24 bytes, net_http_server.o(i.http_open_file))
<BR><BR>[Stack]<UL><LI>Max Depth = 48<LI>Call Chain = http_open_file &rArr; imageFileInfo
</UL>
<BR>[Calls]<UL><LI><a href="#[1da]">&gt;&gt;</a>&nbsp;&nbsp;&nbsp;imageFileInfo
<LI><a href="#[1d9]">&gt;&gt;</a>&nbsp;&nbsp;&nbsp;http_server_ftime
<LI><a href="#[1d8]">&gt;&gt;</a>&nbsp;&nbsp;&nbsp;http_server_fopen
<LI><a href="#[1d7]">&gt;&gt;</a>&nbsp;&nbsp;&nbsp;http_file_access
</UL>
<BR>[Called By]<UL><LI><a href="#[1e5]">&gt;&gt;</a>&nbsp;&nbsp;&nbsp;http_server_run
<LI><a href="#[c]">&gt;&gt;</a>&nbsp;&nbsp;&nbsp;http_listener
</UL>

<P><STRONG><a name="[1d2]"></a>http_proc_header</STRONG> (Thumb, 258 bytes, Stack size 32 bytes, net_http_server.o(i.http_proc_header))
<BR><BR>[Stack]<UL><LI>Max Depth = 152<LI>Call Chain = http_proc_header &rArr; http_to_utc &rArr; atoi &rArr; strtol &rArr; _strtoul
</UL>
<BR>[Calls]<UL><LI><a href="#[1de]">&gt;&gt;</a>&nbsp;&nbsp;&nbsp;http_check_account
<LI><a href="#[1dc]">&gt;&gt;</a>&nbsp;&nbsp;&nbsp;str_pos
<LI><a href="#[1db]">&gt;&gt;</a>&nbsp;&nbsp;&nbsp;b64_to_asc
<LI><a href="#[1df]">&gt;&gt;</a>&nbsp;&nbsp;&nbsp;http_to_utc
<LI><a href="#[19e]">&gt;&gt;</a>&nbsp;&nbsp;&nbsp;get_next_field
<LI><a href="#[19a]">&gt;&gt;</a>&nbsp;&nbsp;&nbsp;cmp_header
<LI><a href="#[1dd]">&gt;&gt;</a>&nbsp;&nbsp;&nbsp;strcmp
</UL>
<BR>[Called By]<UL><LI><a href="#[c]">&gt;&gt;</a>&nbsp;&nbsp;&nbsp;http_listener
</UL>

<P><STRONG><a name="[1d6]"></a>http_proc_multipart</STRONG> (Thumb, 336 bytes, Stack size 24 bytes, net_http_server.o(i.http_proc_multipart))
<BR><BR>[Stack]<UL><LI>Max Depth = 104<LI>Call Chain = http_proc_multipart &rArr; cgi_process_data &rArr; http_get_env_var
</UL>
<BR>[Calls]<UL><LI><a href="#[194]">&gt;&gt;</a>&nbsp;&nbsp;&nbsp;cgi_process_data
<LI><a href="#[19b]">&gt;&gt;</a>&nbsp;&nbsp;&nbsp;str_scomp
<LI><a href="#[1e0]">&gt;&gt;</a>&nbsp;&nbsp;&nbsp;search_delim
<LI><a href="#[19d]">&gt;&gt;</a>&nbsp;&nbsp;&nbsp;get_next_par
<LI><a href="#[19e]">&gt;&gt;</a>&nbsp;&nbsp;&nbsp;get_next_field
<LI><a href="#[19a]">&gt;&gt;</a>&nbsp;&nbsp;&nbsp;cmp_header
</UL>
<BR>[Called By]<UL><LI><a href="#[c]">&gt;&gt;</a>&nbsp;&nbsp;&nbsp;http_listener
</UL>

<P><STRONG><a name="[1d4]"></a>http_proc_post</STRONG> (Thumb, 236 bytes, Stack size 24 bytes, net_http_server.o(i.http_proc_post))
<BR><BR>[Stack]<UL><LI>Max Depth = 104<LI>Call Chain = http_proc_post &rArr; cgi_process_data &rArr; http_get_env_var
</UL>
<BR>[Calls]<UL><LI><a href="#[194]">&gt;&gt;</a>&nbsp;&nbsp;&nbsp;cgi_process_data
<LI><a href="#[193]">&gt;&gt;</a>&nbsp;&nbsp;&nbsp;mem_free
<LI><a href="#[192]">&gt;&gt;</a>&nbsp;&nbsp;&nbsp;mem_alloc
<LI><a href="#[1e1]">&gt;&gt;</a>&nbsp;&nbsp;&nbsp;__aeabi_memcpy
</UL>
<BR>[Called By]<UL><LI><a href="#[c]">&gt;&gt;</a>&nbsp;&nbsp;&nbsp;http_listener
</UL>

<P><STRONG><a name="[19c]"></a>http_strcpy</STRONG> (Thumb, 32 bytes, Stack size 8 bytes, net_http_server.o(i.http_strcpy))
<BR><BR>[Stack]<UL><LI>Max Depth = 8<LI>Call Chain = http_strcpy
</UL>
<BR>[Called By]<UL><LI><a href="#[1e5]">&gt;&gt;</a>&nbsp;&nbsp;&nbsp;http_server_run
<LI><a href="#[199]">&gt;&gt;</a>&nbsp;&nbsp;&nbsp;chk_post_req
</UL>

<P><STRONG><a name="[1df]"></a>http_to_utc</STRONG> (Thumb, 160 bytes, Stack size 32 bytes, net_http_server.o(i.http_to_utc))
<BR><BR>[Stack]<UL><LI>Max Depth = 120<LI>Call Chain = http_to_utc &rArr; atoi &rArr; strtol &rArr; _strtoul
</UL>
<BR>[Calls]<UL><LI><a href="#[19b]">&gt;&gt;</a>&nbsp;&nbsp;&nbsp;str_scomp
<LI><a href="#[d3]">&gt;&gt;</a>&nbsp;&nbsp;&nbsp;atoi
</UL>
<BR>[Called By]<UL><LI><a href="#[1d2]">&gt;&gt;</a>&nbsp;&nbsp;&nbsp;http_proc_header
</UL>

<P><STRONG><a name="[1d1]"></a>proc_req_line</STRONG> (Thumb, 36 bytes, Stack size 0 bytes, net_http_server.o(i.proc_req_line))
<BR><BR>[Called By]<UL><LI><a href="#[c]">&gt;&gt;</a>&nbsp;&nbsp;&nbsp;http_listener
</UL>

<P><STRONG><a name="[1d5]"></a>read_script_line</STRONG> (Thumb, 160 bytes, Stack size 16 bytes, net_http_server.o(i.read_script_line))
<BR><BR>[Stack]<UL><LI>Max Depth = 16<LI>Call Chain = read_script_line
</UL>
<BR>[Calls]<UL><LI><a href="#[222]">&gt;&gt;</a>&nbsp;&nbsp;&nbsp;http_server_fgets
<LI><a href="#[198]">&gt;&gt;</a>&nbsp;&nbsp;&nbsp;strlen
</UL>
<BR>[Called By]<UL><LI><a href="#[1e5]">&gt;&gt;</a>&nbsp;&nbsp;&nbsp;http_server_run
<LI><a href="#[c]">&gt;&gt;</a>&nbsp;&nbsp;&nbsp;http_listener
</UL>

<P><STRONG><a name="[1e0]"></a>search_delim</STRONG> (Thumb, 72 bytes, Stack size 16 bytes, net_http_server.o(i.search_delim))
<BR><BR>[Stack]<UL><LI>Max Depth = 16<LI>Call Chain = search_delim
</UL>
<BR>[Calls]<UL><LI><a href="#[19b]">&gt;&gt;</a>&nbsp;&nbsp;&nbsp;str_scomp
</UL>
<BR>[Called By]<UL><LI><a href="#[1d6]">&gt;&gt;</a>&nbsp;&nbsp;&nbsp;http_proc_multipart
</UL>

<P><STRONG><a name="[1c8]"></a>utc_to_http</STRONG> (Thumb, 196 bytes, Stack size 40 bytes, net_http_server.o(i.utc_to_http))
<BR><BR>[Stack]<UL><LI>Max Depth = 64<LI>Call Chain = utc_to_http &rArr; __2sprintf
</UL>
<BR>[Calls]<UL><LI><a href="#[184]">&gt;&gt;</a>&nbsp;&nbsp;&nbsp;__2sprintf
</UL>
<BR>[Called By]<UL><LI><a href="#[1c5]">&gt;&gt;</a>&nbsp;&nbsp;&nbsp;http_add_header
</UL>

<P><STRONG><a name="[5f]"></a>net_timer_tick</STRONG> (Thumb, 14 bytes, Stack size 0 bytes, net_sys.o(i.net_timer_tick))
<BR>[Address Reference Count : 1]<UL><LI> net_sys.o(.constdata)
</UL>
<P><STRONG><a name="[231]"></a>rt_init_context</STRONG> (Thumb, 66 bytes, Stack size 16 bytes, rt_task.o(i.rt_init_context))
<BR><BR>[Stack]<UL><LI>Max Depth = 32<LI>Call Chain = rt_init_context &rArr; rt_init_stack
</UL>
<BR>[Calls]<UL><LI><a href="#[0]">&gt;&gt;</a>&nbsp;&nbsp;&nbsp;rt_alloc_box
<LI><a href="#[232]">&gt;&gt;</a>&nbsp;&nbsp;&nbsp;rt_init_stack
</UL>
<BR>[Called By]<UL><LI><a href="#[248]">&gt;&gt;</a>&nbsp;&nbsp;&nbsp;rt_tsk_create
<LI><a href="#[240]">&gt;&gt;</a>&nbsp;&nbsp;&nbsp;rt_sys_init
</UL>

<P><STRONG><a name="[23c]"></a>rt_ret_regs</STRONG> (Thumb, 16 bytes, Stack size 0 bytes, hal_cm.o(i.rt_ret_regs))
<BR><BR>[Called By]<UL><LI><a href="#[234]">&gt;&gt;</a>&nbsp;&nbsp;&nbsp;rt_ret_val
<LI><a href="#[22e]">&gt;&gt;</a>&nbsp;&nbsp;&nbsp;rt_ret_val2
</UL>

<P><STRONG><a name="[188]"></a>arp_cache_alloc</STRONG> (Thumb, 132 bytes, Stack size 20 bytes, net_arp.o(i.arp_cache_alloc))
<BR><BR>[Stack]<UL><LI>Max Depth = 20<LI>Call Chain = arp_cache_alloc
</UL>
<BR>[Called By]<UL><LI><a href="#[18b]">&gt;&gt;</a>&nbsp;&nbsp;&nbsp;arp_cache_find
<LI><a href="#[189]">&gt;&gt;</a>&nbsp;&nbsp;&nbsp;arp_cache_early
<LI><a href="#[185]">&gt;&gt;</a>&nbsp;&nbsp;&nbsp;arp_cache_add
</UL>

<P><STRONG><a name="[186]"></a>arp_is_cacheable</STRONG> (Thumb, 54 bytes, Stack size 0 bytes, net_arp.o(i.arp_is_cacheable))
<BR><BR>[Called By]<UL><LI><a href="#[189]">&gt;&gt;</a>&nbsp;&nbsp;&nbsp;arp_cache_early
<LI><a href="#[185]">&gt;&gt;</a>&nbsp;&nbsp;&nbsp;arp_cache_add
</UL>

<P><STRONG><a name="[191]"></a>arp_proc_response</STRONG> (Thumb, 110 bytes, Stack size 20 bytes, net_arp.o(i.arp_proc_response))
<BR><BR>[Stack]<UL><LI>Max Depth = 20<LI>Call Chain = arp_proc_response
</UL>
<BR>[Called By]<UL><LI><a href="#[18f]">&gt;&gt;</a>&nbsp;&nbsp;&nbsp;arp_process
</UL>

<P><STRONG><a name="[190]"></a>arp_send_reply</STRONG> (Thumb, 134 bytes, Stack size 16 bytes, net_arp.o(i.arp_send_reply))
<BR><BR>[Stack]<UL><LI>Max Depth = 32<LI>Call Chain = arp_send_reply &rArr; mem_free
</UL>
<BR>[Calls]<UL><LI><a href="#[193]">&gt;&gt;</a>&nbsp;&nbsp;&nbsp;mem_free
<LI><a href="#[192]">&gt;&gt;</a>&nbsp;&nbsp;&nbsp;mem_alloc
</UL>
<BR>[Called By]<UL><LI><a href="#[18f]">&gt;&gt;</a>&nbsp;&nbsp;&nbsp;arp_process
</UL>

<P><STRONG><a name="[18a]"></a>arp_send_request</STRONG> (Thumb, 178 bytes, Stack size 24 bytes, net_arp.o(i.arp_send_request))
<BR><BR>[Stack]<UL><LI>Max Depth = 40<LI>Call Chain = arp_send_request &rArr; mem_free
</UL>
<BR>[Calls]<UL><LI><a href="#[193]">&gt;&gt;</a>&nbsp;&nbsp;&nbsp;mem_free
<LI><a href="#[192]">&gt;&gt;</a>&nbsp;&nbsp;&nbsp;mem_alloc
</UL>
<BR>[Called By]<UL><LI><a href="#[18c]">&gt;&gt;</a>&nbsp;&nbsp;&nbsp;arp_cache_update
<LI><a href="#[18b]">&gt;&gt;</a>&nbsp;&nbsp;&nbsp;arp_cache_find
<LI><a href="#[189]">&gt;&gt;</a>&nbsp;&nbsp;&nbsp;arp_cache_early
<LI><a href="#[18e]">&gt;&gt;</a>&nbsp;&nbsp;&nbsp;arp_probe
<LI><a href="#[18d]">&gt;&gt;</a>&nbsp;&nbsp;&nbsp;arp_notify
</UL>

<P><STRONG><a name="[20b]"></a>mem_lock</STRONG> (Thumb, 12 bytes, Stack size 0 bytes, net_mem.o(i.mem_lock))
<BR><BR>[Calls]<UL><LI><a href="#[211]">&gt;&gt;</a>&nbsp;&nbsp;&nbsp;osMutexWait
</UL>
<BR>[Called By]<UL><LI><a href="#[212]">&gt;&gt;</a>&nbsp;&nbsp;&nbsp;mem_resize
<LI><a href="#[193]">&gt;&gt;</a>&nbsp;&nbsp;&nbsp;mem_free
<LI><a href="#[192]">&gt;&gt;</a>&nbsp;&nbsp;&nbsp;mem_alloc
</UL>

<P><STRONG><a name="[20c]"></a>mem_unlock</STRONG> (Thumb, 8 bytes, Stack size 0 bytes, net_mem.o(i.mem_unlock))
<BR><BR>[Calls]<UL><LI><a href="#[213]">&gt;&gt;</a>&nbsp;&nbsp;&nbsp;osMutexRelease
</UL>
<BR>[Called By]<UL><LI><a href="#[212]">&gt;&gt;</a>&nbsp;&nbsp;&nbsp;mem_resize
<LI><a href="#[193]">&gt;&gt;</a>&nbsp;&nbsp;&nbsp;mem_free
<LI><a href="#[192]">&gt;&gt;</a>&nbsp;&nbsp;&nbsp;mem_alloc
</UL>

<P><STRONG><a name="[20e]"></a>get_crc32</STRONG> (Thumb, 24 bytes, Stack size 0 bytes, net_common.o(i.get_crc32))
<BR><BR>[Called By]<UL><LI><a href="#[1b9]">&gt;&gt;</a>&nbsp;&nbsp;&nbsp;mem_crc32
</UL>

<P><STRONG><a name="[180]"></a>_printf_core</STRONG> (Thumb, 996 bytes, Stack size 104 bytes, printf8.o(i._printf_core), UNUSED)
<BR><BR>[Calls]<UL><LI><a href="#[181]">&gt;&gt;</a>&nbsp;&nbsp;&nbsp;_printf_pre_padding
<LI><a href="#[182]">&gt;&gt;</a>&nbsp;&nbsp;&nbsp;_printf_post_padding
<LI><a href="#[cd]">&gt;&gt;</a>&nbsp;&nbsp;&nbsp;__aeabi_uldivmod
</UL>
<BR>[Called By]<UL><LI><a href="#[17f]">&gt;&gt;</a>&nbsp;&nbsp;&nbsp;__0sprintf$8
</UL>

<P><STRONG><a name="[182]"></a>_printf_post_padding</STRONG> (Thumb, 36 bytes, Stack size 24 bytes, printf8.o(i._printf_post_padding), UNUSED)
<BR><BR>[Called By]<UL><LI><a href="#[180]">&gt;&gt;</a>&nbsp;&nbsp;&nbsp;_printf_core
</UL>

<P><STRONG><a name="[181]"></a>_printf_pre_padding</STRONG> (Thumb, 46 bytes, Stack size 24 bytes, printf8.o(i._printf_pre_padding), UNUSED)
<BR><BR>[Called By]<UL><LI><a href="#[180]">&gt;&gt;</a>&nbsp;&nbsp;&nbsp;_printf_core
</UL>

<P><STRONG><a name="[9]"></a>_sputc</STRONG> (Thumb, 10 bytes, Stack size 0 bytes, printf8.o(i._sputc))
<BR><BR>[Called By]<UL><LI><a href="#[17f]">&gt;&gt;</a>&nbsp;&nbsp;&nbsp;__0sprintf$8
</UL>
<BR>[Address Reference Count : 1]<UL><LI> printf8.o(i.__0sprintf$8)
</UL><P>
<H3>
Undefined Global Symbols
</H3><HR></body></html>
