Component: ARM Compiler 5.06 update 4 (build 422) Tool: armlink [4d35d2]

==============================================================================

Section Cross References

    main.o(i.char2char_t) refers to toupper.o(.text) for toupper
    main.o(i.char2char_t) refers to rt_memcpy_w.o(.text) for __aeabi_memcpy4
    main.o(i.char2char_t) refers to rt_memclr_w.o(.text) for __aeabi_memclr4
    main.o(i.char2char_t) refers to main.o(.data) for char_t_library
    main.o(i.clear_display) refers to main.o(i.write) for write
    main.o(i.display_string) refers to main.o(i.char2char_t) for char2char_t
    main.o(i.display_string) refers to rt_memcpy_w.o(.text) for __aeabi_memcpy4
    main.o(i.display_string) refers to main.o(i.scroll) for scroll
    main.o(i.display_string) refers to strlen.o(.text) for strlen
    main.o(i.main) refers to main.o(i.setup) for setup
    main.o(i.main) refers to main.o(i.display_string) for display_string
    main.o(i.scroll) refers to main.o(i.shift) for shift
    main.o(i.scroll) refers to main.o(i.write) for write
    main.o(i.scroll) refers to main.o(i.pause) for pause
    main.o(i.scroll) refers to main.o(.bss) for STATE
    main.o(i.setup) refers to main.o(i.digital_write) for digital_write
    main.o(i.setup) refers to main.o(i.write) for write
    main.o(i.setup) refers to main.o(i.clear_display) for clear_display
    main.o(i.shift) refers to main.o(i.write) for write
    main.o(i.shift) refers to main.o(.bss) for STATE
    main.o(i.write) refers to main.o(i.digital_write) for digital_write
    main.o(i.write) refers to main.o(i.write_byte) for write_byte
    main.o(i.write_byte) refers to main.o(i.digital_write) for digital_write
    main.o(i.write_byte) refers to main.o(i.pause) for pause
    startup_mk64f12.o(RESET) refers to startup_mk64f12.o(.text) for Reset_Handler
    startup_mk64f12.o(.text) refers to startup_mk64f12.o(FlashConfig) for FlashConfig
    startup_mk64f12.o(.text) refers to system_mk64f12.o(i.SystemInit) for SystemInit
    startup_mk64f12.o(.text) refers to startup.o(i.init_data_bss) for init_data_bss
    startup_mk64f12.o(.text) refers to __main.o(!!!main) for __main
    system_mk64f12.o(i.SystemCoreClockUpdate) refers to system_mk64f12.o(.data) for SystemCoreClock
    toupper.o(.text) refers to rt_ctype_table.o(.text) for __rt_ctype_table
    __main.o(!!!main) refers to __rtentry.o(.ARM.Collect$$rtentry$$00000000) for __rt_entry
    __rtentry.o(.ARM.Collect$$rtentry$$00000000) refers (Special) to __rtentry2.o(.ARM.Collect$$rtentry$$0000000A) for __rt_entry_li
    __rtentry.o(.ARM.Collect$$rtentry$$00000000) refers (Special) to __rtentry2.o(.ARM.Collect$$rtentry$$0000000D) for __rt_entry_main
    __rtentry.o(.ARM.Collect$$rtentry$$00000000) refers (Special) to __rtentry2.o(.ARM.Collect$$rtentry$$0000000C) for __rt_entry_postli_1
    __rtentry.o(.ARM.Collect$$rtentry$$00000000) refers (Special) to __rtentry2.o(.ARM.Collect$$rtentry$$00000009) for __rt_entry_postsh_1
    __rtentry.o(.ARM.Collect$$rtentry$$00000000) refers (Special) to __rtentry2.o(.ARM.Collect$$rtentry$$00000002) for __rt_entry_presh_1
    __rtentry.o(.ARM.Collect$$rtentry$$00000000) refers (Special) to __rtentry7.o(.ARM.Collect$$rtentry$$00000007) for __rt_entry_sh
    rt_ctype_table.o(.text) refers to rt_locale_intlibspace.o(.text) for __rt_locale
    rt_ctype_table.o(.text) refers to lc_ctype_c.o(locale$$code) for _get_lc_ctype
    __rtentry2.o(.ARM.Collect$$rtentry$$00000008) refers to boardinit2.o(.text) for _platform_post_stackheap_init
    __rtentry2.o(.ARM.Collect$$rtentry$$0000000A) refers to libinit.o(.ARM.Collect$$libinit$$00000000) for __rt_lib_init
    __rtentry2.o(.ARM.Collect$$rtentry$$0000000B) refers to boardinit3.o(.text) for _platform_post_lib_init
    __rtentry2.o(.ARM.Collect$$rtentry$$0000000D) refers to main.o(i.main) for main
    __rtentry2.o(.ARM.Collect$$rtentry$$0000000D) refers to exit.o(.text) for exit
    __rtentry2.o(.ARM.exidx) refers to __rtentry2.o(.ARM.Collect$$rtentry$$00000001) for .ARM.Collect$$rtentry$$00000001
    __rtentry2.o(.ARM.exidx) refers to __rtentry2.o(.ARM.Collect$$rtentry$$00000008) for .ARM.Collect$$rtentry$$00000008
    __rtentry2.o(.ARM.exidx) refers to __rtentry2.o(.ARM.Collect$$rtentry$$0000000A) for .ARM.Collect$$rtentry$$0000000A
    __rtentry2.o(.ARM.exidx) refers to __rtentry2.o(.ARM.Collect$$rtentry$$0000000B) for .ARM.Collect$$rtentry$$0000000B
    __rtentry2.o(.ARM.exidx) refers to __rtentry2.o(.ARM.Collect$$rtentry$$0000000D) for .ARM.Collect$$rtentry$$0000000D
    __rtentry4.o(.ARM.Collect$$rtentry$$00000004) refers to sys_stackheap_outer.o(.text) for __user_setup_stackheap
    __rtentry4.o(.ARM.exidx) refers to __rtentry4.o(.ARM.Collect$$rtentry$$00000004) for .ARM.Collect$$rtentry$$00000004
    __rtentry7.o(.ARM.Collect$$rtentry$$00000007) refers to __rtentry7.o(.ARM.Collect$$rtentry$$00002718) for __lit__00000000
    __rtentry7.o(__vectab_stack_and_reset_2_area) refers to __main.o(!!!main) for __main
    __rtentry7.o(.ARM.exidx) refers to __rtentry7.o(.ARM.Collect$$rtentry$$00000007) for .ARM.Collect$$rtentry$$00000007
    __rtentry7.o(.ARM.exidx) refers to __rtentry7.o(.ARM.Collect$$rtentry$$00002718) for .ARM.Collect$$rtentry$$00002718
    rt_locale.o(.text) refers to rt_locale.o(.bss) for __rt_locale_data
    rt_locale_intlibspace.o(.text) refers to libspace.o(.bss) for __libspace_start
    lc_ctype_c.o(locale$$data) refers (Special) to libinit2.o(.ARM.Collect$$libinit$$00000012) for __rt_lib_init_lc_ctype_2
    lc_ctype_c.o(locale$$code) refers (Special) to libinit2.o(.ARM.Collect$$libinit$$00000012) for __rt_lib_init_lc_ctype_2
    lc_ctype_c.o(locale$$code) refers to strcmpv7m.o(.text) for strcmp
    lc_ctype_c.o(locale$$code) refers to lc_ctype_c.o(locale$$data) for __lcctype_c_name
    libspace.o(.text) refers to libspace.o(.bss) for __libspace_start
    sys_stackheap_outer.o(.text) refers to libspace.o(.text) for __user_perproc_libspace
    sys_stackheap_outer.o(.text) refers to sys_stackheap.o(.text) for __user_initial_stackheap
    exit.o(.text) refers to rtexit.o(.ARM.Collect$$rtexit$$00000000) for __rt_exit
    libinit.o(.ARM.Collect$$libinit$$00000000) refers (Special) to libinit2.o(.ARM.Collect$$libinit$$0000002E) for __rt_lib_init_alloca_1
    libinit.o(.ARM.Collect$$libinit$$00000000) refers (Special) to libinit2.o(.ARM.Collect$$libinit$$0000002C) for __rt_lib_init_argv_1
    libinit.o(.ARM.Collect$$libinit$$00000000) refers (Special) to libinit2.o(.ARM.Collect$$libinit$$0000001B) for __rt_lib_init_atexit_1
    libinit.o(.ARM.Collect$$libinit$$00000000) refers (Special) to libinit2.o(.ARM.Collect$$libinit$$00000021) for __rt_lib_init_clock_1
    libinit.o(.ARM.Collect$$libinit$$00000000) refers (Special) to libinit2.o(.ARM.Collect$$libinit$$00000032) for __rt_lib_init_cpp_1
    libinit.o(.ARM.Collect$$libinit$$00000000) refers (Special) to libinit2.o(.ARM.Collect$$libinit$$00000030) for __rt_lib_init_exceptions_1
    libinit.o(.ARM.Collect$$libinit$$00000000) refers (Special) to libinit2.o(.ARM.Collect$$libinit$$00000001) for __rt_lib_init_fp_1
    libinit.o(.ARM.Collect$$libinit$$00000000) refers (Special) to libinit2.o(.ARM.Collect$$libinit$$0000001F) for __rt_lib_init_fp_trap_1
    libinit.o(.ARM.Collect$$libinit$$00000000) refers (Special) to libinit2.o(.ARM.Collect$$libinit$$00000023) for __rt_lib_init_getenv_1
    libinit.o(.ARM.Collect$$libinit$$00000000) refers (Special) to libinit2.o(.ARM.Collect$$libinit$$0000000A) for __rt_lib_init_heap_1
    libinit.o(.ARM.Collect$$libinit$$00000000) refers (Special) to libinit2.o(.ARM.Collect$$libinit$$00000011) for __rt_lib_init_lc_collate_1
    libinit.o(.ARM.Collect$$libinit$$00000000) refers (Special) to libinit2.o(.ARM.Collect$$libinit$$00000013) for __rt_lib_init_lc_ctype_1
    libinit.o(.ARM.Collect$$libinit$$00000000) refers (Special) to libinit2.o(.ARM.Collect$$libinit$$00000015) for __rt_lib_init_lc_monetary_1
    libinit.o(.ARM.Collect$$libinit$$00000000) refers (Special) to libinit2.o(.ARM.Collect$$libinit$$00000017) for __rt_lib_init_lc_numeric_1
    libinit.o(.ARM.Collect$$libinit$$00000000) refers (Special) to libinit2.o(.ARM.Collect$$libinit$$00000019) for __rt_lib_init_lc_time_1
    libinit.o(.ARM.Collect$$libinit$$00000000) refers (Special) to libinit2.o(.ARM.Collect$$libinit$$00000004) for __rt_lib_init_preinit_1
    libinit.o(.ARM.Collect$$libinit$$00000000) refers (Special) to libinit2.o(.ARM.Collect$$libinit$$0000000E) for __rt_lib_init_rand_1
    libinit.o(.ARM.Collect$$libinit$$00000000) refers (Special) to libinit2.o(.ARM.Collect$$libinit$$00000033) for __rt_lib_init_return
    libinit.o(.ARM.Collect$$libinit$$00000000) refers (Special) to libinit2.o(.ARM.Collect$$libinit$$0000001D) for __rt_lib_init_signal_1
    libinit.o(.ARM.Collect$$libinit$$00000000) refers (Special) to libinit2.o(.ARM.Collect$$libinit$$00000025) for __rt_lib_init_stdio_1
    libinit.o(.ARM.Collect$$libinit$$00000000) refers (Special) to libinit2.o(.ARM.Collect$$libinit$$0000000C) for __rt_lib_init_user_alloc_1
    libinit2.o(.ARM.Collect$$libinit$$00000001) refers to fpinit.o(x$fpl$fpinit) for _fp_init
    libinit2.o(.ARM.Collect$$libinit$$0000000F) refers (Weak) to rt_locale_intlibspace.o(.text) for __rt_locale
    libinit2.o(.ARM.Collect$$libinit$$00000010) refers to libinit2.o(.ARM.Collect$$libinit$$0000000F) for .ARM.Collect$$libinit$$0000000F
    libinit2.o(.ARM.Collect$$libinit$$00000012) refers to libinit2.o(.ARM.Collect$$libinit$$0000000F) for .ARM.Collect$$libinit$$0000000F
    libinit2.o(.ARM.Collect$$libinit$$00000012) refers (Weak) to lc_ctype_c.o(locale$$code) for _get_lc_ctype
    libinit2.o(.ARM.Collect$$libinit$$00000014) refers to libinit2.o(.ARM.Collect$$libinit$$0000000F) for .ARM.Collect$$libinit$$0000000F
    libinit2.o(.ARM.Collect$$libinit$$00000016) refers to libinit2.o(.ARM.Collect$$libinit$$0000000F) for .ARM.Collect$$libinit$$0000000F
    libinit2.o(.ARM.Collect$$libinit$$00000018) refers to libinit2.o(.ARM.Collect$$libinit$$0000000F) for .ARM.Collect$$libinit$$0000000F
    libinit2.o(.ARM.Collect$$libinit$$00000026) refers to argv_veneer.o(.emb_text) for __ARM_argv_veneer
    libinit2.o(.ARM.Collect$$libinit$$00000027) refers to argv_veneer.o(.emb_text) for __ARM_argv_veneer
    sys_stackheap.o(.text) refers (Special) to indicate_semi.o(.text) for __semihosting_library_function
    sys_stackheap.o(.text) refers to use_no_semi.o(.text) for __I$use$semihosting
    rtexit.o(.ARM.Collect$$rtexit$$00000000) refers (Special) to rtexit2.o(.ARM.Collect$$rtexit$$00000004) for __rt_exit_exit
    rtexit.o(.ARM.Collect$$rtexit$$00000000) refers (Special) to rtexit2.o(.ARM.Collect$$rtexit$$00000003) for __rt_exit_ls
    rtexit.o(.ARM.Collect$$rtexit$$00000000) refers (Special) to rtexit2.o(.ARM.Collect$$rtexit$$00000002) for __rt_exit_prels_1
    rtexit.o(.ARM.exidx) refers (Special) to rtexit2.o(.ARM.Collect$$rtexit$$00000004) for __rt_exit_exit
    rtexit.o(.ARM.exidx) refers (Special) to rtexit2.o(.ARM.Collect$$rtexit$$00000003) for __rt_exit_ls
    rtexit.o(.ARM.exidx) refers (Special) to rtexit2.o(.ARM.Collect$$rtexit$$00000002) for __rt_exit_prels_1
    rtexit.o(.ARM.exidx) refers to rtexit.o(.ARM.Collect$$rtexit$$00000000) for .ARM.Collect$$rtexit$$00000000
    argv_veneer.o(.emb_text) refers to no_argv.o(.text) for __ARM_get_argv
    libinit5.o(.ARM.Collect$$libinit$$00000008) refers to libinit5.o(.ARM.Collect$$libinit$$00002719) for __lit__00000000
    libinit5.o(.ARM.Collect$$libinit$$0000002A) refers to libinit5.o(.ARM.Collect$$libinit$$0000273B) for __lit__00000002
    libinit5.o(.ARM.Collect$$libinit$$0000002A) refers to argv_veneer.o(.emb_text) for __ARM_argv_veneer
    rtexit2.o(.ARM.Collect$$rtexit$$00000003) refers to libshutdown.o(.ARM.Collect$$libshutdown$$00000000) for __rt_lib_shutdown
    rtexit2.o(.ARM.Collect$$rtexit$$00000004) refers to sys_exit.o(.text) for _sys_exit
    rtexit2.o(.ARM.exidx) refers to rtexit2.o(.ARM.Collect$$rtexit$$00000001) for .ARM.Collect$$rtexit$$00000001
    rtexit2.o(.ARM.exidx) refers to rtexit2.o(.ARM.Collect$$rtexit$$00000003) for .ARM.Collect$$rtexit$$00000003
    rtexit2.o(.ARM.exidx) refers to rtexit2.o(.ARM.Collect$$rtexit$$00000004) for .ARM.Collect$$rtexit$$00000004
    _get_argv_nomalloc.o(.text) refers (Special) to hrguard.o(.text) for __heap_region$guard
    _get_argv_nomalloc.o(.text) refers to defsig_rtmem_outer.o(.text) for __rt_SIGRTMEM
    _get_argv_nomalloc.o(.text) refers to sys_command.o(.text) for _sys_command_string
    sys_command.o(.text) refers (Special) to use_no_semi.o(.text) for __I$use$semihosting
    sys_command.o(.text) refers (Special) to indicate_semi.o(.text) for __semihosting_library_function
    sys_exit.o(.text) refers (Special) to use_no_semi.o(.text) for __I$use$semihosting
    sys_exit.o(.text) refers (Special) to indicate_semi.o(.text) for __semihosting_library_function
    defsig_rtmem_outer.o(.text) refers to defsig_rtmem_inner.o(.text) for __rt_SIGRTMEM_inner
    defsig_rtmem_outer.o(.text) refers to defsig_exit.o(.text) for __sig_exit
    defsig_rtmem_formal.o(.text) refers to rt_raise.o(.text) for __rt_raise
    libshutdown.o(.ARM.Collect$$libshutdown$$00000000) refers (Special) to libshutdown2.o(.ARM.Collect$$libshutdown$$00000002) for __rt_lib_shutdown_cpp_1
    libshutdown.o(.ARM.Collect$$libshutdown$$00000000) refers (Special) to libshutdown2.o(.ARM.Collect$$libshutdown$$00000007) for __rt_lib_shutdown_fp_trap_1
    libshutdown.o(.ARM.Collect$$libshutdown$$00000000) refers (Special) to libshutdown2.o(.ARM.Collect$$libshutdown$$0000000F) for __rt_lib_shutdown_heap_1
    libshutdown.o(.ARM.Collect$$libshutdown$$00000000) refers (Special) to libshutdown2.o(.ARM.Collect$$libshutdown$$00000010) for __rt_lib_shutdown_return
    libshutdown.o(.ARM.Collect$$libshutdown$$00000000) refers (Special) to libshutdown2.o(.ARM.Collect$$libshutdown$$0000000A) for __rt_lib_shutdown_signal_1
    libshutdown.o(.ARM.Collect$$libshutdown$$00000000) refers (Special) to libshutdown2.o(.ARM.Collect$$libshutdown$$00000004) for __rt_lib_shutdown_stdio_1
    libshutdown.o(.ARM.Collect$$libshutdown$$00000000) refers (Special) to libshutdown2.o(.ARM.Collect$$libshutdown$$0000000C) for __rt_lib_shutdown_user_alloc_1
    rt_raise.o(.text) refers to __raise.o(.text) for __raise
    rt_raise.o(.text) refers to sys_exit.o(.text) for _sys_exit
    defsig_exit.o(.text) refers to sys_exit.o(.text) for _sys_exit
    defsig_rtmem_inner.o(.text) refers to defsig_general.o(.text) for __default_signal_display
    __raise.o(.text) refers to defsig.o(CL$$defsig) for __default_signal_handler
    defsig_general.o(.text) refers to sys_wrch.o(.text) for _ttywrch
    sys_wrch.o(.text) refers (Special) to use_no_semi.o(.text) for __I$use$semihosting
    sys_wrch.o(.text) refers (Special) to indicate_semi.o(.text) for __semihosting_library_function
    defsig.o(CL$$defsig) refers to defsig_rtmem_inner.o(.text) for __rt_SIGRTMEM_inner
    defsig_abrt_inner.o(.text) refers to defsig_general.o(.text) for __default_signal_display
    defsig_fpe_inner.o(.text) refers to defsig_general.o(.text) for __default_signal_display
    defsig_rtred_inner.o(.text) refers to defsig_general.o(.text) for __default_signal_display
    defsig_stak_inner.o(.text) refers to defsig_general.o(.text) for __default_signal_display
    defsig_pvfn_inner.o(.text) refers to defsig_general.o(.text) for __default_signal_display
    defsig_cppl_inner.o(.text) refers to defsig_general.o(.text) for __default_signal_display
    defsig_segv_inner.o(.text) refers to defsig_general.o(.text) for __default_signal_display
    defsig_other.o(.text) refers to defsig_general.o(.text) for __default_signal_display


==============================================================================

Removing Unused input sections from the image.

    Removing main.o(.rev16_text), (4 bytes).
    Removing main.o(.revsh_text), (4 bytes).
    Removing main.o(.rrx_text), (6 bytes).
    Removing startup.o(.rev16_text), (4 bytes).
    Removing startup.o(.revsh_text), (4 bytes).
    Removing startup.o(.rrx_text), (6 bytes).
    Removing system_mk64f12.o(.rev16_text), (4 bytes).
    Removing system_mk64f12.o(.revsh_text), (4 bytes).
    Removing system_mk64f12.o(.rrx_text), (6 bytes).
    Removing system_mk64f12.o(i.SystemCoreClockUpdate), (452 bytes).
    Removing system_mk64f12.o(.data), (4 bytes).

11 unused section(s) (total 498 bytes) removed from the image.

==============================================================================

Image Symbol Table

    Local Symbols

    Symbol Name                              Value     Ov Type        Size  Object(Section)

    RESET                                    0x00000000   Section     1024  startup_mk64f12.o(RESET)
    ../clib/angel/boardlib.s                 0x00000000   Number         0  boardinit3.o ABSOLUTE
    ../clib/angel/boardlib.s                 0x00000000   Number         0  boardinit2.o ABSOLUTE
    ../clib/angel/boardlib.s                 0x00000000   Number         0  boardinit1.o ABSOLUTE
    ../clib/angel/boardlib.s                 0x00000000   Number         0  boardshut.o ABSOLUTE
    ../clib/angel/dczerorl2.s                0x00000000   Number         0  __dczerorl2.o ABSOLUTE
    ../clib/angel/handlers.s                 0x00000000   Number         0  __scatter_zi.o ABSOLUTE
    ../clib/angel/kernel.s                   0x00000000   Number         0  __rtentry.o ABSOLUTE
    ../clib/angel/kernel.s                   0x00000000   Number         0  rtexit.o ABSOLUTE
    ../clib/angel/kernel.s                   0x00000000   Number         0  rtexit2.o ABSOLUTE
    ../clib/angel/kernel.s                   0x00000000   Number         0  __rtentry7.o ABSOLUTE
    ../clib/angel/kernel.s                   0x00000000   Number         0  __rtentry4.o ABSOLUTE
    ../clib/angel/kernel.s                   0x00000000   Number         0  __rtentry2.o ABSOLUTE
    ../clib/angel/rt.s                       0x00000000   Number         0  rt_ctype_table.o ABSOLUTE
    ../clib/angel/rt.s                       0x00000000   Number         0  rt_locale_intlibspace.o ABSOLUTE
    ../clib/angel/rt.s                       0x00000000   Number         0  rt_locale.o ABSOLUTE
    ../clib/angel/rt.s                       0x00000000   Number         0  rt_raise.o ABSOLUTE
    ../clib/angel/scatter.s                  0x00000000   Number         0  __scatter.o ABSOLUTE
    ../clib/angel/startup.s                  0x00000000   Number         0  __main.o ABSOLUTE
    ../clib/angel/sys.s                      0x00000000   Number         0  use_no_semi.o ABSOLUTE
    ../clib/angel/sys.s                      0x00000000   Number         0  indicate_semi.o ABSOLUTE
    ../clib/angel/sys.s                      0x00000000   Number         0  libspace.o ABSOLUTE
    ../clib/angel/sys.s                      0x00000000   Number         0  sys_stackheap_outer.o ABSOLUTE
    ../clib/angel/sys.s                      0x00000000   Number         0  sys_stackheap.o ABSOLUTE
    ../clib/angel/sysapp.c                   0x00000000   Number         0  sys_wrch.o ABSOLUTE
    ../clib/angel/sysapp.c                   0x00000000   Number         0  sys_exit.o ABSOLUTE
    ../clib/angel/sysapp.c                   0x00000000   Number         0  sys_command.o ABSOLUTE
    ../clib/armsys.c                         0x00000000   Number         0  argv_veneer.o ABSOLUTE
    ../clib/armsys.c                         0x00000000   Number         0  argv_veneer.o ABSOLUTE
    ../clib/armsys.c                         0x00000000   Number         0  _get_argv_nomalloc.o ABSOLUTE
    ../clib/armsys.c                         0x00000000   Number         0  no_argv.o ABSOLUTE
    ../clib/ctype.c                          0x00000000   Number         0  toupper.o ABSOLUTE
    ../clib/heapalloc.c                      0x00000000   Number         0  hrguard.o ABSOLUTE
    ../clib/libinit.s                        0x00000000   Number         0  libinit2.o ABSOLUTE
    ../clib/libinit.s                        0x00000000   Number         0  libshutdown.o ABSOLUTE
    ../clib/libinit.s                        0x00000000   Number         0  libinit.o ABSOLUTE
    ../clib/libinit.s                        0x00000000   Number         0  libshutdown2.o ABSOLUTE
    ../clib/libinit.s                        0x00000000   Number         0  libinit5.o ABSOLUTE
    ../clib/locale.s                         0x00000000   Number         0  lc_ctype_c.o ABSOLUTE
    ../clib/memcpset.s                       0x00000000   Number         0  strcmpv7m.o ABSOLUTE
    ../clib/memcpset.s                       0x00000000   Number         0  rt_memclr_w.o ABSOLUTE
    ../clib/memcpset.s                       0x00000000   Number         0  rt_memcpy_w.o ABSOLUTE
    ../clib/signal.c                         0x00000000   Number         0  defsig_rtmem_inner.o ABSOLUTE
    ../clib/signal.c                         0x00000000   Number         0  defsig_segv_inner.o ABSOLUTE
    ../clib/signal.c                         0x00000000   Number         0  defsig_cppl_inner.o ABSOLUTE
    ../clib/signal.c                         0x00000000   Number         0  defsig_pvfn_inner.o ABSOLUTE
    ../clib/signal.c                         0x00000000   Number         0  defsig_stak_inner.o ABSOLUTE
    ../clib/signal.c                         0x00000000   Number         0  defsig_exit.o ABSOLUTE
    ../clib/signal.c                         0x00000000   Number         0  defsig_fpe_inner.o ABSOLUTE
    ../clib/signal.c                         0x00000000   Number         0  defsig_rtmem_formal.o ABSOLUTE
    ../clib/signal.c                         0x00000000   Number         0  defsig_rtmem_outer.o ABSOLUTE
    ../clib/signal.c                         0x00000000   Number         0  defsig_abrt_inner.o ABSOLUTE
    ../clib/signal.c                         0x00000000   Number         0  defsig_general.o ABSOLUTE
    ../clib/signal.c                         0x00000000   Number         0  __raise.o ABSOLUTE
    ../clib/signal.c                         0x00000000   Number         0  defsig_other.o ABSOLUTE
    ../clib/signal.c                         0x00000000   Number         0  defsig_rtred_inner.o ABSOLUTE
    ../clib/signal.s                         0x00000000   Number         0  defsig.o ABSOLUTE
    ../clib/stdlib.c                         0x00000000   Number         0  exit.o ABSOLUTE
    ../clib/string.c                         0x00000000   Number         0  strlen.o ABSOLUTE
    ../fplib/fpinit.s                        0x00000000   Number         0  fpinit.o ABSOLUTE
    C:\Keil_v5\ARM\PACK\Keil\Kinetis_SDK_DFP\2.2.0\platform\devices\startup.c 0x00000000   Number         0  startup.o ABSOLUTE
    C:\\Keil_v5\\ARM\\PACK\\Keil\\Kinetis_SDK_DFP\\2.2.0\\platform\\devices\\startup.c 0x00000000   Number         0  startup.o ABSOLUTE
    RTE\Device\MK64FN1M0VLL12\startup_MK64F12.s 0x00000000   Number         0  startup_mk64f12.o ABSOLUTE
    RTE\Device\MK64FN1M0VLL12\system_MK64F12.c 0x00000000   Number         0  system_mk64f12.o ABSOLUTE
    RTE\\Device\\MK64FN1M0VLL12\\system_MK64F12.c 0x00000000   Number         0  system_mk64f12.o ABSOLUTE
    dc.s                                     0x00000000   Number         0  dc.o ABSOLUTE
    main.c                                   0x00000000   Number         0  main.o ABSOLUTE
    main.c                                   0x00000000   Number         0  main.o ABSOLUTE
    FlashConfig                              0x00000400   Section       16  startup_mk64f12.o(FlashConfig)
    !!!main                                  0x00000410   Section        8  __main.o(!!!main)
    !!!scatter                               0x00000418   Section       52  __scatter.o(!!!scatter)
    !!dczerorl2                              0x0000044c   Section       90  __dczerorl2.o(!!dczerorl2)
    !!handler_zi                             0x000004a8   Section       28  __scatter_zi.o(!!handler_zi)
    .ARM.Collect$$libinit$$00000000          0x000004c4   Section        2  libinit.o(.ARM.Collect$$libinit$$00000000)
    .ARM.Collect$$libinit$$00000001          0x000004c6   Section        4  libinit2.o(.ARM.Collect$$libinit$$00000001)
    .ARM.Collect$$libinit$$00000004          0x000004ca   Section        0  libinit2.o(.ARM.Collect$$libinit$$00000004)
    .ARM.Collect$$libinit$$0000000A          0x000004ca   Section        0  libinit2.o(.ARM.Collect$$libinit$$0000000A)
    .ARM.Collect$$libinit$$0000000C          0x000004ca   Section        0  libinit2.o(.ARM.Collect$$libinit$$0000000C)
    .ARM.Collect$$libinit$$0000000E          0x000004ca   Section        0  libinit2.o(.ARM.Collect$$libinit$$0000000E)
    .ARM.Collect$$libinit$$0000000F          0x000004ca   Section        6  libinit2.o(.ARM.Collect$$libinit$$0000000F)
    .ARM.Collect$$libinit$$00000011          0x000004d0   Section        0  libinit2.o(.ARM.Collect$$libinit$$00000011)
    .ARM.Collect$$libinit$$00000012          0x000004d0   Section       12  libinit2.o(.ARM.Collect$$libinit$$00000012)
    .ARM.Collect$$libinit$$00000013          0x000004dc   Section        0  libinit2.o(.ARM.Collect$$libinit$$00000013)
    .ARM.Collect$$libinit$$00000015          0x000004dc   Section        0  libinit2.o(.ARM.Collect$$libinit$$00000015)
    .ARM.Collect$$libinit$$00000017          0x000004dc   Section        0  libinit2.o(.ARM.Collect$$libinit$$00000017)
    .ARM.Collect$$libinit$$00000019          0x000004dc   Section        0  libinit2.o(.ARM.Collect$$libinit$$00000019)
    .ARM.Collect$$libinit$$0000001B          0x000004dc   Section        0  libinit2.o(.ARM.Collect$$libinit$$0000001B)
    .ARM.Collect$$libinit$$0000001D          0x000004dc   Section        0  libinit2.o(.ARM.Collect$$libinit$$0000001D)
    .ARM.Collect$$libinit$$0000001F          0x000004dc   Section        0  libinit2.o(.ARM.Collect$$libinit$$0000001F)
    .ARM.Collect$$libinit$$00000021          0x000004dc   Section        0  libinit2.o(.ARM.Collect$$libinit$$00000021)
    .ARM.Collect$$libinit$$00000023          0x000004dc   Section        0  libinit2.o(.ARM.Collect$$libinit$$00000023)
    .ARM.Collect$$libinit$$00000025          0x000004dc   Section        0  libinit2.o(.ARM.Collect$$libinit$$00000025)
    .ARM.Collect$$libinit$$0000002C          0x000004dc   Section        0  libinit2.o(.ARM.Collect$$libinit$$0000002C)
    .ARM.Collect$$libinit$$0000002E          0x000004dc   Section        0  libinit2.o(.ARM.Collect$$libinit$$0000002E)
    .ARM.Collect$$libinit$$00000030          0x000004dc   Section        0  libinit2.o(.ARM.Collect$$libinit$$00000030)
    .ARM.Collect$$libinit$$00000032          0x000004dc   Section        0  libinit2.o(.ARM.Collect$$libinit$$00000032)
    .ARM.Collect$$libinit$$00000033          0x000004dc   Section        2  libinit2.o(.ARM.Collect$$libinit$$00000033)
    .ARM.Collect$$libshutdown$$00000000      0x000004de   Section        2  libshutdown.o(.ARM.Collect$$libshutdown$$00000000)
    .ARM.Collect$$libshutdown$$00000002      0x000004e0   Section        0  libshutdown2.o(.ARM.Collect$$libshutdown$$00000002)
    .ARM.Collect$$libshutdown$$00000004      0x000004e0   Section        0  libshutdown2.o(.ARM.Collect$$libshutdown$$00000004)
    .ARM.Collect$$libshutdown$$00000007      0x000004e0   Section        0  libshutdown2.o(.ARM.Collect$$libshutdown$$00000007)
    .ARM.Collect$$libshutdown$$0000000A      0x000004e0   Section        0  libshutdown2.o(.ARM.Collect$$libshutdown$$0000000A)
    .ARM.Collect$$libshutdown$$0000000C      0x000004e0   Section        0  libshutdown2.o(.ARM.Collect$$libshutdown$$0000000C)
    .ARM.Collect$$libshutdown$$0000000F      0x000004e0   Section        0  libshutdown2.o(.ARM.Collect$$libshutdown$$0000000F)
    .ARM.Collect$$libshutdown$$00000010      0x000004e0   Section        2  libshutdown2.o(.ARM.Collect$$libshutdown$$00000010)
    .ARM.Collect$$rtentry$$00000000          0x000004e2   Section        0  __rtentry.o(.ARM.Collect$$rtentry$$00000000)
    .ARM.Collect$$rtentry$$00000002          0x000004e2   Section        0  __rtentry2.o(.ARM.Collect$$rtentry$$00000002)
    .ARM.Collect$$rtentry$$00000007          0x000004e2   Section        4  __rtentry7.o(.ARM.Collect$$rtentry$$00000007)
    .ARM.Collect$$rtentry$$00000009          0x000004e6   Section        0  __rtentry2.o(.ARM.Collect$$rtentry$$00000009)
    .ARM.Collect$$rtentry$$0000000A          0x000004e6   Section        4  __rtentry2.o(.ARM.Collect$$rtentry$$0000000A)
    .ARM.Collect$$rtentry$$0000000C          0x000004ea   Section        0  __rtentry2.o(.ARM.Collect$$rtentry$$0000000C)
    .ARM.Collect$$rtentry$$0000000D          0x000004ea   Section        8  __rtentry2.o(.ARM.Collect$$rtentry$$0000000D)
    .ARM.Collect$$rtentry$$00002718          0x000004f4   Section        4  __rtentry7.o(.ARM.Collect$$rtentry$$00002718)
    __lit__00000000                          0x000004f4   Data           4  __rtentry7.o(.ARM.Collect$$rtentry$$00002718)
    .ARM.Collect$$rtexit$$00000000           0x000004f8   Section        2  rtexit.o(.ARM.Collect$$rtexit$$00000000)
    .ARM.Collect$$rtexit$$00000002           0x000004fa   Section        0  rtexit2.o(.ARM.Collect$$rtexit$$00000002)
    .ARM.Collect$$rtexit$$00000003           0x000004fa   Section        4  rtexit2.o(.ARM.Collect$$rtexit$$00000003)
    .ARM.Collect$$rtexit$$00000004           0x000004fe   Section        6  rtexit2.o(.ARM.Collect$$rtexit$$00000004)
    .text                                    0x00000504   Section       56  startup_mk64f12.o(.text)
    $v0                                      0x00000504   Number         0  startup_mk64f12.o(.text)
    .text                                    0x0000053c   Section        0  toupper.o(.text)
    .text                                    0x0000055a   Section        0  strlen.o(.text)
    .text                                    0x00000598   Section      100  rt_memcpy_w.o(.text)
    .text                                    0x000005fc   Section       78  rt_memclr_w.o(.text)
    .text                                    0x0000064c   Section       16  rt_ctype_table.o(.text)
    .text                                    0x0000065c   Section        8  rt_locale_intlibspace.o(.text)
    .text                                    0x00000664   Section        0  exit.o(.text)
    .text                                    0x00000678   Section      128  strcmpv7m.o(.text)
    .text                                    0x000006f8   Section        2  use_no_semi.o(.text)
    .text                                    0x000006fa   Section        0  indicate_semi.o(.text)
    .text                                    0x000006fc   Section        0  sys_exit.o(.text)
    i.SystemInit                             0x00000708   Section        0  system_mk64f12.o(i.SystemInit)
    i.char2char_t                            0x00000734   Section        0  main.o(i.char2char_t)
    i.clear_display                          0x000007a0   Section        0  main.o(i.clear_display)
    i.digital_write                          0x000007b8   Section        0  main.o(i.digital_write)
    i.display_string                         0x000007e8   Section        0  main.o(i.display_string)
    i.init_data_bss                          0x0000081c   Section        0  startup.o(i.init_data_bss)
    i.main                                   0x00000864   Section        0  main.o(i.main)
    i.pause                                  0x000008b4   Section        0  main.o(i.pause)
    i.scroll                                 0x000008c0   Section        0  main.o(i.scroll)
    i.setup                                  0x00000908   Section        0  main.o(i.setup)
    i.shift                                  0x00000980   Section        0  main.o(i.shift)
    i.write                                  0x000009bc   Section        0  main.o(i.write)
    i.write_byte                             0x000009e0   Section        0  main.o(i.write_byte)
    locale$$code                             0x00000a1c   Section       44  lc_ctype_c.o(locale$$code)
    x$fpl$fpinit                             0x00000a48   Section       10  fpinit.o(x$fpl$fpinit)
    $v0                                      0x00000a48   Number         0  fpinit.o(x$fpl$fpinit)
    locale$$data                             0x00000a74   Section      272  lc_ctype_c.o(locale$$data)
    __lcctype_c_name                         0x00000a78   Data           2  lc_ctype_c.o(locale$$data)
    __lcctype_c_start                        0x00000a80   Data           0  lc_ctype_c.o(locale$$data)
    __lcctype_c_end                          0x00000b84   Data           0  lc_ctype_c.o(locale$$data)
    .data                                    0x20000000   Section     1644  main.o(.data)
    .bss                                     0x2000066c   Section       32  main.o(.bss)
    .bss                                     0x2000068c   Section       96  libspace.o(.bss)

    Global Symbols

    Symbol Name                              Value     Ov Type        Size  Object(Section)

    BuildAttributes$$THM_ISAv4$E$P$D$K$B$S$7EM$VFPi3$EXTD16$VFPS$VFMA$PE$A:L22UL41UL21$X:L11$S22US41US21$IEEE1$IW$USESV6$~STKCKD$USESV7$~SHL$OSPACE$ROPI$EBA8$UX$STANDARDLIB$REQ8$PRES8$EABIv2 0x00000000   Number         0  anon$$obj.o ABSOLUTE
    Image$$VECTOR_RAM$$Base                  0x00000000   Number         0  anon$$obj.o ABSOLUTE
    Image$$VECTOR_ROM$$Base                  0x00000000   Number         0  anon$$obj.o ABSOLUTE
    __ARM_use_no_argv                        0x00000000   Number         0  main.o ABSOLUTE
    __Vectors                                0x00000000   Data           4  startup_mk64f12.o(RESET)
    Image$$ZI$$Limit                          - Undefined Weak Reference
    __ARM_exceptions_init                     - Undefined Weak Reference
    __alloca_initialize                       - Undefined Weak Reference
    __arm_preinit_                            - Undefined Weak Reference
    __cpp_initialize__aeabi_                  - Undefined Weak Reference
    __cxa_finalize                            - Undefined Weak Reference
    __sigvec_lookup                           - Undefined Weak Reference
    _atexit_init                              - Undefined Weak Reference
    _call_atexit_fns                          - Undefined Weak Reference
    _clock_init                               - Undefined Weak Reference
    _fp_trap_init                             - Undefined Weak Reference
    _fp_trap_shutdown                         - Undefined Weak Reference
    _get_lc_collate                           - Undefined Weak Reference
    _get_lc_monetary                          - Undefined Weak Reference
    _get_lc_numeric                           - Undefined Weak Reference
    _get_lc_time                              - Undefined Weak Reference
    _getenv_init                              - Undefined Weak Reference
    _handle_redirection                       - Undefined Weak Reference
    _init_alloc                               - Undefined Weak Reference
    _init_user_alloc                          - Undefined Weak Reference
    _initio                                   - Undefined Weak Reference
    _rand_init                                - Undefined Weak Reference
    _signal_finish                            - Undefined Weak Reference
    _signal_init                              - Undefined Weak Reference
    _terminate_alloc                          - Undefined Weak Reference
    _terminate_user_alloc                     - Undefined Weak Reference
    _terminateio                              - Undefined Weak Reference
    __Vectors_End                            0x00000400   Data           0  startup_mk64f12.o(RESET)
    __Vectors_Size                           0x00000400   Number         0  startup_mk64f12.o ABSOLUTE
    __main                                   0x00000411   Thumb Code     8  __main.o(!!!main)
    __scatterload                            0x00000419   Thumb Code     0  __scatter.o(!!!scatter)
    __scatterload_rt2                        0x00000419   Thumb Code    44  __scatter.o(!!!scatter)
    __scatterload_rt2_thumb_only             0x00000419   Thumb Code     0  __scatter.o(!!!scatter)
    __scatterload_null                       0x00000427   Thumb Code     0  __scatter.o(!!!scatter)
    __decompress                             0x0000044d   Thumb Code    90  __dczerorl2.o(!!dczerorl2)
    __decompress1                            0x0000044d   Thumb Code     0  __dczerorl2.o(!!dczerorl2)
    __scatterload_zeroinit                   0x000004a9   Thumb Code    28  __scatter_zi.o(!!handler_zi)
    __rt_lib_init                            0x000004c5   Thumb Code     0  libinit.o(.ARM.Collect$$libinit$$00000000)
    __rt_lib_init_fp_1                       0x000004c7   Thumb Code     0  libinit2.o(.ARM.Collect$$libinit$$00000001)
    __rt_lib_init_heap_1                     0x000004cb   Thumb Code     0  libinit2.o(.ARM.Collect$$libinit$$0000000A)
    __rt_lib_init_lc_common                  0x000004cb   Thumb Code     0  libinit2.o(.ARM.Collect$$libinit$$0000000F)
    __rt_lib_init_preinit_1                  0x000004cb   Thumb Code     0  libinit2.o(.ARM.Collect$$libinit$$00000004)
    __rt_lib_init_rand_1                     0x000004cb   Thumb Code     0  libinit2.o(.ARM.Collect$$libinit$$0000000E)
    __rt_lib_init_user_alloc_1               0x000004cb   Thumb Code     0  libinit2.o(.ARM.Collect$$libinit$$0000000C)
    __rt_lib_init_lc_collate_1               0x000004d1   Thumb Code     0  libinit2.o(.ARM.Collect$$libinit$$00000011)
    __rt_lib_init_lc_ctype_2                 0x000004d1   Thumb Code     0  libinit2.o(.ARM.Collect$$libinit$$00000012)
    __rt_lib_init_alloca_1                   0x000004dd   Thumb Code     0  libinit2.o(.ARM.Collect$$libinit$$0000002E)
    __rt_lib_init_argv_1                     0x000004dd   Thumb Code     0  libinit2.o(.ARM.Collect$$libinit$$0000002C)
    __rt_lib_init_atexit_1                   0x000004dd   Thumb Code     0  libinit2.o(.ARM.Collect$$libinit$$0000001B)
    __rt_lib_init_clock_1                    0x000004dd   Thumb Code     0  libinit2.o(.ARM.Collect$$libinit$$00000021)
    __rt_lib_init_cpp_1                      0x000004dd   Thumb Code     0  libinit2.o(.ARM.Collect$$libinit$$00000032)
    __rt_lib_init_exceptions_1               0x000004dd   Thumb Code     0  libinit2.o(.ARM.Collect$$libinit$$00000030)
    __rt_lib_init_fp_trap_1                  0x000004dd   Thumb Code     0  libinit2.o(.ARM.Collect$$libinit$$0000001F)
    __rt_lib_init_getenv_1                   0x000004dd   Thumb Code     0  libinit2.o(.ARM.Collect$$libinit$$00000023)
    __rt_lib_init_lc_ctype_1                 0x000004dd   Thumb Code     0  libinit2.o(.ARM.Collect$$libinit$$00000013)
    __rt_lib_init_lc_monetary_1              0x000004dd   Thumb Code     0  libinit2.o(.ARM.Collect$$libinit$$00000015)
    __rt_lib_init_lc_numeric_1               0x000004dd   Thumb Code     0  libinit2.o(.ARM.Collect$$libinit$$00000017)
    __rt_lib_init_lc_time_1                  0x000004dd   Thumb Code     0  libinit2.o(.ARM.Collect$$libinit$$00000019)
    __rt_lib_init_return                     0x000004dd   Thumb Code     0  libinit2.o(.ARM.Collect$$libinit$$00000033)
    __rt_lib_init_signal_1                   0x000004dd   Thumb Code     0  libinit2.o(.ARM.Collect$$libinit$$0000001D)
    __rt_lib_init_stdio_1                    0x000004dd   Thumb Code     0  libinit2.o(.ARM.Collect$$libinit$$00000025)
    __rt_lib_shutdown                        0x000004df   Thumb Code     0  libshutdown.o(.ARM.Collect$$libshutdown$$00000000)
    __rt_lib_shutdown_cpp_1                  0x000004e1   Thumb Code     0  libshutdown2.o(.ARM.Collect$$libshutdown$$00000002)
    __rt_lib_shutdown_fp_trap_1              0x000004e1   Thumb Code     0  libshutdown2.o(.ARM.Collect$$libshutdown$$00000007)
    __rt_lib_shutdown_heap_1                 0x000004e1   Thumb Code     0  libshutdown2.o(.ARM.Collect$$libshutdown$$0000000F)
    __rt_lib_shutdown_return                 0x000004e1   Thumb Code     0  libshutdown2.o(.ARM.Collect$$libshutdown$$00000010)
    __rt_lib_shutdown_signal_1               0x000004e1   Thumb Code     0  libshutdown2.o(.ARM.Collect$$libshutdown$$0000000A)
    __rt_lib_shutdown_stdio_1                0x000004e1   Thumb Code     0  libshutdown2.o(.ARM.Collect$$libshutdown$$00000004)
    __rt_lib_shutdown_user_alloc_1           0x000004e1   Thumb Code     0  libshutdown2.o(.ARM.Collect$$libshutdown$$0000000C)
    __rt_entry                               0x000004e3   Thumb Code     0  __rtentry.o(.ARM.Collect$$rtentry$$00000000)
    __rt_entry_presh_1                       0x000004e3   Thumb Code     0  __rtentry2.o(.ARM.Collect$$rtentry$$00000002)
    __rt_entry_sh                            0x000004e3   Thumb Code     0  __rtentry7.o(.ARM.Collect$$rtentry$$00000007)
    __rt_entry_li                            0x000004e7   Thumb Code     0  __rtentry2.o(.ARM.Collect$$rtentry$$0000000A)
    __rt_entry_postsh_1                      0x000004e7   Thumb Code     0  __rtentry2.o(.ARM.Collect$$rtentry$$00000009)
    __rt_entry_main                          0x000004eb   Thumb Code     0  __rtentry2.o(.ARM.Collect$$rtentry$$0000000D)
    __rt_entry_postli_1                      0x000004eb   Thumb Code     0  __rtentry2.o(.ARM.Collect$$rtentry$$0000000C)
    __rt_exit                                0x000004f9   Thumb Code     0  rtexit.o(.ARM.Collect$$rtexit$$00000000)
    __rt_exit_ls                             0x000004fb   Thumb Code     0  rtexit2.o(.ARM.Collect$$rtexit$$00000003)
    __rt_exit_prels_1                        0x000004fb   Thumb Code     0  rtexit2.o(.ARM.Collect$$rtexit$$00000002)
    __rt_exit_exit                           0x000004ff   Thumb Code     0  rtexit2.o(.ARM.Collect$$rtexit$$00000004)
    Reset_Handler                            0x00000505   Thumb Code    18  startup_mk64f12.o(.text)
    NMI_Handler                              0x00000517   Thumb Code     2  startup_mk64f12.o(.text)
    HardFault_Handler                        0x00000519   Thumb Code     2  startup_mk64f12.o(.text)
    MemManage_Handler                        0x0000051b   Thumb Code     2  startup_mk64f12.o(.text)
    BusFault_Handler                         0x0000051d   Thumb Code     2  startup_mk64f12.o(.text)
    UsageFault_Handler                       0x0000051f   Thumb Code     2  startup_mk64f12.o(.text)
    SVC_Handler                              0x00000521   Thumb Code     2  startup_mk64f12.o(.text)
    DebugMon_Handler                         0x00000523   Thumb Code     2  startup_mk64f12.o(.text)
    PendSV_Handler                           0x00000525   Thumb Code     2  startup_mk64f12.o(.text)
    SysTick_Handler                          0x00000527   Thumb Code     2  startup_mk64f12.o(.text)
    ADC0_IRQHandler                          0x00000529   Thumb Code     0  startup_mk64f12.o(.text)
    ADC1_IRQHandler                          0x00000529   Thumb Code     0  startup_mk64f12.o(.text)
    CAN0_Bus_Off_IRQHandler                  0x00000529   Thumb Code     0  startup_mk64f12.o(.text)
    CAN0_Error_IRQHandler                    0x00000529   Thumb Code     0  startup_mk64f12.o(.text)
    CAN0_ORed_Message_buffer_IRQHandler      0x00000529   Thumb Code     0  startup_mk64f12.o(.text)
    CAN0_Rx_Warning_IRQHandler               0x00000529   Thumb Code     0  startup_mk64f12.o(.text)
    CAN0_Tx_Warning_IRQHandler               0x00000529   Thumb Code     0  startup_mk64f12.o(.text)
    CAN0_Wake_Up_IRQHandler                  0x00000529   Thumb Code     0  startup_mk64f12.o(.text)
    CMP0_IRQHandler                          0x00000529   Thumb Code     0  startup_mk64f12.o(.text)
    CMP1_IRQHandler                          0x00000529   Thumb Code     0  startup_mk64f12.o(.text)
    CMP2_IRQHandler                          0x00000529   Thumb Code     0  startup_mk64f12.o(.text)
    CMT_IRQHandler                           0x00000529   Thumb Code     0  startup_mk64f12.o(.text)
    DAC0_IRQHandler                          0x00000529   Thumb Code     0  startup_mk64f12.o(.text)
    DAC1_IRQHandler                          0x00000529   Thumb Code     0  startup_mk64f12.o(.text)
    DMA0_IRQHandler                          0x00000529   Thumb Code     0  startup_mk64f12.o(.text)
    DMA10_IRQHandler                         0x00000529   Thumb Code     0  startup_mk64f12.o(.text)
    DMA11_IRQHandler                         0x00000529   Thumb Code     0  startup_mk64f12.o(.text)
    DMA12_IRQHandler                         0x00000529   Thumb Code     0  startup_mk64f12.o(.text)
    DMA13_IRQHandler                         0x00000529   Thumb Code     0  startup_mk64f12.o(.text)
    DMA14_IRQHandler                         0x00000529   Thumb Code     0  startup_mk64f12.o(.text)
    DMA15_IRQHandler                         0x00000529   Thumb Code     0  startup_mk64f12.o(.text)
    DMA1_IRQHandler                          0x00000529   Thumb Code     0  startup_mk64f12.o(.text)
    DMA2_IRQHandler                          0x00000529   Thumb Code     0  startup_mk64f12.o(.text)
    DMA3_IRQHandler                          0x00000529   Thumb Code     0  startup_mk64f12.o(.text)
    DMA4_IRQHandler                          0x00000529   Thumb Code     0  startup_mk64f12.o(.text)
    DMA5_IRQHandler                          0x00000529   Thumb Code     0  startup_mk64f12.o(.text)
    DMA6_IRQHandler                          0x00000529   Thumb Code     0  startup_mk64f12.o(.text)
    DMA7_IRQHandler                          0x00000529   Thumb Code     0  startup_mk64f12.o(.text)
    DMA8_IRQHandler                          0x00000529   Thumb Code     0  startup_mk64f12.o(.text)
    DMA9_IRQHandler                          0x00000529   Thumb Code     0  startup_mk64f12.o(.text)
    DMA_Error_IRQHandler                     0x00000529   Thumb Code     0  startup_mk64f12.o(.text)
    DefaultISR                               0x00000529   Thumb Code     0  startup_mk64f12.o(.text)
    ENET_1588_Timer_IRQHandler               0x00000529   Thumb Code     0  startup_mk64f12.o(.text)
    ENET_Error_IRQHandler                    0x00000529   Thumb Code     0  startup_mk64f12.o(.text)
    ENET_Receive_IRQHandler                  0x00000529   Thumb Code     0  startup_mk64f12.o(.text)
    ENET_Transmit_IRQHandler                 0x00000529   Thumb Code     0  startup_mk64f12.o(.text)
    FTFE_IRQHandler                          0x00000529   Thumb Code     0  startup_mk64f12.o(.text)
    FTM0_IRQHandler                          0x00000529   Thumb Code     0  startup_mk64f12.o(.text)
    FTM1_IRQHandler                          0x00000529   Thumb Code     0  startup_mk64f12.o(.text)
    FTM2_IRQHandler                          0x00000529   Thumb Code     0  startup_mk64f12.o(.text)
    FTM3_IRQHandler                          0x00000529   Thumb Code     0  startup_mk64f12.o(.text)
    I2C0_IRQHandler                          0x00000529   Thumb Code     0  startup_mk64f12.o(.text)
    I2C1_IRQHandler                          0x00000529   Thumb Code     0  startup_mk64f12.o(.text)
    I2C2_IRQHandler                          0x00000529   Thumb Code     0  startup_mk64f12.o(.text)
    I2S0_Rx_IRQHandler                       0x00000529   Thumb Code     0  startup_mk64f12.o(.text)
    I2S0_Tx_IRQHandler                       0x00000529   Thumb Code     0  startup_mk64f12.o(.text)
    LLWU_IRQHandler                          0x00000529   Thumb Code     0  startup_mk64f12.o(.text)
    LPTMR0_IRQHandler                        0x00000529   Thumb Code     0  startup_mk64f12.o(.text)
    LVD_LVW_IRQHandler                       0x00000529   Thumb Code     0  startup_mk64f12.o(.text)
    MCG_IRQHandler                           0x00000529   Thumb Code     0  startup_mk64f12.o(.text)
    MCM_IRQHandler                           0x00000529   Thumb Code     0  startup_mk64f12.o(.text)
    PDB0_IRQHandler                          0x00000529   Thumb Code     0  startup_mk64f12.o(.text)
    PIT0_IRQHandler                          0x00000529   Thumb Code     0  startup_mk64f12.o(.text)
    PIT1_IRQHandler                          0x00000529   Thumb Code     0  startup_mk64f12.o(.text)
    PIT2_IRQHandler                          0x00000529   Thumb Code     0  startup_mk64f12.o(.text)
    PIT3_IRQHandler                          0x00000529   Thumb Code     0  startup_mk64f12.o(.text)
    PORTA_IRQHandler                         0x00000529   Thumb Code     0  startup_mk64f12.o(.text)
    PORTB_IRQHandler                         0x00000529   Thumb Code     0  startup_mk64f12.o(.text)
    PORTC_IRQHandler                         0x00000529   Thumb Code     0  startup_mk64f12.o(.text)
    PORTD_IRQHandler                         0x00000529   Thumb Code     0  startup_mk64f12.o(.text)
    PORTE_IRQHandler                         0x00000529   Thumb Code     0  startup_mk64f12.o(.text)
    RNG_IRQHandler                           0x00000529   Thumb Code     0  startup_mk64f12.o(.text)
    RTC_IRQHandler                           0x00000529   Thumb Code     0  startup_mk64f12.o(.text)
    RTC_Seconds_IRQHandler                   0x00000529   Thumb Code     0  startup_mk64f12.o(.text)
    Read_Collision_IRQHandler                0x00000529   Thumb Code     0  startup_mk64f12.o(.text)
    Reserved71_IRQHandler                    0x00000529   Thumb Code     0  startup_mk64f12.o(.text)
    SDHC_IRQHandler                          0x00000529   Thumb Code     0  startup_mk64f12.o(.text)
    SPI0_IRQHandler                          0x00000529   Thumb Code     0  startup_mk64f12.o(.text)
    SPI1_IRQHandler                          0x00000529   Thumb Code     0  startup_mk64f12.o(.text)
    SPI2_IRQHandler                          0x00000529   Thumb Code     0  startup_mk64f12.o(.text)
    SWI_IRQHandler                           0x00000529   Thumb Code     0  startup_mk64f12.o(.text)
    UART0_ERR_IRQHandler                     0x00000529   Thumb Code     0  startup_mk64f12.o(.text)
    UART0_LON_IRQHandler                     0x00000529   Thumb Code     0  startup_mk64f12.o(.text)
    UART0_RX_TX_IRQHandler                   0x00000529   Thumb Code     0  startup_mk64f12.o(.text)
    UART1_ERR_IRQHandler                     0x00000529   Thumb Code     0  startup_mk64f12.o(.text)
    UART1_RX_TX_IRQHandler                   0x00000529   Thumb Code     0  startup_mk64f12.o(.text)
    UART2_ERR_IRQHandler                     0x00000529   Thumb Code     0  startup_mk64f12.o(.text)
    UART2_RX_TX_IRQHandler                   0x00000529   Thumb Code     0  startup_mk64f12.o(.text)
    UART3_ERR_IRQHandler                     0x00000529   Thumb Code     0  startup_mk64f12.o(.text)
    UART3_RX_TX_IRQHandler                   0x00000529   Thumb Code     0  startup_mk64f12.o(.text)
    UART4_ERR_IRQHandler                     0x00000529   Thumb Code     0  startup_mk64f12.o(.text)
    UART4_RX_TX_IRQHandler                   0x00000529   Thumb Code     0  startup_mk64f12.o(.text)
    UART5_ERR_IRQHandler                     0x00000529   Thumb Code     0  startup_mk64f12.o(.text)
    UART5_RX_TX_IRQHandler                   0x00000529   Thumb Code     0  startup_mk64f12.o(.text)
    USB0_IRQHandler                          0x00000529   Thumb Code     0  startup_mk64f12.o(.text)
    USBDCD_IRQHandler                        0x00000529   Thumb Code     0  startup_mk64f12.o(.text)
    WDOG_EWM_IRQHandler                      0x00000529   Thumb Code     0  startup_mk64f12.o(.text)
    toupper                                  0x0000053d   Thumb Code    30  toupper.o(.text)
    strlen                                   0x0000055b   Thumb Code    62  strlen.o(.text)
    __aeabi_memcpy4                          0x00000599   Thumb Code     0  rt_memcpy_w.o(.text)
    __aeabi_memcpy8                          0x00000599   Thumb Code     0  rt_memcpy_w.o(.text)
    __rt_memcpy_w                            0x00000599   Thumb Code   100  rt_memcpy_w.o(.text)
    _memcpy_lastbytes_aligned                0x000005e1   Thumb Code     0  rt_memcpy_w.o(.text)
    __aeabi_memclr4                          0x000005fd   Thumb Code     0  rt_memclr_w.o(.text)
    __aeabi_memclr8                          0x000005fd   Thumb Code     0  rt_memclr_w.o(.text)
    __rt_memclr_w                            0x000005fd   Thumb Code    78  rt_memclr_w.o(.text)
    _memset_w                                0x00000601   Thumb Code     0  rt_memclr_w.o(.text)
    __rt_ctype_table                         0x0000064d   Thumb Code    16  rt_ctype_table.o(.text)
    __rt_locale                              0x0000065d   Thumb Code     8  rt_locale_intlibspace.o(.text)
    exit                                     0x00000665   Thumb Code    18  exit.o(.text)
    strcmp                                   0x00000679   Thumb Code   128  strcmpv7m.o(.text)
    __I$use$semihosting                      0x000006f9   Thumb Code     0  use_no_semi.o(.text)
    __use_no_semihosting_swi                 0x000006f9   Thumb Code     2  use_no_semi.o(.text)
    __semihosting_library_function           0x000006fb   Thumb Code     0  indicate_semi.o(.text)
    _sys_exit                                0x000006fd   Thumb Code     8  sys_exit.o(.text)
    SystemInit                               0x00000709   Thumb Code    34  system_mk64f12.o(i.SystemInit)
    char2char_t                              0x00000735   Thumb Code    98  main.o(i.char2char_t)
    clear_display                            0x000007a1   Thumb Code    22  main.o(i.clear_display)
    digital_write                            0x000007b9   Thumb Code    44  main.o(i.digital_write)
    display_string                           0x000007e9   Thumb Code    52  main.o(i.display_string)
    init_data_bss                            0x0000081d   Thumb Code    54  startup.o(i.init_data_bss)
    main                                     0x00000865   Thumb Code    16  main.o(i.main)
    pause                                    0x000008b5   Thumb Code    12  main.o(i.pause)
    scroll                                   0x000008c1   Thumb Code    62  main.o(i.scroll)
    setup                                    0x00000909   Thumb Code   106  main.o(i.setup)
    shift                                    0x00000981   Thumb Code    54  main.o(i.shift)
    write                                    0x000009bd   Thumb Code    36  main.o(i.write)
    write_byte                               0x000009e1   Thumb Code    58  main.o(i.write_byte)
    _get_lc_ctype                            0x00000a1d   Thumb Code    44  lc_ctype_c.o(locale$$code)
    _fp_init                                 0x00000a49   Thumb Code    10  fpinit.o(x$fpl$fpinit)
    __fplib_config_fpu_vfp                   0x00000a51   Thumb Code     0  fpinit.o(x$fpl$fpinit)
    __fplib_config_pureend_doubles           0x00000a51   Thumb Code     0  fpinit.o(x$fpl$fpinit)
    Region$$Table$$Base                      0x00000a54   Number         0  anon$$obj.o(Region$$Table)
    Region$$Table$$Limit                     0x00000a74   Number         0  anon$$obj.o(Region$$Table)
    __ctype                                  0x00000a81   Data           0  lc_ctype_c.o(locale$$data)
    Image$$RW_m_data$$Base                   0x1fff0000   Number         0  anon$$obj.o ABSOLUTE
    char_t_library_len                       0x20000000   Data           4  main.o(.data)
    char_t_library                           0x20000004   Data        1640  main.o(.data)
    STATE                                    0x2000066c   Data          32  main.o(.bss)
    __libspace_start                         0x2000068c   Data          96  libspace.o(.bss)
    Image$$ARM_LIB_HEAP$$ZI$$Base            0x200006ec   Number         0  anon$$obj.o ABSOLUTE
    __temporary_stack_top$libspace           0x200006ec   Data           0  libspace.o(.bss)
    Image$$ARM_LIB_HEAP$$ZI$$Limit           0x20000aec   Number         0  anon$$obj.o ABSOLUTE
    Image$$ARM_LIB_STACK$$ZI$$Limit          0x20030000   Number         0  anon$$obj.o ABSOLUTE



==============================================================================

Memory Map of the image

  Image Entry point : 0x00000411

  Load Region LR_m_text (Base: 0x00000410, Size: 0x00000de0, Max: 0x000ffbf0, ABSOLUTE, COMPRESSED[0x000008dc])

    Execution Region ER_m_text (Base: 0x00000410, Size: 0x00000774, Max: 0x000ffbf0, ABSOLUTE)

    Base Addr    Size         Type   Attr      Idx    E Section Name        Object

    0x00000410   0x00000008   Code   RO          216  * !!!main             c_w.l(__main.o)
    0x00000418   0x00000034   Code   RO          398    !!!scatter          c_w.l(__scatter.o)
    0x0000044c   0x0000005a   Code   RO          396    !!dczerorl2         c_w.l(__dczerorl2.o)
    0x000004a6   0x00000002   PAD
    0x000004a8   0x0000001c   Code   RO          400    !!handler_zi        c_w.l(__scatter_zi.o)
    0x000004c4   0x00000002   Code   RO          263    .ARM.Collect$$libinit$$00000000  c_w.l(libinit.o)
    0x000004c6   0x00000004   Code   RO          264    .ARM.Collect$$libinit$$00000001  c_w.l(libinit2.o)
    0x000004ca   0x00000000   Code   RO          267    .ARM.Collect$$libinit$$00000004  c_w.l(libinit2.o)
    0x000004ca   0x00000000   Code   RO          270    .ARM.Collect$$libinit$$0000000A  c_w.l(libinit2.o)
    0x000004ca   0x00000000   Code   RO          272    .ARM.Collect$$libinit$$0000000C  c_w.l(libinit2.o)
    0x000004ca   0x00000000   Code   RO          274    .ARM.Collect$$libinit$$0000000E  c_w.l(libinit2.o)
    0x000004ca   0x00000006   Code   RO          275    .ARM.Collect$$libinit$$0000000F  c_w.l(libinit2.o)
    0x000004d0   0x00000000   Code   RO          277    .ARM.Collect$$libinit$$00000011  c_w.l(libinit2.o)
    0x000004d0   0x0000000c   Code   RO          278    .ARM.Collect$$libinit$$00000012  c_w.l(libinit2.o)
    0x000004dc   0x00000000   Code   RO          279    .ARM.Collect$$libinit$$00000013  c_w.l(libinit2.o)
    0x000004dc   0x00000000   Code   RO          281    .ARM.Collect$$libinit$$00000015  c_w.l(libinit2.o)
    0x000004dc   0x00000000   Code   RO          283    .ARM.Collect$$libinit$$00000017  c_w.l(libinit2.o)
    0x000004dc   0x00000000   Code   RO          285    .ARM.Collect$$libinit$$00000019  c_w.l(libinit2.o)
    0x000004dc   0x00000000   Code   RO          287    .ARM.Collect$$libinit$$0000001B  c_w.l(libinit2.o)
    0x000004dc   0x00000000   Code   RO          289    .ARM.Collect$$libinit$$0000001D  c_w.l(libinit2.o)
    0x000004dc   0x00000000   Code   RO          291    .ARM.Collect$$libinit$$0000001F  c_w.l(libinit2.o)
    0x000004dc   0x00000000   Code   RO          293    .ARM.Collect$$libinit$$00000021  c_w.l(libinit2.o)
    0x000004dc   0x00000000   Code   RO          295    .ARM.Collect$$libinit$$00000023  c_w.l(libinit2.o)
    0x000004dc   0x00000000   Code   RO          297    .ARM.Collect$$libinit$$00000025  c_w.l(libinit2.o)
    0x000004dc   0x00000000   Code   RO          301    .ARM.Collect$$libinit$$0000002C  c_w.l(libinit2.o)
    0x000004dc   0x00000000   Code   RO          303    .ARM.Collect$$libinit$$0000002E  c_w.l(libinit2.o)
    0x000004dc   0x00000000   Code   RO          305    .ARM.Collect$$libinit$$00000030  c_w.l(libinit2.o)
    0x000004dc   0x00000000   Code   RO          307    .ARM.Collect$$libinit$$00000032  c_w.l(libinit2.o)
    0x000004dc   0x00000002   Code   RO          308    .ARM.Collect$$libinit$$00000033  c_w.l(libinit2.o)
    0x000004de   0x00000002   Code   RO          347    .ARM.Collect$$libshutdown$$00000000  c_w.l(libshutdown.o)
    0x000004e0   0x00000000   Code   RO          355    .ARM.Collect$$libshutdown$$00000002  c_w.l(libshutdown2.o)
    0x000004e0   0x00000000   Code   RO          357    .ARM.Collect$$libshutdown$$00000004  c_w.l(libshutdown2.o)
    0x000004e0   0x00000000   Code   RO          360    .ARM.Collect$$libshutdown$$00000007  c_w.l(libshutdown2.o)
    0x000004e0   0x00000000   Code   RO          363    .ARM.Collect$$libshutdown$$0000000A  c_w.l(libshutdown2.o)
    0x000004e0   0x00000000   Code   RO          365    .ARM.Collect$$libshutdown$$0000000C  c_w.l(libshutdown2.o)
    0x000004e0   0x00000000   Code   RO          368    .ARM.Collect$$libshutdown$$0000000F  c_w.l(libshutdown2.o)
    0x000004e0   0x00000002   Code   RO          369    .ARM.Collect$$libshutdown$$00000010  c_w.l(libshutdown2.o)
    0x000004e2   0x00000000   Code   RO          218    .ARM.Collect$$rtentry$$00000000  c_w.l(__rtentry.o)
    0x000004e2   0x00000000   Code   RO          222    .ARM.Collect$$rtentry$$00000002  c_w.l(__rtentry2.o)
    0x000004e2   0x00000004   Code   RO          236    .ARM.Collect$$rtentry$$00000007  c_w.l(__rtentry7.o)
    0x000004e6   0x00000000   Code   RO          224    .ARM.Collect$$rtentry$$00000009  c_w.l(__rtentry2.o)
    0x000004e6   0x00000004   Code   RO          225    .ARM.Collect$$rtentry$$0000000A  c_w.l(__rtentry2.o)
    0x000004ea   0x00000000   Code   RO          227    .ARM.Collect$$rtentry$$0000000C  c_w.l(__rtentry2.o)
    0x000004ea   0x00000008   Code   RO          228    .ARM.Collect$$rtentry$$0000000D  c_w.l(__rtentry2.o)
    0x000004f2   0x00000002   PAD
    0x000004f4   0x00000004   Code   RO          237    .ARM.Collect$$rtentry$$00002718  c_w.l(__rtentry7.o)
    0x000004f8   0x00000002   Code   RO          311    .ARM.Collect$$rtexit$$00000000  c_w.l(rtexit.o)
    0x000004fa   0x00000000   Code   RO          325    .ARM.Collect$$rtexit$$00000002  c_w.l(rtexit2.o)
    0x000004fa   0x00000004   Code   RO          326    .ARM.Collect$$rtexit$$00000003  c_w.l(rtexit2.o)
    0x000004fe   0x00000006   Code   RO          327    .ARM.Collect$$rtexit$$00000004  c_w.l(rtexit2.o)
    0x00000504   0x00000038   Code   RO          166    .text               startup_mk64f12.o
    0x0000053c   0x0000001e   Code   RO          208    .text               c_w.l(toupper.o)
    0x0000055a   0x0000003e   Code   RO          210    .text               c_w.l(strlen.o)
    0x00000598   0x00000064   Code   RO          212    .text               c_w.l(rt_memcpy_w.o)
    0x000005fc   0x0000004e   Code   RO          214    .text               c_w.l(rt_memclr_w.o)
    0x0000064a   0x00000002   PAD
    0x0000064c   0x00000010   Code   RO          219    .text               c_w.l(rt_ctype_table.o)
    0x0000065c   0x00000008   Code   RO          244    .text               c_w.l(rt_locale_intlibspace.o)
    0x00000664   0x00000012   Code   RO          254    .text               c_w.l(exit.o)
    0x00000676   0x00000002   PAD
    0x00000678   0x00000080   Code   RO          256    .text               c_w.l(strcmpv7m.o)
    0x000006f8   0x00000002   Code   RO          321    .text               c_w.l(use_no_semi.o)
    0x000006fa   0x00000000   Code   RO          323    .text               c_w.l(indicate_semi.o)
    0x000006fa   0x00000002   PAD
    0x000006fc   0x0000000c   Code   RO          337    .text               c_w.l(sys_exit.o)
    0x00000708   0x0000002c   Code   RO          174    i.SystemInit        system_mk64f12.o
    0x00000734   0x0000006c   Code   RO            7    i.char2char_t       main.o
    0x000007a0   0x00000016   Code   RO            8    i.clear_display     main.o
    0x000007b6   0x00000002   PAD
    0x000007b8   0x00000030   Code   RO            9    i.digital_write     main.o
    0x000007e8   0x00000034   Code   RO           10    i.display_string    main.o
    0x0000081c   0x00000048   Code   RO          139    i.init_data_bss     startup.o
    0x00000864   0x00000050   Code   RO           11    i.main              main.o
    0x000008b4   0x0000000c   Code   RO           12    i.pause             main.o
    0x000008c0   0x00000048   Code   RO           13    i.scroll            main.o
    0x00000908   0x00000078   Code   RO           14    i.setup             main.o
    0x00000980   0x0000003c   Code   RO           15    i.shift             main.o
    0x000009bc   0x00000024   Code   RO           16    i.write             main.o
    0x000009e0   0x0000003a   Code   RO           17    i.write_byte        main.o
    0x00000a1a   0x00000002   PAD
    0x00000a1c   0x0000002c   Code   RO          247    locale$$code        c_w.l(lc_ctype_c.o)
    0x00000a48   0x0000000a   Code   RO          319    x$fpl$fpinit        fz_wm.l(fpinit.o)
    0x00000a52   0x00000002   PAD
    0x00000a54   0x00000020   Data   RO          394    Region$$Table       anon$$obj.o
    0x00000a74   0x00000110   Data   RO          246    locale$$data        c_w.l(lc_ctype_c.o)


    Execution Region RW_m_data (Base: 0x1fff0000, Size: 0x00000000, Max: 0x00010000, ABSOLUTE)

    **** No section assigned to this execution region ****


    Execution Region RW_m_data_2 (Base: 0x20000000, Size: 0x000006ec, Max: 0x0002f800, ABSOLUTE, COMPRESSED[0x00000168])

    Base Addr    Size         Type   Attr      Idx    E Section Name        Object

    0x20000000   0x0000066c   Data   RW           19    .data               main.o
    0x2000066c   0x00000020   Zero   RW           18    .bss                main.o
    0x2000068c   0x00000060   Zero   RW          250    .bss                c_w.l(libspace.o)


    Execution Region ARM_LIB_HEAP (Base: 0x200006ec, Size: 0x00000400, Max: 0x00000400, ABSOLUTE)

    Base Addr    Size         Type   Attr      Idx    E Section Name        Object

    0x200006ec   0x00000400   Zero   RW            1    ARM_LIB_HEAP.bss    anon$$obj.o


    Execution Region ARM_LIB_STACK (Base: 0x2002fc00, Size: 0x00000400, Max: 0x00000400, ABSOLUTE)

    Base Addr    Size         Type   Attr      Idx    E Section Name        Object

    0x2002fc00   0x00000400   Zero   RW            2    ARM_LIB_STACK.bss   anon$$obj.o



  Load Region LR_m_interrupts (Base: 0x00000000, Size: 0x00000400, Max: 0x00000400, ABSOLUTE)

    Execution Region VECTOR_RAM (Base: 0x00000000, Size: 0x00000000, Max: 0x00000000, ABSOLUTE)

    Base Addr    Size         Type   Attr      Idx    E Section Name        Object

    0x00000000   0x00000000   Zero   RW            3    VECTOR_RAM.bss      anon$$obj.o


    Execution Region VECTOR_ROM (Base: 0x00000000, Size: 0x00000400, Max: 0x00000400, ABSOLUTE)

    Base Addr    Size         Type   Attr      Idx    E Section Name        Object

    0x00000000   0x00000400   Data   RO          164    RESET               startup_mk64f12.o



  Load Region LR_m_flash_config (Base: 0x00000400, Size: 0x00000010, Max: 0x00000010, ABSOLUTE)

    Execution Region ER_m_flash_config (Base: 0x00000400, Size: 0x00000010, Max: 0x00000010, ABSOLUTE)

    Base Addr    Size         Type   Attr      Idx    E Section Name        Object

    0x00000400   0x00000010   Data   RO          165    FlashConfig         startup_mk64f12.o


==============================================================================

Image component sizes


      Code (inc. data)   RO Data    RW Data    ZI Data      Debug   Object Name

       668        108          0       1644         32      11250   main.o
        72         18          0          0          0        580   startup.o
        56         18       1040          0          0        860   startup_mk64f12.o
        44         10          0          0          0        509   system_mk64f12.o

    ----------------------------------------------------------------------
       844        154       1072       1644       2080      13199   Object Totals
         0          0         32          0       2048          0   (incl. Generated)
         4          0          0          0          0          0   (incl. Padding)

    ----------------------------------------------------------------------

      Code (inc. data)   RO Data    RW Data    ZI Data      Debug   Library Member Name

        90          0          0          0          0          0   __dczerorl2.o
         8          0          0          0          0         68   __main.o
         0          0          0          0          0          0   __rtentry.o
        12          0          0          0          0          0   __rtentry2.o
         8          4          0          0          0          0   __rtentry7.o
        52          8          0          0          0          0   __scatter.o
        28          0          0          0          0          0   __scatter_zi.o
        18          0          0          0          0         80   exit.o
         0          0          0          0          0          0   indicate_semi.o
        44         10        272          0          0         76   lc_ctype_c.o
         2          0          0          0          0          0   libinit.o
        24          0          0          0          0          0   libinit2.o
         2          0          0          0          0          0   libshutdown.o
         2          0          0          0          0          0   libshutdown2.o
         0          0          0          0         96          0   libspace.o
        16          4          0          0          0         76   rt_ctype_table.o
         8          4          0          0          0         68   rt_locale_intlibspace.o
        78          0          0          0          0         80   rt_memclr_w.o
       100          0          0          0          0         80   rt_memcpy_w.o
         2          0          0          0          0          0   rtexit.o
        10          0          0          0          0          0   rtexit2.o
       128          0          0          0          0         68   strcmpv7m.o
        62          0          0          0          0         76   strlen.o
        12          4          0          0          0         68   sys_exit.o
        30          0          0          0          0         76   toupper.o
         2          0          0          0          0         68   use_no_semi.o
        10          0          0          0          0        116   fpinit.o

    ----------------------------------------------------------------------
       760         34        272          0         96       1000   Library Totals
        12          0          0          0          0          0   (incl. Padding)

    ----------------------------------------------------------------------

      Code (inc. data)   RO Data    RW Data    ZI Data      Debug   Library Name

       738         34        272          0         96        884   c_w.l
        10          0          0          0          0        116   fz_wm.l

    ----------------------------------------------------------------------
       760         34        272          0         96       1000   Library Totals

    ----------------------------------------------------------------------

==============================================================================


      Code (inc. data)   RO Data    RW Data    ZI Data      Debug   

      1604        188       1344       1644       2176      12883   Grand Totals
      1604        188       1344        360       2176      12883   ELF Image Totals (compressed)
      1604        188       1344        360          0          0   ROM Totals

==============================================================================

    Total RO  Size (Code + RO Data)                 2948 (   2.88kB)
    Total RW  Size (RW Data + ZI Data)              3820 (   3.73kB)
    Total ROM Size (Code + RO Data + RW Data)       3308 (   3.23kB)

==============================================================================

