Component: ARM Compiler 5.06 update 4 (build 422) Tool: armlink [4d35d2]

==============================================================================

Section Cross References

    main.o(i.main) refers to rt_cmsis.o(i.osKernelInitialize) for osKernelInitialize
    main.o(i.main) refers to hardware_init.o(i.hardware_init) for hardware_init
    main.o(i.main) refers to led_frdm_k64f.o(i.LED_Initialize) for LED_Initialize
    main.o(i.main) refers to sensorthread.o(i.Init_Thread) for Init_Thread
    main.o(i.main) refers to rt_cmsis.o(i.osKernelStart) for osKernelStart
    main.o(i.main) refers to rt_cmsis.o(i.osDelay) for osDelay
    main.o(i.main) refers to led_frdm_k64f.o(i.LED_On) for LED_On
    main.o(i.main) refers to led_frdm_k64f.o(i.LED_Off) for LED_Off
    sensorthread.o(i.Init_Thread) refers to rt_cmsis.o(i.osThreadCreate) for osThreadCreate
    sensorthread.o(i.Init_Thread) refers to sensorthread.o(.constdata) for os_thread_def_Thread
    sensorthread.o(i.Init_Thread) refers to sensorthread.o(.data) for tid_Thread
    sensorthread.o(i.Thread) refers to rt_cmsis.o(i.osDelay) for osDelay
    sensorthread.o(i.Thread) refers to led_frdm_k64f.o(i.LED_Off) for LED_Off
    sensorthread.o(i.Thread) refers to led_frdm_k64f.o(i.LED_On) for LED_On
    sensorthread.o(i.Thread) refers to rt_cmsis.o(i.osThreadYield) for osThreadYield
    sensorthread.o(.constdata) refers to sensorthread.o(i.Thread) for Thread
    led_frdm_k64f.o(i.LED_Initialize) refers to fsl_gpio_driver.o(i.GPIO_DRV_Init) for GPIO_DRV_Init
    led_frdm_k64f.o(i.LED_Initialize) refers to gpio_pins.o(.constdata) for ledPins
    led_frdm_k64f.o(i.LED_Off) refers to fsl_gpio_driver.o(i.GPIO_DRV_WritePinOutput) for GPIO_DRV_WritePinOutput
    led_frdm_k64f.o(i.LED_Off) refers to gpio_pins.o(.constdata) for ledPins
    led_frdm_k64f.o(i.LED_On) refers to fsl_gpio_driver.o(i.GPIO_DRV_WritePinOutput) for GPIO_DRV_WritePinOutput
    led_frdm_k64f.o(i.LED_On) refers to gpio_pins.o(.constdata) for ledPins
    led_frdm_k64f.o(i.LED_SetOut) refers to led_frdm_k64f.o(i.LED_On) for LED_On
    led_frdm_k64f.o(i.LED_SetOut) refers to led_frdm_k64f.o(i.LED_Off) for LED_Off
    rtx_conf_cm.o(.ARM.Collect$$$$000000FF) refers to rt_cmsis.o(i.osKernelInitialize) for osKernelInitialize
    rtx_conf_cm.o(.ARM.Collect$$$$000000FF) refers to rt_cmsis.o(i.osThreadCreate) for osThreadCreate
    rtx_conf_cm.o(.ARM.Collect$$$$000000FF) refers to rt_cmsis.o(i.osKernelStart) for osKernelStart
    rtx_conf_cm.o(.ARM.Collect$$$$000000FF) refers to rtx_conf_cm.o(.constdata) for .constdata
    rtx_conf_cm.o(.constdata) refers to rt_cmsis.o(i.osTimerThread) for osTimerThread
    rtx_conf_cm.o(.constdata) refers to rtx_conf_cm.o(.bss) for os_messageQ_q_osTimerMessageQ
    rtx_conf_cm.o(.constdata) refers to main.o(i.main) for main
    board.o(i.BOARD_ClockInit) refers to board.o(i.BOARD_InitOsc0) for BOARD_InitOsc0
    board.o(i.BOARD_ClockInit) refers to board.o(i.BOARD_InitRtcOsc) for BOARD_InitRtcOsc
    board.o(i.BOARD_ClockInit) refers to fsl_clock_mk64f12.o(i.CLOCK_SYS_SetConfiguration) for CLOCK_SYS_SetConfiguration
    board.o(i.BOARD_ClockInit) refers to board.o(.constdata) for g_defaultClockConfigRun
    board.o(i.BOARD_InitOsc0) refers to fsl_clock_manager.o(i.CLOCK_SYS_OscInit) for CLOCK_SYS_OscInit
    board.o(i.BOARD_InitOsc0) refers to board.o(.constdata) for .constdata
    board.o(i.BOARD_InitRtcOsc) refers to fsl_clock_manager.o(i.CLOCK_SYS_RtcOscInit) for CLOCK_SYS_RtcOscInit
    board.o(i.BOARD_InitRtcOsc) refers to board.o(.constdata) for .constdata
    board.o(i.dbg_uart_init) refers to pin_mux.o(i.configure_uart_pins) for configure_uart_pins
    board.o(i.dbg_uart_init) refers to fsl_debug_console.o(i.DbgConsole_Init) for DbgConsole_Init
    pin_mux.o(i.configure_can_pins) refers to pin_mux.o(i.PORT_HAL_SetMuxMode) for PORT_HAL_SetMuxMode
    pin_mux.o(i.configure_cmp_pins) refers to pin_mux.o(i.PORT_HAL_SetMuxMode) for PORT_HAL_SetMuxMode
    pin_mux.o(i.configure_enet_pins) refers to pin_mux.o(i.PORT_HAL_SetMuxMode) for PORT_HAL_SetMuxMode
    pin_mux.o(i.configure_enet_pins) refers to pin_mux.o(i.PORT_HAL_SetOpenDrainCmd) for PORT_HAL_SetOpenDrainCmd
    pin_mux.o(i.configure_enet_pins) refers to pin_mux.o(i.PORT_HAL_SetPullMode) for PORT_HAL_SetPullMode
    pin_mux.o(i.configure_enet_pins) refers to pin_mux.o(i.PORT_HAL_SetPullCmd) for PORT_HAL_SetPullCmd
    pin_mux.o(i.configure_ftm_pins) refers to pin_mux.o(i.PORT_HAL_SetMuxMode) for PORT_HAL_SetMuxMode
    pin_mux.o(i.configure_gpio_i2c_pins) refers to pin_mux.o(i.PORT_HAL_SetMuxMode) for PORT_HAL_SetMuxMode
    pin_mux.o(i.configure_gpio_pins) refers to pin_mux.o(i.PORT_HAL_SetPassiveFilterCmd) for PORT_HAL_SetPassiveFilterCmd
    pin_mux.o(i.configure_gpio_pins) refers to pin_mux.o(i.PORT_HAL_SetMuxMode) for PORT_HAL_SetMuxMode
    pin_mux.o(i.configure_gpio_pins) refers to pin_mux.o(i.PORT_HAL_SetPullMode) for PORT_HAL_SetPullMode
[...]
    C:\\Keil_v5\\ARM\\PACK\\Keil\\Kinetis_SDK_DFP\\2.20\\platform\\hal\\src\\osc\\fsl_osc_hal.c 0x00000000   Number         0  fsl_osc_hal.o ABSOLUTE
    C:\\Keil_v5\\ARM\\PACK\\Keil\\Kinetis_SDK_DFP\\2.20\\platform\\hal\\src\\port\\fsl_port_hal.c 0x00000000   Number         0  fsl_port_hal.o ABSOLUTE
    C:\\Keil_v5\\ARM\\PACK\\Keil\\Kinetis_SDK_DFP\\2.20\\platform\\hal\\src\\rtc\\fsl_rtc_hal.c 0x00000000   Number         0  fsl_rtc_hal.o ABSOLUTE
    C:\\Keil_v5\\ARM\\PACK\\Keil\\Kinetis_SDK_DFP\\2.20\\platform\\hal\\src\\sim\\MK64F12\\fsl_sim_hal_MK64F12.c 0x00000000   Number         0  fsl_sim_hal_mk64f12.o ABSOLUTE
    C:\\Keil_v5\\ARM\\PACK\\Keil\\Kinetis_SDK_DFP\\2.20\\platform\\hal\\src\\uart\\fsl_uart_hal.c 0x00000000   Number         0  fsl_uart_hal.o ABSOLUTE
    C:\\Keil_v5\\ARM\\PACK\\Keil\\Kinetis_SDK_DFP\\2.20\\platform\\osa\\src\\fsl_os_abstraction_bm.c 0x00000000   Number         0  fsl_os_abstraction_bm.o ABSOLUTE
    C:\\Keil_v5\\ARM\\PACK\\Keil\\Kinetis_SDK_DFP\\2.20\\platform\\system\\src\\clock\\MK64F12\\fsl_clock_MK64F12.c 0x00000000   Number         0  fsl_clock_mk64f12.o ABSOLUTE
    C:\\Keil_v5\\ARM\\PACK\\Keil\\Kinetis_SDK_DFP\\2.20\\platform\\system\\src\\clock\\fsl_clock_manager.c 0x00000000   Number         0  fsl_clock_manager.o ABSOLUTE
    C:\\Keil_v5\\ARM\\PACK\\Keil\\Kinetis_SDK_DFP\\2.20\\platform\\system\\src\\clock\\fsl_clock_manager_common.c 0x00000000   Number         0  fsl_clock_manager_common.o ABSOLUTE
    C:\\Keil_v5\\ARM\\PACK\\Keil\\Kinetis_SDK_DFP\\2.20\\platform\\system\\src\\interrupt\\fsl_interrupt_manager.c 0x00000000   Number         0  fsl_interrupt_manager.o ABSOLUTE
    C:\\Keil_v5\\ARM\\PACK\\Keil\\Kinetis_SDK_DFP\\2.20\\platform\\utilities\\src\\fsl_debug_console.c 0x00000000   Number         0  fsl_debug_console.o ABSOLUTE
    HAL_CM4.c                                0x00000000   Number         0  hal_cm4.o ABSOLUTE
    HAL_CM4.c                                0x00000000   Number         0  hal_cm4.o ABSOLUTE
    RTE\CMSIS\RTX_Conf_CM.c                  0x00000000   Number         0  rtx_conf_cm.o ABSOLUTE
    RTE\Device\MK64FN1M0VLL12\hardware_init.c 0x00000000   Number         0  hardware_init.o ABSOLUTE
    RTE\Device\MK64FN1M0VLL12\startup_MK64F12.s 0x00000000   Number         0  startup_mk64f12.o ABSOLUTE
    RTE\Device\MK64FN1M0VLL12\system_MK64F12.c 0x00000000   Number         0  system_mk64f12.o ABSOLUTE
    RTE\\Device\\MK64FN1M0VLL12\\hardware_init.c 0x00000000   Number         0  hardware_init.o ABSOLUTE
    RTE\\Device\\MK64FN1M0VLL12\\system_MK64F12.c 0x00000000   Number         0  system_mk64f12.o ABSOLUTE
    SVC_Table.s                              0x00000000   Number         0  svc_table.o ABSOLUTE
    SensorThread.c                           0x00000000   Number         0  sensorthread.o ABSOLUTE
    dc.s                                     0x00000000   Number         0  dc.o ABSOLUTE
    handlers.s                               0x00000000   Number         0  handlers.o ABSOLUTE
    init.s                                   0x00000000   Number         0  init.o ABSOLUTE
    main.c                                   0x00000000   Number         0  main.o ABSOLUTE
    FlashConfig                              0x00000400   Section       16  startup_mk64f12.o(FlashConfig)
    .ARM.Collect$$$$00000000                 0x00000410   Section        0  entry.o(.ARM.Collect$$$$00000000)
    .ARM.Collect$$$$00000003                 0x00000410   Section        4  entry4.o(.ARM.Collect$$$$00000003)
    .ARM.Collect$$$$00000004                 0x00000414   Section        4  entry5.o(.ARM.Collect$$$$00000004)
    .ARM.Collect$$$$00000008                 0x00000418   Section        0  entry7b.o(.ARM.Collect$$$$00000008)
    .ARM.Collect$$$$0000000A                 0x00000418   Section        0  entry8b.o(.ARM.Collect$$$$0000000A)
    .ARM.Collect$$$$0000000D                 0x00000418   Section        0  entry10a.o(.ARM.Collect$$$$0000000D)
    .ARM.Collect$$$$0000000F                 0x00000418   Section        0  entry11a.o(.ARM.Collect$$$$0000000F)
    .ARM.Collect$$$$000000FF                 0x00000418   Section        0  rtx_conf_cm.o(.ARM.Collect$$$$000000FF)
    .ARM.Collect$$$$00002714                 0x00000430   Section        4  entry4.o(.ARM.Collect$$$$00002714)
    __lit__00000000                          0x00000430   Data           4  entry4.o(.ARM.Collect$$$$00002714)
    .emb_text                                0x00000434   Section      408  hal_cm4.o(.emb_text)
    $v0                                      0x00000434   Number         0  hal_cm4.o(.emb_text)
    .text                                    0x000005cc   Section       56  startup_mk64f12.o(.text)
    $v0                                      0x000005cc   Number         0  startup_mk64f12.o(.text)
    .text                                    0x00000604   Section        0  memcpya.o(.text)
    .text                                    0x00000628   Section       36  init.o(.text)
    SVC_TABLE                                0x0000064c   Section        4  svc_table.o(SVC_TABLE)
    i.BOARD_ClockInit                        0x00000650   Section        0  board.o(i.BOARD_ClockInit)
    i.BOARD_InitOsc0                         0x00000698   Section        0  board.o(i.BOARD_InitOsc0)
    i.BOARD_InitRtcOsc                       0x000006b0   Section        0  board.o(i.BOARD_InitRtcOsc)
    i.CLOCK_HAL_EnablePll0InFllMode          0x000006c8   Section        0  fsl_mcg_hal.o(i.CLOCK_HAL_EnablePll0InFllMode)
    i.CLOCK_HAL_GetClkOutStat                0x00000708   Section        0  fsl_mcg_hal_modes.o(i.CLOCK_HAL_GetClkOutStat)
    CLOCK_HAL_GetClkOutStat                  0x00000709   Thumb Code    10  fsl_mcg_hal_modes.o(i.CLOCK_HAL_GetClkOutStat)
    i.CLOCK_HAL_GetClkOutStat                0x00000712   Section        0  fsl_clock_manager.o(i.CLOCK_HAL_GetClkOutStat)
    CLOCK_HAL_GetClkOutStat                  0x00000713   Thumb Code    10  fsl_clock_manager.o(i.CLOCK_HAL_GetClkOutStat)
    i.CLOCK_HAL_GetFllClk                    0x0000071c   Section        0  fsl_mcg_hal.o(i.CLOCK_HAL_GetFllClk)
    i.CLOCK_HAL_GetFllRefClk                 0x00000770   Section        0  fsl_mcg_hal.o(i.CLOCK_HAL_GetFllRefClk)
    i.CLOCK_HAL_GetFllSrc                    0x000007bc   Section        0  fsl_mcg_hal_modes.o(i.CLOCK_HAL_GetFllSrc)
    CLOCK_HAL_GetFllSrc                      0x000007bd   Thumb Code    14  fsl_mcg_hal_modes.o(i.CLOCK_HAL_GetFllSrc)
    i.CLOCK_HAL_GetInternalRefClk            0x000007cc   Section        0  fsl_mcg_hal.o(i.CLOCK_HAL_GetInternalRefClk)
    i.CLOCK_HAL_GetInternalRefClkMode        0x00000808   Section        0  fsl_mcg_hal.o(i.CLOCK_HAL_GetInternalRefClkMode)
    CLOCK_HAL_GetInternalRefClkMode          0x00000809   Thumb Code    14  fsl_mcg_hal.o(i.CLOCK_HAL_GetInternalRefClkMode)
    i.CLOCK_HAL_GetInternalRefClkMode        0x00000816   Section        0  fsl_mcg_hal_modes.o(i.CLOCK_HAL_GetInternalRefClkMode)
    CLOCK_HAL_GetInternalRefClkMode          0x00000817   Thumb Code    14  fsl_mcg_hal_modes.o(i.CLOCK_HAL_GetInternalRefClkMode)
    i.CLOCK_HAL_GetMcgExternalClkFreq        0x00000824   Section        0  fsl_mcg_hal.o(i.CLOCK_HAL_GetMcgExternalClkFreq)
    CLOCK_HAL_GetMcgExternalClkFreq          0x00000825   Thumb Code    18  fsl_mcg_hal.o(i.CLOCK_HAL_GetMcgExternalClkFreq)
    i.CLOCK_HAL_GetMcgMode                   0x00000836   Section        0  fsl_mcg_hal_modes.o(i.CLOCK_HAL_GetMcgMode)
    i.CLOCK_HAL_GetOutClk                    0x000008cc   Section        0  fsl_mcg_hal.o(i.CLOCK_HAL_GetOutClk)
    i.CLOCK_HAL_GetPll0Clk                   0x0000091a   Section        0  fsl_mcg_hal.o(i.CLOCK_HAL_GetPll0Clk)
    i.CLOCK_HAL_GetPll0RefFreq               0x0000095e   Section        0  fsl_mcg_hal.o(i.CLOCK_HAL_GetPll0RefFreq)
    i.CLOCK_HAL_IsOsc0Stable                 0x0000096a   Section        0  fsl_mcg_hal_modes.o(i.CLOCK_HAL_IsOsc0Stable)
    CLOCK_HAL_IsOsc0Stable                   0x0000096b   Thumb Code    22  fsl_mcg_hal_modes.o(i.CLOCK_HAL_IsOsc0Stable)
    i.CLOCK_HAL_IsPllSelected                0x00000980   Section        0  fsl_mcg_hal_modes.o(i.CLOCK_HAL_IsPllSelected)
    CLOCK_HAL_IsPllSelected                  0x00000981   Thumb Code    22  fsl_mcg_hal_modes.o(i.CLOCK_HAL_IsPllSelected)
    i.CLOCK_HAL_PrepareOsc                   0x00000996   Section        0  fsl_mcg_hal_modes.o(i.CLOCK_HAL_PrepareOsc)
    CLOCK_HAL_PrepareOsc                     0x00000997   Thumb Code    42  fsl_mcg_hal_modes.o(i.CLOCK_HAL_PrepareOsc)
    i.CLOCK_HAL_SetClkOutSrc                 0x000009c0   Section        0  fsl_clock_manager.o(i.CLOCK_HAL_SetClkOutSrc)
    CLOCK_HAL_SetClkOutSrc                   0x000009c1   Thumb Code    10  fsl_clock_manager.o(i.CLOCK_HAL_SetClkOutSrc)
    i.CLOCK_HAL_SetFbeMode                   0x000009ca   Section        0  fsl_mcg_hal_modes.o(i.CLOCK_HAL_SetFbeMode)
    i.CLOCK_HAL_SetFbiMode                   0x00000ab0   Section        0  fsl_mcg_hal_modes.o(i.CLOCK_HAL_SetFbiMode)
    i.CLOCK_HAL_SetInternalRefClkMode        0x00000b64   Section        0  fsl_mcg_hal.o(i.CLOCK_HAL_SetInternalRefClkMode)
    CLOCK_HAL_SetInternalRefClkMode          0x00000b65   Thumb Code    12  fsl_mcg_hal.o(i.CLOCK_HAL_SetInternalRefClkMode)
    i.CLOCK_HAL_SetLowPowerModeCmd           0x00000b70   Section        0  fsl_clock_manager.o(i.CLOCK_HAL_SetLowPowerModeCmd)
    CLOCK_HAL_SetLowPowerModeCmd             0x00000b71   Thumb Code    12  fsl_clock_manager.o(i.CLOCK_HAL_SetLowPowerModeCmd)
    i.CLOCK_HAL_SetOsc0Mode                  0x00000b7c   Section        0  fsl_mcg_hal.o(i.CLOCK_HAL_SetOsc0Mode)
    i.CLOCK_HAL_SetOutDiv                    0x00000ba0   Section        0  fsl_sim_hal_mk64f12.o(i.CLOCK_HAL_SetOutDiv)
    i.CLOCK_HAL_SetPbeMode                   0x00000bd8   Section        0  fsl_mcg_hal_modes.o(i.CLOCK_HAL_SetPbeMode)
    i.CLOCK_HAL_TestFllExternalRefFreq       0x00000cc0   Section        0  fsl_mcg_hal.o(i.CLOCK_HAL_TestFllExternalRefFreq)
    i.CLOCK_HAL_TestFllFreq                  0x00000d08   Section        0  fsl_mcg_hal.o(i.CLOCK_HAL_TestFllFreq)
    i.CLOCK_HAL_TestOscFreq                  0x00000d40   Section        0  fsl_mcg_hal.o(i.CLOCK_HAL_TestOscFreq)
    i.CLOCK_HAL_UpdateFastClkInternalRefDiv  0x00000d74   Section        0  fsl_mcg_hal.o(i.CLOCK_HAL_UpdateFastClkInternalRefDiv)
    i.CLOCK_SYS_EnablePortClock              0x00000ddc   Section        0  fsl_clock_mk64f12.o(i.CLOCK_SYS_EnablePortClock)
    i.CLOCK_SYS_EnableUartClock              0x00000df4   Section        0  fsl_clock_mk64f12.o(i.CLOCK_SYS_EnableUartClock)
    i.CLOCK_SYS_FllStableDelay               0x00000e0c   Section        0  fsl_clock_mk64f12.o(i.CLOCK_SYS_FllStableDelay)
    CLOCK_SYS_FllStableDelay                 0x00000e0d   Thumb Code    30  fsl_clock_mk64f12.o(i.CLOCK_SYS_FllStableDelay)
    i.CLOCK_SYS_GetBusClockFreq              0x00000e2c   Section        0  fsl_clock_mk64f12.o(i.CLOCK_SYS_GetBusClockFreq)
    i.CLOCK_SYS_GetCoreClockFreq             0x00000e50   Section        0  fsl_clock_mk64f12.o(i.CLOCK_SYS_GetCoreClockFreq)
    i.CLOCK_SYS_GetSystemClockFreq           0x00000e70   Section        0  fsl_clock_mk64f12.o(i.CLOCK_SYS_GetSystemClockFreq)
    i.CLOCK_SYS_GetUartFreq                  0x00000e90   Section        0  fsl_clock_mk64f12.o(i.CLOCK_SYS_GetUartFreq)
    i.CLOCK_SYS_OscInit                      0x00000ec0   Section        0  fsl_clock_manager.o(i.CLOCK_SYS_OscInit)
    i.CLOCK_SYS_RtcOscInit                   0x00000f5c   Section        0  fsl_clock_manager.o(i.CLOCK_SYS_RtcOscInit)
    i.CLOCK_SYS_SetConfiguration             0x00001024   Section        0  fsl_clock_mk64f12.o(i.CLOCK_SYS_SetConfiguration)
    i.CLOCK_SYS_SetMcgMode                   0x0000106c   Section        0  fsl_clock_manager.o(i.CLOCK_SYS_SetMcgMode)
    i.CLOCK_SYS_SetMcgPeeToFbe               0x000011c4   Section        0  fsl_clock_manager.o(i.CLOCK_SYS_SetMcgPeeToFbe)
    CLOCK_SYS_SetMcgPeeToFbe                 0x000011c5   Thumb Code    66  fsl_clock_manager.o(i.CLOCK_SYS_SetMcgPeeToFbe)
    i.CLOCK_SYS_SetOscerConfigration         0x0000120c   Section        0  fsl_clock_manager.o(i.CLOCK_SYS_SetOscerConfigration)
    i.CLOCK_SYS_SetSimConfigration           0x00001230   Section        0  fsl_clock_mk64f12.o(i.CLOCK_SYS_SetSimConfigration)
    CLOCK_SYS_SetSimConfigration             0x00001231   Thumb Code    54  fsl_clock_mk64f12.o(i.CLOCK_SYS_SetSimConfigration)
    i.DbgConsole_Init                        0x00001270   Section        0  fsl_debug_console.o(i.DbgConsole_Init)
    i.GPIO_DRV_Init                          0x0000132c   Section        0  fsl_gpio_driver.o(i.GPIO_DRV_Init)
    i.GPIO_DRV_InputPinInit                  0x0000135c   Section        0  fsl_gpio_driver.o(i.GPIO_DRV_InputPinInit)
    i.GPIO_DRV_OutputPinInit                 0x00001430   Section        0  fsl_gpio_driver.o(i.GPIO_DRV_OutputPinInit)
    i.GPIO_DRV_WritePinOutput                0x000014b0   Section        0  fsl_gpio_driver.o(i.GPIO_DRV_WritePinOutput)
    i.GPIO_HAL_SetPinDir                     0x000014d8   Section        0  fsl_gpio_hal.o(i.GPIO_HAL_SetPinDir)
    i.GPIO_HAL_WritePinOutput                0x000014f6   Section        0  fsl_gpio_hal.o(i.GPIO_HAL_WritePinOutput)
    i.Init_Thread                            0x00001508   Section        0  sensorthread.o(i.Init_Thread)
    i.LED_Initialize                         0x00001530   Section        0  led_frdm_k64f.o(i.LED_Initialize)
    i.LED_Off                                0x00001544   Section        0  led_frdm_k64f.o(i.LED_Off)
    i.LED_On                                 0x00001560   Section        0  led_frdm_k64f.o(i.LED_On)
    i.OSC_HAL_SetCapacitor                   0x0000157c   Section        0  fsl_osc_hal.o(i.OSC_HAL_SetCapacitor)
    i.OSC_HAL_SetExternalRefClkCmd           0x00001588   Section        0  fsl_clock_manager.o(i.OSC_HAL_SetExternalRefClkCmd)
    OSC_HAL_SetExternalRefClkCmd             0x00001589   Thumb Code    10  fsl_clock_manager.o(i.OSC_HAL_SetExternalRefClkCmd)
    i.OSC_HAL_SetExternalRefClkInStopModeCmd 0x00001592   Section        0  fsl_clock_manager.o(i.OSC_HAL_SetExternalRefClkInStopModeCmd)
    OSC_HAL_SetExternalRefClkInStopModeCmd   0x00001593   Thumb Code    10  fsl_clock_manager.o(i.OSC_HAL_SetExternalRefClkInStopModeCmd)
    i.PORT_HAL_SetDigitalFilterCmd           0x0000159c   Section        0  fsl_gpio_driver.o(i.PORT_HAL_SetDigitalFilterCmd)
    PORT_HAL_SetDigitalFilterCmd             0x0000159d   Thumb Code    18  fsl_gpio_driver.o(i.PORT_HAL_SetDigitalFilterCmd)
    i.PORT_HAL_SetMuxMode                    0x000015b0   Section        0  pin_mux.o(i.PORT_HAL_SetMuxMode)
    PORT_HAL_SetMuxMode                      0x000015b1   Thumb Code    26  pin_mux.o(i.PORT_HAL_SetMuxMode)
    i.PORT_HAL_SetMuxMode                    0x000015d0   Section        0  fsl_gpio_driver.o(i.PORT_HAL_SetMuxMode)
    PORT_HAL_SetMuxMode                      0x000015d1   Thumb Code    26  fsl_gpio_driver.o(i.PORT_HAL_SetMuxMode)
    i.PORT_HAL_SetOpenDrainCmd               0x000015f0   Section        0  pin_mux.o(i.PORT_HAL_SetOpenDrainCmd)
    PORT_HAL_SetOpenDrainCmd                 0x000015f1   Thumb Code    14  pin_mux.o(i.PORT_HAL_SetOpenDrainCmd)
    i.PORT_HAL_SetPullCmd                    0x000015fe   Section        0  pin_mux.o(i.PORT_HAL_SetPullCmd)
    PORT_HAL_SetPullCmd                      0x000015ff   Thumb Code    14  pin_mux.o(i.PORT_HAL_SetPullCmd)
    i.PORT_HAL_SetPullMode                   0x0000160c   Section        0  pin_mux.o(i.PORT_HAL_SetPullMode)
    PORT_HAL_SetPullMode                     0x0000160d   Thumb Code    14  pin_mux.o(i.PORT_HAL_SetPullMode)
    i.RTC_HAL_SetOscillatorCmd               0x0000161a   Section        0  fsl_clock_manager.o(i.RTC_HAL_SetOscillatorCmd)
    RTC_HAL_SetOscillatorCmd                 0x0000161b   Thumb Code    14  fsl_clock_manager.o(i.RTC_HAL_SetOscillatorCmd)
    i.SIM_HAL_EnableClock                    0x00001628   Section        0  fsl_clock_mk64f12.o(i.SIM_HAL_EnableClock)
    SIM_HAL_EnableClock                      0x00001629   Thumb Code    34  fsl_clock_mk64f12.o(i.SIM_HAL_EnableClock)
    i.SystemInit                             0x0000164c   Section        0  system_mk64f12.o(i.SystemInit)
    i.Thread                                 0x00001678   Section        0  sensorthread.o(i.Thread)
    i.UART_HAL_Getchar                       0x0000169c   Section        0  fsl_uart_hal.o(i.UART_HAL_Getchar)
    i.UART_HAL_Putchar                       0x000016a8   Section        0  fsl_uart_hal.o(i.UART_HAL_Putchar)
    i.UART_HAL_ReceiveDataPolling            0x000016b2   Section        0  fsl_uart_hal.o(i.UART_HAL_ReceiveDataPolling)
    i.UART_HAL_SendDataPolling               0x00001708   Section        0  fsl_uart_hal.o(i.UART_HAL_SendDataPolling)
    i.UART_HAL_SetBaudRate                   0x00001736   Section        0  fsl_uart_hal.o(i.UART_HAL_SetBaudRate)
    i.UART_HAL_SetParityMode                 0x0000177a   Section        0  fsl_uart_hal.o(i.UART_HAL_SetParityMode)
    i.__scatterload_copy                     0x00001796   Section       14  handlers.o(i.__scatterload_copy)
    i.__scatterload_null                     0x000017a4   Section        2  handlers.o(i.__scatterload_null)
    i.__scatterload_zeroinit                 0x000017a6   Section       14  handlers.o(i.__scatterload_zeroinit)
    i._init_box                              0x000017b4   Section        0  rt_membox.o(i._init_box)
    i.configure_enet_pins                    0x000017fc   Section        0  pin_mux.o(i.configure_enet_pins)
    i.configure_uart_pins                    0x000018b8   Section        0  pin_mux.o(i.configure_uart_pins)
    i.dbg_init                               0x00001900   Section        0  hal_cm.o(i.dbg_init)
    i.dbg_task_notify                        0x00001930   Section        0  hal_cm.o(i.dbg_task_notify)
    i.dbg_task_switch                        0x00001950   Section        0  hal_cm.o(i.dbg_task_switch)
    i.dbg_uart_init                          0x00001960   Section        0  board.o(i.dbg_uart_init)
    i.hardware_init                          0x00001978   Section        0  hardware_init.o(i.hardware_init)
    i.init_data_bss                          0x000019d4   Section        0  startup.o(i.init_data_bss)
    i.isrMessageGet                          0x00001a1c   Section        0  rt_cmsis.o(i.isrMessageGet)
    i.isrMessagePut                          0x00001a46   Section        0  rt_cmsis.o(i.isrMessagePut)
    i.isr_mbx_receive                        0x00001a74   Section        0  rt_mailbox.o(i.isr_mbx_receive)
    i.isr_mbx_send                           0x00001aca   Section        0  rt_mailbox.o(i.isr_mbx_send)
    i.main                                   0x00001ad8   Section        0  main.o(i.main)
    i.osDelay                                0x00001b0c   Section        0  rt_cmsis.o(i.osDelay)
    i.osKernelInitialize                     0x00001b24   Section        0  rt_cmsis.o(i.osKernelInitialize)
    i.osKernelStart                          0x00001b48   Section        0  rt_cmsis.o(i.osKernelStart)
    i.osMessageGet                           0x00001bb4   Section        0  rt_cmsis.o(i.osMessageGet)
    i.osThreadCreate                         0x00001bcc   Section        0  rt_cmsis.o(i.osThreadCreate)
    i.osThreadExit                           0x00001bf8   Section        0  rt_cmsis.o(i.osThreadExit)
    i.osThreadYield                          0x00001c10   Section        0  rt_cmsis.o(i.osThreadYield)
    i.osTimerCall                            0x00001c28   Section        0  rt_cmsis.o(i.osTimerCall)
    i.osTimerThread                          0x00001c34   Section        0  rt_cmsis.o(i.osTimerThread)
    i.os_error                               0x00001c60   Section        0  rtx_conf_cm.o(i.os_error)
    i.os_idle_demon                          0x00001c82   Section        0  rtx_conf_cm.o(i.os_idle_demon)
    i.os_tick_init                           0x00001c88   Section        0  rt_system.o(i.os_tick_init)
    i.os_tick_irqack                         0x00001cb0   Section        0  rt_system.o(i.os_tick_irqack)
    i.rt_alloc_box                           0x00001cb2   Section        0  rt_membox.o(i.rt_alloc_box)
    i.rt_alloc_mem                           0x00001ccc   Section        0  rt_memory.o(i.rt_alloc_mem)
    i.rt_block                               0x00001d0c   Section        0  rt_task.o(i.rt_block)
    i.rt_chk_robin                           0x00001d44   Section        0  rt_robin.o(i.rt_chk_robin)
    i.rt_dec_dly                             0x00001d8c   Section        0  rt_list.o(i.rt_dec_dly)
    i.rt_dispatch                            0x00001dfc   Section        0  rt_task.o(i.rt_dispatch)
    i.rt_dly_wait                            0x00001e40   Section        0  rt_time.o(i.rt_dly_wait)
    i.rt_evt_psh                             0x00001e48   Section        0  rt_event.o(i.rt_evt_psh)
    i.rt_free_box                            0x00001e98   Section        0  rt_membox.o(i.rt_free_box)
    i.rt_free_mem                            0x00001ec4   Section        0  rt_memory.o(i.rt_free_mem)
    i.rt_get_first                           0x00001eec   Section        0  rt_list.o(i.rt_get_first)
    i.rt_get_same_rdy_prio                   0x00001f14   Section        0  rt_list.o(i.rt_get_same_rdy_prio)
    i.rt_id2obj                              0x00001f38   Section        0  rt_cmsis.o(i.rt_id2obj)
    rt_id2obj                                0x00001f39   Thumb Code     8  rt_cmsis.o(i.rt_id2obj)
    i.rt_init_context                        0x00001f40   Section        0  rt_task.o(i.rt_init_context)
    rt_init_context                          0x00001f41   Thumb Code    66  rt_task.o(i.rt_init_context)
    i.rt_init_mem                            0x00001f88   Section        0  rt_memory.o(i.rt_init_mem)
    i.rt_init_robin                          0x00001fa4   Section        0  rt_robin.o(i.rt_init_robin)
    i.rt_init_stack                          0x00001fbc   Section        0  hal_cm.o(i.rt_init_stack)
    i.rt_mbx_check                           0x0000203c   Section        0  rt_mailbox.o(i.rt_mbx_check)
    i.rt_mbx_init                            0x00002044   Section        0  rt_mailbox.o(i.rt_mbx_init)
    i.rt_mbx_psh                             0x00002060   Section        0  rt_mailbox.o(i.rt_mbx_psh)
    i.rt_mbx_wait                            0x00002150   Section        0  rt_mailbox.o(i.rt_mbx_wait)
    i.rt_ms2tick                             0x00002204   Section        0  rt_cmsis.o(i.rt_ms2tick)
    rt_ms2tick                               0x00002205   Thumb Code    58  rt_cmsis.o(i.rt_ms2tick)
    i.rt_pop_req                             0x00002248   Section        0  rt_system.o(i.rt_pop_req)
    i.rt_psh_req                             0x000022c4   Section        0  rt_system.o(i.rt_psh_req)
    i.rt_psq_enq                             0x000022e4   Section        0  rt_list.o(i.rt_psq_enq)
    i.rt_put_dly                             0x00002340   Section        0  rt_list.o(i.rt_put_dly)
    i.rt_put_prio                            0x00002388   Section        0  rt_list.o(i.rt_put_prio)
    i.rt_put_rdy_first                       0x000023c0   Section        0  rt_list.o(i.rt_put_rdy_first)
    i.rt_resort_prio                         0x000023d4   Section        0  rt_list.o(i.rt_resort_prio)
    i.rt_ret_regs                            0x00002408   Section        0  hal_cm.o(i.rt_ret_regs)
    rt_ret_regs                              0x00002409   Thumb Code    16  hal_cm.o(i.rt_ret_regs)
    i.rt_ret_val                             0x00002418   Section        0  hal_cm.o(i.rt_ret_val)
    i.rt_ret_val2                            0x00002424   Section        0  hal_cm.o(i.rt_ret_val2)
    i.rt_rmv_dly                             0x00002434   Section        0  rt_list.o(i.rt_rmv_dly)
    i.rt_rmv_list                            0x0000245c   Section        0  rt_list.o(i.rt_rmv_list)
    i.rt_sem_psh                             0x0000248c   Section        0  rt_semaphore.o(i.rt_sem_psh)
    i.rt_stk_check                           0x000024c0   Section        0  rt_system.o(i.rt_stk_check)
    i.rt_switch_req                          0x000024e4   Section        0  rt_task.o(i.rt_switch_req)
    i.rt_sys_init                            0x0000250c   Section        0  rt_task.o(i.rt_sys_init)
    i.rt_sys_start                           0x000025d8   Section        0  rt_task.o(i.rt_sys_start)
    i.rt_systick                             0x00002650   Section        0  rt_system.o(i.rt_systick)
    i.rt_tid2ptcb                            0x00002690   Section        0  rt_cmsis.o(i.rt_tid2ptcb)
    rt_tid2ptcb                              0x00002691   Thumb Code    18  rt_cmsis.o(i.rt_tid2ptcb)
    i.rt_timer_insert                        0x000026a4   Section        0  rt_cmsis.o(i.rt_timer_insert)
    rt_timer_insert                          0x000026a5   Thumb Code    48  rt_cmsis.o(i.rt_timer_insert)
    i.rt_tsk_create                          0x000026d8   Section        0  rt_task.o(i.rt_tsk_create)
    i.rt_tsk_delete                          0x00002760   Section        0  rt_task.o(i.rt_tsk_delete)
    i.rt_tsk_pass                            0x000028dc   Section        0  rt_task.o(i.rt_tsk_pass)
    i.rt_tsk_prio                            0x0000290c   Section        0  rt_task.o(i.rt_tsk_prio)
    i.rt_tsk_self                            0x00002988   Section        0  rt_task.o(i.rt_tsk_self)
    i.svcDelay                               0x00002998   Section        0  rt_cmsis.o(i.svcDelay)
    i.svcKernelInitialize                    0x000029ac   Section        0  rt_cmsis.o(i.svcKernelInitialize)
    i.svcKernelStart                         0x00002a1c   Section        0  rt_cmsis.o(i.svcKernelStart)
    i.svcMessageCreate                       0x00002a64   Section        0  rt_cmsis.o(i.svcMessageCreate)
    i.svcMessageGet                          0x00002a88   Section        0  rt_cmsis.o(i.svcMessageGet)
    i.svcThreadCreate                        0x00002ac4   Section        0  rt_cmsis.o(i.svcThreadCreate)
    i.svcThreadGetId                         0x00002b30   Section        0  rt_cmsis.o(i.svcThreadGetId)
    i.svcThreadTerminate                     0x00002b4c   Section        0  rt_cmsis.o(i.svcThreadTerminate)
    i.svcThreadYield                         0x00002b84   Section        0  rt_cmsis.o(i.svcThreadYield)
    i.svcTimerCall                           0x00002b8e   Section        0  rt_cmsis.o(i.svcTimerCall)
    i.sysTimerTick                           0x00002ba8   Section        0  rt_cmsis.o(i.sysTimerTick)
    .constdata                               0x00002c04   Section       16  sensorthread.o(.constdata)
    .constdata                               0x00002c14   Section      104  rtx_conf_cm.o(.constdata)
    __tagsym$$used                           0x00002c30   Number         0  rtx_conf_cm.o(.constdata)
    __tagsym$$used                           0x00002c34   Number         0  rtx_conf_cm.o(.constdata)
    __tagsym$$used                           0x00002c38   Number         0  rtx_conf_cm.o(.constdata)
    __tagsym$$used                           0x00002c3c   Number         0  rtx_conf_cm.o(.constdata)
    .constdata                               0x00002c7c   Section       72  board.o(.constdata)
    .constdata                               0x00002cc4   Section       72  gpio_pins.o(.constdata)
    .constdata                               0x00002d0c   Section       45  fsl_gpio_common.o(.constdata)
    .constdata                               0x00002d3c   Section        6  fsl_rtc_common.o(.constdata)
    .constdata                               0x00002d42   Section       48  fsl_mcg_hal.o(.constdata)
    fllFactorTable                           0x00002d42   Data          16  fsl_mcg_hal.o(.constdata)
    freq_kHz                                 0x00002d52   Data          16  fsl_mcg_hal.o(.constdata)
    freqLow_kHz                              0x00002d62   Data          16  fsl_mcg_hal.o(.constdata)
    .constdata                               0x00002d72   Section       25  fsl_clock_mk64f12.o(.constdata)
    portGateTable                            0x00002d72   Data           5  fsl_clock_mk64f12.o(.constdata)
    adcGateTable                             0x00002d77   Data           2  fsl_clock_mk64f12.o(.constdata)
    dacGateTable                             0x00002d79   Data           2  fsl_clock_mk64f12.o(.constdata)
    ftmGateTable                             0x00002d7b   Data           4  fsl_clock_mk64f12.o(.constdata)
    spiGateTable                             0x00002d7f   Data           3  fsl_clock_mk64f12.o(.constdata)
    i2cGateTable                             0x00002d82   Data           3  fsl_clock_mk64f12.o(.constdata)
    uartGateTable                            0x00002d85   Data           6  fsl_clock_mk64f12.o(.constdata)
    .constdata                               0x00002d8c   Section       12  fsl_clock_manager_common.o(.constdata)
    .constdata                               0x00002d98   Section       24  fsl_debug_console.o(.constdata)
    .data                                    0x20000000   Section        4  sensorthread.o(.data)
    .data                                    0x20000004   Section       16  rtx_conf_cm.o(.data)
    .data                                    0x20000014   Section       16  fsl_mcg_hal.o(.data)
    .data                                    0x20000024   Section        4  system_mk64f12.o(.data)
    .data                                    0x20000028   Section        8  rt_cmsis.o(.data)
    .data                                    0x20000030   Section        8  rt_task.o(.data)
    .data                                    0x20000038   Section        8  rt_system.o(.data)
    os_lock                                  0x20000038   Data           1  rt_system.o(.data)
    os_psh_flag                              0x20000039   Data           1  rt_system.o(.data)
    pend_flags                               0x2000003a   Data           1  rt_system.o(.data)
    .data                                    0x20000040   Section        4  rt_time.o(.data)
    .data                                    0x20000044   Section        1  hal_cm.o(.data)
    .data                                    0x20000048   Section        8  rt_robin.o(.data)
    .bss                                     0x20000050   Section     7984  rtx_conf_cm.o(.bss)
    .bss                                     0x20001f80   Section       16  fsl_debug_console.o(.bss)
    s_debugConsole                           0x20001f80   Data          16  fsl_debug_console.o(.bss)
    .bss                                     0x20001f90   Section       52  rt_task.o(.bss)
    .bss                                     0x20001fc4   Section       48  rt_list.o(.bss)

    Global Symbols

    Symbol Name                              Value     Ov Type        Size  Object(Section)

    BuildAttributes$$THM_ISAv4$E$P$D$K$B$S$7EM$VFPi3$EXTD16$VFPS$VFMA$PE$A:L22UL41UL21$X:L11$S22US41US21$IEEE1$IW$USESV6$~STKCKD$USESV7$~SHL$OSPACE$EBA8$MICROLIB$REQ8$PRES8$EABIv2 0x00000000   Number         0  anon$$obj.o ABSOLUTE
    Image$$VECTOR_RAM$$Base                  0x00000000   Number         0  anon$$obj.o ABSOLUTE
    Image$$VECTOR_ROM$$Base                  0x00000000   Number         0  anon$$obj.o ABSOLUTE
    __ARM_use_no_argv                        0x00000000   Number         0  main.o ABSOLUTE
    __Vectors                                0x00000000   Data           4  startup_mk64f12.o(RESET)
    __cpp_initialize__aeabi_                  - Undefined Weak Reference
    __cxa_finalize                            - Undefined Weak Reference
    __decompress                              - Undefined Weak Reference
    _clock_init                               - Undefined Weak Reference
    _microlib_exit                            - Undefined Weak Reference
    __Vectors_End                            0x00000400   Data           0  startup_mk64f12.o(RESET)
    __Vectors_Size                           0x00000400   Number         0  startup_mk64f12.o ABSOLUTE
    __main                                   0x00000411   Thumb Code     0  entry.o(.ARM.Collect$$$$00000000)
    _main_stk                                0x00000411   Thumb Code     0  entry4.o(.ARM.Collect$$$$00000003)
    _main_scatterload                        0x00000415   Thumb Code     0  entry5.o(.ARM.Collect$$$$00000004)
    __main_after_scatterload                 0x00000419   Thumb Code     0  entry5.o(.ARM.Collect$$$$00000004)
    __rt_final_cpp                           0x00000419   Thumb Code     0  entry10a.o(.ARM.Collect$$$$0000000D)
    __rt_final_exit                          0x00000419   Thumb Code     0  entry11a.o(.ARM.Collect$$$$0000000F)
    _main_clock                              0x00000419   Thumb Code     0  entry7b.o(.ARM.Collect$$$$00000008)
    _main_cpp_init                           0x00000419   Thumb Code     0  entry8b.o(.ARM.Collect$$$$0000000A)
    _main_init                               0x00000419   Thumb Code    18  rtx_conf_cm.o(.ARM.Collect$$$$000000FF)
    rt_set_PSP                               0x00000435   Thumb Code     6  hal_cm4.o(.emb_text)
    rt_get_PSP                               0x0000043b   Thumb Code     6  hal_cm4.o(.emb_text)
    os_set_env                               0x00000441   Thumb Code    24  hal_cm4.o(.emb_text)
    _alloc_box                               0x0000045d   Thumb Code    28  hal_cm4.o(.emb_text)
    _free_box                                0x0000047d   Thumb Code    28  hal_cm4.o(.emb_text)
    __RL_RTX_VER                             0x00000482   Number         0  rt_system.o ABSOLUTE
    SVC_Handler                              0x0000049d   Thumb Code   168  hal_cm4.o(.emb_text)
    PendSV_Handler                           0x00000555   Thumb Code    96  hal_cm4.o(.emb_text)
    SysTick_Handler                          0x000005b9   Thumb Code     8  hal_cm4.o(.emb_text)
    OS_Tick_Handler                          0x000005c1   Thumb Code    12  hal_cm4.o(.emb_text)
    Reset_Handler                            0x000005cd   Thumb Code    18  startup_mk64f12.o(.text)
    NMI_Handler                              0x000005df   Thumb Code     2  startup_mk64f12.o(.text)
    HardFault_Handler                        0x000005e1   Thumb Code     2  startup_mk64f12.o(.text)
    MemManage_Handler                        0x000005e3   Thumb Code     2  startup_mk64f12.o(.text)
    BusFault_Handler                         0x000005e5   Thumb Code     2  startup_mk64f12.o(.text)
    UsageFault_Handler                       0x000005e7   Thumb Code     2  startup_mk64f12.o(.text)
    DebugMon_Handler                         0x000005eb   Thumb Code     2  startup_mk64f12.o(.text)
    ADC0_IRQHandler                          0x000005f1   Thumb Code     0  startup_mk64f12.o(.text)
    ADC1_IRQHandler                          0x000005f1   Thumb Code     0  startup_mk64f12.o(.text)
    CAN0_Bus_Off_IRQHandler                  0x000005f1   Thumb Code     0  startup_mk64f12.o(.text)
    CAN0_Error_IRQHandler                    0x000005f1   Thumb Code     0  startup_mk64f12.o(.text)
    CAN0_ORed_Message_buffer_IRQHandler      0x000005f1   Thumb Code     0  startup_mk64f12.o(.text)
    CAN0_Rx_Warning_IRQHandler               0x000005f1   Thumb Code     0  startup_mk64f12.o(.text)
    CAN0_Tx_Warning_IRQHandler               0x000005f1   Thumb Code     0  startup_mk64f12.o(.text)
    CAN0_Wake_Up_IRQHandler                  0x000005f1   Thumb Code     0  startup_mk64f12.o(.text)
    CMP0_IRQHandler                          0x000005f1   Thumb Code     0  startup_mk64f12.o(.text)
    CMP1_IRQHandler                          0x000005f1   Thumb Code     0  startup_mk64f12.o(.text)
    CMP2_IRQHandler                          0x000005f1   Thumb Code     0  startup_mk64f12.o(.text)
    CMT_IRQHandler                           0x000005f1   Thumb Code     0  startup_mk64f12.o(.text)
    DAC0_IRQHandler                          0x000005f1   Thumb Code     0  startup_mk64f12.o(.text)
    DAC1_IRQHandler                          0x000005f1   Thumb Code     0  startup_mk64f12.o(.text)
    DMA0_IRQHandler                          0x000005f1   Thumb Code     0  startup_mk64f12.o(.text)
    DMA10_IRQHandler                         0x000005f1   Thumb Code     0  startup_mk64f12.o(.text)
    DMA11_IRQHandler                         0x000005f1   Thumb Code     0  startup_mk64f12.o(.text)
    DMA12_IRQHandler                         0x000005f1   Thumb Code     0  startup_mk64f12.o(.text)
    DMA13_IRQHandler                         0x000005f1   Thumb Code     0  startup_mk64f12.o(.text)
    DMA14_IRQHandler                         0x000005f1   Thumb Code     0  startup_mk64f12.o(.text)
    DMA15_IRQHandler                         0x000005f1   Thumb Code     0  startup_mk64f12.o(.text)
    DMA1_IRQHandler                          0x000005f1   Thumb Code     0  startup_mk64f12.o(.text)
    DMA2_IRQHandler                          0x000005f1   Thumb Code     0  startup_mk64f12.o(.text)
    DMA3_IRQHandler                          0x000005f1   Thumb Code     0  startup_mk64f12.o(.text)
    DMA4_IRQHandler                          0x000005f1   Thumb Code     0  startup_mk64f12.o(.text)
    DMA5_IRQHandler                          0x000005f1   Thumb Code     0  startup_mk64f12.o(.text)
    DMA6_IRQHandler                          0x000005f1   Thumb Code     0  startup_mk64f12.o(.text)
    DMA7_IRQHandler                          0x000005f1   Thumb Code     0  startup_mk64f12.o(.text)
    DMA8_IRQHandler                          0x000005f1   Thumb Code     0  startup_mk64f12.o(.text)
    DMA9_IRQHandler                          0x000005f1   Thumb Code     0  startup_mk64f12.o(.text)
    DMA_Error_IRQHandler                     0x000005f1   Thumb Code     0  startup_mk64f12.o(.text)
    DefaultISR                               0x000005f1   Thumb Code     0  startup_mk64f12.o(.text)
    ENET_1588_Timer_IRQHandler               0x000005f1   Thumb Code     0  startup_mk64f12.o(.text)
    ENET_Error_IRQHandler                    0x000005f1   Thumb Code     0  startup_mk64f12.o(.text)
    ENET_Receive_IRQHandler                  0x000005f1   Thumb Code     0  startup_mk64f12.o(.text)
    ENET_Transmit_IRQHandler                 0x000005f1   Thumb Code     0  startup_mk64f12.o(.text)
    FTFE_IRQHandler                          0x000005f1   Thumb Code     0  startup_mk64f12.o(.text)
    FTM0_IRQHandler                          0x000005f1   Thumb Code     0  startup_mk64f12.o(.text)
    FTM1_IRQHandler                          0x000005f1   Thumb Code     0  startup_mk64f12.o(.text)
    FTM2_IRQHandler                          0x000005f1   Thumb Code     0  startup_mk64f12.o(.text)
    FTM3_IRQHandler                          0x000005f1   Thumb Code     0  startup_mk64f12.o(.text)
    I2C0_IRQHandler                          0x000005f1   Thumb Code     0  startup_mk64f12.o(.text)
    I2C1_IRQHandler                          0x000005f1   Thumb Code     0  startup_mk64f12.o(.text)
    I2C2_IRQHandler                          0x000005f1   Thumb Code     0  startup_mk64f12.o(.text)
    I2S0_Rx_IRQHandler                       0x000005f1   Thumb Code     0  startup_mk64f12.o(.text)
    I2S0_Tx_IRQHandler                       0x000005f1   Thumb Code     0  startup_mk64f12.o(.text)
    LLWU_IRQHandler                          0x000005f1   Thumb Code     0  startup_mk64f12.o(.text)
    LPTMR0_IRQHandler                        0x000005f1   Thumb Code     0  startup_mk64f12.o(.text)
    LVD_LVW_IRQHandler                       0x000005f1   Thumb Code     0  startup_mk64f12.o(.text)
    MCG_IRQHandler                           0x000005f1   Thumb Code     0  startup_mk64f12.o(.text)
    MCM_IRQHandler                           0x000005f1   Thumb Code     0  startup_mk64f12.o(.text)
    PDB0_IRQHandler                          0x000005f1   Thumb Code     0  startup_mk64f12.o(.text)
    PIT0_IRQHandler                          0x000005f1   Thumb Code     0  startup_mk64f12.o(.text)
    PIT1_IRQHandler                          0x000005f1   Thumb Code     0  startup_mk64f12.o(.text)
    PIT2_IRQHandler                          0x000005f1   Thumb Code     0  startup_mk64f12.o(.text)
    PIT3_IRQHandler                          0x000005f1   Thumb Code     0  startup_mk64f12.o(.text)
    PORTA_IRQHandler                         0x000005f1   Thumb Code     0  startup_mk64f12.o(.text)
    PORTB_IRQHandler                         0x000005f1   Thumb Code     0  startup_mk64f12.o(.text)
    PORTC_IRQHandler                         0x000005f1   Thumb Code     0  startup_mk64f12.o(.text)
    PORTD_IRQHandler                         0x000005f1   Thumb Code     0  startup_mk64f12.o(.text)
    PORTE_IRQHandler                         0x000005f1   Thumb Code     0  startup_mk64f12.o(.text)
    RNG_IRQHandler                           0x000005f1   Thumb Code     0  startup_mk64f12.o(.text)
    RTC_IRQHandler                           0x000005f1   Thumb Code     0  startup_mk64f12.o(.text)
    RTC_Seconds_IRQHandler                   0x000005f1   Thumb Code     0  startup_mk64f12.o(.text)
    Read_Collision_IRQHandler                0x000005f1   Thumb Code     0  startup_mk64f12.o(.text)
    Reserved71_IRQHandler                    0x000005f1   Thumb Code     0  startup_mk64f12.o(.text)
    SDHC_IRQHandler                          0x000005f1   Thumb Code     0  startup_mk64f12.o(.text)
    SPI0_IRQHandler                          0x000005f1   Thumb Code     0  startup_mk64f12.o(.text)
    SPI1_IRQHandler                          0x000005f1   Thumb Code     0  startup_mk64f12.o(.text)
    SPI2_IRQHandler                          0x000005f1   Thumb Code     0  startup_mk64f12.o(.text)
    SWI_IRQHandler                           0x000005f1   Thumb Code     0  startup_mk64f12.o(.text)
    UART0_ERR_IRQHandler                     0x000005f1   Thumb Code     0  startup_mk64f12.o(.text)
    UART0_LON_IRQHandler                     0x000005f1   Thumb Code     0  startup_mk64f12.o(.text)
    UART0_RX_TX_IRQHandler                   0x000005f1   Thumb Code     0  startup_mk64f12.o(.text)
    UART1_ERR_IRQHandler                     0x000005f1   Thumb Code     0  startup_mk64f12.o(.text)
    UART1_RX_TX_IRQHandler                   0x000005f1   Thumb Code     0  startup_mk64f12.o(.text)
    UART2_ERR_IRQHandler                     0x000005f1   Thumb Code     0  startup_mk64f12.o(.text)
    UART2_RX_TX_IRQHandler                   0x000005f1   Thumb Code     0  startup_mk64f12.o(.text)
    UART3_ERR_IRQHandler                     0x000005f1   Thumb Code     0  startup_mk64f12.o(.text)
    UART3_RX_TX_IRQHandler                   0x000005f1   Thumb Code     0  startup_mk64f12.o(.text)
    UART4_ERR_IRQHandler                     0x000005f1   Thumb Code     0  startup_mk64f12.o(.text)
    UART4_RX_TX_IRQHandler                   0x000005f1   Thumb Code     0  startup_mk64f12.o(.text)
    UART5_ERR_IRQHandler                     0x000005f1   Thumb Code     0  startup_mk64f12.o(.text)
    UART5_RX_TX_IRQHandler                   0x000005f1   Thumb Code     0  startup_mk64f12.o(.text)
    USB0_IRQHandler                          0x000005f1   Thumb Code     0  startup_mk64f12.o(.text)
    USBDCD_IRQHandler                        0x000005f1   Thumb Code     0  startup_mk64f12.o(.text)
    WDOG_EWM_IRQHandler                      0x000005f1   Thumb Code     0  startup_mk64f12.o(.text)
    __aeabi_memcpy                           0x00000605   Thumb Code    36  memcpya.o(.text)
    __aeabi_memcpy4                          0x00000605   Thumb Code     0  memcpya.o(.text)
    __aeabi_memcpy8                          0x00000605   Thumb Code     0  memcpya.o(.text)
    __scatterload                            0x00000629   Thumb Code    28  init.o(.text)
    __scatterload_rt2                        0x00000629   Thumb Code     0  init.o(.text)
    SVC_Count                                0x0000064c   Data           4  svc_table.o(SVC_TABLE)
    BOARD_ClockInit                          0x00000651   Thumb Code    56  board.o(i.BOARD_ClockInit)
    SVC_Table                                0x00000650   Data           0  svc_table.o(SVC_TABLE)
    BOARD_InitOsc0                           0x00000699   Thumb Code    20  board.o(i.BOARD_InitOsc0)
    BOARD_InitRtcOsc                         0x000006b1   Thumb Code    20  board.o(i.BOARD_InitRtcOsc)
    CLOCK_HAL_EnablePll0InFllMode            0x000006c9   Thumb Code    64  fsl_mcg_hal.o(i.CLOCK_HAL_EnablePll0InFllMode)
    CLOCK_HAL_GetFllClk                      0x0000071d   Thumb Code    82  fsl_mcg_hal.o(i.CLOCK_HAL_GetFllClk)
    CLOCK_HAL_GetFllRefClk                   0x00000771   Thumb Code    72  fsl_mcg_hal.o(i.CLOCK_HAL_GetFllRefClk)
    CLOCK_HAL_GetInternalRefClk              0x000007cd   Thumb Code    52  fsl_mcg_hal.o(i.CLOCK_HAL_GetInternalRefClk)
    CLOCK_HAL_GetMcgMode                     0x00000837   Thumb Code   150  fsl_mcg_hal_modes.o(i.CLOCK_HAL_GetMcgMode)
    CLOCK_HAL_GetOutClk                      0x000008cd   Thumb Code    78  fsl_mcg_hal.o(i.CLOCK_HAL_GetOutClk)
    CLOCK_HAL_GetPll0Clk                     0x0000091b   Thumb Code    68  fsl_mcg_hal.o(i.CLOCK_HAL_GetPll0Clk)
    CLOCK_HAL_GetPll0RefFreq                 0x0000095f   Thumb Code    12  fsl_mcg_hal.o(i.CLOCK_HAL_GetPll0RefFreq)
    CLOCK_HAL_SetFbeMode                     0x000009cb   Thumb Code   228  fsl_mcg_hal_modes.o(i.CLOCK_HAL_SetFbeMode)
    CLOCK_HAL_SetFbiMode                     0x00000ab1   Thumb Code   170  fsl_mcg_hal_modes.o(i.CLOCK_HAL_SetFbiMode)
    CLOCK_HAL_SetOsc0Mode                    0x00000b7d   Thumb Code    36  fsl_mcg_hal.o(i.CLOCK_HAL_SetOsc0Mode)
    CLOCK_HAL_SetOutDiv                      0x00000ba1   Thumb Code    56  fsl_sim_hal_mk64f12.o(i.CLOCK_HAL_SetOutDiv)
    CLOCK_HAL_SetPbeMode                     0x00000bd9   Thumb Code   228  fsl_mcg_hal_modes.o(i.CLOCK_HAL_SetPbeMode)
    CLOCK_HAL_TestFllExternalRefFreq         0x00000cc1   Thumb Code    70  fsl_mcg_hal.o(i.CLOCK_HAL_TestFllExternalRefFreq)
    CLOCK_HAL_TestFllFreq                    0x00000d09   Thumb Code    50  fsl_mcg_hal.o(i.CLOCK_HAL_TestFllFreq)
    CLOCK_HAL_TestOscFreq                    0x00000d41   Thumb Code    38  fsl_mcg_hal.o(i.CLOCK_HAL_TestOscFreq)
    CLOCK_HAL_UpdateFastClkInternalRefDiv    0x00000d75   Thumb Code   104  fsl_mcg_hal.o(i.CLOCK_HAL_UpdateFastClkInternalRefDiv)
    CLOCK_SYS_EnablePortClock                0x00000ddd   Thumb Code    16  fsl_clock_mk64f12.o(i.CLOCK_SYS_EnablePortClock)
    CLOCK_SYS_EnableUartClock                0x00000df5   Thumb Code    16  fsl_clock_mk64f12.o(i.CLOCK_SYS_EnableUartClock)
    CLOCK_SYS_GetBusClockFreq                0x00000e2d   Thumb Code    26  fsl_clock_mk64f12.o(i.CLOCK_SYS_GetBusClockFreq)
    CLOCK_SYS_GetCoreClockFreq               0x00000e51   Thumb Code    24  fsl_clock_mk64f12.o(i.CLOCK_SYS_GetCoreClockFreq)
    CLOCK_SYS_GetSystemClockFreq             0x00000e71   Thumb Code    24  fsl_clock_mk64f12.o(i.CLOCK_SYS_GetSystemClockFreq)
    CLOCK_SYS_GetUartFreq                    0x00000e91   Thumb Code    46  fsl_clock_mk64f12.o(i.CLOCK_SYS_GetUartFreq)
    CLOCK_SYS_OscInit                        0x00000ec1   Thumb Code   144  fsl_clock_manager.o(i.CLOCK_SYS_OscInit)
    CLOCK_SYS_RtcOscInit                     0x00000f5d   Thumb Code   188  fsl_clock_manager.o(i.CLOCK_SYS_RtcOscInit)
    CLOCK_SYS_SetConfiguration               0x00001025   Thumb Code    58  fsl_clock_mk64f12.o(i.CLOCK_SYS_SetConfiguration)
    CLOCK_SYS_SetMcgMode                     0x0000106d   Thumb Code   340  fsl_clock_manager.o(i.CLOCK_SYS_SetMcgMode)
    CLOCK_SYS_SetOscerConfigration           0x0000120d   Thumb Code    32  fsl_clock_manager.o(i.CLOCK_SYS_SetOscerConfigration)
    DbgConsole_Init                          0x00001271   Thumb Code   172  fsl_debug_console.o(i.DbgConsole_Init)
    GPIO_DRV_Init                            0x0000132d   Thumb Code    48  fsl_gpio_driver.o(i.GPIO_DRV_Init)
    GPIO_DRV_InputPinInit                    0x0000135d   Thumb Code   196  fsl_gpio_driver.o(i.GPIO_DRV_InputPinInit)
    GPIO_DRV_OutputPinInit                   0x00001431   Thumb Code   118  fsl_gpio_driver.o(i.GPIO_DRV_OutputPinInit)
    GPIO_DRV_WritePinOutput                  0x000014b1   Thumb Code    34  fsl_gpio_driver.o(i.GPIO_DRV_WritePinOutput)
    GPIO_HAL_SetPinDir                       0x000014d9   Thumb Code    30  fsl_gpio_hal.o(i.GPIO_HAL_SetPinDir)
    GPIO_HAL_WritePinOutput                  0x000014f7   Thumb Code    18  fsl_gpio_hal.o(i.GPIO_HAL_WritePinOutput)
    Init_Thread                              0x00001509   Thumb Code    30  sensorthread.o(i.Init_Thread)
    LED_Initialize                           0x00001531   Thumb Code    14  led_frdm_k64f.o(i.LED_Initialize)
    LED_Off                                  0x00001545   Thumb Code    24  led_frdm_k64f.o(i.LED_Off)
    LED_On                                   0x00001561   Thumb Code    24  led_frdm_k64f.o(i.LED_On)
    OSC_HAL_SetCapacitor                     0x0000157d   Thumb Code    12  fsl_osc_hal.o(i.OSC_HAL_SetCapacitor)
    SystemInit                               0x0000164d   Thumb Code    34  system_mk64f12.o(i.SystemInit)
    Thread                                   0x00001679   Thumb Code    36  sensorthread.o(i.Thread)
    UART_HAL_Getchar                         0x0000169d   Thumb Code    12  fsl_uart_hal.o(i.UART_HAL_Getchar)
    UART_HAL_Putchar                         0x000016a9   Thumb Code    10  fsl_uart_hal.o(i.UART_HAL_Putchar)
    UART_HAL_ReceiveDataPolling              0x000016b3   Thumb Code    86  fsl_uart_hal.o(i.UART_HAL_ReceiveDataPolling)
    UART_HAL_SendDataPolling                 0x00001709   Thumb Code    46  fsl_uart_hal.o(i.UART_HAL_SendDataPolling)
    UART_HAL_SetBaudRate                     0x00001737   Thumb Code    68  fsl_uart_hal.o(i.UART_HAL_SetBaudRate)
    UART_HAL_SetParityMode                   0x0000177b   Thumb Code    28  fsl_uart_hal.o(i.UART_HAL_SetParityMode)
    __scatterload_copy                       0x00001797   Thumb Code    14  handlers.o(i.__scatterload_copy)
    __scatterload_null                       0x000017a5   Thumb Code     2  handlers.o(i.__scatterload_null)
    __scatterload_zeroinit                   0x000017a7   Thumb Code    14  handlers.o(i.__scatterload_zeroinit)
    _init_box                                0x000017b5   Thumb Code    70  rt_membox.o(i._init_box)
    configure_enet_pins                      0x000017fd   Thumb Code   176  pin_mux.o(i.configure_enet_pins)
    configure_uart_pins                      0x000018b9   Thumb Code    62  pin_mux.o(i.configure_uart_pins)
    dbg_init                                 0x00001901   Thumb Code    34  hal_cm.o(i.dbg_init)
    dbg_task_notify                          0x00001931   Thumb Code    32  hal_cm.o(i.dbg_task_notify)
    dbg_task_switch                          0x00001951   Thumb Code    16  hal_cm.o(i.dbg_task_switch)
    dbg_uart_init                            0x00001961   Thumb Code    22  board.o(i.dbg_uart_init)
    hardware_init                            0x00001979   Thumb Code    74  hardware_init.o(i.hardware_init)
    init_data_bss                            0x000019d5   Thumb Code    54  startup.o(i.init_data_bss)
    isrMessageGet                            0x00001a1d   Thumb Code    42  rt_cmsis.o(i.isrMessageGet)
    isrMessagePut                            0x00001a47   Thumb Code    44  rt_cmsis.o(i.isrMessagePut)
    isr_mbx_receive                          0x00001a75   Thumb Code    86  rt_mailbox.o(i.isr_mbx_receive)
    isr_mbx_send                             0x00001acb   Thumb Code    14  rt_mailbox.o(i.isr_mbx_send)
    main                                     0x00001ad9   Thumb Code    52  main.o(i.main)
    osDelay                                  0x00001b0d   Thumb Code    18  rt_cmsis.o(i.osDelay)
    osKernelInitialize                       0x00001b25   Thumb Code    30  rt_cmsis.o(i.osKernelInitialize)
    osKernelStart                            0x00001b49   Thumb Code    98  rt_cmsis.o(i.osKernelStart)
    osMessageGet                             0x00001bb5   Thumb Code    18  rt_cmsis.o(i.osMessageGet)
    osThreadCreate                           0x00001bcd   Thumb Code    36  rt_cmsis.o(i.osThreadCreate)
    osThreadExit                             0x00001bf9   Thumb Code    14  rt_cmsis.o(i.osThreadExit)
    osThreadYield                            0x00001c11   Thumb Code    18  rt_cmsis.o(i.osThreadYield)
    osTimerCall                              0x00001c29   Thumb Code     8  rt_cmsis.o(i.osTimerCall)
    osTimerThread                            0x00001c35   Thumb Code    38  rt_cmsis.o(i.osTimerThread)
    os_error                                 0x00001c61   Thumb Code    34  rtx_conf_cm.o(i.os_error)
    os_idle_demon                            0x00001c83   Thumb Code     4  rtx_conf_cm.o(i.os_idle_demon)
    os_tick_init                             0x00001c89   Thumb Code    32  rt_system.o(i.os_tick_init)
    os_tick_irqack                           0x00001cb1   Thumb Code     2  rt_system.o(i.os_tick_irqack)
    rt_alloc_box                             0x00001cb3   Thumb Code    26  rt_membox.o(i.rt_alloc_box)
    rt_alloc_mem                             0x00001ccd   Thumb Code    62  rt_memory.o(i.rt_alloc_mem)
    rt_block                                 0x00001d0d   Thumb Code    48  rt_task.o(i.rt_block)
    rt_chk_robin                             0x00001d45   Thumb Code    60  rt_robin.o(i.rt_chk_robin)
    rt_dec_dly                               0x00001d8d   Thumb Code   102  rt_list.o(i.rt_dec_dly)
    rt_dispatch                              0x00001dfd   Thumb Code    60  rt_task.o(i.rt_dispatch)
    rt_dly_wait                              0x00001e41   Thumb Code     6  rt_time.o(i.rt_dly_wait)
    rt_evt_psh                               0x00001e49   Thumb Code    76  rt_event.o(i.rt_evt_psh)
    rt_free_box                              0x00001e99   Thumb Code    44  rt_membox.o(i.rt_free_box)
    rt_free_mem                              0x00001ec5   Thumb Code    40  rt_memory.o(i.rt_free_mem)
    rt_get_first                             0x00001eed   Thumb Code    40  rt_list.o(i.rt_get_first)
    rt_get_same_rdy_prio                     0x00001f15   Thumb Code    26  rt_list.o(i.rt_get_same_rdy_prio)
    rt_init_mem                              0x00001f89   Thumb Code    26  rt_memory.o(i.rt_init_mem)
    rt_init_robin                            0x00001fa5   Thumb Code    14  rt_robin.o(i.rt_init_robin)
    rt_init_stack                            0x00001fbd   Thumb Code   118  hal_cm.o(i.rt_init_stack)
    rt_mbx_check                             0x0000203d   Thumb Code     8  rt_mailbox.o(i.rt_mbx_check)
    rt_mbx_init                              0x00002045   Thumb Code    26  rt_mailbox.o(i.rt_mbx_init)
    rt_mbx_psh                               0x00002061   Thumb Code   236  rt_mailbox.o(i.rt_mbx_psh)
    rt_mbx_wait                              0x00002151   Thumb Code   174  rt_mailbox.o(i.rt_mbx_wait)
    rt_pop_req                               0x00002249   Thumb Code   112  rt_system.o(i.rt_pop_req)
    rt_psh_req                               0x000022c5   Thumb Code    22  rt_system.o(i.rt_psh_req)
    rt_psq_enq                               0x000022e5   Thumb Code    88  rt_list.o(i.rt_psq_enq)
    rt_put_dly                               0x00002341   Thumb Code    68  rt_list.o(i.rt_put_dly)
    rt_put_prio                              0x00002389   Thumb Code    54  rt_list.o(i.rt_put_prio)
    rt_put_rdy_first                         0x000023c1   Thumb Code    14  rt_list.o(i.rt_put_rdy_first)
    rt_resort_prio                           0x000023d5   Thumb Code    46  rt_list.o(i.rt_resort_prio)
    rt_ret_val                               0x00002419   Thumb Code    12  hal_cm.o(i.rt_ret_val)
    rt_ret_val2                              0x00002425   Thumb Code    16  hal_cm.o(i.rt_ret_val2)
    rt_rmv_dly                               0x00002435   Thumb Code    40  rt_list.o(i.rt_rmv_dly)
    rt_rmv_list                              0x0000245d   Thumb Code    44  rt_list.o(i.rt_rmv_list)
    rt_sem_psh                               0x0000248d   Thumb Code    48  rt_semaphore.o(i.rt_sem_psh)
    rt_stk_check                             0x000024c1   Thumb Code    28  rt_system.o(i.rt_stk_check)
    rt_switch_req                            0x000024e5   Thumb Code    30  rt_task.o(i.rt_switch_req)
    rt_sys_init                              0x0000250d   Thumb Code   138  rt_task.o(i.rt_sys_init)
    rt_sys_start                             0x000025d9   Thumb Code   110  rt_task.o(i.rt_sys_start)
    rt_systick                               0x00002651   Thumb Code    50  rt_system.o(i.rt_systick)
    rt_tsk_create                            0x000026d9   Thumb Code   118  rt_task.o(i.rt_tsk_create)
    rt_tsk_delete                            0x00002761   Thumb Code   352  rt_task.o(i.rt_tsk_delete)
    rt_tsk_pass                              0x000028dd   Thumb Code    38  rt_task.o(i.rt_tsk_pass)
    rt_tsk_prio                              0x0000290d   Thumb Code   108  rt_task.o(i.rt_tsk_prio)
    rt_tsk_self                              0x00002989   Thumb Code    12  rt_task.o(i.rt_tsk_self)
    svcDelay                                 0x00002999   Thumb Code    18  rt_cmsis.o(i.svcDelay)
    svcKernelInitialize                      0x000029ad   Thumb Code    80  rt_cmsis.o(i.svcKernelInitialize)
    svcKernelStart                           0x00002a1d   Thumb Code    62  rt_cmsis.o(i.svcKernelStart)
    svcMessageCreate                         0x00002a65   Thumb Code    36  rt_cmsis.o(i.svcMessageCreate)
    svcMessageGet                            0x00002a89   Thumb Code    58  rt_cmsis.o(i.svcMessageGet)
    svcThreadCreate                          0x00002ac5   Thumb Code    96  rt_cmsis.o(i.svcThreadCreate)
    svcThreadGetId                           0x00002b31   Thumb Code    22  rt_cmsis.o(i.svcThreadGetId)
    svcThreadTerminate                       0x00002b4d   Thumb Code    50  rt_cmsis.o(i.svcThreadTerminate)
    svcThreadYield                           0x00002b85   Thumb Code    10  rt_cmsis.o(i.svcThreadYield)
    svcTimerCall                             0x00002b8f   Thumb Code    24  rt_cmsis.o(i.svcTimerCall)
    sysTimerTick                             0x00002ba9   Thumb Code    84  rt_cmsis.o(i.sysTimerTick)
    os_thread_def_Thread                     0x00002c04   Data          16  sensorthread.o(.constdata)
    os_maxtaskrun                            0x00002c14   Data           2  rtx_conf_cm.o(.constdata)
    os_stackinfo                             0x00002c18   Data           4  rtx_conf_cm.o(.constdata)
    os_rrobin                                0x00002c1c   Data           4  rtx_conf_cm.o(.constdata)
    os_tickfreq                              0x00002c20   Data           4  rtx_conf_cm.o(.constdata)
    os_tickus_i                              0x00002c24   Data           2  rtx_conf_cm.o(.constdata)
    os_tickus_f                              0x00002c26   Data           2  rtx_conf_cm.o(.constdata)
    os_trv                                   0x00002c28   Data           4  rtx_conf_cm.o(.constdata)
    os_flags                                 0x00002c2c   Data           1  rtx_conf_cm.o(.constdata)
    CMSIS_RTOS_API_Version                   0x00002c30   Data           4  rtx_conf_cm.o(.constdata)
    CMSIS_RTOS_RTX_Version                   0x00002c34   Data           4  rtx_conf_cm.o(.constdata)
    os_clockrate                             0x00002c38   Data           4  rtx_conf_cm.o(.constdata)
    os_timernum                              0x00002c3c   Data           4  rtx_conf_cm.o(.constdata)
    mp_tcb_size                              0x00002c40   Data           2  rtx_conf_cm.o(.constdata)
    mp_stk_size                              0x00002c44   Data           4  rtx_conf_cm.o(.constdata)
    os_stack_sz                              0x00002c48   Data           4  rtx_conf_cm.o(.constdata)
    os_fifo_size                             0x00002c4c   Data           1  rtx_conf_cm.o(.constdata)
    os_thread_def_osTimerThread              0x00002c50   Data          16  rtx_conf_cm.o(.constdata)
    os_messageQ_def_osTimerMessageQ          0x00002c60   Data           8  rtx_conf_cm.o(.constdata)
    mp_tmr_size                              0x00002c68   Data           2  rtx_conf_cm.o(.constdata)
    os_thread_def_main                       0x00002c6c   Data          16  rtx_conf_cm.o(.constdata)
    g_defaultClockConfigVlpr                 0x00002c7c   Data          22  board.o(.constdata)
    g_defaultClockConfigRun                  0x00002c92   Data          22  board.o(.constdata)
    sdhcCdPin                                0x00002cc4   Data          24  gpio_pins.o(.constdata)
    ledPins                                  0x00002cdc   Data          48  gpio_pins.o(.constdata)
    g_gpioBase                               0x00002d0c   Data          20  fsl_gpio_common.o(.constdata)
    g_portBase                               0x00002d20   Data          20  fsl_gpio_common.o(.constdata)
    g_portIrqId                              0x00002d34   Data           5  fsl_gpio_common.o(.constdata)
    g_rtcBase                                0x00002d3c   Data           4  fsl_rtc_common.o(.constdata)
    g_rtcIrqId                               0x00002d40   Data           1  fsl_rtc_common.o(.constdata)
    g_rtcSecondsIrqId                        0x00002d41   Data           1  fsl_rtc_common.o(.constdata)
    g_simBase                                0x00002d8c   Data           4  fsl_clock_manager_common.o(.constdata)
    g_mcgBase                                0x00002d90   Data           4  fsl_clock_manager_common.o(.constdata)
    g_oscBase                                0x00002d94   Data           4  fsl_clock_manager_common.o(.constdata)
    Region$$Table$$Base                      0x00002db0   Number         0  anon$$obj.o(Region$$Table)
    Region$$Table$$Limit                     0x00002dd0   Number         0  anon$$obj.o(Region$$Table)
    Image$$RW_m_data$$Base                   0x1fff0000   Number         0  anon$$obj.o ABSOLUTE
    tid_Thread                               0x20000000   Data           4  sensorthread.o(.data)
    osThreadId_osTimerThread                 0x20000004   Data           4  rtx_conf_cm.o(.data)
    osMessageQId_osTimerMessageQ             0x20000008   Data           4  rtx_conf_cm.o(.data)
    os_tmr                                   0x2000000c   Data           4  rtx_conf_cm.o(.data)
    m_tmr                                    0x20000010   Data           4  rtx_conf_cm.o(.data)
    g_xtal0ClkFreq                           0x20000014   Data           4  fsl_mcg_hal.o(.data)
    g_xtalRtcClkFreq                         0x20000018   Data           4  fsl_mcg_hal.o(.data)
    g_fastInternalRefClkFreq                 0x2000001c   Data           4  fsl_mcg_hal.o(.data)
    g_slowInternalRefClkFreq                 0x20000020   Data           4  fsl_mcg_hal.o(.data)
    SystemCoreClock                          0x20000024   Data           4  system_mk64f12.o(.data)
    os_initialized                           0x20000028   Data           1  rt_cmsis.o(.data)
    os_running                               0x20000029   Data           1  rt_cmsis.o(.data)
    os_timer_head                            0x2000002c   Data           4  rt_cmsis.o(.data)
    os_tsk                                   0x20000030   Data           8  rt_task.o(.data)
    os_tick_irqn                             0x2000003c   Data           4  rt_system.o(.data)
    os_time                                  0x20000040   Data           4  rt_time.o(.data)
    dbg_msg                                  0x20000044   Data           1  hal_cm.o(.data)
    os_robin                                 0x20000048   Data           8  rt_robin.o(.data)
    mp_tcb                                   0x20000050   Data         376  rtx_conf_cm.o(.bss)
    mp_stk                                   0x200001c8   Data        6160  rtx_conf_cm.o(.bss)
    os_stack_mem                             0x200019d8   Data        1256  rtx_conf_cm.o(.bss)
    os_fifo                                  0x20001ec0   Data         132  rtx_conf_cm.o(.bss)
    os_active_TCB                            0x20001f44   Data          28  rtx_conf_cm.o(.bss)
    os_messageQ_q_osTimerMessageQ            0x20001f60   Data          32  rtx_conf_cm.o(.bss)
    os_idle_TCB                              0x20001f90   Data          52  rt_task.o(.bss)
    os_rdy                                   0x20001fc4   Data          24  rt_list.o(.bss)
    os_dly                                   0x20001fdc   Data          24  rt_list.o(.bss)
    Image$$ARM_LIB_HEAP$$ZI$$Base            0x20001ff4   Number         0  anon$$obj.o ABSOLUTE
    Image$$ARM_LIB_HEAP$$ZI$$Limit           0x200023f4   Number         0  anon$$obj.o ABSOLUTE
    Image$$ARM_LIB_STACK$$ZI$$Limit          0x20030000   Number         0  anon$$obj.o ABSOLUTE



==============================================================================

Memory Map of the image

  Image Entry point : 0x00000411

  Load Region LR_m_text (Base: 0x00000410, Size: 0x00002a10, Max: 0x000ffbf0, ABSOLUTE)

    Execution Region ER_m_text (Base: 0x00000410, Size: 0x000029c0, Max: 0x000ffbf0, ABSOLUTE)

    Base Addr    Size         Type   Attr      Idx    E Section Name        Object

    0x00000410   0x00000000   Code   RO         3951  * .ARM.Collect$$$$00000000  mc_w.l(entry.o)
    0x00000410   0x00000004   Code   RO         3994    .ARM.Collect$$$$00000003  mc_w.l(entry4.o)
    0x00000414   0x00000004   Code   RO         3997    .ARM.Collect$$$$00000004  mc_w.l(entry5.o)
    0x00000418   0x00000000   Code   RO         3999    .ARM.Collect$$$$00000008  mc_w.l(entry7b.o)
    0x00000418   0x00000000   Code   RO         4001    .ARM.Collect$$$$0000000A  mc_w.l(entry8b.o)
    0x00000418   0x00000000   Code   RO         4002    .ARM.Collect$$$$0000000D  mc_w.l(entry10a.o)
    0x00000418   0x00000000   Code   RO         4004    .ARM.Collect$$$$0000000F  mc_w.l(entry11a.o)
    0x00000418   0x00000018   Code   RO          169    .ARM.Collect$$$$000000FF  rtx_conf_cm.o
    0x00000430   0x00000004   Code   RO         3995    .ARM.Collect$$$$00002714  mc_w.l(entry4.o)
    0x00000434   0x00000198   Code   RO         3938    .emb_text           RTX_CM4.lib(hal_cm4.o)
    0x000005cc   0x00000038   Code   RO         2698    .text               startup_mk64f12.o
    0x00000604   0x00000024   Code   RO         3956    .text               mc_w.l(memcpya.o)
    0x00000628   0x00000024   Code   RO         4012    .text               mc_w.l(init.o)
    0x0000064c   0x00000004   Code   RO         3948    SVC_TABLE           RTX_CM4.lib(svc_table.o)
    0x00000650   0x00000048   Code   RO          207    i.BOARD_ClockInit   board.o
    0x00000698   0x00000018   Code   RO          208    i.BOARD_InitOsc0    board.o
    0x000006b0   0x00000018   Code   RO          209    i.BOARD_InitRtcOsc  board.o
    0x000006c8   0x00000040   Code   RO          937    i.CLOCK_HAL_EnablePll0InFllMode  fsl_mcg_hal.o
    0x00000708   0x0000000a   Code   RO         1083    i.CLOCK_HAL_GetClkOutStat  fsl_mcg_hal_modes.o
    0x00000712   0x0000000a   Code   RO         2332    i.CLOCK_HAL_GetClkOutStat  fsl_clock_manager.o
    0x0000071c   0x00000052   Code   RO          941    i.CLOCK_HAL_GetFllClk  fsl_mcg_hal.o
    0x0000076e   0x00000002   PAD
    0x00000770   0x0000004c   Code   RO          942    i.CLOCK_HAL_GetFllRefClk  fsl_mcg_hal.o
    0x000007bc   0x0000000e   Code   RO         1084    i.CLOCK_HAL_GetFllSrc  fsl_mcg_hal_modes.o
    0x000007ca   0x00000002   PAD
    0x000007cc   0x0000003c   Code   RO          943    i.CLOCK_HAL_GetInternalRefClk  fsl_mcg_hal.o
    0x00000808   0x0000000e   Code   RO          944    i.CLOCK_HAL_GetInternalRefClkMode  fsl_mcg_hal.o
    0x00000816   0x0000000e   Code   RO         1085    i.CLOCK_HAL_GetInternalRefClkMode  fsl_mcg_hal_modes.o
    0x00000824   0x00000012   Code   RO          945    i.CLOCK_HAL_GetMcgExternalClkFreq  fsl_mcg_hal.o
    0x00000836   0x00000096   Code   RO         1086    i.CLOCK_HAL_GetMcgMode  fsl_mcg_hal_modes.o
    0x000008cc   0x0000004e   Code   RO          946    i.CLOCK_HAL_GetOutClk  fsl_mcg_hal.o
    0x0000091a   0x00000044   Code   RO          947    i.CLOCK_HAL_GetPll0Clk  fsl_mcg_hal.o
    0x0000095e   0x0000000c   Code   RO          948    i.CLOCK_HAL_GetPll0RefFreq  fsl_mcg_hal.o
    0x0000096a   0x00000016   Code   RO         1087    i.CLOCK_HAL_IsOsc0Stable  fsl_mcg_hal_modes.o
    0x00000980   0x00000016   Code   RO         1088    i.CLOCK_HAL_IsPllSelected  fsl_mcg_hal_modes.o
    0x00000996   0x0000002a   Code   RO         1089    i.CLOCK_HAL_PrepareOsc  fsl_mcg_hal_modes.o
    0x000009c0   0x0000000a   Code   RO         2333    i.CLOCK_HAL_SetClkOutSrc  fsl_clock_manager.o
    0x000009ca   0x000000e4   Code   RO         1092    i.CLOCK_HAL_SetFbeMode  fsl_mcg_hal_modes.o
    0x00000aae   0x00000002   PAD
    0x00000ab0   0x000000b4   Code   RO         1093    i.CLOCK_HAL_SetFbiMode  fsl_mcg_hal_modes.o
    0x00000b64   0x0000000c   Code   RO          949    i.CLOCK_HAL_SetInternalRefClkMode  fsl_mcg_hal.o
    0x00000b70   0x0000000c   Code   RO         2334    i.CLOCK_HAL_SetLowPowerModeCmd  fsl_clock_manager.o
    0x00000b7c   0x00000024   Code   RO          950    i.CLOCK_HAL_SetOsc0Mode  fsl_mcg_hal.o
    0x00000ba0   0x00000038   Code   RO         1360    i.CLOCK_HAL_SetOutDiv  fsl_sim_hal_mk64f12.o
    0x00000bd8   0x000000e8   Code   RO         1096    i.CLOCK_HAL_SetPbeMode  fsl_mcg_hal_modes.o
    0x00000cc0   0x00000046   Code   RO          951    i.CLOCK_HAL_TestFllExternalRefFreq  fsl_mcg_hal.o
    0x00000d06   0x00000002   PAD
    0x00000d08   0x00000038   Code   RO          952    i.CLOCK_HAL_TestFllFreq  fsl_mcg_hal.o
    0x00000d40   0x00000034   Code   RO          953    i.CLOCK_HAL_TestOscFreq  fsl_mcg_hal.o
    0x00000d74   0x00000068   Code   RO          955    i.CLOCK_HAL_UpdateFastClkInternalRefDiv  fsl_mcg_hal.o
    0x00000ddc   0x00000018   Code   RO         2016    i.CLOCK_SYS_EnablePortClock  fsl_clock_mk64f12.o
    0x00000df4   0x00000018   Code   RO         2018    i.CLOCK_SYS_EnableUartClock  fsl_clock_mk64f12.o
    0x00000e0c   0x0000001e   Code   RO         2019    i.CLOCK_SYS_FllStableDelay  fsl_clock_mk64f12.o
    0x00000e2a   0x00000002   PAD
    0x00000e2c   0x00000024   Code   RO         2021    i.CLOCK_SYS_GetBusClockFreq  fsl_clock_mk64f12.o
    0x00000e50   0x00000020   Code   RO         2022    i.CLOCK_SYS_GetCoreClockFreq  fsl_clock_mk64f12.o
    0x00000e70   0x00000020   Code   RO         2043    i.CLOCK_SYS_GetSystemClockFreq  fsl_clock_mk64f12.o
    0x00000e90   0x0000002e   Code   RO         2045    i.CLOCK_SYS_GetUartFreq  fsl_clock_mk64f12.o
    0x00000ebe   0x00000002   PAD
    0x00000ec0   0x0000009c   Code   RO         2339    i.CLOCK_SYS_OscInit  fsl_clock_manager.o
    0x00000f5c   0x000000c8   Code   RO         2341    i.CLOCK_SYS_RtcOscInit  fsl_clock_manager.o
    0x00001024   0x00000048   Code   RO         2049    i.CLOCK_SYS_SetConfiguration  fsl_clock_mk64f12.o
    0x0000106c   0x00000158   Code   RO         2342    i.CLOCK_SYS_SetMcgMode  fsl_clock_manager.o
    0x000011c4   0x00000048   Code   RO         2343    i.CLOCK_SYS_SetMcgPeeToFbe  fsl_clock_manager.o
    0x0000120c   0x00000024   Code   RO         2344    i.CLOCK_SYS_SetOscerConfigration  fsl_clock_manager.o
    0x00001230   0x00000040   Code   RO         2050    i.CLOCK_SYS_SetSimConfigration  fsl_clock_mk64f12.o
    0x00001270   0x000000bc   Code   RO         2534    i.DbgConsole_Init   fsl_debug_console.o
    0x0000132c   0x00000030   Code   RO          519    i.GPIO_DRV_Init     fsl_gpio_driver.o
    0x0000135c   0x000000d4   Code   RO          520    i.GPIO_DRV_InputPinInit  fsl_gpio_driver.o
    0x00001430   0x00000080   Code   RO          522    i.GPIO_DRV_OutputPinInit  fsl_gpio_driver.o
    0x000014b0   0x00000028   Code   RO          528    i.GPIO_DRV_WritePinOutput  fsl_gpio_driver.o
    0x000014d8   0x0000001e   Code   RO          857    i.GPIO_HAL_SetPinDir  fsl_gpio_hal.o
    0x000014f6   0x00000012   Code   RO          858    i.GPIO_HAL_WritePinOutput  fsl_gpio_hal.o
    0x00001508   0x00000028   Code   RO           34    i.Init_Thread       sensorthread.o
    0x00001530   0x00000014   Code   RO           60    i.LED_Initialize    led_frdm_k64f.o
    0x00001544   0x0000001c   Code   RO           61    i.LED_Off           led_frdm_k64f.o
    0x00001560   0x0000001c   Code   RO           62    i.LED_On            led_frdm_k64f.o
    0x0000157c   0x0000000c   Code   RO         1189    i.OSC_HAL_SetCapacitor  fsl_osc_hal.o
    0x00001588   0x0000000a   Code   RO         2346    i.OSC_HAL_SetExternalRefClkCmd  fsl_clock_manager.o
    0x00001592   0x0000000a   Code   RO         2347    i.OSC_HAL_SetExternalRefClkInStopModeCmd  fsl_clock_manager.o
    0x0000159c   0x00000012   Code   RO          529    i.PORT_HAL_SetDigitalFilterCmd  fsl_gpio_driver.o
    0x000015ae   0x00000002   PAD
    0x000015b0   0x00000020   Code   RO          328    i.PORT_HAL_SetMuxMode  pin_mux.o
    0x000015d0   0x00000020   Code   RO          530    i.PORT_HAL_SetMuxMode  fsl_gpio_driver.o
    0x000015f0   0x0000000e   Code   RO          329    i.PORT_HAL_SetOpenDrainCmd  pin_mux.o
    0x000015fe   0x0000000e   Code   RO          331    i.PORT_HAL_SetPullCmd  pin_mux.o
    0x0000160c   0x0000000e   Code   RO          332    i.PORT_HAL_SetPullMode  pin_mux.o
    0x0000161a   0x0000000e   Code   RO         2348    i.RTC_HAL_SetOscillatorCmd  fsl_clock_manager.o
    0x00001628   0x00000022   Code   RO         2052    i.SIM_HAL_EnableClock  fsl_clock_mk64f12.o
    0x0000164a   0x00000002   PAD
    0x0000164c   0x0000002c   Code   RO         2706    i.SystemInit        system_mk64f12.o
    0x00001678   0x00000024   Code   RO           35    i.Thread            sensorthread.o
    0x0000169c   0x0000000c   Code   RO         1523    i.UART_HAL_Getchar  fsl_uart_hal.o
    0x000016a8   0x0000000a   Code   RO         1527    i.UART_HAL_Putchar  fsl_uart_hal.o
    0x000016b2   0x00000056   Code   RO         1529    i.UART_HAL_ReceiveDataPolling  fsl_uart_hal.o
    0x00001708   0x0000002e   Code   RO         1533    i.UART_HAL_SendDataPolling  fsl_uart_hal.o
    0x00001736   0x00000044   Code   RO         1534    i.UART_HAL_SetBaudRate  fsl_uart_hal.o
    0x0000177a   0x0000001c   Code   RO         1541    i.UART_HAL_SetParityMode  fsl_uart_hal.o
    0x00001796   0x0000000e   Code   RO         4016    i.__scatterload_copy  mc_w.l(handlers.o)
    0x000017a4   0x00000002   Code   RO         4017    i.__scatterload_null  mc_w.l(handlers.o)
    0x000017a6   0x0000000e   Code   RO         4018    i.__scatterload_zeroinit  mc_w.l(handlers.o)
    0x000017b4   0x00000046   Code   RO         3811    i._init_box         RTX_CM4.lib(rt_membox.o)
    0x000017fa   0x00000002   PAD
    0x000017fc   0x000000bc   Code   RO          336    i.configure_enet_pins  pin_mux.o
    0x000018b8   0x00000048   Code   RO          347    i.configure_uart_pins  pin_mux.o
    0x00001900   0x00000030   Code   RO         3864    i.dbg_init          RTX_CM4.lib(hal_cm.o)
    0x00001930   0x00000020   Code   RO         3865    i.dbg_task_notify   RTX_CM4.lib(hal_cm.o)
    0x00001950   0x00000010   Code   RO         3866    i.dbg_task_switch   RTX_CM4.lib(hal_cm.o)
    0x00001960   0x00000016   Code   RO          210    i.dbg_uart_init     board.o
    0x00001976   0x00000002   PAD
    0x00001978   0x0000005c   Code   RO         2675    i.hardware_init     hardware_init.o
    0x000019d4   0x00000048   Code   RO          467    i.init_data_bss     startup.o
    0x00001a1c   0x0000002a   Code   RO         2741    i.isrMessageGet     RTX_CM4.lib(rt_cmsis.o)
    0x00001a46   0x0000002c   Code   RO         2742    i.isrMessagePut     RTX_CM4.lib(rt_cmsis.o)
    0x00001a72   0x00000002   PAD
    0x00001a74   0x00000056   Code   RO         3657    i.isr_mbx_receive   RTX_CM4.lib(rt_mailbox.o)
    0x00001aca   0x0000000e   Code   RO         3658    i.isr_mbx_send      RTX_CM4.lib(rt_mailbox.o)
    0x00001ad8   0x00000034   Code   RO            4    i.main              main.o
    0x00001b0c   0x00000018   Code   RO         2745    i.osDelay           RTX_CM4.lib(rt_cmsis.o)
    0x00001b24   0x00000024   Code   RO         2746    i.osKernelInitialize  RTX_CM4.lib(rt_cmsis.o)
    0x00001b48   0x0000006c   Code   RO         2748    i.osKernelStart     RTX_CM4.lib(rt_cmsis.o)
    0x00001bb4   0x00000018   Code   RO         2757    i.osMessageGet      RTX_CM4.lib(rt_cmsis.o)
    0x00001bcc   0x0000002c   Code   RO         2774    i.osThreadCreate    RTX_CM4.lib(rt_cmsis.o)
    0x00001bf8   0x00000018   Code   RO         2775    i.osThreadExit      RTX_CM4.lib(rt_cmsis.o)
    0x00001c10   0x00000018   Code   RO         2780    i.osThreadYield     RTX_CM4.lib(rt_cmsis.o)
    0x00001c28   0x0000000c   Code   RO         2781    i.osTimerCall       RTX_CM4.lib(rt_cmsis.o)
    0x00001c34   0x0000002c   Code   RO         2786    i.osTimerThread     RTX_CM4.lib(rt_cmsis.o)
    0x00001c60   0x00000022   Code   RO          170    i.os_error          rtx_conf_cm.o
    0x00001c82   0x00000004   Code   RO          171    i.os_idle_demon     rtx_conf_cm.o
    0x00001c86   0x00000002   PAD
    0x00001c88   0x00000028   Code   RO         3445    i.os_tick_init      RTX_CM4.lib(rt_system.o)
    0x00001cb0   0x00000002   Code   RO         3446    i.os_tick_irqack    RTX_CM4.lib(rt_system.o)
    0x00001cb2   0x0000001a   Code   RO         3812    i.rt_alloc_box      RTX_CM4.lib(rt_membox.o)
    0x00001ccc   0x0000003e   Code   RO         3840    i.rt_alloc_mem      RTX_CM4.lib(rt_memory.o)
    0x00001d0a   0x00000002   PAD
    0x00001d0c   0x00000038   Code   RO         3360    i.rt_block          RTX_CM4.lib(rt_task.o)
    0x00001d44   0x00000048   Code   RO         3917    i.rt_chk_robin      RTX_CM4.lib(rt_robin.o)
    0x00001d8c   0x00000070   Code   RO         3581    i.rt_dec_dly        RTX_CM4.lib(rt_list.o)
    0x00001dfc   0x00000044   Code   RO         3361    i.rt_dispatch       RTX_CM4.lib(rt_task.o)
    0x00001e40   0x00000006   Code   RO         3747    i.rt_dly_wait       RTX_CM4.lib(rt_time.o)
    0x00001e46   0x00000002   PAD
    0x00001e48   0x00000050   Code   RO         3538    i.rt_evt_psh        RTX_CM4.lib(rt_event.o)
    0x00001e98   0x0000002c   Code   RO         3813    i.rt_free_box       RTX_CM4.lib(rt_membox.o)
    0x00001ec4   0x00000028   Code   RO         3841    i.rt_free_mem       RTX_CM4.lib(rt_memory.o)
    0x00001eec   0x00000028   Code   RO         3582    i.rt_get_first      RTX_CM4.lib(rt_list.o)
    0x00001f14   0x00000024   Code   RO         3583    i.rt_get_same_rdy_prio  RTX_CM4.lib(rt_list.o)
    0x00001f38   0x00000008   Code   RO         2791    i.rt_id2obj         RTX_CM4.lib(rt_cmsis.o)
    0x00001f40   0x00000048   Code   RO         3362    i.rt_init_context   RTX_CM4.lib(rt_task.o)
    0x00001f88   0x0000001a   Code   RO         3842    i.rt_init_mem       RTX_CM4.lib(rt_memory.o)
    0x00001fa2   0x00000002   PAD
    0x00001fa4   0x00000018   Code   RO         3918    i.rt_init_robin     RTX_CM4.lib(rt_robin.o)
    0x00001fbc   0x00000080   Code   RO         3867    i.rt_init_stack     RTX_CM4.lib(hal_cm.o)
    0x0000203c   0x00000008   Code   RO         3659    i.rt_mbx_check      RTX_CM4.lib(rt_mailbox.o)
    0x00002044   0x0000001a   Code   RO         3660    i.rt_mbx_init       RTX_CM4.lib(rt_mailbox.o)
    0x0000205e   0x00000002   PAD
    0x00002060   0x000000f0   Code   RO         3661    i.rt_mbx_psh        RTX_CM4.lib(rt_mailbox.o)
    0x00002150   0x000000b4   Code   RO         3663    i.rt_mbx_wait       RTX_CM4.lib(rt_mailbox.o)
    0x00002204   0x00000044   Code   RO         2792    i.rt_ms2tick        RTX_CM4.lib(rt_cmsis.o)
    0x00002248   0x0000007c   Code   RO         3449    i.rt_pop_req        RTX_CM4.lib(rt_system.o)
    0x000022c4   0x00000020   Code   RO         3450    i.rt_psh_req        RTX_CM4.lib(rt_system.o)
    0x000022e4   0x0000005c   Code   RO         3584    i.rt_psq_enq        RTX_CM4.lib(rt_list.o)
    0x00002340   0x00000048   Code   RO         3585    i.rt_put_dly        RTX_CM4.lib(rt_list.o)
    0x00002388   0x00000036   Code   RO         3586    i.rt_put_prio       RTX_CM4.lib(rt_list.o)
    0x000023be   0x00000002   PAD
    0x000023c0   0x00000014   Code   RO         3587    i.rt_put_rdy_first  RTX_CM4.lib(rt_list.o)
    0x000023d4   0x00000034   Code   RO         3588    i.rt_resort_prio    RTX_CM4.lib(rt_list.o)
    0x00002408   0x00000010   Code   RO         3868    i.rt_ret_regs       RTX_CM4.lib(hal_cm.o)
    0x00002418   0x0000000c   Code   RO         3869    i.rt_ret_val        RTX_CM4.lib(hal_cm.o)
    0x00002424   0x00000010   Code   RO         3870    i.rt_ret_val2       RTX_CM4.lib(hal_cm.o)
    0x00002434   0x00000028   Code   RO         3589    i.rt_rmv_dly        RTX_CM4.lib(rt_list.o)
    0x0000245c   0x00000030   Code   RO         3590    i.rt_rmv_list       RTX_CM4.lib(rt_list.o)
    0x0000248c   0x00000034   Code   RO         3708    i.rt_sem_psh        RTX_CM4.lib(rt_semaphore.o)
    0x000024c0   0x00000024   Code   RO         3452    i.rt_stk_check      RTX_CM4.lib(rt_system.o)
    0x000024e4   0x00000028   Code   RO         3363    i.rt_switch_req     RTX_CM4.lib(rt_task.o)
    0x0000250c   0x000000cc   Code   RO         3364    i.rt_sys_init       RTX_CM4.lib(rt_task.o)
    0x000025d8   0x00000078   Code   RO         3365    i.rt_sys_start      RTX_CM4.lib(rt_task.o)
    0x00002650   0x00000040   Code   RO         3454    i.rt_systick        RTX_CM4.lib(rt_system.o)
    0x00002690   0x00000012   Code   RO         2793    i.rt_tid2ptcb       RTX_CM4.lib(rt_cmsis.o)
    0x000026a2   0x00000002   PAD
    0x000026a4   0x00000034   Code   RO         2794    i.rt_timer_insert   RTX_CM4.lib(rt_cmsis.o)
    0x000026d8   0x00000088   Code   RO         3366    i.rt_tsk_create     RTX_CM4.lib(rt_task.o)
    0x00002760   0x0000017c   Code   RO         3367    i.rt_tsk_delete     RTX_CM4.lib(rt_task.o)
    0x000028dc   0x00000030   Code   RO         3368    i.rt_tsk_pass       RTX_CM4.lib(rt_task.o)
    0x0000290c   0x0000007c   Code   RO         3369    i.rt_tsk_prio       RTX_CM4.lib(rt_task.o)
    0x00002988   0x00000010   Code   RO         3370    i.rt_tsk_self       RTX_CM4.lib(rt_task.o)
    0x00002998   0x00000012   Code   RO         2796    i.svcDelay          RTX_CM4.lib(rt_cmsis.o)
    0x000029aa   0x00000002   PAD
    0x000029ac   0x00000070   Code   RO         2797    i.svcKernelInitialize  RTX_CM4.lib(rt_cmsis.o)
    0x00002a1c   0x00000048   Code   RO         2799    i.svcKernelStart    RTX_CM4.lib(rt_cmsis.o)
    0x00002a64   0x00000024   Code   RO         2802    i.svcMessageCreate  RTX_CM4.lib(rt_cmsis.o)
    0x00002a88   0x0000003a   Code   RO         2803    i.svcMessageGet     RTX_CM4.lib(rt_cmsis.o)
    0x00002ac2   0x00000002   PAD
    0x00002ac4   0x0000006c   Code   RO         2817    i.svcThreadCreate   RTX_CM4.lib(rt_cmsis.o)
    0x00002b30   0x0000001c   Code   RO         2818    i.svcThreadGetId    RTX_CM4.lib(rt_cmsis.o)
    0x00002b4c   0x00000038   Code   RO         2821    i.svcThreadTerminate  RTX_CM4.lib(rt_cmsis.o)
    0x00002b84   0x0000000a   Code   RO         2822    i.svcThreadYield    RTX_CM4.lib(rt_cmsis.o)
    0x00002b8e   0x00000018   Code   RO         2823    i.svcTimerCall      RTX_CM4.lib(rt_cmsis.o)
    0x00002ba6   0x00000002   PAD
    0x00002ba8   0x0000005c   Code   RO         2832    i.sysTimerTick      RTX_CM4.lib(rt_cmsis.o)
    0x00002c04   0x00000010   Data   RO           36    .constdata          sensorthread.o
    0x00002c14   0x00000068   Data   RO          173    .constdata          rtx_conf_cm.o
    0x00002c7c   0x00000048   Data   RO          211    .constdata          board.o
    0x00002cc4   0x00000048   Data   RO          302    .constdata          gpio_pins.o
    0x00002d0c   0x0000002d   Data   RO          495    .constdata          fsl_gpio_common.o
    0x00002d39   0x00000003   PAD
    0x00002d3c   0x00000006   Data   RO          639    .constdata          fsl_rtc_common.o
    0x00002d42   0x00000030   Data   RO          956    .constdata          fsl_mcg_hal.o
    0x00002d72   0x00000019   Data   RO         2054    .constdata          fsl_clock_mk64f12.o
    0x00002d8b   0x00000001   PAD
    0x00002d8c   0x0000000c   Data   RO         2466    .constdata          fsl_clock_manager_common.o
    0x00002d98   0x00000018   Data   RO         2543    .constdata          fsl_debug_console.o
    0x00002db0   0x00000020   Data   RO         4014    Region$$Table       anon$$obj.o


    Execution Region RW_m_data (Base: 0x1fff0000, Size: 0x00000000, Max: 0x00010000, ABSOLUTE)

    **** No section assigned to this execution region ****


    Execution Region RW_m_data_2 (Base: 0x20000000, Size: 0x00001ff4, Max: 0x0002f800, ABSOLUTE)

    Base Addr    Size         Type   Attr      Idx    E Section Name        Object

    0x20000000   0x00000004   Data   RW           37    .data               sensorthread.o
    0x20000004   0x00000010   Data   RW          174    .data               rtx_conf_cm.o
    0x20000014   0x00000010   Data   RW          957    .data               fsl_mcg_hal.o
    0x20000024   0x00000004   Data   RW         2707    .data               system_mk64f12.o
    0x20000028   0x00000008   Data   RW         2835    .data               RTX_CM4.lib(rt_cmsis.o)
    0x20000030   0x00000008   Data   RW         3372    .data               RTX_CM4.lib(rt_task.o)
    0x20000038   0x00000008   Data   RW         3457    .data               RTX_CM4.lib(rt_system.o)
    0x20000040   0x00000004   Data   RW         3751    .data               RTX_CM4.lib(rt_time.o)
    0x20000044   0x00000001   Data   RW         3871    .data               RTX_CM4.lib(hal_cm.o)
    0x20000045   0x00000003   PAD
    0x20000048   0x00000008   Data   RW         3919    .data               RTX_CM4.lib(rt_robin.o)
    0x20000050   0x00001f30   Zero   RW          172    .bss                rtx_conf_cm.o
    0x20001f80   0x00000010   Zero   RW         2542    .bss                fsl_debug_console.o
    0x20001f90   0x00000034   Zero   RW         3371    .bss                RTX_CM4.lib(rt_task.o)
    0x20001fc4   0x00000030   Zero   RW         3591    .bss                RTX_CM4.lib(rt_list.o)


    Execution Region ARM_LIB_HEAP (Base: 0x20001ff4, Size: 0x00000400, Max: 0x00000400, ABSOLUTE)

    Base Addr    Size         Type   Attr      Idx    E Section Name        Object

    0x20001ff4   0x00000400   Zero   RW            1    ARM_LIB_HEAP.bss    anon$$obj.o


    Execution Region ARM_LIB_STACK (Base: 0x2002fc00, Size: 0x00000400, Max: 0x00000400, ABSOLUTE)

    Base Addr    Size         Type   Attr      Idx    E Section Name        Object

    0x2002fc00   0x00000400   Zero   RW            2    ARM_LIB_STACK.bss   anon$$obj.o



  Load Region LR_m_interrupts (Base: 0x00000000, Size: 0x00000400, Max: 0x00000400, ABSOLUTE)

    Execution Region VECTOR_RAM (Base: 0x00000000, Size: 0x00000000, Max: 0x00000000, ABSOLUTE)

    Base Addr    Size         Type   Attr      Idx    E Section Name        Object

    0x00000000   0x00000000   Zero   RW            3    VECTOR_RAM.bss      anon$$obj.o


    Execution Region VECTOR_ROM (Base: 0x00000000, Size: 0x00000400, Max: 0x00000400, ABSOLUTE)

    Base Addr    Size         Type   Attr      Idx    E Section Name        Object

    0x00000000   0x00000400   Data   RO         2696    RESET               startup_mk64f12.o



  Load Region LR_m_flash_config (Base: 0x00000400, Size: 0x00000010, Max: 0x00000010, ABSOLUTE)

    Execution Region ER_m_flash_config (Base: 0x00000400, Size: 0x00000010, Max: 0x00000010, ABSOLUTE)

    Base Addr    Size         Type   Attr      Idx    E Section Name        Object

    0x00000400   0x00000010   Data   RO         2697    FlashConfig         startup_mk64f12.o


==============================================================================

Image component sizes


      Code (inc. data)   RO Data    RW Data    ZI Data      Debug   Object Name

       142         24         72          0          0      34611   board.o
       874         38          0          0          0      29877   fsl_clock_manager.o
         0          0         12          0          0        900   fsl_clock_manager_common.o
       394         72         25          0          0      28991   fsl_clock_mk64f12.o
       188         16         24          0         16      12979   fsl_debug_console.o
         0          0         45          0          0        784   fsl_gpio_common.o
       478         38          0          0          0      38634   fsl_gpio_driver.o
        48          0          0          0          0       1739   fsl_gpio_hal.o
       802         40         48         16          0      16890   fsl_mcg_hal.o
       914         14          0          0          0      12572   fsl_mcg_hal_modes.o
         0          0          0          0          0       9160   fsl_os_abstraction_bm.o
        12          0          0          0          0       1011   fsl_osc_hal.o
         0          0          6          0          0        781   fsl_rtc_common.o
        56          0          0          0          0       1454   fsl_sim_hal_mk64f12.o
       250          0          0          0          0      12787   fsl_uart_hal.o
         0          0         72          0          0        763   gpio_pins.o
        92         18          0          0          0        560   hardware_init.o
        76         14          0          0          0     623668   led_frdm_k64f.o
        52          0          0          0          0       9061   main.o
       334         28          0          0          0       5980   pin_mux.o
        62          6        104         16       7984       7708   rtx_conf_cm.o
        76         10         16          4          0       1681   sensorthread.o
        72         18          0          0          0        580   startup.o
        56         18       1040          0          0        856   startup_mk64f12.o
        44         10          0          4          0        751   system_mk64f12.o

    ----------------------------------------------------------------------
      5042        364       1500         40      10048     854778   Object Totals
         0          0         32          0       2048          0   (incl. Generated)
        20          0          4          0          0          0   (incl. Padding)

    ----------------------------------------------------------------------

      Code (inc. data)   RO Data    RW Data    ZI Data      Debug   Library Member Name

       268         24          0          1          0       4524   hal_cm.o
       408         34          0          0          0        824   hal_cm4.o
      1186        150          0          8          0      36803   rt_cmsis.o
        80          4          0          0          0        709   rt_event.o
       566         44          0          0         48       9272   rt_list.o
       554         10          0          0          0       4237   rt_mailbox.o
       140          0          0          0          0       2069   rt_membox.o
       128          0          0          0          0       2451   rt_memory.o
        96         22          0          8          0       1254   rt_robin.o
        52          4          0          0          0        621   rt_semaphore.o
       298         52          0          8          0       6511   rt_system.o
      1264        184          0          8         52      10675   rt_task.o
         6          0          0          4          0        700   rt_time.o
         4          4          0          0          0        208   svc_table.o
         0          0          0          0          0          0   entry.o
         0          0          0          0          0          0   entry10a.o
         0          0          0          0          0          0   entry11a.o
         8          4          0          0          0          0   entry4.o
         4          0          0          0          0          0   entry5.o
         0          0          0          0          0          0   entry7b.o
         0          0          0          0          0          0   entry8b.o
        30          0          0          0          0          0   handlers.o
        36          8          0          0          0         68   init.o
        36          0          0          0          0         68   memcpya.o

    ----------------------------------------------------------------------
      5186        544          0         40        100      80994   Library Totals
        22          0          0          3          0          0   (incl. Padding)

    ----------------------------------------------------------------------

      Code (inc. data)   RO Data    RW Data    ZI Data      Debug   Library Name

      5050        532          0         37        100      80858   RTX_CM4.lib
       114         12          0          0          0        136   mc_w.l

    ----------------------------------------------------------------------
      5186        544          0         40        100      80994   Library Totals

    ----------------------------------------------------------------------

==============================================================================


      Code (inc. data)   RO Data    RW Data    ZI Data      Debug   

     10228        908       1500         80      10148     920676   Grand Totals
     10228        908       1500         80      10148     920676   ELF Image Totals
     10228        908       1500         80          0          0   ROM Totals

==============================================================================

    Total RO  Size (Code + RO Data)                11728 (  11.45kB)
    Total RW  Size (RW Data + ZI Data)             10228 (   9.99kB)
    Total ROM Size (Code + RO Data + RW Data)      11808 (  11.53kB)

==============================================================================

