Component: ARM Compiler 5.06 update 4 (build 422) Tool: armlink [4d35d2]

==============================================================================

Section Cross References

    main.o(i.dhcp_client_notify) refers to led_frdm_k64f.o(i.LED_Off) for LED_Off
    main.o(i.dhcp_client_notify) refers to led_frdm_k64f.o(i.LED_On) for LED_On
    main.o(i.main) refers to rt_cmsis.o(i.osKernelInitialize) for osKernelInitialize
    main.o(i.main) refers to hardware_init.o(i.hardware_init) for hardware_init
    main.o(i.main) refers to led_frdm_k64f.o(i.LED_Initialize) for LED_Initialize
    main.o(i.main) refers to sensorthread.o(i.Init_Thread) for Init_Thread
    main.o(i.main) refers to net_sys.o(i.net_initialize) for net_initialize
    main.o(i.main) refers to rt_cmsis.o(i.osKernelStart) for osKernelStart
    main.o(i.main) refers to net_sys.o(i.net_main) for net_main
    main.o(i.main) refers to rt_cmsis.o(i.osThreadYield) for osThreadYield
    sensorthread.o(i.Init_Thread) refers to rt_cmsis.o(i.osThreadCreate) for osThreadCreate
    sensorthread.o(i.Init_Thread) refers to sensorthread.o(.constdata) for os_thread_def_Thread
    sensorthread.o(i.Init_Thread) refers to sensorthread.o(.data) for tid_Thread
    sensorthread.o(i.Thread) refers to fxos8700.o(i.Accelerometer_Initialize) for Accelerometer_Initialize
    sensorthread.o(i.Thread) refers to fxos8700.o(i.Magnetometer_Initialize) for Magnetometer_Initialize
    sensorthread.o(i.Thread) refers to fxos8700.o(i.Accelerometer_GetState) for Accelerometer_GetState
    sensorthread.o(i.Thread) refers to fxos8700.o(i.Magnetometer_GetState) for Magnetometer_GetState
    sensorthread.o(i.Thread) refers to rt_cmsis.o(i.osDelay) for osDelay
    sensorthread.o(i.Thread) refers to rt_cmsis.o(i.osThreadYield) for osThreadYield
    sensorthread.o(i.Thread) refers to sensorthread.o(.bss) for g_accel
    sensorthread.o(.constdata) refers to sensorthread.o(i.Thread) for Thread
    http_server_cgi.o(i.cgi_process_data) refers to net_http_server.o(i.http_get_env_var) for http_get_env_var
    http_server_cgi.o(i.cgi_process_query) refers to net_http_server.o(i.http_get_env_var) for http_get_env_var
    http_server_cgi.o(i.cgi_script) refers to led_frdm_k64f.o(i.LED_On) for LED_On
    http_server_cgi.o(i.cgi_script) refers to printf8.o(i.__0sprintf$8) for __2sprintf
    http_server_cgi.o(i.cgi_script) refers to strlen.o(.text) for strlen
    http_server_cgi.o(i.cgi_script) refers to led_frdm_k64f.o(i.LED_Off) for LED_Off
    web.o(i.imageFileInfo) refers to web.o(i.crc32_8bit) for crc32_8bit
    web.o(i.imageFileInfo) refers to web.o(.constdata) for imageFileTable
    fxos8700.o(i.Accelerometer_GetState) refers to rt_cmsis.o(i.osSemaphoreWait) for osSemaphoreWait
    fxos8700.o(i.Accelerometer_GetState) refers to rt_cmsis.o(i.osSemaphoreRelease) for osSemaphoreRelease
    fxos8700.o(i.Accelerometer_GetState) refers to fxos8700.o(.data) for Status
    fxos8700.o(i.Accelerometer_GetState) refers to i2c_mk64f.o(.constdata) for Driver_I2C0
    fxos8700.o(i.Accelerometer_Initialize) refers to fxos8700.o(i.Initialize) for Initialize
    fxos8700.o(i.Accelerometer_Initialize) refers to fxos8700.o(.data) for Status
    fxos8700.o(i.Accelerometer_Uninitialize) refers to fxos8700.o(.data) for Status
    fxos8700.o(i.Initialize) refers to rt_cmsis.o(i.osSemaphoreCreate) for osSemaphoreCreate
    fxos8700.o(i.Initialize) refers to fxos8700.o(i.Register_Read) for Register_Read
    fxos8700.o(i.Initialize) refers to fxos8700.o(i.Register_Write) for Register_Write
    fxos8700.o(i.Initialize) refers to fxos8700.o(.data) for Status
    fxos8700.o(i.Initialize) refers to fxos8700.o(.constdata) for os_semaphore_def_Semaphore
    fxos8700.o(i.Initialize) refers to i2c_mk64f.o(.constdata) for Driver_I2C0
    fxos8700.o(i.Magnetometer_GetState) refers to rt_cmsis.o(i.osSemaphoreWait) for osSemaphoreWait
    fxos8700.o(i.Magnetometer_GetState) refers to rt_cmsis.o(i.osSemaphoreRelease) for osSemaphoreRelease
    fxos8700.o(i.Magnetometer_GetState) refers to fxos8700.o(.data) for Status
    fxos8700.o(i.Magnetometer_GetState) refers to i2c_mk64f.o(.constdata) for Driver_I2C0
    fxos8700.o(i.Magnetometer_Initialize) refers to fxos8700.o(i.Initialize) for Initialize
    fxos8700.o(i.Magnetometer_Initialize) refers to fxos8700.o(.data) for Status
    fxos8700.o(i.Magnetometer_Uninitialize) refers to fxos8700.o(.data) for Status
    fxos8700.o(i.Register_Read) refers to i2c_mk64f.o(.constdata) for Driver_I2C0
    fxos8700.o(i.Register_Write) refers to i2c_mk64f.o(.constdata) for Driver_I2C0
    fxos8700.o(.constdata) refers to fxos8700.o(.data) for os_semaphore_cb_Semaphore
    led_frdm_k64f.o(i.LED_Initialize) refers to fsl_gpio_driver.o(i.GPIO_DRV_Init) for GPIO_DRV_Init
    led_frdm_k64f.o(i.LED_Initialize) refers to gpio_pins.o(.constdata) for ledPins
    led_frdm_k64f.o(i.LED_Off) refers to fsl_gpio_driver.o(i.GPIO_DRV_WritePinOutput) for GPIO_DRV_WritePinOutput
[...]
    osSignalSet                              0x00008899   Thumb Code    18  rt_cmsis.o(i.osSignalSet)
    osSignalWait                             0x000088b1   Thumb Code    18  rt_cmsis.o(i.osSignalWait)
    osThreadCreate                           0x000088c9   Thumb Code    38  rt_cmsis.o(i.osThreadCreate)
    osThreadExit                             0x000088f9   Thumb Code    14  rt_cmsis.o(i.osThreadExit)
    osThreadYield                            0x00008911   Thumb Code    18  rt_cmsis.o(i.osThreadYield)
    osTimerCall                              0x00008929   Thumb Code     8  rt_cmsis.o(i.osTimerCall)
    osTimerCreate                            0x00008935   Thumb Code    44  rt_cmsis.o(i.osTimerCreate)
    osTimerStart                             0x00008969   Thumb Code    18  rt_cmsis.o(i.osTimerStart)
    osTimerThread                            0x00008981   Thumb Code    38  rt_cmsis.o(i.osTimerThread)
    os_error                                 0x000089ad   Thumb Code    34  rtx_conf_cm.o(i.os_error)
    os_idle_demon                            0x000089cf   Thumb Code     4  rtx_conf_cm.o(i.os_idle_demon)
    os_tick_init                             0x000089d5   Thumb Code    32  rt_system.o(i.os_tick_init)
    os_tick_irqack                           0x000089fd   Thumb Code     2  rt_system.o(i.os_tick_irqack)
    ppp_send_frame                           0x000089ff   Thumb Code     4  net_config.o(i.ppp_send_frame)
    rt_alloc_box                             0x00008c79   Thumb Code    26  rt_membox.o(i.rt_alloc_box)
    rt_alloc_mem                             0x00008c93   Thumb Code    62  rt_memory.o(i.rt_alloc_mem)
    rt_block                                 0x00008cd1   Thumb Code    48  rt_task.o(i.rt_block)
    rt_chk_robin                             0x00008d09   Thumb Code     2  rtx_conf_cm.o(i.rt_chk_robin)
    rt_dec_dly                               0x00008d0d   Thumb Code   102  rt_list.o(i.rt_dec_dly)
    rt_dispatch                              0x00008d7d   Thumb Code    60  rt_task.o(i.rt_dispatch)
    rt_dly_wait                              0x00008dc1   Thumb Code     6  rt_time.o(i.rt_dly_wait)
    rt_evt_psh                               0x00008dc9   Thumb Code    76  rt_event.o(i.rt_evt_psh)
    rt_evt_set                               0x00008e19   Thumb Code    88  rt_event.o(i.rt_evt_set)
    rt_evt_wait                              0x00008e75   Thumb Code    56  rt_event.o(i.rt_evt_wait)
    rt_free_box                              0x00008eb1   Thumb Code    44  rt_membox.o(i.rt_free_box)
    rt_free_mem                              0x00008edd   Thumb Code    40  rt_memory.o(i.rt_free_mem)
    rt_get_first                             0x00008f05   Thumb Code    40  rt_list.o(i.rt_get_first)
    rt_get_same_rdy_prio                     0x00008f2d   Thumb Code    26  rt_list.o(i.rt_get_same_rdy_prio)
    rt_init_mem                              0x00008fa1   Thumb Code    26  rt_memory.o(i.rt_init_mem)
    rt_init_robin                            0x00008fbb   Thumb Code     2  rtx_conf_cm.o(i.rt_init_robin)
    rt_init_stack                            0x00008fbd   Thumb Code   118  hal_cm.o(i.rt_init_stack)
    rt_mbx_check                             0x0000903d   Thumb Code     8  rt_mailbox.o(i.rt_mbx_check)
    rt_mbx_init                              0x00009045   Thumb Code    26  rt_mailbox.o(i.rt_mbx_init)
    rt_mbx_psh                               0x00009061   Thumb Code   236  rt_mailbox.o(i.rt_mbx_psh)
    rt_mbx_wait                              0x00009151   Thumb Code   174  rt_mailbox.o(i.rt_mbx_wait)
    rt_mut_init                              0x00009249   Thumb Code    16  rt_mutex.o(i.rt_mut_init)
    rt_mut_release                           0x00009259   Thumb Code   208  rt_mutex.o(i.rt_mut_release)
    rt_mut_wait                              0x00009331   Thumb Code   100  rt_mutex.o(i.rt_mut_wait)
    rt_pop_req                               0x00009399   Thumb Code   112  rt_system.o(i.rt_pop_req)
    rt_psh_req                               0x00009415   Thumb Code    22  rt_system.o(i.rt_psh_req)
    rt_psq_enq                               0x00009435   Thumb Code    88  rt_list.o(i.rt_psq_enq)
    rt_put_dly                               0x00009491   Thumb Code    68  rt_list.o(i.rt_put_dly)
    rt_put_prio                              0x000094d9   Thumb Code    54  rt_list.o(i.rt_put_prio)
    rt_put_rdy_first                         0x00009511   Thumb Code    14  rt_list.o(i.rt_put_rdy_first)
    rt_resort_prio                           0x00009525   Thumb Code    46  rt_list.o(i.rt_resort_prio)
    rt_ret_val                               0x00009569   Thumb Code    12  hal_cm.o(i.rt_ret_val)
    rt_ret_val2                              0x00009575   Thumb Code    16  hal_cm.o(i.rt_ret_val2)
    rt_rmv_dly                               0x00009585   Thumb Code    40  rt_list.o(i.rt_rmv_dly)
    rt_rmv_list                              0x000095ad   Thumb Code    44  rt_list.o(i.rt_rmv_list)
    rt_sem_init                              0x000095dd   Thumb Code    12  rt_semaphore.o(i.rt_sem_init)
    rt_sem_psh                               0x000095e9   Thumb Code    48  rt_semaphore.o(i.rt_sem_psh)
    rt_sem_send                              0x0000961d   Thumb Code    42  rt_semaphore.o(i.rt_sem_send)
    rt_sem_wait                              0x00009649   Thumb Code    58  rt_semaphore.o(i.rt_sem_wait)
    rt_stk_check                             0x00009689   Thumb Code    28  rt_system.o(i.rt_stk_check)
    rt_switch_req                            0x000096ad   Thumb Code    30  rt_task.o(i.rt_switch_req)
    rt_sys_init                              0x000096d5   Thumb Code   138  rt_task.o(i.rt_sys_init)
    rt_sys_start                             0x000097a1   Thumb Code   110  rt_task.o(i.rt_sys_start)
    rt_systick                               0x00009819   Thumb Code    50  rt_system.o(i.rt_systick)
    rt_tsk_create                            0x000098dd   Thumb Code   118  rt_task.o(i.rt_tsk_create)
    rt_tsk_delete                            0x00009965   Thumb Code   352  rt_task.o(i.rt_tsk_delete)
    rt_tsk_pass                              0x00009ae1   Thumb Code    38  rt_task.o(i.rt_tsk_pass)
    rt_tsk_prio                              0x00009b11   Thumb Code   108  rt_task.o(i.rt_tsk_prio)
    rt_tsk_self                              0x00009b8d   Thumb Code    12  rt_task.o(i.rt_tsk_self)
    slip_send_frame                          0x00009be5   Thumb Code     4  net_config.o(i.slip_send_frame)
    str_copy                                 0x00009be9   Thumb Code    18  net_common.o(i.str_copy)
    str_pos                                  0x00009bfb   Thumb Code    22  net_common.o(i.str_pos)
    str_scomp                                0x00009c11   Thumb Code    26  net_common.o(i.str_scomp)
    str_up_case                              0x00009c2b   Thumb Code    26  net_common.o(i.str_up_case)
    svcDelay                                 0x00009c45   Thumb Code    18  rt_cmsis.o(i.svcDelay)
    svcKernelInitialize                      0x00009c59   Thumb Code    80  rt_cmsis.o(i.svcKernelInitialize)
    svcKernelStart                           0x00009cc9   Thumb Code    62  rt_cmsis.o(i.svcKernelStart)
    svcMessageCreate                         0x00009d11   Thumb Code    36  rt_cmsis.o(i.svcMessageCreate)
    svcMessageGet                            0x00009d35   Thumb Code    58  rt_cmsis.o(i.svcMessageGet)
    svcMutexCreate                           0x00009d6f   Thumb Code    28  rt_cmsis.o(i.svcMutexCreate)
    svcMutexRelease                          0x00009d8b   Thumb Code    34  rt_cmsis.o(i.svcMutexRelease)
    svcMutexWait                             0x00009dad   Thumb Code    54  rt_cmsis.o(i.svcMutexWait)
    svcSemaphoreCreate                       0x00009de3   Thumb Code    36  rt_cmsis.o(i.svcSemaphoreCreate)
    svcSemaphoreRelease                      0x00009e07   Thumb Code    40  rt_cmsis.o(i.svcSemaphoreRelease)
    svcSemaphoreWait                         0x00009e2f   Thumb Code    50  rt_cmsis.o(i.svcSemaphoreWait)
    svcSignalSet                             0x00009e61   Thumb Code    36  rt_cmsis.o(i.svcSignalSet)
    svcSignalWait                            0x00009e85   Thumb Code    80  rt_cmsis.o(i.svcSignalWait)
    svcThreadCreate                          0x00009ed9   Thumb Code   100  rt_cmsis.o(i.svcThreadCreate)
    svcThreadGetId                           0x00009f49   Thumb Code    22  rt_cmsis.o(i.svcThreadGetId)
    svcThreadTerminate                       0x00009f65   Thumb Code    50  rt_cmsis.o(i.svcThreadTerminate)
    svcThreadYield                           0x00009f9d   Thumb Code    10  rt_cmsis.o(i.svcThreadYield)
    svcTimerCall                             0x00009fa7   Thumb Code    24  rt_cmsis.o(i.svcTimerCall)
    svcTimerCreate                           0x00009fc1   Thumb Code    52  rt_cmsis.o(i.svcTimerCreate)
    svcTimerStart                            0x00009ff9   Thumb Code    96  rt_cmsis.o(i.svcTimerStart)
    sysTimerTick                             0x0000a05d   Thumb Code    84  rt_cmsis.o(i.sysTimerTick)
    tcp_abort                                0x0000a0b9   Thumb Code    82  net_tcp.o(i.tcp_abort)
    tcp_close                                0x0000a111   Thumb Code   154  net_tcp.o(i.tcp_close)
    tcp_get_buf                              0x0000a1b1   Thumb Code    30  net_tcp.o(i.tcp_get_buf)
    tcp_get_socket                           0x0000a1d1   Thumb Code    76  net_tcp.o(i.tcp_get_socket)
    tcp_get_state                            0x0000a221   Thumb Code    34  net_tcp.o(i.tcp_get_state)
    tcp_listen                               0x0000a249   Thumb Code   102  net_tcp.o(i.tcp_listen)
    tcp_max_data_size                        0x0000a331   Thumb Code    30  net_tcp.o(i.tcp_max_data_size)
    tcp_process                              0x0000a4cd   Thumb Code  1178  net_tcp.o(i.tcp_process)
    tcp_send                                 0x0000aa31   Thumb Code   214  net_tcp.o(i.tcp_send)
    tcp_socket_init                          0x0000ac49   Thumb Code    16  net_tcp.o(i.tcp_socket_init)
    tcp_socket_poll                          0x0000ac5d   Thumb Code   634  net_tcp.o(i.tcp_socket_poll)
    udp_get_buf                              0x0000aff1   Thumb Code    30  net_udp.o(i.udp_get_buf)
    udp_get_socket                           0x0000b011   Thumb Code    68  net_udp.o(i.udp_get_socket)
    udp_open                                 0x0000b059   Thumb Code    98  net_udp.o(i.udp_open)
    udp_process                              0x0000b0f1   Thumb Code   142  net_udp.o(i.udp_process)
    udp_send                                 0x0000b189   Thumb Code   260  net_udp.o(i.udp_send)
    udp_socket_init                          0x0000b291   Thumb Code    16  net_udp.o(i.udp_socket_init)
    os_thread_def_Thread                     0x0000b394   Data          16  sensorthread.o(.constdata)
    imageLastModified                        0x0000b3a4   Data           4  web.o(.constdata)
    os_semaphore_def_Semaphore               0x0000b3bc   Data           4  fxos8700.o(.constdata)
    os_maxtaskrun                            0x0000b3c0   Data           2  rtx_conf_cm.o(.constdata)
    os_stackinfo                             0x0000b3c4   Data           4  rtx_conf_cm.o(.constdata)
    os_rrobin                                0x0000b3c8   Data           4  rtx_conf_cm.o(.constdata)
    os_tickfreq                              0x0000b3cc   Data           4  rtx_conf_cm.o(.constdata)
    os_tickus_i                              0x0000b3d0   Data           2  rtx_conf_cm.o(.constdata)
    os_tickus_f                              0x0000b3d2   Data           2  rtx_conf_cm.o(.constdata)
    os_trv                                   0x0000b3d4   Data           4  rtx_conf_cm.o(.constdata)
    os_flags                                 0x0000b3d8   Data           1  rtx_conf_cm.o(.constdata)
    CMSIS_RTOS_API_Version                   0x0000b3dc   Data           4  rtx_conf_cm.o(.constdata)
    CMSIS_RTOS_RTX_Version                   0x0000b3e0   Data           4  rtx_conf_cm.o(.constdata)
    os_clockrate                             0x0000b3e4   Data           4  rtx_conf_cm.o(.constdata)
    os_timernum                              0x0000b3e8   Data           4  rtx_conf_cm.o(.constdata)
    mp_tcb_size                              0x0000b3ec   Data           2  rtx_conf_cm.o(.constdata)
    mp_stk_size                              0x0000b3f0   Data           4  rtx_conf_cm.o(.constdata)
    os_stack_sz                              0x0000b3f4   Data           4  rtx_conf_cm.o(.constdata)
    os_fifo_size                             0x0000b3f8   Data           1  rtx_conf_cm.o(.constdata)
    os_thread_def_osTimerThread              0x0000b3fc   Data          16  rtx_conf_cm.o(.constdata)
    os_messageQ_def_osTimerMessageQ          0x0000b40c   Data           8  rtx_conf_cm.o(.constdata)
    mp_tmr_size                              0x0000b414   Data           2  rtx_conf_cm.o(.constdata)
    Driver_ETH_MAC0                          0x0000b420   Data          68  emac_mk64f.o(.constdata)
    Driver_I2C0                              0x0000b4e4   Data          48  i2c_mk64f.o(.constdata)
    Driver_I2C1                              0x0000b514   Data          48  i2c_mk64f.o(.constdata)
    Driver_I2C2                              0x0000b544   Data          48  i2c_mk64f.o(.constdata)
    Driver_ETH_PHY0                          0x0000b578   Data          32  phy_ksz8081rna.o(.constdata)
    g_defaultClockConfigVlpr                 0x0000b598   Data          22  board.o(.constdata)
    g_defaultClockConfigRun                  0x0000b5ae   Data          22  board.o(.constdata)
    sdhcCdPin                                0x0000b5e0   Data          24  gpio_pins.o(.constdata)
    ledPins                                  0x0000b5f8   Data          48  gpio_pins.o(.constdata)
    g_edmaBase                               0x0000b628   Data           4  fsl_edma_common.o(.constdata)
    g_dmamuxBase                             0x0000b62c   Data           4  fsl_edma_common.o(.constdata)
    g_edmaIrqId                              0x0000b630   Data          16  fsl_edma_common.o(.constdata)
    g_edmaErrIrqId                           0x0000b640   Data           1  fsl_edma_common.o(.constdata)
    g_gpioBase                               0x0000b644   Data          20  fsl_gpio_common.o(.constdata)
    g_portBase                               0x0000b658   Data          20  fsl_gpio_common.o(.constdata)
    g_portIrqId                              0x0000b66c   Data           5  fsl_gpio_common.o(.constdata)
    g_rtcBase                                0x0000b674   Data           4  fsl_rtc_common.o(.constdata)
    g_rtcIrqId                               0x0000b678   Data           1  fsl_rtc_common.o(.constdata)
    g_rtcSecondsIrqId                        0x0000b679   Data           1  fsl_rtc_common.o(.constdata)
    kI2CDividerTable                         0x0000b67a   Data         200  fsl_i2c_hal.o(.constdata)
    g_simBase                                0x0000b78c   Data           4  fsl_clock_manager_common.o(.constdata)
    g_mcgBase                                0x0000b790   Data           4  fsl_clock_manager_common.o(.constdata)
    g_oscBase                                0x0000b794   Data           4  fsl_clock_manager_common.o(.constdata)
    nlocalm                                  0x0000b7b0   Data          60  net_config.o(.constdata)
    sys_config                               0x0000b7ec   Data          16  net_config.o(.constdata)
    eth0_config                              0x0000b7fc   Data          40  net_config.o(.constdata)
    udp_config                               0x0000b824   Data           8  net_config.o(.constdata)
    tcp_config                               0x0000b82c   Data          24  net_config.o(.constdata)
    http_config                              0x0000b844   Data          24  net_config.o(.constdata)
    eth_bcast                                0x0000b85c   Data           6  net_eth.o(.constdata)
    os_thread_def_eth_thread                 0x0000b868   Data          16  net_eth.o(.constdata)
    ip_bcast                                 0x0000b878   Data           4  net_ip.o(.constdata)
    os_timer_def_net_tick                    0x0000b984   Data           8  net_sys.o(.constdata)
    http_error                               0x0000b98c   Data          24  net_http_server_err.o(.constdata)
    os_mutex_def_mem_lock                    0x0000b9a4   Data           4  net_mem.o(.constdata)
    net_addr_null                            0x0000b9a8   Data           8  net_addr4.o(.constdata)
    __ctype_table                            0x0000b9b0   Data         129  ctype_o.o(.constdata)
    Region$$Table$$Base                      0x0000bcc8   Number         0  anon$$obj.o(Region$$Table)
    Region$$Table$$Limit                     0x0000bce8   Number         0  anon$$obj.o(Region$$Table)
    __MW_NET_VER                             0x06050000   Number         0  net_version.o ABSOLUTE
    Image$$RW_m_data$$Base                   0x1fff0000   Number         0  anon$$obj.o ABSOLUTE
    tid_Thread                               0x20000000   Data           4  sensorthread.o(.data)
    osThreadId_osTimerThread                 0x20000014   Data           4  rtx_conf_cm.o(.data)
    osMessageQId_osTimerMessageQ             0x20000018   Data           4  rtx_conf_cm.o(.data)
    os_tmr                                   0x2000001c   Data           4  rtx_conf_cm.o(.data)
    m_tmr                                    0x20000020   Data           4  rtx_conf_cm.o(.data)
    os_thread_def_main                       0x20000024   Data          16  rtx_conf_cm.o(.data)
    g_edma                                   0x2000005c   Data           4  fsl_edma_driver.o(.data)
    g_xtal0ClkFreq                           0x20000060   Data           4  fsl_mcg_hal.o(.data)
    g_xtalRtcClkFreq                         0x20000064   Data           4  fsl_mcg_hal.o(.data)
    g_fastInternalRefClkFreq                 0x20000068   Data           4  fsl_mcg_hal.o(.data)
    g_slowInternalRefClkFreq                 0x2000006c   Data           4  fsl_mcg_hal.o(.data)
    SystemCoreClock                          0x20000070   Data           4  system_mk64f12.o(.data)
    lhost_name                               0x20000074   Data          16  net_config.o(.data)
    os_initialized                           0x2000008c   Data           1  rt_cmsis.o(.data)
    os_running                               0x2000008d   Data           1  rt_cmsis.o(.data)
    os_timer_head                            0x20000090   Data           4  rt_cmsis.o(.data)
    os_tsk                                   0x200000dc   Data           8  rt_task.o(.data)
    os_tick_irqn                             0x200000e8   Data           4  rt_system.o(.data)
    os_time                                  0x200000ec   Data           4  rt_time.o(.data)
    dbg_msg                                  0x200000f0   Data           1  hal_cm.o(.data)
    g_accel                                  0x20000100   Data          12  sensorthread.o(.bss)
    g_magneto                                0x2000010c   Data          12  sensorthread.o(.bss)
    mp_tcb                                   0x20000118   Data         376  rtx_conf_cm.o(.bss)
    mp_stk                                   0x20000290   Data       12304  rtx_conf_cm.o(.bss)
    os_stack_mem                             0x200032a0   Data        2280  rtx_conf_cm.o(.bss)
    os_fifo                                  0x20003b88   Data         132  rtx_conf_cm.o(.bss)
    os_active_TCB                            0x20003c0c   Data          28  rtx_conf_cm.o(.bss)
    os_messageQ_q_osTimerMessageQ            0x20003c28   Data          32  rtx_conf_cm.o(.bss)
    eth_control                              0x20009460   Data         136  net_eth.o(.bss)
    localm                                   0x20009524   Data          60  net_sys.o(.bss)
    sys_control                              0x20009560   Data          24  net_sys.o(.bss)
    os_timer_cb_net_tick                     0x20009578   Data          24  net_sys.o(.bss)
    os_idle_TCB                              0x20009590   Data          52  rt_task.o(.bss)
    os_rdy                                   0x200095c4   Data          24  rt_list.o(.bss)
    os_dly                                   0x200095dc   Data          24  rt_list.o(.bss)
    Image$$ARM_LIB_HEAP$$ZI$$Base            0x20009618   Number         0  anon$$obj.o ABSOLUTE
    Image$$ARM_LIB_HEAP$$ZI$$Limit           0x20009a18   Number         0  anon$$obj.o ABSOLUTE
    Image$$ARM_LIB_STACK$$ZI$$Limit          0x20030000   Number         0  anon$$obj.o ABSOLUTE



==============================================================================

Memory Map of the image

  Image Entry point : 0x00000411

  Load Region LR_m_text (Base: 0x00000410, Size: 0x0000b9d8, Max: 0x000ffbf0, ABSOLUTE)

    Execution Region ER_m_text (Base: 0x00000410, Size: 0x0000b8d8, Max: 0x000ffbf0, ABSOLUTE)

    Base Addr    Size         Type   Attr      Idx    E Section Name        Object

    0x00000410   0x00000000   Code   RO         6192  * .ARM.Collect$$$$00000000  mc_w.l(entry.o)
    0x00000410   0x00000004   Code   RO         6506    .ARM.Collect$$$$00000003  mc_w.l(entry4.o)
    0x00000414   0x00000004   Code   RO         6509    .ARM.Collect$$$$00000004  mc_w.l(entry5.o)
    0x00000418   0x00000000   Code   RO         6511    .ARM.Collect$$$$00000008  mc_w.l(entry7b.o)
    0x00000418   0x00000000   Code   RO         6513    .ARM.Collect$$$$0000000A  mc_w.l(entry8b.o)
    0x00000418   0x00000000   Code   RO         6514    .ARM.Collect$$$$0000000D  mc_w.l(entry10a.o)
    0x00000418   0x00000000   Code   RO         6516    .ARM.Collect$$$$0000000F  mc_w.l(entry11a.o)
    0x00000418   0x00000018   Code   RO          330    .ARM.Collect$$$$000000FF  rtx_conf_cm.o
    0x00000430   0x00000004   Code   RO         6507    .ARM.Collect$$$$00002714  mc_w.l(entry4.o)
    0x00000434   0x00000198   Code   RO         6179    .emb_text           RTX_CM4.lib(hal_cm4.o)
    0x000005cc   0x00000038   Code   RO         4360    .text               startup_mk64f12.o
    0x00000604   0x00000062   Code   RO         6195    .text               mc_w.l(uldiv.o)
    0x00000666   0x00000024   Code   RO         6197    .text               mc_w.l(memcpya.o)
    0x0000068a   0x00000024   Code   RO         6199    .text               mc_w.l(memseta.o)
    0x000006ae   0x0000000e   Code   RO         6201    .text               mc_w.l(strlen.o)
    0x000006bc   0x0000001c   Code   RO         6203    .text               mc_w.l(strcmp.o)
    0x000006d8   0x0000001a   Code   RO         6205    .text               mc_w.l(memcmp.o)
    0x000006f2   0x0000001a   Code   RO         6504    .text               mc_w.l(atoi.o)
    0x0000070c   0x0000001e   Code   RO         6520    .text               mc_w.l(llshl.o)
    0x0000072a   0x00000020   Code   RO         6522    .text               mc_w.l(llushr.o)
    0x0000074a   0x0000001c   Code   RO         6533    .text               mc_w.l(_chval.o)
    0x00000766   0x00000070   Code   RO         6539    .text               mc_w.l(strtol.o)
    0x000007d6   0x00000002   PAD
    0x000007d8   0x00000024   Code   RO         6552    .text               mc_w.l(init.o)
    0x000007fc   0x00000008   Code   RO         6558    .text               mc_w.l(ctype_o.o)
    0x00000804   0x0000009e   Code   RO         6588    .text               mc_w.l(_strtoul.o)
    0x000008a2   0x00000002   PAD
    0x000008a4   0x00000004   Code   RO         6189    SVC_TABLE           RTX_CM4.lib(svc_table.o)
    0x000008a8   0x00000100   Code   RO          145    i.Accelerometer_GetState  fxos8700.o
    0x000009a8   0x00000024   Code   RO          146    i.Accelerometer_Initialize  fxos8700.o
    0x000009cc   0x00000048   Code   RO         1067    i.BOARD_ClockInit   board.o
    0x00000a14   0x00000018   Code   RO         1068    i.BOARD_InitOsc0    board.o
    0x00000a2c   0x00000018   Code   RO         1069    i.BOARD_InitRtcOsc  board.o
    0x00000a44   0x00000040   Code   RO         2602    i.CLOCK_HAL_EnablePll0InFllMode  fsl_mcg_hal.o
    0x00000a84   0x0000000a   Code   RO         2748    i.CLOCK_HAL_GetClkOutStat  fsl_mcg_hal_modes.o
    0x00000a8e   0x0000000a   Code   RO         3997    i.CLOCK_HAL_GetClkOutStat  fsl_clock_manager.o
    0x00000a98   0x00000052   Code   RO         2606    i.CLOCK_HAL_GetFllClk  fsl_mcg_hal.o
    0x00000aea   0x00000002   PAD
    0x00000aec   0x0000004c   Code   RO         2607    i.CLOCK_HAL_GetFllRefClk  fsl_mcg_hal.o
    0x00000b38   0x0000000e   Code   RO         2749    i.CLOCK_HAL_GetFllSrc  fsl_mcg_hal_modes.o
    0x00000b46   0x00000002   PAD
    0x00000b48   0x0000003c   Code   RO         2608    i.CLOCK_HAL_GetInternalRefClk  fsl_mcg_hal.o
    0x00000b84   0x0000000e   Code   RO         2609    i.CLOCK_HAL_GetInternalRefClkMode  fsl_mcg_hal.o
    0x00000b92   0x0000000e   Code   RO         2750    i.CLOCK_HAL_GetInternalRefClkMode  fsl_mcg_hal_modes.o
    0x00000ba0   0x00000012   Code   RO         2610    i.CLOCK_HAL_GetMcgExternalClkFreq  fsl_mcg_hal.o
    0x00000bb2   0x00000096   Code   RO         2751    i.CLOCK_HAL_GetMcgMode  fsl_mcg_hal_modes.o
    0x00000c48   0x0000004e   Code   RO         2611    i.CLOCK_HAL_GetOutClk  fsl_mcg_hal.o
    0x00000c96   0x00000044   Code   RO         2612    i.CLOCK_HAL_GetPll0Clk  fsl_mcg_hal.o
    0x00000cda   0x0000000c   Code   RO         2613    i.CLOCK_HAL_GetPll0RefFreq  fsl_mcg_hal.o
    0x00000ce6   0x00000016   Code   RO         2752    i.CLOCK_HAL_IsOsc0Stable  fsl_mcg_hal_modes.o
    0x00000cfc   0x00000016   Code   RO         2753    i.CLOCK_HAL_IsPllSelected  fsl_mcg_hal_modes.o
    0x00000d12   0x0000002a   Code   RO         2754    i.CLOCK_HAL_PrepareOsc  fsl_mcg_hal_modes.o
    0x00000d3c   0x0000000a   Code   RO         3998    i.CLOCK_HAL_SetClkOutSrc  fsl_clock_manager.o
    0x00000d46   0x000000e4   Code   RO         2757    i.CLOCK_HAL_SetFbeMode  fsl_mcg_hal_modes.o
    0x00000e2a   0x00000002   PAD
    0x00000e2c   0x000000b4   Code   RO         2758    i.CLOCK_HAL_SetFbiMode  fsl_mcg_hal_modes.o
    0x00000ee0   0x0000000c   Code   RO         2614    i.CLOCK_HAL_SetInternalRefClkMode  fsl_mcg_hal.o
    0x00000eec   0x0000000c   Code   RO         3999    i.CLOCK_HAL_SetLowPowerModeCmd  fsl_clock_manager.o
    0x00000ef8   0x00000024   Code   RO         2615    i.CLOCK_HAL_SetOsc0Mode  fsl_mcg_hal.o
    0x00000f1c   0x00000038   Code   RO         3025    i.CLOCK_HAL_SetOutDiv  fsl_sim_hal_mk64f12.o
    0x00000f54   0x000000e8   Code   RO         2761    i.CLOCK_HAL_SetPbeMode  fsl_mcg_hal_modes.o
    0x0000103c   0x00000010   Code   RO          380    i.CLOCK_HAL_SetRmiiSrc  emac_mk64f.o
    0x0000104c   0x00000046   Code   RO         2616    i.CLOCK_HAL_TestFllExternalRefFreq  fsl_mcg_hal.o
    0x00001092   0x00000002   PAD
    0x00001094   0x00000038   Code   RO         2617    i.CLOCK_HAL_TestFllFreq  fsl_mcg_hal.o
    0x000010cc   0x00000034   Code   RO         2618    i.CLOCK_HAL_TestOscFreq  fsl_mcg_hal.o
    0x00001100   0x00000068   Code   RO         2620    i.CLOCK_HAL_UpdateFastClkInternalRefDiv  fsl_mcg_hal.o
    0x00001168   0x00000018   Code   RO         3681    i.CLOCK_SYS_EnablePortClock  fsl_clock_mk64f12.o
    0x00001180   0x00000018   Code   RO         3683    i.CLOCK_SYS_EnableUartClock  fsl_clock_mk64f12.o
    0x00001198   0x0000001e   Code   RO         3684    i.CLOCK_SYS_FllStableDelay  fsl_clock_mk64f12.o
    0x000011b6   0x00000002   PAD
    0x000011b8   0x00000024   Code   RO         3686    i.CLOCK_SYS_GetBusClockFreq  fsl_clock_mk64f12.o
    0x000011dc   0x00000020   Code   RO         3687    i.CLOCK_SYS_GetCoreClockFreq  fsl_clock_mk64f12.o
    0x000011fc   0x00000020   Code   RO         3708    i.CLOCK_SYS_GetSystemClockFreq  fsl_clock_mk64f12.o
    0x0000121c   0x0000002e   Code   RO         3710    i.CLOCK_SYS_GetUartFreq  fsl_clock_mk64f12.o
    0x0000124a   0x00000002   PAD
    0x0000124c   0x0000009c   Code   RO         4004    i.CLOCK_SYS_OscInit  fsl_clock_manager.o
    0x000012e8   0x000000c8   Code   RO         4006    i.CLOCK_SYS_RtcOscInit  fsl_clock_manager.o
    0x000013b0   0x00000048   Code   RO         3714    i.CLOCK_SYS_SetConfiguration  fsl_clock_mk64f12.o
    0x000013f8   0x00000158   Code   RO         4007    i.CLOCK_SYS_SetMcgMode  fsl_clock_manager.o
    0x00001550   0x00000048   Code   RO         4008    i.CLOCK_SYS_SetMcgPeeToFbe  fsl_clock_manager.o
    0x00001598   0x00000024   Code   RO         4009    i.CLOCK_SYS_SetOscerConfigration  fsl_clock_manager.o
    0x000015bc   0x00000040   Code   RO         3715    i.CLOCK_SYS_SetSimConfigration  fsl_clock_mk64f12.o
    0x000015fc   0x000002b4   Code   RO          381    i.Control           emac_mk64f.o
    0x000018b0   0x00000008   Code   RO          382    i.ControlTimer      emac_mk64f.o
    0x000018b8   0x0000000a   Code   RO         1522    i.DMA0_IRQHandler   fsl_edma_irq.o
    0x000018c2   0x0000000a   Code   RO         1523    i.DMA10_IRQHandler  fsl_edma_irq.o
    0x000018cc   0x0000000a   Code   RO         1524    i.DMA11_IRQHandler  fsl_edma_irq.o
    0x000018d6   0x0000000a   Code   RO         1525    i.DMA12_IRQHandler  fsl_edma_irq.o
    0x000018e0   0x0000000a   Code   RO         1526    i.DMA13_IRQHandler  fsl_edma_irq.o
    0x000018ea   0x0000000a   Code   RO         1527    i.DMA14_IRQHandler  fsl_edma_irq.o
    0x000018f4   0x0000000a   Code   RO         1528    i.DMA15_IRQHandler  fsl_edma_irq.o
    0x000018fe   0x0000000a   Code   RO         1529    i.DMA1_IRQHandler   fsl_edma_irq.o
    0x00001908   0x0000000a   Code   RO         1530    i.DMA2_IRQHandler   fsl_edma_irq.o
    0x00001912   0x0000000a   Code   RO         1531    i.DMA3_IRQHandler   fsl_edma_irq.o
    0x0000191c   0x0000000a   Code   RO         1532    i.DMA4_IRQHandler   fsl_edma_irq.o
    0x00001926   0x0000000a   Code   RO         1533    i.DMA5_IRQHandler   fsl_edma_irq.o
    0x00001930   0x0000000a   Code   RO         1534    i.DMA6_IRQHandler   fsl_edma_irq.o
    0x0000193a   0x0000000a   Code   RO         1535    i.DMA7_IRQHandler   fsl_edma_irq.o
    0x00001944   0x0000000a   Code   RO         1536    i.DMA8_IRQHandler   fsl_edma_irq.o
    0x0000194e   0x0000000a   Code   RO         1537    i.DMA9_IRQHandler   fsl_edma_irq.o
    0x00001958   0x0000000c   Code   RO         1357    i.DMAMUX_HAL_SetChannelCmd  fsl_edma_driver.o
    0x00001964   0x000000bc   Code   RO         4199    i.DbgConsole_Init   fsl_debug_console.o
    0x00001a20   0x000000b8   Code   RO         1358    i.EDMA_DRV_ClaimChannel  fsl_edma_driver.o
    0x00001ad8   0x00000034   Code   RO         1359    i.EDMA_DRV_ClearIntStatus  fsl_edma_driver.o
    0x00001b0c   0x0000002c   Code   RO         1364    i.EDMA_DRV_IRQHandler  fsl_edma_driver.o
    0x00001b38   0x0000000a   Code   RO         1366    i.EDMA_DRV_InstallCallback  fsl_edma_driver.o
    0x00001b42   0x00000002   PAD
    0x00001b44   0x00000038   Code   RO          586    i.EDMA_DRV_PrepareDescriptorTransfer  i2c_mk64f.o
    0x00001b7c   0x00000034   Code   RO         1369    i.EDMA_DRV_PushDescriptorToReg  fsl_edma_driver.o
    0x00001bb0   0x000000a4   Code   RO         1371    i.EDMA_DRV_RequestChannel  fsl_edma_driver.o
    0x00001c54   0x00000028   Code   RO         1372    i.EDMA_DRV_StartChannel  fsl_edma_driver.o
    0x00001c7c   0x00000072   Code   RO         2026    i.EDMA_HAL_HTCDClearReg  fsl_edma_hal.o
    0x00001cee   0x00000088   Code   RO         2039    i.EDMA_HAL_PushSTCDToHTCD  fsl_edma_hal.o
    0x00001d76   0x00000028   Code   RO         2040    i.EDMA_HAL_STCDSetAttribute  fsl_edma_hal.o
    0x00001d9e   0x0000000a   Code   RO          587    i.EDMA_HAL_STCDSetBandwidth  i2c_mk64f.o
    0x00001da8   0x0000007e   Code   RO         2041    i.EDMA_HAL_STCDSetBasicTransfer  fsl_edma_hal.o
    0x00001e26   0x00000016   Code   RO          588    i.EDMA_HAL_STCDSetChannelMajorLink  i2c_mk64f.o
    0x00001e3c   0x0000000e   Code   RO          589    i.EDMA_HAL_STCDSetDisableDmaRequestAfterTCDDoneCmd  i2c_mk64f.o
    0x00001e4a   0x0000000e   Code   RO          590    i.EDMA_HAL_STCDSetHalfCompleteIntCmd  i2c_mk64f.o
    0x00001e58   0x0000002c   Code   RO         2043    i.EDMA_HAL_STCDSetMajorCount  fsl_edma_hal.o
    0x00001e84   0x0000002a   Code   RO         2045    i.EDMA_HAL_STCDSetNbytes  fsl_edma_hal.o
    0x00001eae   0x0000000e   Code   RO          591    i.EDMA_HAL_STCDSetScatterGatherCmd  i2c_mk64f.o
    0x00001ebc   0x0000000a   Code   RO         2047    i.EDMA_HAL_SetDmaRequestCmd  fsl_edma_hal.o
    0x00001ec6   0x0000000a   Code   RO         2048    i.EDMA_HAL_SetErrorIntCmd  fsl_edma_hal.o
    0x00001ed0   0x00000030   Code   RO          383    i.ENET_Error_IRQHandler  emac_mk64f.o
    0x00001f00   0x00000004   Code   RO          384    i.ENET_HAL_ClearIntStatusFlag  emac_mk64f.o
    0x00001f04   0x0000001e   Code   RO         2200    i.ENET_HAL_ClrRxBdAfterHandled  fsl_enet_hal.o
    0x00001f22   0x0000003c   Code   RO         2201    i.ENET_HAL_Config   fsl_enet_hal.o
    0x00001f5e   0x00000354   Code   RO         2203    i.ENET_HAL_GetBufDescripAttr  fsl_enet_hal.o
    0x000022b2   0x00000006   Code   RO         2204    i.ENET_HAL_GetBuffDescripData  fsl_enet_hal.o
    0x000022b8   0x00000010   Code   RO          385    i.ENET_HAL_GetIntStatusFlag  emac_mk64f.o
    0x000022c8   0x00000040   Code   RO         2209    i.ENET_HAL_InitRxBuffDescriptors  fsl_enet_hal.o
    0x00002308   0x0000002e   Code   RO         2210    i.ENET_HAL_InitTxBuffDescriptors  fsl_enet_hal.o
    0x00002336   0x000000c6   Code   RO         2212    i.ENET_HAL_SetFifo  fsl_enet_hal.o
    0x000023fc   0x00000012   Code   RO         2213    i.ENET_HAL_SetIntMode  fsl_enet_hal.o
    0x0000240e   0x00000002   PAD
    0x00002410   0x000001e8   Code   RO         2214    i.ENET_HAL_SetMac   fsl_enet_hal.o
    0x000025f8   0x00000030   Code   RO         2215    i.ENET_HAL_SetMacAddr  fsl_enet_hal.o
    0x00002628   0x00000080   Code   RO         2216    i.ENET_HAL_SetMulticastAddrHash  fsl_enet_hal.o
    0x000026a8   0x0000006a   Code   RO         2217    i.ENET_HAL_SetRMIIMode  fsl_enet_hal.o
    0x00002712   0x0000000a   Code   RO          386    i.ENET_HAL_SetRxBdActive  emac_mk64f.o
    0x0000271c   0x00000030   Code   RO         2218    i.ENET_HAL_SetRxBuffDescriptors  fsl_enet_hal.o
    0x0000274c   0x0000003a   Code   RO         2219    i.ENET_HAL_SetRxFifo  fsl_enet_hal.o
    0x00002786   0x00000020   Code   RO         2220    i.ENET_HAL_SetSMI   fsl_enet_hal.o
    0x000027a6   0x0000002c   Code   RO         2221    i.ENET_HAL_SetSMIRead  fsl_enet_hal.o
    0x000027d2   0x00000034   Code   RO         2222    i.ENET_HAL_SetSMIWrite  fsl_enet_hal.o
    0x00002806   0x00000024   Code   RO         2224    i.ENET_HAL_SetTxBuffDescriptors  fsl_enet_hal.o
    0x0000282a   0x00000048   Code   RO         2225    i.ENET_HAL_SetTxFifo  fsl_enet_hal.o
    0x00002872   0x0000003a   Code   RO         2226    i.ENET_HAL_SetTxInterPacketGap  fsl_enet_hal.o
    0x000028ac   0x00000030   Code   RO          387    i.ENET_Receive_IRQHandler  emac_mk64f.o
    0x000028dc   0x00000030   Code   RO          388    i.ENET_Transmit_IRQHandler  emac_mk64f.o
    0x0000290c   0x00000030   Code   RO         1667    i.GPIO_DRV_Init     fsl_gpio_driver.o
    0x0000293c   0x000000d0   Code   RO         1668    i.GPIO_DRV_InputPinInit  fsl_gpio_driver.o
    0x00002a0c   0x00000080   Code   RO         1670    i.GPIO_DRV_OutputPinInit  fsl_gpio_driver.o
    0x00002a8c   0x00000028   Code   RO         1676    i.GPIO_DRV_WritePinOutput  fsl_gpio_driver.o
    0x00002ab4   0x00000008   Code   RO          592    i.GPIO_HAL_ClearPinOutput  i2c_mk64f.o
    0x00002abc   0x0000000c   Code   RO          593    i.GPIO_HAL_ReadPinInput  i2c_mk64f.o
    0x00002ac8   0x0000001e   Code   RO         2381    i.GPIO_HAL_SetPinDir  fsl_gpio_hal.o
    0x00002ae6   0x00000008   Code   RO          594    i.GPIO_HAL_SetPinOutput  i2c_mk64f.o
    0x00002aee   0x00000012   Code   RO         2382    i.GPIO_HAL_WritePinOutput  fsl_gpio_hal.o
    0x00002b00   0x0000000c   Code   RO          389    i.GetCapabilities   emac_mk64f.o
    0x00002b0c   0x00000034   Code   RO         1008    i.GetLinkInfo       phy_ksz8081rna.o
    0x00002b40   0x00000020   Code   RO         1009    i.GetLinkState      phy_ksz8081rna.o
    0x00002b60   0x00000048   Code   RO          390    i.GetMacAddress     emac_mk64f.o
    0x00002ba8   0x00000054   Code   RO          391    i.GetRxFrameSize    emac_mk64f.o
    0x00002bfc   0x00000008   Code   RO          392    i.GetRxFrameTime    emac_mk64f.o
    0x00002c04   0x00000008   Code   RO          393    i.GetTxFrameTime    emac_mk64f.o
    0x00002c0c   0x00000010   Code   RO          394    i.GetVersion        emac_mk64f.o
    0x00002c1c   0x00000010   Code   RO         1010    i.GetVersion        phy_ksz8081rna.o
    0x00002c2c   0x00000018   Code   RO          595    i.I2C0_Control      i2c_mk64f.o
    0x00002c44   0x00000010   Code   RO          596    i.I2C0_GetDataCount  i2c_mk64f.o
    0x00002c54   0x00000010   Code   RO          597    i.I2C0_GetStatus    i2c_mk64f.o
    0x00002c64   0x00000010   Code   RO          598    i.I2C0_IRQHandler   i2c_mk64f.o
    0x00002c74   0x00000014   Code   RO          599    i.I2C0_Initialize   i2c_mk64f.o
    0x00002c88   0x00000020   Code   RO          600    i.I2C0_MasterReceive  i2c_mk64f.o
    0x00002ca8   0x00000020   Code   RO          601    i.I2C0_MasterTransmit  i2c_mk64f.o
    0x00002cc8   0x00000014   Code   RO          602    i.I2C0_PowerControl  i2c_mk64f.o
    0x00002cdc   0x00000018   Code   RO          603    i.I2C0_SlaveReceive  i2c_mk64f.o
    0x00002cf4   0x00000018   Code   RO          604    i.I2C0_SlaveTransmit  i2c_mk64f.o
    0x00002d0c   0x00000010   Code   RO          605    i.I2C0_Uninitialize  i2c_mk64f.o
    0x00002d1c   0x00000018   Code   RO          606    i.I2C1_Control      i2c_mk64f.o
    0x00002d34   0x00000010   Code   RO          607    i.I2C1_GetDataCount  i2c_mk64f.o
    0x00002d44   0x00000010   Code   RO          608    i.I2C1_GetStatus    i2c_mk64f.o
    0x00002d54   0x00000010   Code   RO          609    i.I2C1_IRQHandler   i2c_mk64f.o
    0x00002d64   0x00000014   Code   RO          610    i.I2C1_Initialize   i2c_mk64f.o
    0x00002d78   0x00000020   Code   RO          611    i.I2C1_MasterReceive  i2c_mk64f.o
    0x00002d98   0x00000020   Code   RO          612    i.I2C1_MasterTransmit  i2c_mk64f.o
    0x00002db8   0x00000014   Code   RO          613    i.I2C1_PowerControl  i2c_mk64f.o
    0x00002dcc   0x00000018   Code   RO          614    i.I2C1_SlaveReceive  i2c_mk64f.o
    0x00002de4   0x00000018   Code   RO          615    i.I2C1_SlaveTransmit  i2c_mk64f.o
    0x00002dfc   0x00000010   Code   RO          616    i.I2C1_Uninitialize  i2c_mk64f.o
    0x00002e0c   0x00000018   Code   RO          617    i.I2C2_Control      i2c_mk64f.o
    0x00002e24   0x00000010   Code   RO          618    i.I2C2_GetDataCount  i2c_mk64f.o
    0x00002e34   0x00000010   Code   RO          619    i.I2C2_GetStatus    i2c_mk64f.o
    0x00002e44   0x00000010   Code   RO          620    i.I2C2_IRQHandler   i2c_mk64f.o
    0x00002e54   0x00000014   Code   RO          621    i.I2C2_Initialize   i2c_mk64f.o
    0x00002e68   0x00000020   Code   RO          622    i.I2C2_MasterReceive  i2c_mk64f.o
    0x00002e88   0x00000020   Code   RO          623    i.I2C2_MasterTransmit  i2c_mk64f.o
    0x00002ea8   0x00000014   Code   RO          624    i.I2C2_PowerControl  i2c_mk64f.o
    0x00002ebc   0x00000018   Code   RO          625    i.I2C2_SlaveReceive  i2c_mk64f.o
    0x00002ed4   0x00000018   Code   RO          626    i.I2C2_SlaveTransmit  i2c_mk64f.o
    0x00002eec   0x00000010   Code   RO          627    i.I2C2_Uninitialize  i2c_mk64f.o
    0x00002efc   0x0000000c   Code   RO          628    i.I2CX_GetCapabilities  i2c_mk64f.o
    0x00002f08   0x00000010   Code   RO          629    i.I2CX_GetVersion   i2c_mk64f.o
    0x00002f18   0x000001f4   Code   RO          630    i.I2C_Control       i2c_mk64f.o
    0x0000310c   0x00000014   Code   RO          631    i.I2C_GetDataCount  i2c_mk64f.o
    0x00003120   0x00000008   Code   RO          632    i.I2C_GetStatus     i2c_mk64f.o
    0x00003128   0x00000006   Code   RO          633    i.I2C_HAL_ClearInt  i2c_mk64f.o
    0x0000312e   0x0000000c   Code   RO          634    i.I2C_HAL_GetStatusFlag  i2c_mk64f.o
    0x0000313a   0x0000000c   Code   RO         2414    i.I2C_HAL_GetStatusFlag  fsl_i2c_hal.o
    0x00003146   0x0000001e   Code   RO         2415    i.I2C_HAL_Init      fsl_i2c_hal.o
    0x00003164   0x00000016   Code   RO          635    i.I2C_HAL_IsMaster  i2c_mk64f.o
    0x0000317a   0x00000006   Code   RO          636    i.I2C_HAL_ReadByte  i2c_mk64f.o
    0x00003180   0x0000000e   Code   RO          637    i.I2C_HAL_SendAck   i2c_mk64f.o
    0x0000318e   0x0000000e   Code   RO          638    i.I2C_HAL_SendNak   i2c_mk64f.o
    0x0000319c   0x00000024   Code   RO         2423    i.I2C_HAL_SendStart  fsl_i2c_hal.o
    0x000031c0   0x00000030   Code   RO         2424    i.I2C_HAL_SendStop  fsl_i2c_hal.o
    0x000031f0   0x00000022   Code   RO         2425    i.I2C_HAL_SetAddress10bit  fsl_i2c_hal.o
    0x00003212   0x00000014   Code   RO         2426    i.I2C_HAL_SetAddress7bit  fsl_i2c_hal.o
    0x00003226   0x00000002   PAD
    0x00003228   0x000000a8   Code   RO         2427    i.I2C_HAL_SetBaudRate  fsl_i2c_hal.o
    0x000032d0   0x0000000c   Code   RO          639    i.I2C_HAL_SetDirMode  i2c_mk64f.o
    0x000032dc   0x0000000c   Code   RO          640    i.I2C_HAL_SetDmaCmd  i2c_mk64f.o
    0x000032e8   0x0000000c   Code   RO          641    i.I2C_HAL_SetIntCmd  i2c_mk64f.o
    0x000032f4   0x00000004   Code   RO          642    i.I2C_HAL_WriteByte  i2c_mk64f.o
    0x000032f8   0x000000f8   Code   RO          643    i.I2C_Initialize    i2c_mk64f.o
    0x000033f0   0x0000013e   Code   RO          644    i.I2C_MasterReceive  i2c_mk64f.o
    0x0000352e   0x0000013e   Code   RO          645    i.I2C_MasterTransmit  i2c_mk64f.o
    0x0000366c   0x00000160   Code   RO          646    i.I2C_PowerControl  i2c_mk64f.o
    0x000037cc   0x00000050   Code   RO          647    i.I2C_SlaveReceive  i2c_mk64f.o
    0x0000381c   0x00000050   Code   RO          648    i.I2C_SlaveTransmit  i2c_mk64f.o
    0x0000386c   0x0000000a   Code   RO          649    i.I2C_Uninitialize  i2c_mk64f.o
    0x00003876   0x00000002   PAD
    0x00003878   0x00000060   Code   RO          650    i.I2Cx_DMA_Callback  i2c_mk64f.o
    0x000038d8   0x00000492   Code   RO          651    i.I2Cx_IRQHandler   i2c_mk64f.o
    0x00003d6a   0x00000002   PAD
    0x00003d6c   0x00000028   Code   RO           49    i.Init_Thread       sensorthread.o
    0x00003d94   0x000000b4   Code   RO          148    i.Initialize        fxos8700.o
    0x00003e48   0x000000a8   Code   RO          395    i.Initialize        emac_mk64f.o
    0x00003ef0   0x00000078   Code   RO         1011    i.Initialize        phy_ksz8081rna.o
    0x00003f68   0x00000014   Code   RO          218    i.LED_Initialize    led_frdm_k64f.o
    0x00003f7c   0x0000001c   Code   RO          219    i.LED_Off           led_frdm_k64f.o
    0x00003f98   0x0000001c   Code   RO          220    i.LED_On            led_frdm_k64f.o
    0x00003fb4   0x000000d8   Code   RO          149    i.Magnetometer_GetState  fxos8700.o
    0x0000408c   0x00000024   Code   RO          150    i.Magnetometer_Initialize  fxos8700.o
    0x000040b0   0x00000018   Code   RO          396    i.NVIC_DisableIRQ   emac_mk64f.o
    0x000040c8   0x00000016   Code   RO          397    i.NVIC_EnableIRQ    emac_mk64f.o
    0x000040de   0x0000000c   Code   RO         2854    i.OSC_HAL_SetCapacitor  fsl_osc_hal.o
    0x000040ea   0x0000000a   Code   RO         4011    i.OSC_HAL_SetExternalRefClkCmd  fsl_clock_manager.o
    0x000040f4   0x0000000a   Code   RO         4012    i.OSC_HAL_SetExternalRefClkInStopModeCmd  fsl_clock_manager.o
    0x000040fe   0x00000002   PAD
    0x00004100   0x00000074   Code   RO          398    i.PHY_Read          emac_mk64f.o
    0x00004174   0x00000060   Code   RO          399    i.PHY_Write         emac_mk64f.o
    0x000041d4   0x00000012   Code   RO         1677    i.PORT_HAL_SetDigitalFilterCmd  fsl_gpio_driver.o
    0x000041e6   0x00000002   PAD
    0x000041e8   0x00000020   Code   RO          652    i.PORT_HAL_SetMuxMode  i2c_mk64f.o
    0x00004208   0x00000020   Code   RO         1169    i.PORT_HAL_SetMuxMode  pin_mux.o
    0x00004228   0x00000020   Code   RO         1678    i.PORT_HAL_SetMuxMode  fsl_gpio_driver.o
    0x00004248   0x0000000e   Code   RO          653    i.PORT_HAL_SetOpenDrainCmd  i2c_mk64f.o
    0x00004256   0x0000000e   Code   RO         1170    i.PORT_HAL_SetOpenDrainCmd  pin_mux.o
    0x00004264   0x0000000e   Code   RO         1172    i.PORT_HAL_SetPullCmd  pin_mux.o
    0x00004272   0x0000000e   Code   RO         1173    i.PORT_HAL_SetPullMode  pin_mux.o
    0x00004280   0x00000058   Code   RO          654    i.PTx_Base          i2c_mk64f.o
    0x000042d8   0x00000184   Code   RO          400    i.PowerControl      emac_mk64f.o
    0x0000445c   0x00000048   Code   RO         1012    i.PowerControl      phy_ksz8081rna.o
    0x000044a4   0x0000000e   Code   RO         4013    i.RTC_HAL_SetOscillatorCmd  fsl_clock_manager.o
    0x000044b2   0x00000002   PAD
    0x000044b4   0x00000090   Code   RO          401    i.ReadFrame         emac_mk64f.o
    0x00004544   0x00000070   Code   RO          152    i.Register_Read     fxos8700.o
    0x000045b4   0x00000048   Code   RO          153    i.Register_Write    fxos8700.o
    0x000045fc   0x00000022   Code   RO         3717    i.SIM_HAL_EnableClock  fsl_clock_mk64f12.o
    0x0000461e   0x00000002   PAD
    0x00004620   0x000001cc   Code   RO          402    i.SendFrame         emac_mk64f.o
    0x000047ec   0x00000068   Code   RO          403    i.SetAddressFilter  emac_mk64f.o
    0x00004854   0x00000014   Code   RO         1013    i.SetInterface      phy_ksz8081rna.o
    0x00004868   0x00000068   Code   RO          404    i.SetMacAddress     emac_mk64f.o
    0x000048d0   0x0000007c   Code   RO         1014    i.SetMode           phy_ksz8081rna.o
    0x0000494c   0x000001c4   Code   RO         4367    i.SystemCoreClockUpdate  system_mk64f12.o
    0x00004b10   0x0000002c   Code   RO         4368    i.SystemInit        system_mk64f12.o
    0x00004b3c   0x00000034   Code   RO           50    i.Thread            sensorthread.o
    0x00004b70   0x0000000c   Code   RO         3188    i.UART_HAL_Getchar  fsl_uart_hal.o
    0x00004b7c   0x0000000a   Code   RO         3192    i.UART_HAL_Putchar  fsl_uart_hal.o
    0x00004b86   0x00000056   Code   RO         3194    i.UART_HAL_ReceiveDataPolling  fsl_uart_hal.o
    0x00004bdc   0x0000002e   Code   RO         3198    i.UART_HAL_SendDataPolling  fsl_uart_hal.o
    0x00004c0a   0x00000044   Code   RO         3199    i.UART_HAL_SetBaudRate  fsl_uart_hal.o
    0x00004c4e   0x0000001c   Code   RO         3206    i.UART_HAL_SetParityMode  fsl_uart_hal.o
    0x00004c6a   0x00000002   PAD
    0x00004c6c   0x0000001c   Code   RO          405    i.Uninitialize      emac_mk64f.o
    0x00004c88   0x00000018   Code   RO         1015    i.Uninitialize      phy_ksz8081rna.o
    0x00004ca0   0x00000028   Code   RO         6418    i.__0sprintf$8      mc_w.l(printf8.o)
    0x00004cc8   0x00000008   Code   RO         6526    i.__aeabi_errno_addr  mc_w.l(errno.o)
    0x00004cd0   0x0000000e   Code   RO         6596    i.__scatterload_copy  mc_w.l(handlers.o)
    0x00004cde   0x00000002   Code   RO         6597    i.__scatterload_null  mc_w.l(handlers.o)
    0x00004ce0   0x0000000e   Code   RO         6598    i.__scatterload_zeroinit  mc_w.l(handlers.o)
    0x00004cee   0x00000046   Code   RO         5921    i._init_box         RTX_CM4.lib(rt_membox.o)
    0x00004d34   0x00000410   Code   RO         6423    i._printf_core      mc_w.l(printf8.o)
    0x00005144   0x00000024   Code   RO         6424    i._printf_post_padding  mc_w.l(printf8.o)
    0x00005168   0x0000002e   Code   RO         6425    i._printf_pre_padding  mc_w.l(printf8.o)
    0x00005196   0x0000000a   Code   RO         6427    i._sputc            mc_w.l(printf8.o)
    0x000051a0   0x00000034   Code   RO         5364    i.add_server_id     Net_CM3_L.lib(net_http_server.o)
    0x000051d4   0x000000a4   Code   RO         6027    i.arp_cache_add     Net_CM3_L.lib(net_arp.o)
    0x00005278   0x00000088   Code   RO         6028    i.arp_cache_alloc   Net_CM3_L.lib(net_arp.o)
    0x00005300   0x00000088   Code   RO         6029    i.arp_cache_early   Net_CM3_L.lib(net_arp.o)
    0x00005388   0x000000a0   Code   RO         6030    i.arp_cache_find    Net_CM3_L.lib(net_arp.o)
    0x00005428   0x000000e4   Code   RO         6033    i.arp_cache_update  Net_CM3_L.lib(net_arp.o)
    0x0000550c   0x00000030   Code   RO         6037    i.arp_init          Net_CM3_L.lib(net_arp.o)
    0x0000553c   0x0000003c   Code   RO         6038    i.arp_is_cacheable  Net_CM3_L.lib(net_arp.o)
    0x00005578   0x00000028   Code   RO         6039    i.arp_notify        Net_CM3_L.lib(net_arp.o)
    0x000055a0   0x00000014   Code   RO         6040    i.arp_probe         Net_CM3_L.lib(net_arp.o)
    0x000055b4   0x00000074   Code   RO         6041    i.arp_proc_response  Net_CM3_L.lib(net_arp.o)
    0x00005628   0x00000120   Code   RO         6042    i.arp_process       Net_CM3_L.lib(net_arp.o)
    0x00005748   0x00000090   Code   RO         6043    i.arp_send_reply    Net_CM3_L.lib(net_arp.o)
    0x000057d8   0x000000c0   Code   RO         6044    i.arp_send_request  Net_CM3_L.lib(net_arp.o)
    0x00005898   0x0000007a   Code   RO         6102    i.b64_to_asc        Net_CM3_L.lib(net_common.o)
    0x00005912   0x00000004   Code   RO         5365    i.cgi_content_type  Net_CM3_L.lib(net_http_server.o)
    0x00005916   0x0000003e   Code   RO           78    i.cgi_process_data  http_server_cgi.o
    0x00005954   0x0000001c   Code   RO           79    i.cgi_process_query  http_server_cgi.o
    0x00005970   0x00000048   Code   RO           80    i.cgi_script        http_server_cgi.o
    0x000059b8   0x00000018   Code   RO           81    i.cgx_content_type  http_server_cgi.o
    0x000059d0   0x000001c0   Code   RO         5370    i.chk_post_req      Net_CM3_L.lib(net_http_server.o)
    0x00005b90   0x00000032   Code   RO         6104    i.chksum16          Net_CM3_L.lib(net_common.o)
    0x00005bc2   0x0000001e   Code   RO         5371    i.cmp_fname_ext     Net_CM3_L.lib(net_http_server.o)
    0x00005be0   0x00000028   Code   RO         5372    i.cmp_header        Net_CM3_L.lib(net_http_server.o)
    0x00005c08   0x000000bc   Code   RO         1177    i.configure_enet_pins  pin_mux.o
    0x00005cc4   0x00000048   Code   RO         1188    i.configure_uart_pins  pin_mux.o
    0x00005d0c   0x00000024   Code   RO          125    i.crc32_8bit        web.o
    0x00005d30   0x00000028   Code   RO          406    i.crc32_8bit_rev    emac_mk64f.o
    0x00005d58   0x00000028   Code   RO          407    i.crc32_data        emac_mk64f.o
    0x00005d80   0x00000030   Code   RO         5974    i.dbg_init          RTX_CM4.lib(hal_cm.o)
    0x00005db0   0x00000020   Code   RO         5975    i.dbg_task_notify   RTX_CM4.lib(hal_cm.o)
    0x00005dd0   0x00000010   Code   RO         5976    i.dbg_task_switch   RTX_CM4.lib(hal_cm.o)
    0x00005de0   0x00000016   Code   RO         1070    i.dbg_uart_init     board.o
    0x00005df6   0x00000002   PAD
    0x00005df8   0x00000054   Code   RO         5339    i.dhcp_client_init  Net_CM3_L.lib(net_dhcp_client.o)
    0x00005e4c   0x0000001e   Code   RO            4    i.dhcp_client_notify  main.o
    0x00005e6a   0x00000002   PAD
    0x00005e6c   0x00000240   Code   RO         5341    i.dhcp_client_run   Net_CM3_L.lib(net_dhcp_client.o)
    0x000060ac   0x000001fc   Code   RO         5343    i.dhcp_listener     Net_CM3_L.lib(net_dhcp_client.o)
    0x000062a8   0x000001fc   Code   RO         5344    i.dhcp_send_message  Net_CM3_L.lib(net_dhcp_client.o)
    0x000064a4   0x000000c0   Code   RO         5143    i.eth_check_link    Net_CM3_L.lib(net_eth.o)
    0x00006564   0x00000020   Code   RO         5144    i.eth_chk_addr      Net_CM3_L.lib(net_eth.o)
    0x00006584   0x00000070   Code   RO         5145    i.eth_fetch_frame   Net_CM3_L.lib(net_eth.o)
    0x000065f4   0x000000f8   Code   RO         5147    i.eth_init_link     Net_CM3_L.lib(net_eth.o)
    0x000066ec   0x00000002   Code   RO         5148    i.eth_link_notify   Net_CM3_L.lib(net_eth.o)
    0x000066ee   0x00000002   PAD
    0x000066f0   0x00000014   Code   RO         5149    i.eth_notify        Net_CM3_L.lib(net_eth.o)
    0x00006704   0x000000e4   Code   RO         5150    i.eth_run_link      Net_CM3_L.lib(net_eth.o)
    0x000067e8   0x000000a8   Code   RO         5151    i.eth_send_frame    Net_CM3_L.lib(net_eth.o)
    0x00006890   0x0000000e   Code   RO         5153    i.eth_thread        Net_CM3_L.lib(net_eth.o)
    0x0000689e   0x00000002   PAD
    0x000068a0   0x0000001c   Code   RO         6106    i.get_crc32         Net_CM3_L.lib(net_common.o)
    0x000068bc   0x00000028   Code   RO         5373    i.get_next_field    Net_CM3_L.lib(net_http_server.o)
    0x000068e4   0x00000032   Code   RO         5374    i.get_next_par      Net_CM3_L.lib(net_http_server.o)
    0x00006916   0x00000002   PAD
    0x00006918   0x0000001c   Code   RO         5453    i.get_rnd32         Net_CM3_L.lib(net_sys.o)
    0x00006934   0x00000058   Code   RO         4337    i.hardware_init     hardware_init.o
    0x0000698c   0x00000012   Code   RO         5375    i.hex2byte          Net_CM3_L.lib(net_http_server.o)
    0x0000699e   0x00000004   Code   RO         5376    i.http_accept_client  Net_CM3_L.lib(net_http_server.o)
    0x000069a2   0x00000002   PAD
    0x000069a4   0x00000310   Code   RO         5377    i.http_add_header   Net_CM3_L.lib(net_http_server.o)
    0x00006cb4   0x00000004   Code   RO         5378    i.http_check_account  Net_CM3_L.lib(net_http_server.o)
    0x00006cb8   0x00000004   Code   RO           82    i.http_encoding     http_server_cgi.o
    0x00006cbc   0x00000178   Code   RO         5380    i.http_error_msg    Net_CM3_L.lib(net_http_server.o)
    0x00006e34   0x00000004   Code   RO         5381    i.http_file_access  Net_CM3_L.lib(net_http_server.o)
    0x00006e38   0x0000006c   Code   RO         5382    i.http_get_env_var  Net_CM3_L.lib(net_http_server.o)
    0x00006ea4   0x00000078   Code   RO         5383    i.http_get_ftype    Net_CM3_L.lib(net_http_server.o)
    0x00006f1c   0x0000005e   Code   RO         5385    i.http_kill_session  Net_CM3_L.lib(net_http_server.o)
    0x00006f7a   0x00000002   PAD
    0x00006f7c   0x00000214   Code   RO         5386    i.http_listener     Net_CM3_L.lib(net_http_server.o)
    0x00007190   0x000000f0   Code   RO         5387    i.http_open_file    Net_CM3_L.lib(net_http_server.o)
    0x00007280   0x0000014c   Code   RO         5388    i.http_proc_header  Net_CM3_L.lib(net_http_server.o)
    0x000073cc   0x00000178   Code   RO         5389    i.http_proc_multipart  Net_CM3_L.lib(net_http_server.o)
    0x00007544   0x000000f4   Code   RO         5390    i.http_proc_post    Net_CM3_L.lib(net_http_server.o)
    0x00007638   0x00000002   Code   RO         4400    i.http_server_fclose  net_config.o
    0x0000763a   0x00000004   Code   RO         4401    i.http_server_fgets  net_config.o
    0x0000763e   0x00000004   Code   RO         4402    i.http_server_fopen  net_config.o
    0x00007642   0x00000004   Code   RO         4403    i.http_server_fread  net_config.o
    0x00007646   0x00000004   Code   RO         4404    i.http_server_ftime  net_config.o
    0x0000764a   0x00000002   PAD
    0x0000764c   0x0000005c   Code   RO         5395    i.http_server_init  Net_CM3_L.lib(net_http_server.o)
    0x000076a8   0x00000334   Code   RO         5396    i.http_server_run   Net_CM3_L.lib(net_http_server.o)
    0x000079dc   0x00000020   Code   RO         5397    i.http_strcpy       Net_CM3_L.lib(net_http_server.o)
    0x000079fc   0x000000a4   Code   RO         5398    i.http_to_utc       Net_CM3_L.lib(net_http_server.o)
    0x00007aa0   0x000000dc   Code   RO         5204    i.icmp_process      Net_CM3_L.lib(net_icmp.o)
    0x00007b7c   0x00000080   Code   RO         5205    i.icmp_send_message  Net_CM3_L.lib(net_icmp.o)
    0x00007bfc   0x00000010   Code   RO         5206    i.icmp_service_init  Net_CM3_L.lib(net_icmp.o)
    0x00007c0c   0x00000048   Code   RO         5207    i.icmp_service_run  Net_CM3_L.lib(net_icmp.o)
    0x00007c54   0x00000004   Code   RO         4405    i.igmp_is_member    net_config.o
    0x00007c58   0x00000002   Code   RO         4406    i.igmp_process      net_config.o
    0x00007c5a   0x00000002   PAD
    0x00007c5c   0x00000064   Code   RO          126    i.imageFileInfo     web.o
    0x00007cc0   0x00000048   Code   RO         1308    i.init_data_bss     startup.o
    0x00007d08   0x0000004c   Code   RO         5174    i.ip4_checksum      Net_CM3_L.lib(net_ip.o)
    0x00007d54   0x000000d0   Code   RO         5175    i.ip_chk_frame      Net_CM3_L.lib(net_ip.o)
    0x00007e24   0x0000000a   Code   RO         5176    i.ip_get_chksum     Net_CM3_L.lib(net_ip.o)
    0x00007e2e   0x00000002   PAD
    0x00007e30   0x00000044   Code   RO         5177    i.ip_get_locadr     Net_CM3_L.lib(net_ip.o)
    0x00007e74   0x0000008c   Code   RO         5178    i.ip_get_route      Net_CM3_L.lib(net_ip.o)
    0x00007f00   0x0000001c   Code   RO         5179    i.ip_localhost_init  Net_CM3_L.lib(net_ip.o)
    0x00007f1c   0x00000060   Code   RO         5180    i.ip_localhost_run  Net_CM3_L.lib(net_ip.o)
    0x00007f7c   0x00000140   Code   RO         5181    i.ip_send_frame     Net_CM3_L.lib(net_ip.o)
    0x000080bc   0x00000030   Code   RO         5182    i.ip_tx_offload     Net_CM3_L.lib(net_ip.o)
    0x000080ec   0x0000001a   Code   RO         6135    i.is_subnet         Net_CM3_L.lib(net_addr4.o)
    0x00008106   0x00000002   PAD
    0x00008108   0x00000028   Code   RO         5183    i.is_subnet_bcast   Net_CM3_L.lib(net_ip.o)
    0x00008130   0x0000002a   Code   RO         4518    i.isrMessageGet     RTX_CM4.lib(rt_cmsis.o)
    0x0000815a   0x0000002c   Code   RO         4519    i.isrMessagePut     RTX_CM4.lib(rt_cmsis.o)
    0x00008186   0x00000028   Code   RO         4520    i.isrSemaphoreRelease  RTX_CM4.lib(rt_cmsis.o)
    0x000081ae   0x00000024   Code   RO         4521    i.isrSignalSet      RTX_CM4.lib(rt_cmsis.o)
    0x000081d2   0x00000002   PAD
    0x000081d4   0x00000028   Code   RO         5645    i.isr_evt_set       RTX_CM4.lib(rt_event.o)
    0x000081fc   0x00000052   Code   RO         5767    i.isr_mbx_receive   RTX_CM4.lib(rt_mailbox.o)
    0x0000824e   0x0000000e   Code   RO         5768    i.isr_mbx_send      RTX_CM4.lib(rt_mailbox.o)
    0x0000825c   0x00000010   Code   RO         5815    i.isr_sem_send      RTX_CM4.lib(rt_semaphore.o)
    0x0000826c   0x00000024   Code   RO            5    i.main              main.o
    0x00008290   0x0000008c   Code   RO         6078    i.mem_alloc         Net_CM3_L.lib(net_mem.o)
    0x0000831c   0x0000001c   Code   RO         6079    i.mem_avail         Net_CM3_L.lib(net_mem.o)
    0x00008338   0x00000020   Code   RO         6107    i.mem_crc32         Net_CM3_L.lib(net_common.o)
    0x00008358   0x0000006c   Code   RO         6080    i.mem_free          Net_CM3_L.lib(net_mem.o)
    0x000083c4   0x00000064   Code   RO         6081    i.mem_init          Net_CM3_L.lib(net_mem.o)
    0x00008428   0x00000010   Code   RO         6082    i.mem_lock          Net_CM3_L.lib(net_mem.o)
    0x00008438   0x00000038   Code   RO         6083    i.mem_resize        Net_CM3_L.lib(net_mem.o)
    0x00008470   0x0000000c   Code   RO         6084    i.mem_unlock        Net_CM3_L.lib(net_mem.o)
    0x0000847c   0x00000030   Code   RO         5327    i.nbns_client_init  Net_CM3_L.lib(net_nbns_client.o)
    0x000084ac   0x00000160   Code   RO         5328    i.nbns_listener     Net_CM3_L.lib(net_nbns_client.o)
    0x0000860c   0x0000004c   Code   RO         5454    i.net_initialize    Net_CM3_L.lib(net_sys.o)
    0x00008658   0x00000064   Code   RO         5455    i.net_main          Net_CM3_L.lib(net_sys.o)
    0x000086bc   0x00000002   Code   RO         4407    i.net_sys_error     net_config.o
    0x000086be   0x00000026   Code   RO         4408    i.net_sys_init      net_config.o
    0x000086e4   0x0000001e   Code   RO         4409    i.net_sys_run       net_config.o
    0x00008702   0x00000002   PAD
    0x00008704   0x00000014   Code   RO         5456    i.net_timer_tick    Net_CM3_L.lib(net_sys.o)
    0x00008718   0x00000018   Code   RO         4522    i.osDelay           RTX_CM4.lib(rt_cmsis.o)
    0x00008730   0x00000024   Code   RO         4523    i.osKernelInitialize  RTX_CM4.lib(rt_cmsis.o)
    0x00008754   0x0000006c   Code   RO         4525    i.osKernelStart     RTX_CM4.lib(rt_cmsis.o)
    0x000087c0   0x00000018   Code   RO         4534    i.osMessageGet      RTX_CM4.lib(rt_cmsis.o)
    0x000087d8   0x00000030   Code   RO         4536    i.osMutexCreate     RTX_CM4.lib(rt_cmsis.o)
    0x00008808   0x00000018   Code   RO         4538    i.osMutexRelease    RTX_CM4.lib(rt_cmsis.o)
    0x00008820   0x00000018   Code   RO         4539    i.osMutexWait       RTX_CM4.lib(rt_cmsis.o)
    0x00008838   0x00000030   Code   RO         4544    i.osSemaphoreCreate  RTX_CM4.lib(rt_cmsis.o)
    0x00008868   0x00000018   Code   RO         4546    i.osSemaphoreRelease  RTX_CM4.lib(rt_cmsis.o)
    0x00008880   0x00000018   Code   RO         4547    i.osSemaphoreWait   RTX_CM4.lib(rt_cmsis.o)
    0x00008898   0x00000018   Code   RO         4549    i.osSignalSet       RTX_CM4.lib(rt_cmsis.o)
    0x000088b0   0x00000018   Code   RO         4550    i.osSignalWait      RTX_CM4.lib(rt_cmsis.o)
    0x000088c8   0x00000030   Code   RO         4551    i.osThreadCreate    RTX_CM4.lib(rt_cmsis.o)
    0x000088f8   0x00000018   Code   RO         4552    i.osThreadExit      RTX_CM4.lib(rt_cmsis.o)
    0x00008910   0x00000018   Code   RO         4557    i.osThreadYield     RTX_CM4.lib(rt_cmsis.o)
    0x00008928   0x0000000c   Code   RO         4558    i.osTimerCall       RTX_CM4.lib(rt_cmsis.o)
    0x00008934   0x00000034   Code   RO         4559    i.osTimerCreate     RTX_CM4.lib(rt_cmsis.o)
    0x00008968   0x00000018   Code   RO         4561    i.osTimerStart      RTX_CM4.lib(rt_cmsis.o)
    0x00008980   0x0000002c   Code   RO         4563    i.osTimerThread     RTX_CM4.lib(rt_cmsis.o)
    0x000089ac   0x00000022   Code   RO          331    i.os_error          rtx_conf_cm.o
    0x000089ce   0x00000004   Code   RO          332    i.os_idle_demon     rtx_conf_cm.o
    0x000089d2   0x00000002   PAD
    0x000089d4   0x00000028   Code   RO         5555    i.os_tick_init      RTX_CM4.lib(rt_system.o)
    0x000089fc   0x00000002   Code   RO         5556    i.os_tick_irqack    RTX_CM4.lib(rt_system.o)
    0x000089fe   0x00000004   Code   RO         4410    i.ppp_send_frame    net_config.o
    0x00008a02   0x00000002   PAD
    0x00008a04   0x00000090   Code   RO         5345    i.proc_opt_renew    Net_CM3_L.lib(net_dhcp_client.o)
    0x00008a94   0x000000ec   Code   RO         5346    i.proc_opt_req      Net_CM3_L.lib(net_dhcp_client.o)
    0x00008b80   0x00000030   Code   RO         5347    i.proc_opt_sel      Net_CM3_L.lib(net_dhcp_client.o)
    0x00008bb0   0x00000028   Code   RO         5400    i.proc_req_line     Net_CM3_L.lib(net_http_server.o)
    0x00008bd8   0x000000a0   Code   RO         5401    i.read_script_line  Net_CM3_L.lib(net_http_server.o)
    0x00008c78   0x0000001a   Code   RO         5922    i.rt_alloc_box      RTX_CM4.lib(rt_membox.o)
    0x00008c92   0x0000003e   Code   RO         5950    i.rt_alloc_mem      RTX_CM4.lib(rt_memory.o)
    0x00008cd0   0x00000038   Code   RO         5470    i.rt_block          RTX_CM4.lib(rt_task.o)
    0x00008d08   0x00000002   Code   RO          333    i.rt_chk_robin      rtx_conf_cm.o
    0x00008d0a   0x00000002   PAD
    0x00008d0c   0x00000070   Code   RO         5691    i.rt_dec_dly        RTX_CM4.lib(rt_list.o)
    0x00008d7c   0x00000044   Code   RO         5471    i.rt_dispatch       RTX_CM4.lib(rt_task.o)
    0x00008dc0   0x00000006   Code   RO         5857    i.rt_dly_wait       RTX_CM4.lib(rt_time.o)
    0x00008dc6   0x00000002   PAD
    0x00008dc8   0x00000050   Code   RO         5648    i.rt_evt_psh        RTX_CM4.lib(rt_event.o)
    0x00008e18   0x0000005c   Code   RO         5649    i.rt_evt_set        RTX_CM4.lib(rt_event.o)
    0x00008e74   0x0000003c   Code   RO         5650    i.rt_evt_wait       RTX_CM4.lib(rt_event.o)
    0x00008eb0   0x0000002c   Code   RO         5923    i.rt_free_box       RTX_CM4.lib(rt_membox.o)
    0x00008edc   0x00000028   Code   RO         5951    i.rt_free_mem       RTX_CM4.lib(rt_memory.o)
    0x00008f04   0x00000028   Code   RO         5692    i.rt_get_first      RTX_CM4.lib(rt_list.o)
    0x00008f2c   0x00000024   Code   RO         5693    i.rt_get_same_rdy_prio  RTX_CM4.lib(rt_list.o)
    0x00008f50   0x00000008   Code   RO         4568    i.rt_id2obj         RTX_CM4.lib(rt_cmsis.o)
    0x00008f58   0x00000048   Code   RO         5472    i.rt_init_context   RTX_CM4.lib(rt_task.o)
    0x00008fa0   0x0000001a   Code   RO         5952    i.rt_init_mem       RTX_CM4.lib(rt_memory.o)
    0x00008fba   0x00000002   Code   RO          334    i.rt_init_robin     rtx_conf_cm.o
    0x00008fbc   0x00000080   Code   RO         5977    i.rt_init_stack     RTX_CM4.lib(hal_cm.o)
    0x0000903c   0x00000008   Code   RO         5769    i.rt_mbx_check      RTX_CM4.lib(rt_mailbox.o)
    0x00009044   0x0000001a   Code   RO         5770    i.rt_mbx_init       RTX_CM4.lib(rt_mailbox.o)
    0x0000905e   0x00000002   PAD
    0x00009060   0x000000f0   Code   RO         5771    i.rt_mbx_psh        RTX_CM4.lib(rt_mailbox.o)
    0x00009150   0x000000b4   Code   RO         5773    i.rt_mbx_wait       RTX_CM4.lib(rt_mailbox.o)
    0x00009204   0x00000044   Code   RO         4569    i.rt_ms2tick        RTX_CM4.lib(rt_cmsis.o)
    0x00009248   0x00000010   Code   RO         5891    i.rt_mut_init       RTX_CM4.lib(rt_mutex.o)
    0x00009258   0x000000d8   Code   RO         5892    i.rt_mut_release    RTX_CM4.lib(rt_mutex.o)
    0x00009330   0x00000068   Code   RO         5893    i.rt_mut_wait       RTX_CM4.lib(rt_mutex.o)
    0x00009398   0x0000007c   Code   RO         5559    i.rt_pop_req        RTX_CM4.lib(rt_system.o)
    0x00009414   0x00000020   Code   RO         5560    i.rt_psh_req        RTX_CM4.lib(rt_system.o)
    0x00009434   0x0000005c   Code   RO         5694    i.rt_psq_enq        RTX_CM4.lib(rt_list.o)
    0x00009490   0x00000048   Code   RO         5695    i.rt_put_dly        RTX_CM4.lib(rt_list.o)
    0x000094d8   0x00000036   Code   RO         5696    i.rt_put_prio       RTX_CM4.lib(rt_list.o)
    0x0000950e   0x00000002   PAD
    0x00009510   0x00000014   Code   RO         5697    i.rt_put_rdy_first  RTX_CM4.lib(rt_list.o)
    0x00009524   0x00000034   Code   RO         5698    i.rt_resort_prio    RTX_CM4.lib(rt_list.o)
    0x00009558   0x00000010   Code   RO         5978    i.rt_ret_regs       RTX_CM4.lib(hal_cm.o)
    0x00009568   0x0000000c   Code   RO         5979    i.rt_ret_val        RTX_CM4.lib(hal_cm.o)
    0x00009574   0x00000010   Code   RO         5980    i.rt_ret_val2       RTX_CM4.lib(hal_cm.o)
    0x00009584   0x00000028   Code   RO         5699    i.rt_rmv_dly        RTX_CM4.lib(rt_list.o)
    0x000095ac   0x00000030   Code   RO         5700    i.rt_rmv_list       RTX_CM4.lib(rt_list.o)
    0x000095dc   0x0000000c   Code   RO         5817    i.rt_sem_init       RTX_CM4.lib(rt_semaphore.o)
    0x000095e8   0x00000034   Code   RO         5818    i.rt_sem_psh        RTX_CM4.lib(rt_semaphore.o)
    0x0000961c   0x0000002a   Code   RO         5819    i.rt_sem_send       RTX_CM4.lib(rt_semaphore.o)
    0x00009646   0x00000002   PAD
    0x00009648   0x00000040   Code   RO         5820    i.rt_sem_wait       RTX_CM4.lib(rt_semaphore.o)
    0x00009688   0x00000024   Code   RO         5562    i.rt_stk_check      RTX_CM4.lib(rt_system.o)
    0x000096ac   0x00000028   Code   RO         5473    i.rt_switch_req     RTX_CM4.lib(rt_task.o)
    0x000096d4   0x000000cc   Code   RO         5474    i.rt_sys_init       RTX_CM4.lib(rt_task.o)
    0x000097a0   0x00000078   Code   RO         5475    i.rt_sys_start      RTX_CM4.lib(rt_task.o)
    0x00009818   0x00000040   Code   RO         5564    i.rt_systick        RTX_CM4.lib(rt_system.o)
    0x00009858   0x00000012   Code   RO         4570    i.rt_tid2ptcb       RTX_CM4.lib(rt_cmsis.o)
    0x0000986a   0x00000002   PAD
    0x0000986c   0x00000034   Code   RO         4571    i.rt_timer_insert   RTX_CM4.lib(rt_cmsis.o)
    0x000098a0   0x0000003c   Code   RO         4572    i.rt_timer_remove   RTX_CM4.lib(rt_cmsis.o)
    0x000098dc   0x00000088   Code   RO         5476    i.rt_tsk_create     RTX_CM4.lib(rt_task.o)
    0x00009964   0x0000017c   Code   RO         5477    i.rt_tsk_delete     RTX_CM4.lib(rt_task.o)
    0x00009ae0   0x00000030   Code   RO         5478    i.rt_tsk_pass       RTX_CM4.lib(rt_task.o)
    0x00009b10   0x0000007c   Code   RO         5479    i.rt_tsk_prio       RTX_CM4.lib(rt_task.o)
    0x00009b8c   0x00000010   Code   RO         5480    i.rt_tsk_self       RTX_CM4.lib(rt_task.o)
    0x00009b9c   0x00000048   Code   RO         5402    i.search_delim      Net_CM3_L.lib(net_http_server.o)
    0x00009be4   0x00000004   Code   RO         4411    i.slip_send_frame   net_config.o
    0x00009be8   0x00000012   Code   RO         6108    i.str_copy          Net_CM3_L.lib(net_common.o)
    0x00009bfa   0x00000016   Code   RO         6110    i.str_pos           Net_CM3_L.lib(net_common.o)
    0x00009c10   0x0000001a   Code   RO         6111    i.str_scomp         Net_CM3_L.lib(net_common.o)
    0x00009c2a   0x0000001a   Code   RO         6113    i.str_up_case       Net_CM3_L.lib(net_common.o)
    0x00009c44   0x00000012   Code   RO         4573    i.svcDelay          RTX_CM4.lib(rt_cmsis.o)
    0x00009c56   0x00000002   PAD
    0x00009c58   0x00000070   Code   RO         4574    i.svcKernelInitialize  RTX_CM4.lib(rt_cmsis.o)
    0x00009cc8   0x00000048   Code   RO         4576    i.svcKernelStart    RTX_CM4.lib(rt_cmsis.o)
    0x00009d10   0x00000024   Code   RO         4579    i.svcMessageCreate  RTX_CM4.lib(rt_cmsis.o)
    0x00009d34   0x0000003a   Code   RO         4580    i.svcMessageGet     RTX_CM4.lib(rt_cmsis.o)
    0x00009d6e   0x0000001c   Code   RO         4582    i.svcMutexCreate    RTX_CM4.lib(rt_cmsis.o)
    0x00009d8a   0x00000022   Code   RO         4584    i.svcMutexRelease   RTX_CM4.lib(rt_cmsis.o)
    0x00009dac   0x00000036   Code   RO         4585    i.svcMutexWait      RTX_CM4.lib(rt_cmsis.o)
    0x00009de2   0x00000024   Code   RO         4587    i.svcSemaphoreCreate  RTX_CM4.lib(rt_cmsis.o)
    0x00009e06   0x00000028   Code   RO         4589    i.svcSemaphoreRelease  RTX_CM4.lib(rt_cmsis.o)
    0x00009e2e   0x00000032   Code   RO         4590    i.svcSemaphoreWait  RTX_CM4.lib(rt_cmsis.o)
    0x00009e60   0x00000024   Code   RO         4592    i.svcSignalSet      RTX_CM4.lib(rt_cmsis.o)
    0x00009e84   0x00000054   Code   RO         4593    i.svcSignalWait     RTX_CM4.lib(rt_cmsis.o)
    0x00009ed8   0x00000070   Code   RO         4594    i.svcThreadCreate   RTX_CM4.lib(rt_cmsis.o)
    0x00009f48   0x0000001c   Code   RO         4595    i.svcThreadGetId    RTX_CM4.lib(rt_cmsis.o)
    0x00009f64   0x00000038   Code   RO         4598    i.svcThreadTerminate  RTX_CM4.lib(rt_cmsis.o)
    0x00009f9c   0x0000000a   Code   RO         4599    i.svcThreadYield    RTX_CM4.lib(rt_cmsis.o)
    0x00009fa6   0x00000018   Code   RO         4600    i.svcTimerCall      RTX_CM4.lib(rt_cmsis.o)
    0x00009fbe   0x00000002   PAD
    0x00009fc0   0x00000038   Code   RO         4601    i.svcTimerCreate    RTX_CM4.lib(rt_cmsis.o)
    0x00009ff8   0x00000064   Code   RO         4603    i.svcTimerStart     RTX_CM4.lib(rt_cmsis.o)
    0x0000a05c   0x0000005c   Code   RO         4609    i.sysTimerTick      RTX_CM4.lib(rt_cmsis.o)
    0x0000a0b8   0x00000058   Code   RO         5251    i.tcp_abort         Net_CM3_L.lib(net_tcp.o)
    0x0000a110   0x000000a0   Code   RO         5253    i.tcp_close         Net_CM3_L.lib(net_tcp.o)
    0x0000a1b0   0x0000001e   Code   RO         5256    i.tcp_get_buf       Net_CM3_L.lib(net_tcp.o)
    0x0000a1ce   0x00000002   PAD
    0x0000a1d0   0x00000050   Code   RO         5258    i.tcp_get_socket    Net_CM3_L.lib(net_tcp.o)
    0x0000a220   0x00000028   Code   RO         5259    i.tcp_get_state     Net_CM3_L.lib(net_tcp.o)
    0x0000a248   0x0000006c   Code   RO         5261    i.tcp_listen        Net_CM3_L.lib(net_tcp.o)
    0x0000a2b4   0x0000007c   Code   RO         5262    i.tcp_map_socket    Net_CM3_L.lib(net_tcp.o)
    0x0000a330   0x00000024   Code   RO         5263    i.tcp_max_data_size  Net_CM3_L.lib(net_tcp.o)
    0x0000a354   0x0000005e   Code   RO         5266    i.tcp_parse_opt     Net_CM3_L.lib(net_tcp.o)
    0x0000a3b2   0x00000002   PAD
    0x0000a3b4   0x000000c4   Code   RO         5267    i.tcp_proc_acknr    Net_CM3_L.lib(net_tcp.o)
    0x0000a478   0x00000052   Code   RO         5268    i.tcp_proc_dupack   Net_CM3_L.lib(net_tcp.o)
    0x0000a4ca   0x00000002   PAD
    0x0000a4cc   0x0000049a   Code   RO         5269    i.tcp_process       Net_CM3_L.lib(net_tcp.o)
    0x0000a966   0x0000001a   Code   RO         5270    i.tcp_que_free      Net_CM3_L.lib(net_tcp.o)
    0x0000a980   0x0000001a   Code   RO         5271    i.tcp_que_init      Net_CM3_L.lib(net_tcp.o)
    0x0000a99a   0x00000002   PAD
    0x0000a99c   0x00000094   Code   RO         5272    i.tcp_que_resend    Net_CM3_L.lib(net_tcp.o)
    0x0000aa30   0x000000e0   Code   RO         5276    i.tcp_send          Net_CM3_L.lib(net_tcp.o)
    0x0000ab10   0x00000066   Code   RO         5277    i.tcp_send_ctrl     Net_CM3_L.lib(net_tcp.o)
    0x0000ab76   0x0000004c   Code   RO         5278    i.tcp_send_data     Net_CM3_L.lib(net_tcp.o)
    0x0000abc2   0x00000060   Code   RO         5279    i.tcp_send_reset    Net_CM3_L.lib(net_tcp.o)
    0x0000ac22   0x00000026   Code   RO         5280    i.tcp_set_cwnd      Net_CM3_L.lib(net_tcp.o)
    0x0000ac48   0x00000014   Code   RO         5281    i.tcp_socket_init   Net_CM3_L.lib(net_tcp.o)
    0x0000ac5c   0x00000288   Code   RO         5282    i.tcp_socket_poll   Net_CM3_L.lib(net_tcp.o)
    0x0000aee4   0x00000068   Code   RO         5283    i.tcp_transit       Net_CM3_L.lib(net_tcp.o)
    0x0000af4c   0x000000a4   Code   RO         5284    i.tcp_write         Net_CM3_L.lib(net_tcp.o)
    0x0000aff0   0x0000001e   Code   RO         5222    i.udp_get_buf       Net_CM3_L.lib(net_udp.o)
    0x0000b00e   0x00000002   PAD
    0x0000b010   0x00000048   Code   RO         5223    i.udp_get_socket    Net_CM3_L.lib(net_udp.o)
    0x0000b058   0x0000006c   Code   RO         5226    i.udp_open          Net_CM3_L.lib(net_udp.o)
    0x0000b0c4   0x0000002c   Code   RO         5227    i.udp_port_in_use   Net_CM3_L.lib(net_udp.o)
    0x0000b0f0   0x00000098   Code   RO         5228    i.udp_process       Net_CM3_L.lib(net_udp.o)
    0x0000b188   0x00000108   Code   RO         5230    i.udp_send          Net_CM3_L.lib(net_udp.o)
    0x0000b290   0x00000014   Code   RO         5231    i.udp_socket_init   Net_CM3_L.lib(net_udp.o)
    0x0000b2a4   0x000000f0   Code   RO         5403    i.utc_to_http       Net_CM3_L.lib(net_http_server.o)
    0x0000b394   0x00000010   Data   RO           52    .constdata          sensorthread.o
    0x0000b3a4   0x00000018   Data   RO          127    .constdata          web.o
    0x0000b3bc   0x00000004   Data   RO          154    .constdata          fxos8700.o
    0x0000b3c0   0x00000056   Data   RO          336    .constdata          rtx_conf_cm.o
    0x0000b416   0x00000002   PAD
    0x0000b418   0x0000004c   Data   RO          409    .constdata          emac_mk64f.o
    0x0000b464   0x00000110   Data   RO          656    .constdata          i2c_mk64f.o
    0x0000b574   0x00000024   Data   RO         1016    .constdata          phy_ksz8081rna.o
    0x0000b598   0x00000048   Data   RO         1071    .constdata          board.o
    0x0000b5e0   0x00000048   Data   RO         1143    .constdata          gpio_pins.o
    0x0000b628   0x00000019   Data   RO         1336    .constdata          fsl_edma_common.o
    0x0000b641   0x00000003   PAD
    0x0000b644   0x0000002d   Data   RO         1643    .constdata          fsl_gpio_common.o
    0x0000b671   0x00000003   PAD
    0x0000b674   0x00000006   Data   RO         1787    .constdata          fsl_rtc_common.o
    0x0000b67a   0x000000c8   Data   RO         2432    .constdata          fsl_i2c_hal.o
    0x0000b742   0x00000030   Data   RO         2621    .constdata          fsl_mcg_hal.o
    0x0000b772   0x00000019   Data   RO         3719    .constdata          fsl_clock_mk64f12.o
    0x0000b78b   0x00000001   PAD
    0x0000b78c   0x0000000c   Data   RO         4131    .constdata          fsl_clock_manager_common.o
    0x0000b798   0x00000018   Data   RO         4208    .constdata          fsl_debug_console.o
    0x0000b7b0   0x000000ac   Data   RO         4414    .constdata          net_config.o
    0x0000b85c   0x0000001c   Data   RO         5155    .constdata          Net_CM3_L.lib(net_eth.o)
    0x0000b878   0x00000008   Data   RO         5185    .constdata          Net_CM3_L.lib(net_ip.o)
    0x0000b880   0x00000008   Data   RO         5329    .constdata          Net_CM3_L.lib(net_nbns_client.o)
    0x0000b888   0x000000fa   Data   RO         5404    .constdata          Net_CM3_L.lib(net_http_server.o)
    0x0000b982   0x00000002   PAD
    0x0000b984   0x00000008   Data   RO         5459    .constdata          Net_CM3_L.lib(net_sys.o)
    0x0000b98c   0x00000018   Data   RO         6070    .constdata          Net_CM3_L.lib(net_http_server_err.o)
    0x0000b9a4   0x00000004   Data   RO         6087    .constdata          Net_CM3_L.lib(net_mem.o)
    0x0000b9a8   0x00000008   Data   RO         6139    .constdata          Net_CM3_L.lib(net_addr4.o)
    0x0000b9b0   0x00000081   Data   RO         6559    .constdata          mc_w.l(ctype_o.o)
    0x0000ba31   0x00000003   PAD
    0x0000ba34   0x00000004   Data   RO         6560    .constdata          mc_w.l(ctype_o.o)
    0x0000ba38   0x0000001d   Data   RO         4415    .conststring        net_config.o
    0x0000ba55   0x00000003   PAD
    0x0000ba58   0x0000006d   Data   RO         5285    .conststring        Net_CM3_L.lib(net_tcp.o)
    0x0000bac5   0x00000003   PAD
    0x0000bac8   0x000001ff   Data   RO         6071    .conststring        Net_CM3_L.lib(net_http_server_err.o)
    0x0000bcc7   0x00000001   PAD
    0x0000bcc8   0x00000020   Data   RO         6595    Region$$Table       anon$$obj.o


    Execution Region RW_m_data (Base: 0x1fff0000, Size: 0x00000000, Max: 0x00010000, ABSOLUTE)

    **** No section assigned to this execution region ****


    Execution Region RW_m_data_2 (Base: 0x20000000, Size: 0x00009618, Max: 0x0002f800, ABSOLUTE)

    Base Addr    Size         Type   Attr      Idx    E Section Name        Object

    0x20000000   0x00000004   Data   RW           53    .data               sensorthread.o
    0x20000004   0x00000010   Data   RW          155    .data               fxos8700.o
    0x20000014   0x00000020   Data   RW          337    .data               rtx_conf_cm.o
    0x20000034   0x0000001c   Data   RW          410    .data               emac_mk64f.o
    0x20000050   0x0000000a   Data   RW         1017    .data               phy_ksz8081rna.o
    0x2000005a   0x00000002   PAD
    0x2000005c   0x00000004   Data   RW         1378    .data               fsl_edma_driver.o
    0x20000060   0x00000010   Data   RW         2622    .data               fsl_mcg_hal.o
    0x20000070   0x00000004   Data   RW         4369    .data               system_mk64f12.o
    0x20000074   0x00000016   Data   RW         4416    .data               net_config.o
    0x2000008a   0x00000002   PAD
    0x2000008c   0x00000008   Data   RW         4612    .data               RTX_CM4.lib(rt_cmsis.o)
    0x20000094   0x00000004   Data   RW         5156    .data               Net_CM3_L.lib(net_eth.o)
    0x20000098   0x00000002   Data   RW         5232    .data               Net_CM3_L.lib(net_udp.o)
    0x2000009a   0x00000002   PAD
    0x2000009c   0x00000030   Data   RW         5286    .data               Net_CM3_L.lib(net_tcp.o)
    0x200000cc   0x00000001   Data   RW         5330    .data               Net_CM3_L.lib(net_nbns_client.o)
    0x200000cd   0x00000003   PAD
    0x200000d0   0x0000000c   Data   RW         5405    .data               Net_CM3_L.lib(net_http_server.o)
    0x200000dc   0x00000008   Data   RW         5482    .data               RTX_CM4.lib(rt_task.o)
    0x200000e4   0x00000008   Data   RW         5567    .data               RTX_CM4.lib(rt_system.o)
    0x200000ec   0x00000004   Data   RW         5861    .data               RTX_CM4.lib(rt_time.o)
    0x200000f0   0x00000001   Data   RW         5981    .data               RTX_CM4.lib(hal_cm.o)
    0x200000f1   0x00000003   PAD
    0x200000f4   0x00000008   Data   RW         6045    .data               Net_CM3_L.lib(net_arp.o)
    0x200000fc   0x00000004   Data   RW         6529    .data               mc_w.l(errno.o)
    0x20000100   0x00000018   Zero   RW           51    .bss                sensorthread.o
    0x20000118   0x00003b30   Zero   RW          335    .bss                rtx_conf_cm.o
    0x20003c48   0x00000008   PAD
    0x20003c50   0x00002514   Zero   RW          408    .bss                emac_mk64f.o
    0x20006164   0x00000060   Zero   RW          655    .bss                i2c_mk64f.o
    0x200061c4   0x00000010   Zero   RW         4207    .bss                fsl_debug_console.o
    0x200061d4   0x0000328c   Zero   RW         4413    .bss                net_config.o
    0x20009460   0x00000088   Zero   RW         5154    .bss                Net_CM3_L.lib(net_eth.o)
    0x200094e8   0x0000000c   Zero   RW         5184    .bss                Net_CM3_L.lib(net_ip.o)
    0x200094f4   0x00000010   Zero   RW         5208    .bss                Net_CM3_L.lib(net_icmp.o)
    0x20009504   0x00000020   Zero   RW         5348    .bss                Net_CM3_L.lib(net_dhcp_client.o)
    0x20009524   0x00000054   Zero   RW         5457    .bss                Net_CM3_L.lib(net_sys.o)
    0x20009578   0x00000018   Zero   RW         5458    .bss                Net_CM3_L.lib(net_sys.o)
    0x20009590   0x00000034   Zero   RW         5481    .bss                RTX_CM4.lib(rt_task.o)
    0x200095c4   0x00000030   Zero   RW         5701    .bss                RTX_CM4.lib(rt_list.o)
    0x200095f4   0x00000010   Zero   RW         6085    .bss                Net_CM3_L.lib(net_mem.o)
    0x20009604   0x00000014   Zero   RW         6086    .bss                Net_CM3_L.lib(net_mem.o)


    Execution Region ARM_LIB_HEAP (Base: 0x20009618, Size: 0x00000400, Max: 0x00000400, ABSOLUTE)

    Base Addr    Size         Type   Attr      Idx    E Section Name        Object

    0x20009618   0x00000400   Zero   RW            1    ARM_LIB_HEAP.bss    anon$$obj.o


    Execution Region ARM_LIB_STACK (Base: 0x2002fc00, Size: 0x00000400, Max: 0x00000400, ABSOLUTE)

    Base Addr    Size         Type   Attr      Idx    E Section Name        Object

    0x2002fc00   0x00000400   Zero   RW            2    ARM_LIB_STACK.bss   anon$$obj.o



  Load Region LR_m_interrupts (Base: 0x00000000, Size: 0x00000400, Max: 0x00000400, ABSOLUTE)

    Execution Region VECTOR_RAM (Base: 0x00000000, Size: 0x00000000, Max: 0x00000000, ABSOLUTE)

    Base Addr    Size         Type   Attr      Idx    E Section Name        Object

    0x00000000   0x00000000   Zero   RW            3    VECTOR_RAM.bss      anon$$obj.o


    Execution Region VECTOR_ROM (Base: 0x00000000, Size: 0x00000400, Max: 0x00000400, ABSOLUTE)

    Base Addr    Size         Type   Attr      Idx    E Section Name        Object

    0x00000000   0x00000400   Data   RO         4358    RESET               startup_mk64f12.o



  Load Region LR_m_flash_config (Base: 0x00000400, Size: 0x00000010, Max: 0x00000010, ABSOLUTE)

    Execution Region ER_m_flash_config (Base: 0x00000400, Size: 0x00000010, Max: 0x00000010, ABSOLUTE)

    Base Addr    Size         Type   Attr      Idx    E Section Name        Object

    0x00000400   0x00000010   Data   RO         4359    FlashConfig         startup_mk64f12.o


==============================================================================

Image component sizes


      Code (inc. data)   RO Data    RW Data    ZI Data      Debug   Object Name

       142         24         72          0          0      29227   board.o
      2824        246         76         28       9492      73894   emac_mk64f.o
       874         38          0          0          0      29877   fsl_clock_manager.o
         0          0         12          0          0        900   fsl_clock_manager_common.o
       394         72         25          0          0      28991   fsl_clock_mk64f12.o
       188         16         24          0         16      12979   fsl_debug_console.o
         0          0         25          0          0        901   fsl_edma_common.o
       558         34          0          4          0      17464   fsl_edma_driver.o
       522          0          0          0          0      13514   fsl_edma_hal.o
       160          0          0          0          0       9062   fsl_edma_irq.o
      2444          8          0          0          0      28546   fsl_enet_hal.o
         0          0         45          0          0        784   fsl_gpio_common.o
       474         38          0          0          0      35646   fsl_gpio_driver.o
        48          0          0          0          0       1739   fsl_gpio_hal.o
       348          6        200          0          0       8602   fsl_i2c_hal.o
       802         40         48         16          0      16890   fsl_mcg_hal.o
       914         14          0          0          0      12572   fsl_mcg_hal_modes.o
         0          0          0          0          0       9160   fsl_os_abstraction_bm.o
        12          0          0          0          0       1011   fsl_osc_hal.o
         0          0          6          0          0        781   fsl_rtc_common.o
        56          0          0          0          0       1454   fsl_sim_hal_mk64f12.o
       250          0          0          0          0      12787   fsl_uart_hal.o
       908         60          4         16          0       9886   fxos8700.o
         0          0         72          0          0        763   gpio_pins.o
        88         18          0          0          0        560   hardware_init.o
       190         40          0          0          0       3631   http_server_cgi.o
      4354        262        272          0         96      89071   i2c_mk64f.o
        76         14          0          0          0     623624   led_frdm_k64f.o
        66          0          0          0          0      14314   main.o
       102          0        201         22      12940      21161   net_config.o
       460         52         36         10          0       7338   phy_ksz8081rna.o
       334         28          0          0          0       5980   pin_mux.o
        66          6         86         32      15152       8635   rtx_conf_cm.o
        92         18         16          4         24       2723   sensorthread.o
        72         18          0          0          0        580   startup.o
        56         18       1040          0          0        856   startup_mk64f12.o
       496         44          0          4          0       1639   system_mk64f12.o
       136          8         24          0          0       1964   web.o

    ----------------------------------------------------------------------
     18554       1122       2328        140      39776    1139506   Object Totals
         0          0         32          0       2048          0   (incl. Generated)
        48          0         12          4          8          0   (incl. Padding)

    ----------------------------------------------------------------------

      Code (inc. data)   RO Data    RW Data    ZI Data      Debug   Library Member Name

        26          0          8          0          0         68   net_addr4.o
      1732        136          0          8          0       1092   net_arp.o
       324          4          0          0          0        584   net_common.o
      2104        122          0          0         32        652   net_dhcp_client.o
      1016         96         28          4        136        696   net_eth.o
      5520       1180        250         12          0       2276   net_http_server.o
         0          0        535          0          0          0   net_http_server_err.o
       436         34          0          0         16        308   net_icmp.o
      1034         80          8          0         12        816   net_ip.o
       460         52          4          0         36        556   net_mem.o
       400         26          8          1          0        184   net_nbns_client.o
       224         48          8          0        108        288   net_sys.o
      3888        162        109         48          0       2000   net_tcp.o
       690         36          0          2          0        556   net_udp.o
       268         24          0          1          0       4452   hal_cm.o
       408         34          0          0          0        816   hal_cm4.o
      2164        236          0          8          0      52330   rt_cmsis.o
       272         18          0          0          0       2810   rt_event.o
       566         44          0          0         48       9176   rt_list.o
       550         10          0          0          0       4185   rt_mailbox.o
       140          0          0          0          0       2045   rt_membox.o
       128          0          0          0          0       2419   rt_memory.o
       336         12          0          0          0       2201   rt_mutex.o
       186         10          0          0          0       3102   rt_semaphore.o
       298         52          0          8          0       6439   rt_system.o
      1264        184          0          8         52      10563   rt_task.o
         6          0          0          4          0        684   rt_time.o
         4          4          0          0          0        200   svc_table.o
        28          0          0          0          0         68   _chval.o
       158          0          0          0          0         92   _strtoul.o
        26          0          0          0          0         80   atoi.o
         8          4        133          0          0         68   ctype_o.o
         0          0          0          0          0          0   entry.o
         0          0          0          0          0          0   entry10a.o
         0          0          0          0          0          0   entry11a.o
         8          4          0          0          0          0   entry4.o
         4          0          0          0          0          0   entry5.o
         0          0          0          0          0          0   entry7b.o
         0          0          0          0          0          0   entry8b.o
         8          4          0          4          0         68   errno.o
        30          0          0          0          0          0   handlers.o
        36          8          0          0          0         68   init.o
        30          0          0          0          0         68   llshl.o
        32          0          0          0          0         68   llushr.o
        26          0          0          0          0         80   memcmp.o
        36          0          0          0          0         68   memcpya.o
        36          0          0          0          0        108   memseta.o
      1172         50          0          0          0        420   printf8.o
        28          0          0          0          0         76   strcmp.o
        14          0          0          0          0         68   strlen.o
       112          0          0          0          0         88   strtol.o
        98          0          0          0          0         92   uldiv.o

    ----------------------------------------------------------------------
     26378       2674       1100        116        440     113078   Library Totals
        44          0          9          8          0          0   (incl. Padding)

    ----------------------------------------------------------------------

      Code (inc. data)   RO Data    RW Data    ZI Data      Debug   Library Name

     17854       1976        958         75        340      10076   Net_CM3_L.lib
      6590        628          0         29        100     101422   RTX_CM4.lib
      1890         70        133          4          0       1580   mc_w.l

    ----------------------------------------------------------------------
     26378       2674       1100        116        440     113078   Library Totals

    ----------------------------------------------------------------------

==============================================================================


      Code (inc. data)   RO Data    RW Data    ZI Data      Debug   

     44932       3796       3428        256      40216    1207860   Grand Totals
     44932       3796       3428        256      40216    1207860   ELF Image Totals
     44932       3796       3428        256          0          0   ROM Totals

==============================================================================

    Total RO  Size (Code + RO Data)                48360 (  47.23kB)
    Total RW  Size (RW Data + ZI Data)             40472 (  39.52kB)
    Total ROM Size (Code + RO Data + RW Data)      48616 (  47.48kB)

==============================================================================

