Component: ARM Compiler 5.06 update 4 (build 422) Tool: armlink [4d35d2]

==============================================================================

Section Cross References

    rtx_conf_cm.o(.emb_text) refers to rt_cmsis.o(i.osKernelInitialize) for osKernelInitialize
    rtx_conf_cm.o(.emb_text) refers to rt_cmsis.o(i.osThreadCreate) for osThreadCreate
    rtx_conf_cm.o(.emb_text) refers to rt_cmsis.o(i.osKernelStart) for osKernelStart
    rtx_conf_cm.o(.emb_text) refers to exit.o(.text) for exit
    rtx_conf_cm.o(.emb_text) refers to rtx_conf_cm.o(.data) for os_thread_def_main
    rtx_conf_cm.o(i.__user_perthread_libspace) refers to rt_task.o(i.rt_tsk_self) for rt_tsk_self
    rtx_conf_cm.o(i.__user_perthread_libspace) refers to rt_cmsis.o(.data) for os_running
    rtx_conf_cm.o(i.__user_perthread_libspace) refers to rtx_conf_cm.o(.bss) for .bss
    rtx_conf_cm.o(i.__user_perthread_libspace) refers to libspace.o(.bss) for __libspace_start
    rtx_conf_cm.o(i._mutex_acquire) refers to rt_cmsis.o(.data) for os_running
    rtx_conf_cm.o(i._mutex_acquire) refers to rt_mutex.o(i.rt_mut_wait) for rt_mut_wait
    rtx_conf_cm.o(i._mutex_initialize) refers to rt_mutex.o(i.rt_mut_init) for rt_mut_init
    rtx_conf_cm.o(i._mutex_initialize) refers to rtx_conf_cm.o(.data) for .data
    rtx_conf_cm.o(i._mutex_initialize) refers to rtx_conf_cm.o(.bss) for .bss
    rtx_conf_cm.o(i._mutex_release) refers to rt_cmsis.o(.data) for os_running
    rtx_conf_cm.o(i._mutex_release) refers to rt_mutex.o(i.rt_mut_release) for rt_mut_release
    rtx_conf_cm.o(.constdata) refers to rt_cmsis.o(i.osTimerThread) for osTimerThread
    rtx_conf_cm.o(.constdata) refers to rtx_conf_cm.o(.bss) for os_messageQ_q_osTimerMessageQ
    rtx_conf_cm.o(.data) refers to main.o(i.main) for main
    emac_mk64f.o(i.Control) refers to fsl_enet_hal.o(i.ENET_HAL_Config) for ENET_HAL_Config
    emac_mk64f.o(i.Control) refers to fsl_enet_hal.o(i.ENET_HAL_SetIntMode) for ENET_HAL_SetIntMode
    emac_mk64f.o(i.Control) refers to emac_mk64f.o(i.ENET_HAL_SetRxBdActive) for ENET_HAL_SetRxBdActive
    emac_mk64f.o(i.Control) refers to fsl_enet_hal.o(i.ENET_HAL_ClrRxBdAfterHandled) for ENET_HAL_ClrRxBdAfterHandled
    emac_mk64f.o(i.Control) refers to fsl_misc_utilities.o(i.__aeabi_assert) for __aeabi_assert
    emac_mk64f.o(i.Control) refers to emac_mk64f.o(.bss) for Emac
    emac_mk64f.o(i.Control) refers to system_mk64f12.o(.data) for SystemCoreClock
    emac_mk64f.o(i.Control) refers to emac_mk64f.o(.conststring) for .conststring
    emac_mk64f.o(i.ENET_Error_IRQHandler) refers to emac_mk64f.o(i.ENET_HAL_GetIntStatusFlag) for ENET_HAL_GetIntStatusFlag
    emac_mk64f.o(i.ENET_Error_IRQHandler) refers to emac_mk64f.o(i.ENET_HAL_ClearIntStatusFlag) for ENET_HAL_ClearIntStatusFlag
    emac_mk64f.o(i.ENET_Error_IRQHandler) refers to emac_mk64f.o(.bss) for Emac
    emac_mk64f.o(i.ENET_Receive_IRQHandler) refers to emac_mk64f.o(i.ENET_HAL_GetIntStatusFlag) for ENET_HAL_GetIntStatusFlag
    emac_mk64f.o(i.ENET_Receive_IRQHandler) refers to emac_mk64f.o(i.ENET_HAL_ClearIntStatusFlag) for ENET_HAL_ClearIntStatusFlag
    emac_mk64f.o(i.ENET_Receive_IRQHandler) refers to emac_mk64f.o(.bss) for Emac
    emac_mk64f.o(i.ENET_Transmit_IRQHandler) refers to emac_mk64f.o(i.ENET_HAL_GetIntStatusFlag) for ENET_HAL_GetIntStatusFlag
    emac_mk64f.o(i.ENET_Transmit_IRQHandler) refers to emac_mk64f.o(i.ENET_HAL_ClearIntStatusFlag) for ENET_HAL_ClearIntStatusFlag
    emac_mk64f.o(i.ENET_Transmit_IRQHandler) refers to emac_mk64f.o(.bss) for Emac
    emac_mk64f.o(i.GetCapabilities) refers to emac_mk64f.o(.constdata) for DriverCapabilities
    emac_mk64f.o(i.GetRxFrameSize) refers to fsl_enet_hal.o(i.ENET_HAL_GetBufDescripAttr) for ENET_HAL_GetBufDescripAttr
    emac_mk64f.o(i.GetRxFrameSize) refers to emac_mk64f.o(.bss) for Emac
    emac_mk64f.o(i.GetVersion) refers to emac_mk64f.o(.constdata) for DriverVersion
    emac_mk64f.o(i.Initialize) refers to system_mk64f12.o(i.SystemCoreClockUpdate) for SystemCoreClockUpdate
    emac_mk64f.o(i.Initialize) refers to emac_mk64f.o(i.CLOCK_HAL_SetRmiiSrc) for CLOCK_HAL_SetRmiiSrc
    emac_mk64f.o(i.Initialize) refers to emac_mk64f.o(.bss) for Emac
    emac_mk64f.o(i.Initialize) refers to emac_mk64f.o(.data) for rx_fifo_cfg
    emac_mk64f.o(i.PHY_Read) refers to emac_mk64f.o(i.ENET_HAL_ClearIntStatusFlag) for ENET_HAL_ClearIntStatusFlag
    emac_mk64f.o(i.PHY_Read) refers to fsl_enet_hal.o(i.ENET_HAL_SetSMIRead) for ENET_HAL_SetSMIRead
    emac_mk64f.o(i.PHY_Read) refers to emac_mk64f.o(i.ENET_HAL_GetIntStatusFlag) for ENET_HAL_GetIntStatusFlag
    emac_mk64f.o(i.PHY_Read) refers to emac_mk64f.o(.bss) for Emac
    emac_mk64f.o(i.PHY_Read) refers to system_mk64f12.o(.data) for SystemCoreClock
    emac_mk64f.o(i.PHY_Write) refers to emac_mk64f.o(i.ENET_HAL_ClearIntStatusFlag) for ENET_HAL_ClearIntStatusFlag
    emac_mk64f.o(i.PHY_Write) refers to fsl_enet_hal.o(i.ENET_HAL_SetSMIWrite) for ENET_HAL_SetSMIWrite
[...]
    ../clib/printf.c                         0x00000000   Number         0  _printf_str.o ABSOLUTE
    ../clib/printf.c                         0x00000000   Number         0  _printf_dec.o ABSOLUTE
    ../clib/printf.c                         0x00000000   Number         0  _printf_hex_ll.o ABSOLUTE
    ../clib/printf.c                         0x00000000   Number         0  _printf_hex_int.o ABSOLUTE
    ../clib/printf.c                         0x00000000   Number         0  __2printf.o ABSOLUTE
    ../clib/printf.c                         0x00000000   Number         0  __2sprintf.o ABSOLUTE
    ../clib/printf.c                         0x00000000   Number         0  _printf_hex_ptr.o ABSOLUTE
    ../clib/printf.c                         0x00000000   Number         0  _printf_hex_int_ptr.o ABSOLUTE
    ../clib/printf.c                         0x00000000   Number         0  __printf_flags_wp.o ABSOLUTE
    ../clib/printf.c                         0x00000000   Number         0  _printf_hex_ll_ptr.o ABSOLUTE
    ../clib/printf.c                         0x00000000   Number         0  __printf_flags_ss_wp.o ABSOLUTE
    ../clib/printf.c                         0x00000000   Number         0  __printf_ss_wp.o ABSOLUTE
    ../clib/printf.c                         0x00000000   Number         0  noretval__2printf.o ABSOLUTE
    ../clib/printf.c                         0x00000000   Number         0  __printf_flags.o ABSOLUTE
    ../clib/printf.c                         0x00000000   Number         0  _printf_hex_int_ll.o ABSOLUTE
    ../clib/printf.c                         0x00000000   Number         0  _printf_char_file.o ABSOLUTE
    ../clib/printf.c                         0x00000000   Number         0  _printf_char.o ABSOLUTE
    ../clib/printf.c                         0x00000000   Number         0  _printf_char_common.o ABSOLUTE
    ../clib/printf.c                         0x00000000   Number         0  _printf_intcommon.o ABSOLUTE
    ../clib/printf_percent.s                 0x00000000   Number         0  _printf_d.o ABSOLUTE
    ../clib/printf_percent.s                 0x00000000   Number         0  _printf_percent_end.o ABSOLUTE
    ../clib/printf_percent.s                 0x00000000   Number         0  _printf_s.o ABSOLUTE
    ../clib/printf_percent.s                 0x00000000   Number         0  _printf_percent.o ABSOLUTE
    ../clib/printf_percent.s                 0x00000000   Number         0  _printf_x.o ABSOLUTE
    ../clib/scanf.c                          0x00000000   Number         0  _scanf.o ABSOLUTE
    ../clib/scanf.c                          0x00000000   Number         0  __0sscanf.o ABSOLUTE
    ../clib/scanf.c                          0x00000000   Number         0  _chval.o ABSOLUTE
    ../clib/scanf.c                          0x00000000   Number         0  scanf_char.o ABSOLUTE
    ../clib/scanf.c                          0x00000000   Number         0  _sgetc.o ABSOLUTE
    ../clib/scanf.c                          0x00000000   Number         0  _scanf_int.o ABSOLUTE
    ../clib/signal.c                         0x00000000   Number         0  defsig_fpe_outer.o ABSOLUTE
    ../clib/signal.c                         0x00000000   Number         0  defsig_exit.o ABSOLUTE
    ../clib/signal.c                         0x00000000   Number         0  defsig_rtmem_formal.o ABSOLUTE
    ../clib/signal.c                         0x00000000   Number         0  defsig_rtmem_outer.o ABSOLUTE
    ../clib/signal.c                         0x00000000   Number         0  __raise.o ABSOLUTE
    ../clib/signal.c                         0x00000000   Number         0  defsig_general.o ABSOLUTE
    ../clib/signal.c                         0x00000000   Number         0  defsig_fpe_inner.o ABSOLUTE
    ../clib/signal.c                         0x00000000   Number         0  defsig_rtmem_inner.o ABSOLUTE
    ../clib/signal.c                         0x00000000   Number         0  defsig_fpe_formal.o ABSOLUTE
    ../clib/signal.c                         0x00000000   Number         0  defsig_abrt_inner.o ABSOLUTE
    ../clib/signal.c                         0x00000000   Number         0  defsig_rtred_inner.o ABSOLUTE
    ../clib/signal.c                         0x00000000   Number         0  defsig_stak_inner.o ABSOLUTE
    ../clib/signal.c                         0x00000000   Number         0  defsig_pvfn_inner.o ABSOLUTE
    ../clib/signal.c                         0x00000000   Number         0  defsig_cppl_inner.o ABSOLUTE
    ../clib/signal.c                         0x00000000   Number         0  defsig_segv_inner.o ABSOLUTE
    ../clib/signal.c                         0x00000000   Number         0  defsig_other.o ABSOLUTE
    ../clib/signal.s                         0x00000000   Number         0  defsig.o ABSOLUTE
    ../clib/stdio.c                          0x00000000   Number         0  ferror_locked.o ABSOLUTE
    ../clib/stdio.c                          0x00000000   Number         0  ferror.o ABSOLUTE
    ../clib/stdlib.c                         0x00000000   Number         0  exit.o ABSOLUTE
    ../clib/string.c                         0x00000000   Number         0  strlen.o ABSOLUTE
    ../clib/string.c                         0x00000000   Number         0  memcmp.o ABSOLUTE
    ../fplib/fpinit.s                        0x00000000   Number         0  fpinit.o ABSOLUTE
    ..\HAL_CM.c                              0x00000000   Number         0  hal_cm.o ABSOLUTE
    ..\\rt_CMSIS.c                           0x00000000   Number         0  rt_cmsis.o ABSOLUTE
    ..\\rt_System.c                          0x00000000   Number         0  rt_system.o ABSOLUTE
    ..\rt_CMSIS.c                            0x00000000   Number         0  rt_cmsis.o ABSOLUTE
    ..\rt_Event.c                            0x00000000   Number         0  rt_event.o ABSOLUTE
    ..\rt_List.c                             0x00000000   Number         0  rt_list.o ABSOLUTE
    ..\rt_Mailbox.c                          0x00000000   Number         0  rt_mailbox.o ABSOLUTE
    ..\rt_MemBox.c                           0x00000000   Number         0  rt_membox.o ABSOLUTE
    ..\rt_Memory.c                           0x00000000   Number         0  rt_memory.o ABSOLUTE
    ..\rt_Mutex.c                            0x00000000   Number         0  rt_mutex.o ABSOLUTE
    ..\rt_Robin.c                            0x00000000   Number         0  rt_robin.o ABSOLUTE
    ..\rt_Semaphore.c                        0x00000000   Number         0  rt_semaphore.o ABSOLUTE
    ..\rt_System.c                           0x00000000   Number         0  rt_system.o ABSOLUTE
    ..\rt_Task.c                             0x00000000   Number         0  rt_task.o ABSOLUTE
    ..\rt_Time.c                             0x00000000   Number         0  rt_time.o ABSOLUTE
    C:\Keil_v5\ARM\PACK\Keil\Kinetis_SDK_DFP\2.20\addon_cmsis\Driver\MK64F\EMAC_MK64F.c 0x00000000   Number         0  emac_mk64f.o ABSOLUTE
    C:\Keil_v5\ARM\PACK\Keil\Kinetis_SDK_DFP\2.20\examples\frdmk64f\board.c 0x00000000   Number         0  board.o ABSOLUTE
    C:\Keil_v5\ARM\PACK\Keil\Kinetis_SDK_DFP\2.20\examples\frdmk64f\gpio_pins.c 0x00000000   Number         0  gpio_pins.o ABSOLUTE
    C:\Keil_v5\ARM\PACK\Keil\Kinetis_SDK_DFP\2.20\examples\frdmk64f\pin_mux.c 0x00000000   Number         0  pin_mux.o ABSOLUTE
    C:\Keil_v5\ARM\PACK\Keil\Kinetis_SDK_DFP\2.20\platform\devices\startup.c 0x00000000   Number         0  startup.o ABSOLUTE
    C:\Keil_v5\ARM\PACK\Keil\Kinetis_SDK_DFP\2.20\platform\drivers\src\gpio\fsl_gpio_common.c 0x00000000   Number         0  fsl_gpio_common.o ABSOLUTE
    C:\Keil_v5\ARM\PACK\Keil\Kinetis_SDK_DFP\2.20\platform\drivers\src\gpio\fsl_gpio_driver.c 0x00000000   Number         0  fsl_gpio_driver.o ABSOLUTE
    C:\Keil_v5\ARM\PACK\Keil\Kinetis_SDK_DFP\2.20\platform\drivers\src\rtc\fsl_rtc_common.c 0x00000000   Number         0  fsl_rtc_common.o ABSOLUTE
    C:\Keil_v5\ARM\PACK\Keil\Kinetis_SDK_DFP\2.20\platform\drivers\src\rtc\fsl_rtc_driver.c 0x00000000   Number         0  fsl_rtc_driver.o ABSOLUTE
    C:\Keil_v5\ARM\PACK\Keil\Kinetis_SDK_DFP\2.20\platform\hal\src\enet\fsl_enet_hal.c 0x00000000   Number         0  fsl_enet_hal.o ABSOLUTE
    C:\Keil_v5\ARM\PACK\Keil\Kinetis_SDK_DFP\2.20\platform\hal\src\gpio\fsl_gpio_hal.c 0x00000000   Number         0  fsl_gpio_hal.o ABSOLUTE
    C:\Keil_v5\ARM\PACK\Keil\Kinetis_SDK_DFP\2.20\platform\hal\src\lptmr\fsl_lptmr_hal.c 0x00000000   Number         0  fsl_lptmr_hal.o ABSOLUTE
    C:\Keil_v5\ARM\PACK\Keil\Kinetis_SDK_DFP\2.20\platform\hal\src\mcg\fsl_mcg_hal.c 0x00000000   Number         0  fsl_mcg_hal.o ABSOLUTE
    C:\Keil_v5\ARM\PACK\Keil\Kinetis_SDK_DFP\2.20\platform\hal\src\mcg\fsl_mcg_hal_modes.c 0x00000000   Number         0  fsl_mcg_hal_modes.o ABSOLUTE
    C:\Keil_v5\ARM\PACK\Keil\Kinetis_SDK_DFP\2.20\platform\hal\src\osc\fsl_osc_hal.c 0x00000000   Number         0  fsl_osc_hal.o ABSOLUTE
    C:\Keil_v5\ARM\PACK\Keil\Kinetis_SDK_DFP\2.20\platform\hal\src\port\fsl_port_hal.c 0x00000000   Number         0  fsl_port_hal.o ABSOLUTE
    C:\Keil_v5\ARM\PACK\Keil\Kinetis_SDK_DFP\2.20\platform\hal\src\rtc\fsl_rtc_hal.c 0x00000000   Number         0  fsl_rtc_hal.o ABSOLUTE
    C:\Keil_v5\ARM\PACK\Keil\Kinetis_SDK_DFP\2.20\platform\hal\src\sim\MK64F12\fsl_sim_hal_MK64F12.c 0x00000000   Number         0  fsl_sim_hal_mk64f12.o ABSOLUTE
    C:\Keil_v5\ARM\PACK\Keil\Kinetis_SDK_DFP\2.20\platform\hal\src\uart\fsl_uart_hal.c 0x00000000   Number         0  fsl_uart_hal.o ABSOLUTE
    C:\Keil_v5\ARM\PACK\Keil\Kinetis_SDK_DFP\2.20\platform\osa\src\fsl_os_abstraction_bm.c 0x00000000   Number         0  fsl_os_abstraction_bm.o ABSOLUTE
    C:\Keil_v5\ARM\PACK\Keil\Kinetis_SDK_DFP\2.20\platform\system\src\clock\MK64F12\fsl_clock_MK64F12.c 0x00000000   Number         0  fsl_clock_mk64f12.o ABSOLUTE
    C:\Keil_v5\ARM\PACK\Keil\Kinetis_SDK_DFP\2.20\platform\system\src\clock\fsl_clock_manager.c 0x00000000   Number         0  fsl_clock_manager.o ABSOLUTE
    C:\Keil_v5\ARM\PACK\Keil\Kinetis_SDK_DFP\2.20\platform\system\src\clock\fsl_clock_manager_common.c 0x00000000   Number         0  fsl_clock_manager_common.o ABSOLUTE
    C:\Keil_v5\ARM\PACK\Keil\Kinetis_SDK_DFP\2.20\platform\system\src\interrupt\fsl_interrupt_manager.c 0x00000000   Number         0  fsl_interrupt_manager.o ABSOLUTE
    C:\Keil_v5\ARM\PACK\Keil\Kinetis_SDK_DFP\2.20\platform\utilities\src\fsl_debug_console.c 0x00000000   Number         0  fsl_debug_console.o ABSOLUTE
    C:\Keil_v5\ARM\PACK\Keil\Kinetis_SDK_DFP\2.20\platform\utilities\src\fsl_misc_utilities.c 0x00000000   Number         0  fsl_misc_utilities.o ABSOLUTE
    C:\Keil_v5\ARM\PACK\Keil\Kinetis_SDK_DFP\2.20\platform\utilities\src\print_scan.c 0x00000000   Number         0  print_scan.o ABSOLUTE
    C:\Keil_v5\ARM\PACK\Keil\MDK-Middleware\6.5.0\Network\Driver\PHY_KSZ8081RNA.c 0x00000000   Number         0  phy_ksz8081rna.o ABSOLUTE
    C:\\Keil_v5\\ARM\\PACK\\Keil\\Kinetis_SDK_DFP\\2.20\\addon_cmsis\\Driver\\MK64F\\EMAC_MK64F.c 0x00000000   Number         0  emac_mk64f.o ABSOLUTE
    C:\\Keil_v5\\ARM\\PACK\\Keil\\Kinetis_SDK_DFP\\2.20\\examples\\frdmk64f\\board.c 0x00000000   Number         0  board.o ABSOLUTE
    C:\\Keil_v5\\ARM\\PACK\\Keil\\Kinetis_SDK_DFP\\2.20\\examples\\frdmk64f\\gpio_pins.c 0x00000000   Number         0  gpio_pins.o ABSOLUTE
    C:\\Keil_v5\\ARM\\PACK\\Keil\\Kinetis_SDK_DFP\\2.20\\examples\\frdmk64f\\pin_mux.c 0x00000000   Number         0  pin_mux.o ABSOLUTE
    C:\\Keil_v5\\ARM\\PACK\\Keil\\Kinetis_SDK_DFP\\2.20\\platform\\devices\\startup.c 0x00000000   Number         0  startup.o ABSOLUTE
    C:\\Keil_v5\\ARM\\PACK\\Keil\\Kinetis_SDK_DFP\\2.20\\platform\\drivers\\src\\gpio\\fsl_gpio_common.c 0x00000000   Number         0  fsl_gpio_common.o ABSOLUTE
    C:\\Keil_v5\\ARM\\PACK\\Keil\\Kinetis_SDK_DFP\\2.20\\platform\\drivers\\src\\gpio\\fsl_gpio_driver.c 0x00000000   Number         0  fsl_gpio_driver.o ABSOLUTE
    C:\\Keil_v5\\ARM\\PACK\\Keil\\Kinetis_SDK_DFP\\2.20\\platform\\drivers\\src\\rtc\\fsl_rtc_common.c 0x00000000   Number         0  fsl_rtc_common.o ABSOLUTE
    C:\\Keil_v5\\ARM\\PACK\\Keil\\Kinetis_SDK_DFP\\2.20\\platform\\drivers\\src\\rtc\\fsl_rtc_driver.c 0x00000000   Number         0  fsl_rtc_driver.o ABSOLUTE
    C:\\Keil_v5\\ARM\\PACK\\Keil\\Kinetis_SDK_DFP\\2.20\\platform\\hal\\src\\enet\\fsl_enet_hal.c 0x00000000   Number         0  fsl_enet_hal.o ABSOLUTE
    C:\\Keil_v5\\ARM\\PACK\\Keil\\Kinetis_SDK_DFP\\2.20\\platform\\hal\\src\\gpio\\fsl_gpio_hal.c 0x00000000   Number         0  fsl_gpio_hal.o ABSOLUTE
    C:\\Keil_v5\\ARM\\PACK\\Keil\\Kinetis_SDK_DFP\\2.20\\platform\\hal\\src\\lptmr\\fsl_lptmr_hal.c 0x00000000   Number         0  fsl_lptmr_hal.o ABSOLUTE
    C:\\Keil_v5\\ARM\\PACK\\Keil\\Kinetis_SDK_DFP\\2.20\\platform\\hal\\src\\mcg\\fsl_mcg_hal.c 0x00000000   Number         0  fsl_mcg_hal.o ABSOLUTE
    C:\\Keil_v5\\ARM\\PACK\\Keil\\Kinetis_SDK_DFP\\2.20\\platform\\hal\\src\\mcg\\fsl_mcg_hal_modes.c 0x00000000   Number         0  fsl_mcg_hal_modes.o ABSOLUTE
    C:\\Keil_v5\\ARM\\PACK\\Keil\\Kinetis_SDK_DFP\\2.20\\platform\\hal\\src\\osc\\fsl_osc_hal.c 0x00000000   Number         0  fsl_osc_hal.o ABSOLUTE
    C:\\Keil_v5\\ARM\\PACK\\Keil\\Kinetis_SDK_DFP\\2.20\\platform\\hal\\src\\port\\fsl_port_hal.c 0x00000000   Number         0  fsl_port_hal.o ABSOLUTE
    C:\\Keil_v5\\ARM\\PACK\\Keil\\Kinetis_SDK_DFP\\2.20\\platform\\hal\\src\\rtc\\fsl_rtc_hal.c 0x00000000   Number         0  fsl_rtc_hal.o ABSOLUTE
    C:\\Keil_v5\\ARM\\PACK\\Keil\\Kinetis_SDK_DFP\\2.20\\platform\\hal\\src\\sim\\MK64F12\\fsl_sim_hal_MK64F12.c 0x00000000   Number         0  fsl_sim_hal_mk64f12.o ABSOLUTE
    C:\\Keil_v5\\ARM\\PACK\\Keil\\Kinetis_SDK_DFP\\2.20\\platform\\hal\\src\\uart\\fsl_uart_hal.c 0x00000000   Number         0  fsl_uart_hal.o ABSOLUTE
    C:\\Keil_v5\\ARM\\PACK\\Keil\\Kinetis_SDK_DFP\\2.20\\platform\\osa\\src\\fsl_os_abstraction_bm.c 0x00000000   Number         0  fsl_os_abstraction_bm.o ABSOLUTE
    C:\\Keil_v5\\ARM\\PACK\\Keil\\Kinetis_SDK_DFP\\2.20\\platform\\system\\src\\clock\\MK64F12\\fsl_clock_MK64F12.c 0x00000000   Number         0  fsl_clock_mk64f12.o ABSOLUTE
    C:\\Keil_v5\\ARM\\PACK\\Keil\\Kinetis_SDK_DFP\\2.20\\platform\\system\\src\\clock\\fsl_clock_manager.c 0x00000000   Number         0  fsl_clock_manager.o ABSOLUTE
    C:\\Keil_v5\\ARM\\PACK\\Keil\\Kinetis_SDK_DFP\\2.20\\platform\\system\\src\\clock\\fsl_clock_manager_common.c 0x00000000   Number         0  fsl_clock_manager_common.o ABSOLUTE
    C:\\Keil_v5\\ARM\\PACK\\Keil\\Kinetis_SDK_DFP\\2.20\\platform\\system\\src\\interrupt\\fsl_interrupt_manager.c 0x00000000   Number         0  fsl_interrupt_manager.o ABSOLUTE
    C:\\Keil_v5\\ARM\\PACK\\Keil\\Kinetis_SDK_DFP\\2.20\\platform\\utilities\\src\\fsl_debug_console.c 0x00000000   Number         0  fsl_debug_console.o ABSOLUTE
    HAL_CM4.c                                0x00000000   Number         0  hal_cm4.o ABSOLUTE
    HAL_CM4.c                                0x00000000   Number         0  hal_cm4.o ABSOLUTE
    RL_ARM.s                                 0x00000000   Number         0  net_version.o ABSOLUTE
    RL_ARM.s                                 0x00000000   Number         0  net_mem.o ABSOLUTE
    RL_ARM.s                                 0x00000000   Number         0  net_arp.o ABSOLUTE
    RL_ARM.s                                 0x00000000   Number         0  net_addr4.o ABSOLUTE
    RL_ARM.s                                 0x00000000   Number         0  net_udp.o ABSOLUTE
    RL_ARM.s                                 0x00000000   Number         0  net_eth.o ABSOLUTE
    RL_ARM.s                                 0x00000000   Number         0  net_ip.o ABSOLUTE
    RL_ARM.s                                 0x00000000   Number         0  net_icmp.o ABSOLUTE
    RL_ARM.s                                 0x00000000   Number         0  net_common.o ABSOLUTE
    RL_ARM.s                                 0x00000000   Number         0  net_dns_client.o ABSOLUTE
    RL_ARM.s                                 0x00000000   Number         0  net_nbns_client.o ABSOLUTE
    RL_ARM.s                                 0x00000000   Number         0  net_dhcp_client.o ABSOLUTE
    RL_ARM.s                                 0x00000000   Number         0  net_sys.o ABSOLUTE
    RTE\CMSIS\RTX_Conf_CM.c                  0x00000000   Number         0  rtx_conf_cm.o ABSOLUTE
    RTE\Device\MK64FN1M0VLL12\hardware_init.c 0x00000000   Number         0  hardware_init.o ABSOLUTE
    RTE\Device\MK64FN1M0VLL12\startup_MK64F12.s 0x00000000   Number         0  startup_mk64f12.o ABSOLUTE
    RTE\Device\MK64FN1M0VLL12\system_MK64F12.c 0x00000000   Number         0  system_mk64f12.o ABSOLUTE
    RTE\Network\Net_Config.c                 0x00000000   Number         0  net_config.o ABSOLUTE
    RTE\\CMSIS\\RTX_Conf_CM.c                0x00000000   Number         0  rtx_conf_cm.o ABSOLUTE
    RTE\\Device\\MK64FN1M0VLL12\\hardware_init.c 0x00000000   Number         0  hardware_init.o ABSOLUTE
    RTE\\Device\\MK64FN1M0VLL12\\system_MK64F12.c 0x00000000   Number         0  system_mk64f12.o ABSOLUTE
    SRC\\net_sys.c                           0x00000000   Number         0  net_sys.o ABSOLUTE
    SRC\\net_version.c                       0x00000000   Number         0  net_version.o ABSOLUTE
    SRC\net_addr4.c                          0x00000000   Number         0  net_addr4.o ABSOLUTE
    SRC\net_arp.c                            0x00000000   Number         0  net_arp.o ABSOLUTE
    SRC\net_common.c                         0x00000000   Number         0  net_common.o ABSOLUTE
    SRC\net_dhcp_client.c                    0x00000000   Number         0  net_dhcp_client.o ABSOLUTE
    SRC\net_dns_client.c                     0x00000000   Number         0  net_dns_client.o ABSOLUTE
    SRC\net_eth.c                            0x00000000   Number         0  net_eth.o ABSOLUTE
    SRC\net_icmp.c                           0x00000000   Number         0  net_icmp.o ABSOLUTE
    SRC\net_ip.c                             0x00000000   Number         0  net_ip.o ABSOLUTE
    SRC\net_mem.c                            0x00000000   Number         0  net_mem.o ABSOLUTE
    SRC\net_nbns_client.c                    0x00000000   Number         0  net_nbns_client.o ABSOLUTE
    SRC\net_sys.c                            0x00000000   Number         0  net_sys.o ABSOLUTE
    SRC\net_udp.c                            0x00000000   Number         0  net_udp.o ABSOLUTE
    SRC\net_version.c                        0x00000000   Number         0  net_version.o ABSOLUTE
    SVC_Table.s                              0x00000000   Number         0  svc_table.o ABSOLUTE
    dc.s                                     0x00000000   Number         0  dc.o ABSOLUTE
    main.c                                   0x00000000   Number         0  main.o ABSOLUTE
    FlashConfig                              0x00000400   Section       16  startup_mk64f12.o(FlashConfig)
    !!!main                                  0x00000410   Section        8  __main.o(!!!main)
    !!!scatter                               0x00000418   Section       52  __scatter.o(!!!scatter)
    !!handler_copy                           0x0000044c   Section       26  __scatter_copy.o(!!handler_copy)
    !!handler_zi                             0x00000468   Section       28  __scatter_zi.o(!!handler_zi)
    .ARM.Collect$$libinit$$00000000          0x00000484   Section        2  libinit.o(.ARM.Collect$$libinit$$00000000)
    .ARM.Collect$$libinit$$00000001          0x00000486   Section        4  libinit2.o(.ARM.Collect$$libinit$$00000001)
    .ARM.Collect$$libinit$$00000004          0x0000048a   Section        0  libinit2.o(.ARM.Collect$$libinit$$00000004)
    .ARM.Collect$$libinit$$0000000A          0x0000048a   Section        0  libinit2.o(.ARM.Collect$$libinit$$0000000A)
    .ARM.Collect$$libinit$$0000000C          0x0000048a   Section        0  libinit2.o(.ARM.Collect$$libinit$$0000000C)
    .ARM.Collect$$libinit$$0000000E          0x0000048a   Section        0  libinit2.o(.ARM.Collect$$libinit$$0000000E)
    .ARM.Collect$$libinit$$00000011          0x0000048a   Section        0  libinit2.o(.ARM.Collect$$libinit$$00000011)
    .ARM.Collect$$libinit$$00000013          0x0000048a   Section        0  libinit2.o(.ARM.Collect$$libinit$$00000013)
    .ARM.Collect$$libinit$$00000015          0x0000048a   Section        0  libinit2.o(.ARM.Collect$$libinit$$00000015)
    .ARM.Collect$$libinit$$00000017          0x0000048a   Section        0  libinit2.o(.ARM.Collect$$libinit$$00000017)
    .ARM.Collect$$libinit$$00000019          0x0000048a   Section        0  libinit2.o(.ARM.Collect$$libinit$$00000019)
    .ARM.Collect$$libinit$$0000001B          0x0000048a   Section        0  libinit2.o(.ARM.Collect$$libinit$$0000001B)
    .ARM.Collect$$libinit$$0000001D          0x0000048a   Section        0  libinit2.o(.ARM.Collect$$libinit$$0000001D)
    .ARM.Collect$$libinit$$0000001F          0x0000048a   Section        0  libinit2.o(.ARM.Collect$$libinit$$0000001F)
    .ARM.Collect$$libinit$$00000021          0x0000048a   Section        0  libinit2.o(.ARM.Collect$$libinit$$00000021)
    .ARM.Collect$$libinit$$00000023          0x0000048a   Section        0  libinit2.o(.ARM.Collect$$libinit$$00000023)
    .ARM.Collect$$libinit$$00000025          0x0000048a   Section        0  libinit2.o(.ARM.Collect$$libinit$$00000025)
    .ARM.Collect$$libinit$$0000002C          0x0000048a   Section        0  libinit2.o(.ARM.Collect$$libinit$$0000002C)
    .ARM.Collect$$libinit$$0000002E          0x0000048a   Section        0  libinit2.o(.ARM.Collect$$libinit$$0000002E)
    .ARM.Collect$$libinit$$00000030          0x0000048a   Section        0  libinit2.o(.ARM.Collect$$libinit$$00000030)
    .ARM.Collect$$libinit$$00000032          0x0000048a   Section        0  libinit2.o(.ARM.Collect$$libinit$$00000032)
    .ARM.Collect$$libinit$$00000033          0x0000048a   Section        2  libinit2.o(.ARM.Collect$$libinit$$00000033)
    .ARM.Collect$$libshutdown$$00000000      0x0000048c   Section        2  libshutdown.o(.ARM.Collect$$libshutdown$$00000000)
    .ARM.Collect$$libshutdown$$00000002      0x0000048e   Section        0  libshutdown2.o(.ARM.Collect$$libshutdown$$00000002)
    .ARM.Collect$$libshutdown$$00000004      0x0000048e   Section        0  libshutdown2.o(.ARM.Collect$$libshutdown$$00000004)
    .ARM.Collect$$libshutdown$$00000007      0x0000048e   Section        0  libshutdown2.o(.ARM.Collect$$libshutdown$$00000007)
    .ARM.Collect$$libshutdown$$0000000A      0x0000048e   Section        0  libshutdown2.o(.ARM.Collect$$libshutdown$$0000000A)
    .ARM.Collect$$libshutdown$$0000000C      0x0000048e   Section        0  libshutdown2.o(.ARM.Collect$$libshutdown$$0000000C)
    .ARM.Collect$$libshutdown$$0000000F      0x0000048e   Section        0  libshutdown2.o(.ARM.Collect$$libshutdown$$0000000F)
    .ARM.Collect$$libshutdown$$00000010      0x0000048e   Section        2  libshutdown2.o(.ARM.Collect$$libshutdown$$00000010)
    .ARM.Collect$$rtentry$$00000000          0x00000490   Section        0  __rtentry.o(.ARM.Collect$$rtentry$$00000000)
    .ARM.Collect$$rtentry$$00000002          0x00000490   Section        0  __rtentry2.o(.ARM.Collect$$rtentry$$00000002)
    .ARM.Collect$$rtentry$$00000007          0x00000490   Section        4  __rtentry7.o(.ARM.Collect$$rtentry$$00000007)
    .ARM.Collect$$rtentry$$00000009          0x00000494   Section        0  __rtentry2.o(.ARM.Collect$$rtentry$$00000009)
    .ARM.Collect$$rtentry$$0000000A          0x00000494   Section        4  __rtentry2.o(.ARM.Collect$$rtentry$$0000000A)
    .ARM.Collect$$rtentry$$0000000B          0x00000498   Section        8  __rtentry2.o(.ARM.Collect$$rtentry$$0000000B)
    .ARM.Collect$$rtentry$$0000000D          0x000004a0   Section        8  __rtentry2.o(.ARM.Collect$$rtentry$$0000000D)
    .ARM.Collect$$rtentry$$00002718          0x000004a8   Section        4  __rtentry7.o(.ARM.Collect$$rtentry$$00002718)
    __lit__00000000                          0x000004a8   Data           4  __rtentry7.o(.ARM.Collect$$rtentry$$00002718)
    .ARM.Collect$$rtexit$$00000000           0x000004ac   Section        2  rtexit.o(.ARM.Collect$$rtexit$$00000000)
    .ARM.Collect$$rtexit$$00000002           0x000004ae   Section        0  rtexit2.o(.ARM.Collect$$rtexit$$00000002)
    .ARM.Collect$$rtexit$$00000003           0x000004ae   Section        4  rtexit2.o(.ARM.Collect$$rtexit$$00000003)
    .ARM.Collect$$rtexit$$00000004           0x000004b2   Section        6  rtexit2.o(.ARM.Collect$$rtexit$$00000004)
    .emb_text                                0x000004b8   Section       28  rtx_conf_cm.o(.emb_text)
    $v0                                      0x000004b8   Number         0  rtx_conf_cm.o(.emb_text)
    .emb_text                                0x000004d4   Section      408  hal_cm4.o(.emb_text)
    $v0                                      0x000004d4   Number         0  hal_cm4.o(.emb_text)
    .text                                    0x0000066c   Section       56  startup_mk64f12.o(.text)
    $v0                                      0x0000066c   Number         0  startup_mk64f12.o(.text)
    .text                                    0x000006a4   Section        0  exit.o(.text)
    .text                                    0x000006b8   Section        0  sys_exit.o(.text)
    .text                                    0x000006c4   Section        2  use_no_semi.o(.text)
    .text                                    0x000006c6   Section        0  indicate_semi.o(.text)
    SVC_TABLE                                0x000006c8   Section        4  svc_table.o(SVC_TABLE)
    i.ENET_Error_IRQHandler                  0x000006cc   Section        0  emac_mk64f.o(i.ENET_Error_IRQHandler)
    i.ENET_HAL_ClearIntStatusFlag            0x000006fc   Section        0  emac_mk64f.o(i.ENET_HAL_ClearIntStatusFlag)
    ENET_HAL_ClearIntStatusFlag              0x000006fd   Thumb Code     4  emac_mk64f.o(i.ENET_HAL_ClearIntStatusFlag)
    i.ENET_HAL_GetIntStatusFlag              0x00000700   Section        0  emac_mk64f.o(i.ENET_HAL_GetIntStatusFlag)
    ENET_HAL_GetIntStatusFlag                0x00000701   Thumb Code    16  emac_mk64f.o(i.ENET_HAL_GetIntStatusFlag)
    i.ENET_Receive_IRQHandler                0x00000710   Section        0  emac_mk64f.o(i.ENET_Receive_IRQHandler)
    i.ENET_Transmit_IRQHandler               0x00000740   Section        0  emac_mk64f.o(i.ENET_Transmit_IRQHandler)
    i.SystemInit                             0x00000770   Section        0  system_mk64f12.o(i.SystemInit)
    i._init_box                              0x0000079c   Section        0  rt_membox.o(i._init_box)
    i._mutex_acquire                         0x000007e4   Section        0  rtx_conf_cm.o(i._mutex_acquire)
    __tagsym$$used                           0x000007e5   Number         0  rtx_conf_cm.o(i._mutex_acquire)
    i._mutex_release                         0x00000804   Section        0  rtx_conf_cm.o(i._mutex_release)
    __tagsym$$used                           0x00000805   Number         0  rtx_conf_cm.o(i._mutex_release)
    i.dbg_init                               0x00000820   Section        0  hal_cm.o(i.dbg_init)
    i.dbg_task_notify                        0x00000850   Section        0  hal_cm.o(i.dbg_task_notify)
    i.dbg_task_switch                        0x00000870   Section        0  hal_cm.o(i.dbg_task_switch)
    i.init_data_bss                          0x00000880   Section        0  startup.o(i.init_data_bss)
    i.isrMessageGet                          0x000008c8   Section        0  rt_cmsis.o(i.isrMessageGet)
    i.isrMessagePut                          0x000008f2   Section        0  rt_cmsis.o(i.isrMessagePut)
    i.isr_mbx_receive                        0x00000920   Section        0  rt_mailbox.o(i.isr_mbx_receive)
    i.isr_mbx_send                           0x00000972   Section        0  rt_mailbox.o(i.isr_mbx_send)
    i.main                                   0x00000980   Section        0  main.o(i.main)
    i.osKernelInitialize                     0x00000984   Section        0  rt_cmsis.o(i.osKernelInitialize)
    i.osKernelStart                          0x000009a8   Section        0  rt_cmsis.o(i.osKernelStart)
    i.osMessageGet                           0x00000a14   Section        0  rt_cmsis.o(i.osMessageGet)
    i.osThreadCreate                         0x00000a2c   Section        0  rt_cmsis.o(i.osThreadCreate)
    i.osThreadExit                           0x00000a5c   Section        0  rt_cmsis.o(i.osThreadExit)
    i.osTimerCall                            0x00000a74   Section        0  rt_cmsis.o(i.osTimerCall)
    i.osTimerThread                          0x00000a80   Section        0  rt_cmsis.o(i.osTimerThread)
    i.os_error                               0x00000aac   Section        0  rtx_conf_cm.o(i.os_error)
    i.os_idle_demon                          0x00000ace   Section        0  rtx_conf_cm.o(i.os_idle_demon)
    i.os_tick_init                           0x00000ad4   Section        0  rt_system.o(i.os_tick_init)
    i.os_tick_irqack                         0x00000afc   Section        0  rt_system.o(i.os_tick_irqack)
    i.rt_alloc_box                           0x00000afe   Section        0  rt_membox.o(i.rt_alloc_box)
    i.rt_alloc_mem                           0x00000b18   Section        0  rt_memory.o(i.rt_alloc_mem)
    i.rt_block                               0x00000b58   Section        0  rt_task.o(i.rt_block)
    i.rt_chk_robin                           0x00000b90   Section        0  rtx_conf_cm.o(i.rt_chk_robin)
    i.rt_dec_dly                             0x00000b94   Section        0  rt_list.o(i.rt_dec_dly)
    i.rt_dispatch                            0x00000c04   Section        0  rt_task.o(i.rt_dispatch)
    i.rt_evt_psh                             0x00000c48   Section        0  rt_event.o(i.rt_evt_psh)
    i.rt_free_box                            0x00000c98   Section        0  rt_membox.o(i.rt_free_box)
    i.rt_free_mem                            0x00000cc4   Section        0  rt_memory.o(i.rt_free_mem)
    i.rt_get_first                           0x00000cec   Section        0  rt_list.o(i.rt_get_first)
    i.rt_id2obj                              0x00000d14   Section        0  rt_cmsis.o(i.rt_id2obj)
    rt_id2obj                                0x00000d15   Thumb Code     8  rt_cmsis.o(i.rt_id2obj)
    i.rt_init_context                        0x00000d1c   Section        0  rt_task.o(i.rt_init_context)
    rt_init_context                          0x00000d1d   Thumb Code    66  rt_task.o(i.rt_init_context)
    i.rt_init_mem                            0x00000d64   Section        0  rt_memory.o(i.rt_init_mem)
    i.rt_init_robin                          0x00000d7e   Section        0  rtx_conf_cm.o(i.rt_init_robin)
    i.rt_init_stack                          0x00000d80   Section        0  hal_cm.o(i.rt_init_stack)
    i.rt_mbx_check                           0x00000e00   Section        0  rt_mailbox.o(i.rt_mbx_check)
    i.rt_mbx_init                            0x00000e08   Section        0  rt_mailbox.o(i.rt_mbx_init)
    i.rt_mbx_psh                             0x00000e24   Section        0  rt_mailbox.o(i.rt_mbx_psh)
    i.rt_mbx_wait                            0x00000f14   Section        0  rt_mailbox.o(i.rt_mbx_wait)
    i.rt_ms2tick                             0x00000fc8   Section        0  rt_cmsis.o(i.rt_ms2tick)
    rt_ms2tick                               0x00000fc9   Thumb Code    58  rt_cmsis.o(i.rt_ms2tick)
    i.rt_mut_release                         0x0000100c   Section        0  rt_mutex.o(i.rt_mut_release)
    i.rt_mut_wait                            0x000010e4   Section        0  rt_mutex.o(i.rt_mut_wait)
    i.rt_pop_req                             0x0000114c   Section        0  rt_system.o(i.rt_pop_req)
    i.rt_psh_req                             0x000011c8   Section        0  rt_system.o(i.rt_psh_req)
    i.rt_psq_enq                             0x000011e8   Section        0  rt_list.o(i.rt_psq_enq)
    i.rt_put_dly                             0x00001244   Section        0  rt_list.o(i.rt_put_dly)
    i.rt_put_prio                            0x0000128c   Section        0  rt_list.o(i.rt_put_prio)
    i.rt_put_rdy_first                       0x000012c4   Section        0  rt_list.o(i.rt_put_rdy_first)
    i.rt_resort_prio                         0x000012d8   Section        0  rt_list.o(i.rt_resort_prio)
    i.rt_ret_regs                            0x0000130c   Section        0  hal_cm.o(i.rt_ret_regs)
    rt_ret_regs                              0x0000130d   Thumb Code    16  hal_cm.o(i.rt_ret_regs)
    i.rt_ret_val                             0x0000131c   Section        0  hal_cm.o(i.rt_ret_val)
    i.rt_ret_val2                            0x00001328   Section        0  hal_cm.o(i.rt_ret_val2)
    i.rt_rmv_dly                             0x00001338   Section        0  rt_list.o(i.rt_rmv_dly)
    i.rt_rmv_list                            0x00001360   Section        0  rt_list.o(i.rt_rmv_list)
    i.rt_sem_psh                             0x00001390   Section        0  rt_semaphore.o(i.rt_sem_psh)
    i.rt_stk_check                           0x000013c4   Section        0  rt_system.o(i.rt_stk_check)
    i.rt_switch_req                          0x000013e8   Section        0  rt_task.o(i.rt_switch_req)
    i.rt_sys_init                            0x00001410   Section        0  rt_task.o(i.rt_sys_init)
    i.rt_sys_start                           0x000014dc   Section        0  rt_task.o(i.rt_sys_start)
    i.rt_systick                             0x00001554   Section        0  rt_system.o(i.rt_systick)
    i.rt_tid2ptcb                            0x00001594   Section        0  rt_cmsis.o(i.rt_tid2ptcb)
    rt_tid2ptcb                              0x00001595   Thumb Code    18  rt_cmsis.o(i.rt_tid2ptcb)
    i.rt_timer_insert                        0x000015a8   Section        0  rt_cmsis.o(i.rt_timer_insert)
    rt_timer_insert                          0x000015a9   Thumb Code    48  rt_cmsis.o(i.rt_timer_insert)
    i.rt_tsk_create                          0x000015dc   Section        0  rt_task.o(i.rt_tsk_create)
    i.rt_tsk_delete                          0x00001664   Section        0  rt_task.o(i.rt_tsk_delete)
    i.rt_tsk_prio                            0x000017e0   Section        0  rt_task.o(i.rt_tsk_prio)
    i.rt_tsk_self                            0x0000185c   Section        0  rt_task.o(i.rt_tsk_self)
    i.svcKernelInitialize                    0x0000186c   Section        0  rt_cmsis.o(i.svcKernelInitialize)
    i.svcKernelStart                         0x000018dc   Section        0  rt_cmsis.o(i.svcKernelStart)
    i.svcMessageCreate                       0x00001924   Section        0  rt_cmsis.o(i.svcMessageCreate)
    i.svcMessageGet                          0x00001948   Section        0  rt_cmsis.o(i.svcMessageGet)
    i.svcThreadCreate                        0x00001984   Section        0  rt_cmsis.o(i.svcThreadCreate)
    i.svcThreadGetId                         0x000019f4   Section        0  rt_cmsis.o(i.svcThreadGetId)
    i.svcThreadTerminate                     0x00001a10   Section        0  rt_cmsis.o(i.svcThreadTerminate)
    i.svcTimerCall                           0x00001a48   Section        0  rt_cmsis.o(i.svcTimerCall)
    i.sysTimerTick                           0x00001a60   Section        0  rt_cmsis.o(i.sysTimerTick)
    x$fpl$fpinit                             0x00001abc   Section       10  fpinit.o(x$fpl$fpinit)
    $v0                                      0x00001abc   Number         0  fpinit.o(x$fpl$fpinit)
    .constdata                               0x00001ac8   Section       86  rtx_conf_cm.o(.constdata)
    __tagsym$$used                           0x00001ae4   Number         0  rtx_conf_cm.o(.constdata)
    __tagsym$$used                           0x00001ae8   Number         0  rtx_conf_cm.o(.constdata)
    __tagsym$$used                           0x00001aec   Number         0  rtx_conf_cm.o(.constdata)
    __tagsym$$used                           0x00001af0   Number         0  rtx_conf_cm.o(.constdata)
    .data                                    0x20000000   Section       36  rtx_conf_cm.o(.data)
    nr_mutex                                 0x20000010   Data           4  rtx_conf_cm.o(.data)
    .data                                    0x20000024   Section        8  rt_cmsis.o(.data)
    .data                                    0x2000002c   Section        8  rt_task.o(.data)
    .data                                    0x20000034   Section        8  rt_system.o(.data)
    os_lock                                  0x20000034   Data           1  rt_system.o(.data)
    os_psh_flag                              0x20000035   Data           1  rt_system.o(.data)
    pend_flags                               0x20000036   Data           1  rt_system.o(.data)
    .data                                    0x2000003c   Section        4  rt_time.o(.data)
    .data                                    0x20000040   Section        1  hal_cm.o(.data)
    .bss                                     0x20000048   Section    15952  rtx_conf_cm.o(.bss)
    std_libspace                             0x20003b78   Data         672  rtx_conf_cm.o(.bss)
    std_libmutex                             0x20003e18   Data         128  rtx_conf_cm.o(.bss)
    .bss                                     0x20003ea0   Section     9492  emac_mk64f.o(.bss)
    Rx_Desc                                  0x20003ea0   Data         128  emac_mk64f.o(.bss)
    Tx_Desc                                  0x20003f20   Data          64  emac_mk64f.o(.bss)
    Rx_Buf                                   0x20003f60   Data        6144  emac_mk64f.o(.bss)
    Tx_Buf                                   0x20005760   Data        3072  emac_mk64f.o(.bss)
    Emac                                     0x20006360   Data          84  emac_mk64f.o(.bss)
    .bss                                     0x200063b4   Section       52  rt_task.o(.bss)
    .bss                                     0x200063e8   Section       48  rt_list.o(.bss)

    Global Symbols

    Symbol Name                              Value     Ov Type        Size  Object(Section)

    BuildAttributes$$THM_ISAv4$E$P$D$K$B$S$7EM$VFPi3$EXTD16$VFPS$VFMA$PE$A:L22UL41UL21$X:L11$S22US41US21$IEEE1$IW$~IW$USESV6$~STKCKD$USESV7$~SHL$OTIME$ROPI$EBA8$UX$STANDARDLIB$REQ8$PRES8$EABIv2 0x00000000   Number         0  anon$$obj.o ABSOLUTE
    Image$$VECTOR_RAM$$Base                  0x00000000   Number         0  anon$$obj.o ABSOLUTE
    Image$$VECTOR_ROM$$Base                  0x00000000   Number         0  anon$$obj.o ABSOLUTE
    __ARM_use_no_argv                        0x00000000   Number         0  main.o ABSOLUTE
    __Vectors                                0x00000000   Data           4  startup_mk64f12.o(RESET)
    _printf_flags                            0x00000000   Number         0  printf_stubs.o ABSOLUTE
    _printf_return_value                     0x00000000   Number         0  printf_stubs.o ABSOLUTE
    _printf_sizespec                         0x00000000   Number         0  printf_stubs.o ABSOLUTE
    _printf_widthprec                        0x00000000   Number         0  printf_stubs.o ABSOLUTE
    Image$$ZI$$Limit                          - Undefined Weak Reference
    __ARM_exceptions_init                     - Undefined Weak Reference
    __alloca_initialize                       - Undefined Weak Reference
    __arm_preinit_                            - Undefined Weak Reference
    __cpp_initialize__aeabi_                  - Undefined Weak Reference
    __cxa_finalize                            - Undefined Weak Reference
    __sigvec_lookup                           - Undefined Weak Reference
    __user_heap_extent                        - Undefined Weak Reference
    _atexit_init                              - Undefined Weak Reference
    _call_atexit_fns                          - Undefined Weak Reference
    _clock_init                               - Undefined Weak Reference
    _fp_trap_init                             - Undefined Weak Reference
    _fp_trap_shutdown                         - Undefined Weak Reference
    _get_lc_collate                           - Undefined Weak Reference
    _get_lc_monetary                          - Undefined Weak Reference
    _get_lc_numeric                           - Undefined Weak Reference
    _get_lc_time                              - Undefined Weak Reference
    _getenv_init                              - Undefined Weak Reference
    _handle_redirection                       - Undefined Weak Reference
    _initio                                   - Undefined Weak Reference
    _mutex_free                               - Undefined Weak Reference
    _printf_mbtowc                            - Undefined Weak Reference
    _printf_truncate_signed                   - Undefined Weak Reference
    _printf_truncate_unsigned                 - Undefined Weak Reference
    _rand_init                                - Undefined Weak Reference
    _scanf_longlong                           - Undefined Weak Reference
    _scanf_mbtowc                             - Undefined Weak Reference
    _scanf_real                               - Undefined Weak Reference
    _scanf_string                             - Undefined Weak Reference
    _scanf_wctomb                             - Undefined Weak Reference
    _scanf_wstring                            - Undefined Weak Reference
    _signal_finish                            - Undefined Weak Reference
    _signal_init                              - Undefined Weak Reference
    _terminateio                              - Undefined Weak Reference
    __Vectors_End                            0x00000400   Data           0  startup_mk64f12.o(RESET)
    __Vectors_Size                           0x00000400   Number         0  startup_mk64f12.o ABSOLUTE
    __main                                   0x00000411   Thumb Code     8  __main.o(!!!main)
    __scatterload                            0x00000419   Thumb Code     0  __scatter.o(!!!scatter)
    __scatterload_rt2                        0x00000419   Thumb Code    44  __scatter.o(!!!scatter)
    __scatterload_rt2_thumb_only             0x00000419   Thumb Code     0  __scatter.o(!!!scatter)
    __scatterload_null                       0x00000427   Thumb Code     0  __scatter.o(!!!scatter)
    __scatterload_copy                       0x0000044d   Thumb Code    26  __scatter_copy.o(!!handler_copy)
    __scatterload_zeroinit                   0x00000469   Thumb Code    28  __scatter_zi.o(!!handler_zi)
    __RL_RTX_VER                             0x00000480   Number         0  rt_system.o ABSOLUTE
    __rt_lib_init                            0x00000485   Thumb Code     0  libinit.o(.ARM.Collect$$libinit$$00000000)
    __rt_lib_init_fp_1                       0x00000487   Thumb Code     0  libinit2.o(.ARM.Collect$$libinit$$00000001)
    __rt_lib_init_alloca_1                   0x0000048b   Thumb Code     0  libinit2.o(.ARM.Collect$$libinit$$0000002E)
    __rt_lib_init_argv_1                     0x0000048b   Thumb Code     0  libinit2.o(.ARM.Collect$$libinit$$0000002C)
    __rt_lib_init_atexit_1                   0x0000048b   Thumb Code     0  libinit2.o(.ARM.Collect$$libinit$$0000001B)
    __rt_lib_init_clock_1                    0x0000048b   Thumb Code     0  libinit2.o(.ARM.Collect$$libinit$$00000021)
    __rt_lib_init_cpp_1                      0x0000048b   Thumb Code     0  libinit2.o(.ARM.Collect$$libinit$$00000032)
    __rt_lib_init_exceptions_1               0x0000048b   Thumb Code     0  libinit2.o(.ARM.Collect$$libinit$$00000030)
    __rt_lib_init_fp_trap_1                  0x0000048b   Thumb Code     0  libinit2.o(.ARM.Collect$$libinit$$0000001F)
    __rt_lib_init_getenv_1                   0x0000048b   Thumb Code     0  libinit2.o(.ARM.Collect$$libinit$$00000023)
    __rt_lib_init_heap_1                     0x0000048b   Thumb Code     0  libinit2.o(.ARM.Collect$$libinit$$0000000A)
    __rt_lib_init_lc_collate_1               0x0000048b   Thumb Code     0  libinit2.o(.ARM.Collect$$libinit$$00000011)
    __rt_lib_init_lc_ctype_1                 0x0000048b   Thumb Code     0  libinit2.o(.ARM.Collect$$libinit$$00000013)
    __rt_lib_init_lc_monetary_1              0x0000048b   Thumb Code     0  libinit2.o(.ARM.Collect$$libinit$$00000015)
    __rt_lib_init_lc_numeric_1               0x0000048b   Thumb Code     0  libinit2.o(.ARM.Collect$$libinit$$00000017)
    __rt_lib_init_lc_time_1                  0x0000048b   Thumb Code     0  libinit2.o(.ARM.Collect$$libinit$$00000019)
    __rt_lib_init_preinit_1                  0x0000048b   Thumb Code     0  libinit2.o(.ARM.Collect$$libinit$$00000004)
    __rt_lib_init_rand_1                     0x0000048b   Thumb Code     0  libinit2.o(.ARM.Collect$$libinit$$0000000E)
    __rt_lib_init_return                     0x0000048b   Thumb Code     0  libinit2.o(.ARM.Collect$$libinit$$00000033)
    __rt_lib_init_signal_1                   0x0000048b   Thumb Code     0  libinit2.o(.ARM.Collect$$libinit$$0000001D)
    __rt_lib_init_stdio_1                    0x0000048b   Thumb Code     0  libinit2.o(.ARM.Collect$$libinit$$00000025)
    __rt_lib_init_user_alloc_1               0x0000048b   Thumb Code     0  libinit2.o(.ARM.Collect$$libinit$$0000000C)
    __rt_lib_shutdown                        0x0000048d   Thumb Code     0  libshutdown.o(.ARM.Collect$$libshutdown$$00000000)
    __rt_lib_shutdown_cpp_1                  0x0000048f   Thumb Code     0  libshutdown2.o(.ARM.Collect$$libshutdown$$00000002)
    __rt_lib_shutdown_fp_trap_1              0x0000048f   Thumb Code     0  libshutdown2.o(.ARM.Collect$$libshutdown$$00000007)
    __rt_lib_shutdown_heap_1                 0x0000048f   Thumb Code     0  libshutdown2.o(.ARM.Collect$$libshutdown$$0000000F)
    __rt_lib_shutdown_return                 0x0000048f   Thumb Code     0  libshutdown2.o(.ARM.Collect$$libshutdown$$00000010)
    __rt_lib_shutdown_signal_1               0x0000048f   Thumb Code     0  libshutdown2.o(.ARM.Collect$$libshutdown$$0000000A)
    __rt_lib_shutdown_stdio_1                0x0000048f   Thumb Code     0  libshutdown2.o(.ARM.Collect$$libshutdown$$00000004)
    __rt_lib_shutdown_user_alloc_1           0x0000048f   Thumb Code     0  libshutdown2.o(.ARM.Collect$$libshutdown$$0000000C)
    __rt_entry                               0x00000491   Thumb Code     0  __rtentry.o(.ARM.Collect$$rtentry$$00000000)
    __rt_entry_presh_1                       0x00000491   Thumb Code     0  __rtentry2.o(.ARM.Collect$$rtentry$$00000002)
    __rt_entry_sh                            0x00000491   Thumb Code     0  __rtentry7.o(.ARM.Collect$$rtentry$$00000007)
    __rt_entry_li                            0x00000495   Thumb Code     0  __rtentry2.o(.ARM.Collect$$rtentry$$0000000A)
    __rt_entry_postsh_1                      0x00000495   Thumb Code     0  __rtentry2.o(.ARM.Collect$$rtentry$$00000009)
    __rt_entry_postli_1                      0x00000499   Thumb Code     0  __rtentry2.o(.ARM.Collect$$rtentry$$0000000B)
    __rt_entry_main                          0x000004a1   Thumb Code     0  __rtentry2.o(.ARM.Collect$$rtentry$$0000000D)
    __rt_exit                                0x000004ad   Thumb Code     0  rtexit.o(.ARM.Collect$$rtexit$$00000000)
    __rt_exit_ls                             0x000004af   Thumb Code     0  rtexit2.o(.ARM.Collect$$rtexit$$00000003)
    __rt_exit_prels_1                        0x000004af   Thumb Code     0  rtexit2.o(.ARM.Collect$$rtexit$$00000002)
    __rt_exit_exit                           0x000004b3   Thumb Code     0  rtexit2.o(.ARM.Collect$$rtexit$$00000004)
    _platform_post_lib_init                  0x000004b9   Thumb Code    24  rtx_conf_cm.o(.emb_text)
    rt_set_PSP                               0x000004d5   Thumb Code     6  hal_cm4.o(.emb_text)
    rt_get_PSP                               0x000004db   Thumb Code     6  hal_cm4.o(.emb_text)
    os_set_env                               0x000004e1   Thumb Code    24  hal_cm4.o(.emb_text)
    _alloc_box                               0x000004fd   Thumb Code    28  hal_cm4.o(.emb_text)
    _free_box                                0x0000051d   Thumb Code    28  hal_cm4.o(.emb_text)
    SVC_Handler                              0x0000053d   Thumb Code   168  hal_cm4.o(.emb_text)
    PendSV_Handler                           0x000005f5   Thumb Code    96  hal_cm4.o(.emb_text)
    SysTick_Handler                          0x00000659   Thumb Code     8  hal_cm4.o(.emb_text)
    OS_Tick_Handler                          0x00000661   Thumb Code    12  hal_cm4.o(.emb_text)
    Reset_Handler                            0x0000066d   Thumb Code    18  startup_mk64f12.o(.text)
    NMI_Handler                              0x0000067f   Thumb Code     2  startup_mk64f12.o(.text)
    HardFault_Handler                        0x00000681   Thumb Code     2  startup_mk64f12.o(.text)
    MemManage_Handler                        0x00000683   Thumb Code     2  startup_mk64f12.o(.text)
    BusFault_Handler                         0x00000685   Thumb Code     2  startup_mk64f12.o(.text)
    UsageFault_Handler                       0x00000687   Thumb Code     2  startup_mk64f12.o(.text)
    DebugMon_Handler                         0x0000068b   Thumb Code     2  startup_mk64f12.o(.text)
    ADC0_IRQHandler                          0x00000691   Thumb Code     0  startup_mk64f12.o(.text)
    ADC1_IRQHandler                          0x00000691   Thumb Code     0  startup_mk64f12.o(.text)
    CAN0_Bus_Off_IRQHandler                  0x00000691   Thumb Code     0  startup_mk64f12.o(.text)
    CAN0_Error_IRQHandler                    0x00000691   Thumb Code     0  startup_mk64f12.o(.text)
    CAN0_ORed_Message_buffer_IRQHandler      0x00000691   Thumb Code     0  startup_mk64f12.o(.text)
    CAN0_Rx_Warning_IRQHandler               0x00000691   Thumb Code     0  startup_mk64f12.o(.text)
    CAN0_Tx_Warning_IRQHandler               0x00000691   Thumb Code     0  startup_mk64f12.o(.text)
    CAN0_Wake_Up_IRQHandler                  0x00000691   Thumb Code     0  startup_mk64f12.o(.text)
    CMP0_IRQHandler                          0x00000691   Thumb Code     0  startup_mk64f12.o(.text)
    CMP1_IRQHandler                          0x00000691   Thumb Code     0  startup_mk64f12.o(.text)
    CMP2_IRQHandler                          0x00000691   Thumb Code     0  startup_mk64f12.o(.text)
    CMT_IRQHandler                           0x00000691   Thumb Code     0  startup_mk64f12.o(.text)
    DAC0_IRQHandler                          0x00000691   Thumb Code     0  startup_mk64f12.o(.text)
    DAC1_IRQHandler                          0x00000691   Thumb Code     0  startup_mk64f12.o(.text)
    DMA0_IRQHandler                          0x00000691   Thumb Code     0  startup_mk64f12.o(.text)
    DMA10_IRQHandler                         0x00000691   Thumb Code     0  startup_mk64f12.o(.text)
    DMA11_IRQHandler                         0x00000691   Thumb Code     0  startup_mk64f12.o(.text)
    DMA12_IRQHandler                         0x00000691   Thumb Code     0  startup_mk64f12.o(.text)
    DMA13_IRQHandler                         0x00000691   Thumb Code     0  startup_mk64f12.o(.text)
    DMA14_IRQHandler                         0x00000691   Thumb Code     0  startup_mk64f12.o(.text)
    DMA15_IRQHandler                         0x00000691   Thumb Code     0  startup_mk64f12.o(.text)
    DMA1_IRQHandler                          0x00000691   Thumb Code     0  startup_mk64f12.o(.text)
    DMA2_IRQHandler                          0x00000691   Thumb Code     0  startup_mk64f12.o(.text)
    DMA3_IRQHandler                          0x00000691   Thumb Code     0  startup_mk64f12.o(.text)
    DMA4_IRQHandler                          0x00000691   Thumb Code     0  startup_mk64f12.o(.text)
    DMA5_IRQHandler                          0x00000691   Thumb Code     0  startup_mk64f12.o(.text)
    DMA6_IRQHandler                          0x00000691   Thumb Code     0  startup_mk64f12.o(.text)
    DMA7_IRQHandler                          0x00000691   Thumb Code     0  startup_mk64f12.o(.text)
    DMA8_IRQHandler                          0x00000691   Thumb Code     0  startup_mk64f12.o(.text)
    DMA9_IRQHandler                          0x00000691   Thumb Code     0  startup_mk64f12.o(.text)
    DMA_Error_IRQHandler                     0x00000691   Thumb Code     0  startup_mk64f12.o(.text)
    DefaultISR                               0x00000691   Thumb Code     0  startup_mk64f12.o(.text)
    ENET_1588_Timer_IRQHandler               0x00000691   Thumb Code     0  startup_mk64f12.o(.text)
    FTFE_IRQHandler                          0x00000691   Thumb Code     0  startup_mk64f12.o(.text)
    FTM0_IRQHandler                          0x00000691   Thumb Code     0  startup_mk64f12.o(.text)
    FTM1_IRQHandler                          0x00000691   Thumb Code     0  startup_mk64f12.o(.text)
    FTM2_IRQHandler                          0x00000691   Thumb Code     0  startup_mk64f12.o(.text)
    FTM3_IRQHandler                          0x00000691   Thumb Code     0  startup_mk64f12.o(.text)
    I2C0_IRQHandler                          0x00000691   Thumb Code     0  startup_mk64f12.o(.text)
    I2C1_IRQHandler                          0x00000691   Thumb Code     0  startup_mk64f12.o(.text)
    I2C2_IRQHandler                          0x00000691   Thumb Code     0  startup_mk64f12.o(.text)
    I2S0_Rx_IRQHandler                       0x00000691   Thumb Code     0  startup_mk64f12.o(.text)
    I2S0_Tx_IRQHandler                       0x00000691   Thumb Code     0  startup_mk64f12.o(.text)
    LLWU_IRQHandler                          0x00000691   Thumb Code     0  startup_mk64f12.o(.text)
    LPTMR0_IRQHandler                        0x00000691   Thumb Code     0  startup_mk64f12.o(.text)
    LVD_LVW_IRQHandler                       0x00000691   Thumb Code     0  startup_mk64f12.o(.text)
    MCG_IRQHandler                           0x00000691   Thumb Code     0  startup_mk64f12.o(.text)
    MCM_IRQHandler                           0x00000691   Thumb Code     0  startup_mk64f12.o(.text)
    PDB0_IRQHandler                          0x00000691   Thumb Code     0  startup_mk64f12.o(.text)
    PIT0_IRQHandler                          0x00000691   Thumb Code     0  startup_mk64f12.o(.text)
    PIT1_IRQHandler                          0x00000691   Thumb Code     0  startup_mk64f12.o(.text)
    PIT2_IRQHandler                          0x00000691   Thumb Code     0  startup_mk64f12.o(.text)
    PIT3_IRQHandler                          0x00000691   Thumb Code     0  startup_mk64f12.o(.text)
    PORTA_IRQHandler                         0x00000691   Thumb Code     0  startup_mk64f12.o(.text)
    PORTB_IRQHandler                         0x00000691   Thumb Code     0  startup_mk64f12.o(.text)
    PORTC_IRQHandler                         0x00000691   Thumb Code     0  startup_mk64f12.o(.text)
    PORTD_IRQHandler                         0x00000691   Thumb Code     0  startup_mk64f12.o(.text)
    PORTE_IRQHandler                         0x00000691   Thumb Code     0  startup_mk64f12.o(.text)
    RNG_IRQHandler                           0x00000691   Thumb Code     0  startup_mk64f12.o(.text)
    RTC_IRQHandler                           0x00000691   Thumb Code     0  startup_mk64f12.o(.text)
    RTC_Seconds_IRQHandler                   0x00000691   Thumb Code     0  startup_mk64f12.o(.text)
    Read_Collision_IRQHandler                0x00000691   Thumb Code     0  startup_mk64f12.o(.text)
    Reserved71_IRQHandler                    0x00000691   Thumb Code     0  startup_mk64f12.o(.text)
    SDHC_IRQHandler                          0x00000691   Thumb Code     0  startup_mk64f12.o(.text)
    SPI0_IRQHandler                          0x00000691   Thumb Code     0  startup_mk64f12.o(.text)
    SPI1_IRQHandler                          0x00000691   Thumb Code     0  startup_mk64f12.o(.text)
    SPI2_IRQHandler                          0x00000691   Thumb Code     0  startup_mk64f12.o(.text)
    SWI_IRQHandler                           0x00000691   Thumb Code     0  startup_mk64f12.o(.text)
    UART0_ERR_IRQHandler                     0x00000691   Thumb Code     0  startup_mk64f12.o(.text)
    UART0_LON_IRQHandler                     0x00000691   Thumb Code     0  startup_mk64f12.o(.text)
    UART0_RX_TX_IRQHandler                   0x00000691   Thumb Code     0  startup_mk64f12.o(.text)
    UART1_ERR_IRQHandler                     0x00000691   Thumb Code     0  startup_mk64f12.o(.text)
    UART1_RX_TX_IRQHandler                   0x00000691   Thumb Code     0  startup_mk64f12.o(.text)
    UART2_ERR_IRQHandler                     0x00000691   Thumb Code     0  startup_mk64f12.o(.text)
    UART2_RX_TX_IRQHandler                   0x00000691   Thumb Code     0  startup_mk64f12.o(.text)
    UART3_ERR_IRQHandler                     0x00000691   Thumb Code     0  startup_mk64f12.o(.text)
    UART3_RX_TX_IRQHandler                   0x00000691   Thumb Code     0  startup_mk64f12.o(.text)
    UART4_ERR_IRQHandler                     0x00000691   Thumb Code     0  startup_mk64f12.o(.text)
    UART4_RX_TX_IRQHandler                   0x00000691   Thumb Code     0  startup_mk64f12.o(.text)
    UART5_ERR_IRQHandler                     0x00000691   Thumb Code     0  startup_mk64f12.o(.text)
    UART5_RX_TX_IRQHandler                   0x00000691   Thumb Code     0  startup_mk64f12.o(.text)
    USB0_IRQHandler                          0x00000691   Thumb Code     0  startup_mk64f12.o(.text)
    USBDCD_IRQHandler                        0x00000691   Thumb Code     0  startup_mk64f12.o(.text)
    WDOG_EWM_IRQHandler                      0x00000691   Thumb Code     0  startup_mk64f12.o(.text)
    exit                                     0x000006a5   Thumb Code    18  exit.o(.text)
    _sys_exit                                0x000006b9   Thumb Code     8  sys_exit.o(.text)
    __I$use$semihosting                      0x000006c5   Thumb Code     0  use_no_semi.o(.text)
    __use_no_semihosting_swi                 0x000006c5   Thumb Code     2  use_no_semi.o(.text)
    __semihosting_library_function           0x000006c7   Thumb Code     0  indicate_semi.o(.text)
    SVC_Count                                0x000006c8   Data           4  svc_table.o(SVC_TABLE)
    ENET_Error_IRQHandler                    0x000006cd   Thumb Code    40  emac_mk64f.o(i.ENET_Error_IRQHandler)
    SVC_Table                                0x000006cc   Data           0  svc_table.o(SVC_TABLE)
    ENET_Receive_IRQHandler                  0x00000711   Thumb Code    40  emac_mk64f.o(i.ENET_Receive_IRQHandler)
    ENET_Transmit_IRQHandler                 0x00000741   Thumb Code    40  emac_mk64f.o(i.ENET_Transmit_IRQHandler)
    SystemInit                               0x00000771   Thumb Code    34  system_mk64f12.o(i.SystemInit)
    _init_box                                0x0000079d   Thumb Code    70  rt_membox.o(i._init_box)
    _mutex_acquire                           0x000007e5   Thumb Code    22  rtx_conf_cm.o(i._mutex_acquire)
    _mutex_release                           0x00000805   Thumb Code    18  rtx_conf_cm.o(i._mutex_release)
    dbg_init                                 0x00000821   Thumb Code    34  hal_cm.o(i.dbg_init)
    dbg_task_notify                          0x00000851   Thumb Code    32  hal_cm.o(i.dbg_task_notify)
    dbg_task_switch                          0x00000871   Thumb Code    16  hal_cm.o(i.dbg_task_switch)
    init_data_bss                            0x00000881   Thumb Code    54  startup.o(i.init_data_bss)
    isrMessageGet                            0x000008c9   Thumb Code    42  rt_cmsis.o(i.isrMessageGet)
    isrMessagePut                            0x000008f3   Thumb Code    44  rt_cmsis.o(i.isrMessagePut)
    isr_mbx_receive                          0x00000921   Thumb Code    82  rt_mailbox.o(i.isr_mbx_receive)
    isr_mbx_send                             0x00000973   Thumb Code    14  rt_mailbox.o(i.isr_mbx_send)
    main                                     0x00000981   Thumb Code     4  main.o(i.main)
    osKernelInitialize                       0x00000985   Thumb Code    30  rt_cmsis.o(i.osKernelInitialize)
    osKernelStart                            0x000009a9   Thumb Code    98  rt_cmsis.o(i.osKernelStart)
    osMessageGet                             0x00000a15   Thumb Code    18  rt_cmsis.o(i.osMessageGet)
    osThreadCreate                           0x00000a2d   Thumb Code    38  rt_cmsis.o(i.osThreadCreate)
    osThreadExit                             0x00000a5d   Thumb Code    14  rt_cmsis.o(i.osThreadExit)
    osTimerCall                              0x00000a75   Thumb Code     8  rt_cmsis.o(i.osTimerCall)
    osTimerThread                            0x00000a81   Thumb Code    38  rt_cmsis.o(i.osTimerThread)
    os_error                                 0x00000aad   Thumb Code    34  rtx_conf_cm.o(i.os_error)
    os_idle_demon                            0x00000acf   Thumb Code     4  rtx_conf_cm.o(i.os_idle_demon)
    os_tick_init                             0x00000ad5   Thumb Code    32  rt_system.o(i.os_tick_init)
    os_tick_irqack                           0x00000afd   Thumb Code     2  rt_system.o(i.os_tick_irqack)
    rt_alloc_box                             0x00000aff   Thumb Code    26  rt_membox.o(i.rt_alloc_box)
    rt_alloc_mem                             0x00000b19   Thumb Code    62  rt_memory.o(i.rt_alloc_mem)
    rt_block                                 0x00000b59   Thumb Code    48  rt_task.o(i.rt_block)
    rt_chk_robin                             0x00000b91   Thumb Code     2  rtx_conf_cm.o(i.rt_chk_robin)
    rt_dec_dly                               0x00000b95   Thumb Code   102  rt_list.o(i.rt_dec_dly)
    rt_dispatch                              0x00000c05   Thumb Code    60  rt_task.o(i.rt_dispatch)
    rt_evt_psh                               0x00000c49   Thumb Code    76  rt_event.o(i.rt_evt_psh)
    rt_free_box                              0x00000c99   Thumb Code    44  rt_membox.o(i.rt_free_box)
    rt_free_mem                              0x00000cc5   Thumb Code    40  rt_memory.o(i.rt_free_mem)
    rt_get_first                             0x00000ced   Thumb Code    40  rt_list.o(i.rt_get_first)
    rt_init_mem                              0x00000d65   Thumb Code    26  rt_memory.o(i.rt_init_mem)
    rt_init_robin                            0x00000d7f   Thumb Code     2  rtx_conf_cm.o(i.rt_init_robin)
    rt_init_stack                            0x00000d81   Thumb Code   118  hal_cm.o(i.rt_init_stack)
    rt_mbx_check                             0x00000e01   Thumb Code     8  rt_mailbox.o(i.rt_mbx_check)
    rt_mbx_init                              0x00000e09   Thumb Code    26  rt_mailbox.o(i.rt_mbx_init)
    rt_mbx_psh                               0x00000e25   Thumb Code   236  rt_mailbox.o(i.rt_mbx_psh)
    rt_mbx_wait                              0x00000f15   Thumb Code   174  rt_mailbox.o(i.rt_mbx_wait)
    rt_mut_release                           0x0000100d   Thumb Code   208  rt_mutex.o(i.rt_mut_release)
    rt_mut_wait                              0x000010e5   Thumb Code   100  rt_mutex.o(i.rt_mut_wait)
    rt_pop_req                               0x0000114d   Thumb Code   112  rt_system.o(i.rt_pop_req)
    rt_psh_req                               0x000011c9   Thumb Code    22  rt_system.o(i.rt_psh_req)
    rt_psq_enq                               0x000011e9   Thumb Code    88  rt_list.o(i.rt_psq_enq)
    rt_put_dly                               0x00001245   Thumb Code    68  rt_list.o(i.rt_put_dly)
    rt_put_prio                              0x0000128d   Thumb Code    54  rt_list.o(i.rt_put_prio)
    rt_put_rdy_first                         0x000012c5   Thumb Code    14  rt_list.o(i.rt_put_rdy_first)
    rt_resort_prio                           0x000012d9   Thumb Code    46  rt_list.o(i.rt_resort_prio)
    rt_ret_val                               0x0000131d   Thumb Code    12  hal_cm.o(i.rt_ret_val)
    rt_ret_val2                              0x00001329   Thumb Code    16  hal_cm.o(i.rt_ret_val2)
    rt_rmv_dly                               0x00001339   Thumb Code    40  rt_list.o(i.rt_rmv_dly)
    rt_rmv_list                              0x00001361   Thumb Code    44  rt_list.o(i.rt_rmv_list)
    rt_sem_psh                               0x00001391   Thumb Code    48  rt_semaphore.o(i.rt_sem_psh)
    rt_stk_check                             0x000013c5   Thumb Code    28  rt_system.o(i.rt_stk_check)
    rt_switch_req                            0x000013e9   Thumb Code    30  rt_task.o(i.rt_switch_req)
    rt_sys_init                              0x00001411   Thumb Code   138  rt_task.o(i.rt_sys_init)
    rt_sys_start                             0x000014dd   Thumb Code   110  rt_task.o(i.rt_sys_start)
    rt_systick                               0x00001555   Thumb Code    50  rt_system.o(i.rt_systick)
    rt_tsk_create                            0x000015dd   Thumb Code   118  rt_task.o(i.rt_tsk_create)
    rt_tsk_delete                            0x00001665   Thumb Code   352  rt_task.o(i.rt_tsk_delete)
    rt_tsk_prio                              0x000017e1   Thumb Code   108  rt_task.o(i.rt_tsk_prio)
    rt_tsk_self                              0x0000185d   Thumb Code    12  rt_task.o(i.rt_tsk_self)
    svcKernelInitialize                      0x0000186d   Thumb Code    80  rt_cmsis.o(i.svcKernelInitialize)
    svcKernelStart                           0x000018dd   Thumb Code    62  rt_cmsis.o(i.svcKernelStart)
    svcMessageCreate                         0x00001925   Thumb Code    36  rt_cmsis.o(i.svcMessageCreate)
    svcMessageGet                            0x00001949   Thumb Code    58  rt_cmsis.o(i.svcMessageGet)
    svcThreadCreate                          0x00001985   Thumb Code   100  rt_cmsis.o(i.svcThreadCreate)
    svcThreadGetId                           0x000019f5   Thumb Code    22  rt_cmsis.o(i.svcThreadGetId)
    svcThreadTerminate                       0x00001a11   Thumb Code    50  rt_cmsis.o(i.svcThreadTerminate)
    svcTimerCall                             0x00001a49   Thumb Code    24  rt_cmsis.o(i.svcTimerCall)
    sysTimerTick                             0x00001a61   Thumb Code    84  rt_cmsis.o(i.sysTimerTick)
    _fp_init                                 0x00001abd   Thumb Code    10  fpinit.o(x$fpl$fpinit)
    __fplib_config_fpu_vfp                   0x00001ac5   Thumb Code     0  fpinit.o(x$fpl$fpinit)
    __fplib_config_pureend_doubles           0x00001ac5   Thumb Code     0  fpinit.o(x$fpl$fpinit)
    os_maxtaskrun                            0x00001ac8   Data           2  rtx_conf_cm.o(.constdata)
    os_stackinfo                             0x00001acc   Data           4  rtx_conf_cm.o(.constdata)
    os_rrobin                                0x00001ad0   Data           4  rtx_conf_cm.o(.constdata)
    os_tickfreq                              0x00001ad4   Data           4  rtx_conf_cm.o(.constdata)
    os_tickus_i                              0x00001ad8   Data           2  rtx_conf_cm.o(.constdata)
    os_tickus_f                              0x00001ada   Data           2  rtx_conf_cm.o(.constdata)
    os_trv                                   0x00001adc   Data           4  rtx_conf_cm.o(.constdata)
    os_flags                                 0x00001ae0   Data           1  rtx_conf_cm.o(.constdata)
    CMSIS_RTOS_API_Version                   0x00001ae4   Data           4  rtx_conf_cm.o(.constdata)
    CMSIS_RTOS_RTX_Version                   0x00001ae8   Data           4  rtx_conf_cm.o(.constdata)
    os_clockrate                             0x00001aec   Data           4  rtx_conf_cm.o(.constdata)
    os_timernum                              0x00001af0   Data           4  rtx_conf_cm.o(.constdata)
    mp_tcb_size                              0x00001af4   Data           2  rtx_conf_cm.o(.constdata)
    mp_stk_size                              0x00001af8   Data           4  rtx_conf_cm.o(.constdata)
    os_stack_sz                              0x00001afc   Data           4  rtx_conf_cm.o(.constdata)
    os_fifo_size                             0x00001b00   Data           1  rtx_conf_cm.o(.constdata)
    os_thread_def_osTimerThread              0x00001b04   Data          16  rtx_conf_cm.o(.constdata)
    os_messageQ_def_osTimerMessageQ          0x00001b14   Data           8  rtx_conf_cm.o(.constdata)
    mp_tmr_size                              0x00001b1c   Data           2  rtx_conf_cm.o(.constdata)
    Region$$Table$$Base                      0x00001b20   Number         0  anon$$obj.o(Region$$Table)
    Region$$Table$$Limit                     0x00001b40   Number         0  anon$$obj.o(Region$$Table)
    __MW_NET_VER                             0x06050000   Number         0  net_version.o ABSOLUTE
    Image$$RW_m_data$$Base                   0x1fff0000   Number         0  anon$$obj.o ABSOLUTE
    osThreadId_osTimerThread                 0x20000000   Data           4  rtx_conf_cm.o(.data)
    osMessageQId_osTimerMessageQ             0x20000004   Data           4  rtx_conf_cm.o(.data)
    os_tmr                                   0x20000008   Data           4  rtx_conf_cm.o(.data)
    m_tmr                                    0x2000000c   Data           4  rtx_conf_cm.o(.data)
    os_thread_def_main                       0x20000014   Data          16  rtx_conf_cm.o(.data)
    os_initialized                           0x20000024   Data           1  rt_cmsis.o(.data)
    os_running                               0x20000025   Data           1  rt_cmsis.o(.data)
    os_timer_head                            0x20000028   Data           4  rt_cmsis.o(.data)
    os_tsk                                   0x2000002c   Data           8  rt_task.o(.data)
    os_tick_irqn                             0x20000038   Data           4  rt_system.o(.data)
    os_time                                  0x2000003c   Data           4  rt_time.o(.data)
    dbg_msg                                  0x20000040   Data           1  hal_cm.o(.data)
    mp_tcb                                   0x20000048   Data         376  rtx_conf_cm.o(.bss)
    mp_stk                                   0x200001c0   Data       12304  rtx_conf_cm.o(.bss)
    os_stack_mem                             0x200031d0   Data        2280  rtx_conf_cm.o(.bss)
    os_fifo                                  0x20003ab8   Data         132  rtx_conf_cm.o(.bss)
    os_active_TCB                            0x20003b3c   Data          28  rtx_conf_cm.o(.bss)
    os_messageQ_q_osTimerMessageQ            0x20003b58   Data          32  rtx_conf_cm.o(.bss)
    os_idle_TCB                              0x200063b4   Data          52  rt_task.o(.bss)
    os_rdy                                   0x200063e8   Data          24  rt_list.o(.bss)
    os_dly                                   0x20006400   Data          24  rt_list.o(.bss)
    Image$$ARM_LIB_HEAP$$ZI$$Base            0x20006418   Number         0  anon$$obj.o ABSOLUTE
    Image$$ARM_LIB_HEAP$$ZI$$Limit           0x20006818   Number         0  anon$$obj.o ABSOLUTE
    Image$$ARM_LIB_STACK$$ZI$$Limit          0x20030000   Number         0  anon$$obj.o ABSOLUTE



==============================================================================

Memory Map of the image

  Image Entry point : 0x00000411

  Load Region LR_m_text (Base: 0x00000410, Size: 0x00001774, Max: 0x000ffbf0, ABSOLUTE)

    Execution Region ER_m_text (Base: 0x00000410, Size: 0x00001730, Max: 0x000ffbf0, ABSOLUTE)

    Base Addr    Size         Type   Attr      Idx    E Section Name        Object

    0x00000410   0x00000008   Code   RO         4948  * !!!main             c_w.l(__main.o)
    0x00000418   0x00000034   Code   RO         5204    !!!scatter          c_w.l(__scatter.o)
    0x0000044c   0x0000001a   Code   RO         5206    !!handler_copy      c_w.l(__scatter_copy.o)
    0x00000466   0x00000002   PAD
    0x00000468   0x0000001c   Code   RO         5208    !!handler_zi        c_w.l(__scatter_zi.o)
    0x00000484   0x00000002   Code   RO         5139    .ARM.Collect$$libinit$$00000000  c_w.l(libinit.o)
    0x00000486   0x00000004   Code   RO         5001    .ARM.Collect$$libinit$$00000001  c_w.l(libinit2.o)
    0x0000048a   0x00000000   Code   RO         5004    .ARM.Collect$$libinit$$00000004  c_w.l(libinit2.o)
    0x0000048a   0x00000000   Code   RO         5007    .ARM.Collect$$libinit$$0000000A  c_w.l(libinit2.o)
    0x0000048a   0x00000000   Code   RO         5009    .ARM.Collect$$libinit$$0000000C  c_w.l(libinit2.o)
    0x0000048a   0x00000000   Code   RO         5011    .ARM.Collect$$libinit$$0000000E  c_w.l(libinit2.o)
    0x0000048a   0x00000000   Code   RO         5014    .ARM.Collect$$libinit$$00000011  c_w.l(libinit2.o)
    0x0000048a   0x00000000   Code   RO         5016    .ARM.Collect$$libinit$$00000013  c_w.l(libinit2.o)
    0x0000048a   0x00000000   Code   RO         5018    .ARM.Collect$$libinit$$00000015  c_w.l(libinit2.o)
    0x0000048a   0x00000000   Code   RO         5020    .ARM.Collect$$libinit$$00000017  c_w.l(libinit2.o)
    0x0000048a   0x00000000   Code   RO         5022    .ARM.Collect$$libinit$$00000019  c_w.l(libinit2.o)
    0x0000048a   0x00000000   Code   RO         5024    .ARM.Collect$$libinit$$0000001B  c_w.l(libinit2.o)
    0x0000048a   0x00000000   Code   RO         5026    .ARM.Collect$$libinit$$0000001D  c_w.l(libinit2.o)
    0x0000048a   0x00000000   Code   RO         5028    .ARM.Collect$$libinit$$0000001F  c_w.l(libinit2.o)
    0x0000048a   0x00000000   Code   RO         5030    .ARM.Collect$$libinit$$00000021  c_w.l(libinit2.o)
    0x0000048a   0x00000000   Code   RO         5032    .ARM.Collect$$libinit$$00000023  c_w.l(libinit2.o)
    0x0000048a   0x00000000   Code   RO         5034    .ARM.Collect$$libinit$$00000025  c_w.l(libinit2.o)
    0x0000048a   0x00000000   Code   RO         5038    .ARM.Collect$$libinit$$0000002C  c_w.l(libinit2.o)
    0x0000048a   0x00000000   Code   RO         5040    .ARM.Collect$$libinit$$0000002E  c_w.l(libinit2.o)
    0x0000048a   0x00000000   Code   RO         5042    .ARM.Collect$$libinit$$00000030  c_w.l(libinit2.o)
    0x0000048a   0x00000000   Code   RO         5044    .ARM.Collect$$libinit$$00000032  c_w.l(libinit2.o)
    0x0000048a   0x00000002   Code   RO         5045    .ARM.Collect$$libinit$$00000033  c_w.l(libinit2.o)
    0x0000048c   0x00000002   Code   RO         5140    .ARM.Collect$$libshutdown$$00000000  c_w.l(libshutdown.o)
    0x0000048e   0x00000000   Code   RO         5168    .ARM.Collect$$libshutdown$$00000002  c_w.l(libshutdown2.o)
    0x0000048e   0x00000000   Code   RO         5170    .ARM.Collect$$libshutdown$$00000004  c_w.l(libshutdown2.o)
    0x0000048e   0x00000000   Code   RO         5173    .ARM.Collect$$libshutdown$$00000007  c_w.l(libshutdown2.o)
    0x0000048e   0x00000000   Code   RO         5176    .ARM.Collect$$libshutdown$$0000000A  c_w.l(libshutdown2.o)
    0x0000048e   0x00000000   Code   RO         5178    .ARM.Collect$$libshutdown$$0000000C  c_w.l(libshutdown2.o)
    0x0000048e   0x00000000   Code   RO         5181    .ARM.Collect$$libshutdown$$0000000F  c_w.l(libshutdown2.o)
    0x0000048e   0x00000002   Code   RO         5182    .ARM.Collect$$libshutdown$$00000010  c_w.l(libshutdown2.o)
    0x00000490   0x00000000   Code   RO         4950    .ARM.Collect$$rtentry$$00000000  c_w.l(__rtentry.o)
    0x00000490   0x00000000   Code   RO         5049    .ARM.Collect$$rtentry$$00000002  c_w.l(__rtentry2.o)
    0x00000490   0x00000004   Code   RO         5063    .ARM.Collect$$rtentry$$00000007  c_w.l(__rtentry7.o)
    0x00000494   0x00000000   Code   RO         5051    .ARM.Collect$$rtentry$$00000009  c_w.l(__rtentry2.o)
    0x00000494   0x00000004   Code   RO         5052    .ARM.Collect$$rtentry$$0000000A  c_w.l(__rtentry2.o)
    0x00000498   0x00000008   Code   RO         5053    .ARM.Collect$$rtentry$$0000000B  c_w.l(__rtentry2.o)
    0x000004a0   0x00000008   Code   RO         5055    .ARM.Collect$$rtentry$$0000000D  c_w.l(__rtentry2.o)
    0x000004a8   0x00000004   Code   RO         5064    .ARM.Collect$$rtentry$$00002718  c_w.l(__rtentry7.o)
    0x000004ac   0x00000002   Code   RO         4951    .ARM.Collect$$rtexit$$00000000  c_w.l(rtexit.o)
    0x000004ae   0x00000000   Code   RO         5069    .ARM.Collect$$rtexit$$00000002  c_w.l(rtexit2.o)
    0x000004ae   0x00000004   Code   RO         5070    .ARM.Collect$$rtexit$$00000003  c_w.l(rtexit2.o)
    0x000004b2   0x00000006   Code   RO         5071    .ARM.Collect$$rtexit$$00000004  c_w.l(rtexit2.o)
    0x000004b8   0x0000001c   Code   RO           15    .emb_text           rtx_conf_cm.o
    0x000004d4   0x00000198   Code   RO         4623    .emb_text           RTX_CM4.lib(hal_cm4.o)
    0x0000066c   0x00000038   Code   RO         3132    .text               startup_mk64f12.o
    0x000006a4   0x00000012   Code   RO         4934    .text               c_w.l(exit.o)
    0x000006b6   0x00000002   PAD
    0x000006b8   0x0000000c   Code   RO         5108    .text               c_w.l(sys_exit.o)
    0x000006c4   0x00000002   Code   RO         5110    .text               c_w.l(use_no_semi.o)
    0x000006c6   0x00000000   Code   RO         5112    .text               c_w.l(indicate_semi.o)
    0x000006c6   0x00000002   PAD
    0x000006c8   0x00000004   Code   RO         4788    SVC_TABLE           RTX_CM4.lib(svc_table.o)
    0x000006cc   0x00000030   Code   RO           98    i.ENET_Error_IRQHandler  emac_mk64f.o
    0x000006fc   0x00000004   Code   RO           99    i.ENET_HAL_ClearIntStatusFlag  emac_mk64f.o
    0x00000700   0x00000010   Code   RO          100    i.ENET_HAL_GetIntStatusFlag  emac_mk64f.o
    0x00000710   0x00000030   Code   RO          102    i.ENET_Receive_IRQHandler  emac_mk64f.o
    0x00000740   0x00000030   Code   RO          103    i.ENET_Transmit_IRQHandler  emac_mk64f.o
    0x00000770   0x0000002c   Code   RO         3140    i.SystemInit        system_mk64f12.o
    0x0000079c   0x00000046   Code   RO         4517    i._init_box         RTX_CM4.lib(rt_membox.o)
    0x000007e2   0x00000002   PAD
    0x000007e4   0x00000020   Code   RO           17    i._mutex_acquire    rtx_conf_cm.o
    0x00000804   0x0000001c   Code   RO           19    i._mutex_release    rtx_conf_cm.o
    0x00000820   0x00000030   Code   RO         4570    i.dbg_init          RTX_CM4.lib(hal_cm.o)
    0x00000850   0x00000020   Code   RO         4571    i.dbg_task_notify   RTX_CM4.lib(hal_cm.o)
    0x00000870   0x00000010   Code   RO         4572    i.dbg_task_switch   RTX_CM4.lib(hal_cm.o)
    0x00000880   0x00000048   Code   RO          680    i.init_data_bss     startup.o
    0x000008c8   0x0000002a   Code   RO         3273    i.isrMessageGet     RTX_CM4.lib(rt_cmsis.o)
    0x000008f2   0x0000002c   Code   RO         3274    i.isrMessagePut     RTX_CM4.lib(rt_cmsis.o)
    0x0000091e   0x00000002   PAD
    0x00000920   0x00000052   Code   RO         4393    i.isr_mbx_receive   RTX_CM4.lib(rt_mailbox.o)
    0x00000972   0x0000000e   Code   RO         4394    i.isr_mbx_send      RTX_CM4.lib(rt_mailbox.o)
    0x00000980   0x00000004   Code   RO            4    i.main              main.o
    0x00000984   0x00000024   Code   RO         3278    i.osKernelInitialize  RTX_CM4.lib(rt_cmsis.o)
    0x000009a8   0x0000006c   Code   RO         3280    i.osKernelStart     RTX_CM4.lib(rt_cmsis.o)
    0x00000a14   0x00000018   Code   RO         3289    i.osMessageGet      RTX_CM4.lib(rt_cmsis.o)
    0x00000a2c   0x00000030   Code   RO         3306    i.osThreadCreate    RTX_CM4.lib(rt_cmsis.o)
    0x00000a5c   0x00000018   Code   RO         3307    i.osThreadExit      RTX_CM4.lib(rt_cmsis.o)
    0x00000a74   0x0000000c   Code   RO         3313    i.osTimerCall       RTX_CM4.lib(rt_cmsis.o)
    0x00000a80   0x0000002c   Code   RO         3318    i.osTimerThread     RTX_CM4.lib(rt_cmsis.o)
    0x00000aac   0x00000022   Code   RO           20    i.os_error          rtx_conf_cm.o
    0x00000ace   0x00000004   Code   RO           21    i.os_idle_demon     rtx_conf_cm.o
    0x00000ad2   0x00000002   PAD
    0x00000ad4   0x00000028   Code   RO         4185    i.os_tick_init      RTX_CM4.lib(rt_system.o)
    0x00000afc   0x00000002   Code   RO         4186    i.os_tick_irqack    RTX_CM4.lib(rt_system.o)
    0x00000afe   0x0000001a   Code   RO         4518    i.rt_alloc_box      RTX_CM4.lib(rt_membox.o)
    0x00000b18   0x0000003e   Code   RO         4546    i.rt_alloc_mem      RTX_CM4.lib(rt_memory.o)
    0x00000b56   0x00000002   PAD
    0x00000b58   0x00000038   Code   RO         3898    i.rt_block          RTX_CM4.lib(rt_task.o)
    0x00000b90   0x00000002   Code   RO           22    i.rt_chk_robin      rtx_conf_cm.o
    0x00000b92   0x00000002   PAD
    0x00000b94   0x00000070   Code   RO         4317    i.rt_dec_dly        RTX_CM4.lib(rt_list.o)
    0x00000c04   0x00000044   Code   RO         3899    i.rt_dispatch       RTX_CM4.lib(rt_task.o)
    0x00000c48   0x00000050   Code   RO         4278    i.rt_evt_psh        RTX_CM4.lib(rt_event.o)
    0x00000c98   0x0000002c   Code   RO         4519    i.rt_free_box       RTX_CM4.lib(rt_membox.o)
    0x00000cc4   0x00000028   Code   RO         4547    i.rt_free_mem       RTX_CM4.lib(rt_memory.o)
    0x00000cec   0x00000028   Code   RO         4318    i.rt_get_first      RTX_CM4.lib(rt_list.o)
    0x00000d14   0x00000008   Code   RO         3323    i.rt_id2obj         RTX_CM4.lib(rt_cmsis.o)
    0x00000d1c   0x00000048   Code   RO         3900    i.rt_init_context   RTX_CM4.lib(rt_task.o)
    0x00000d64   0x0000001a   Code   RO         4548    i.rt_init_mem       RTX_CM4.lib(rt_memory.o)
    0x00000d7e   0x00000002   Code   RO           23    i.rt_init_robin     rtx_conf_cm.o
    0x00000d80   0x00000080   Code   RO         4573    i.rt_init_stack     RTX_CM4.lib(hal_cm.o)
    0x00000e00   0x00000008   Code   RO         4395    i.rt_mbx_check      RTX_CM4.lib(rt_mailbox.o)
    0x00000e08   0x0000001a   Code   RO         4396    i.rt_mbx_init       RTX_CM4.lib(rt_mailbox.o)
    0x00000e22   0x00000002   PAD
    0x00000e24   0x000000f0   Code   RO         4397    i.rt_mbx_psh        RTX_CM4.lib(rt_mailbox.o)
    0x00000f14   0x000000b4   Code   RO         4399    i.rt_mbx_wait       RTX_CM4.lib(rt_mailbox.o)
    0x00000fc8   0x00000044   Code   RO         3324    i.rt_ms2tick        RTX_CM4.lib(rt_cmsis.o)
    0x0000100c   0x000000d8   Code   RO         3984    i.rt_mut_release    RTX_CM4.lib(rt_mutex.o)
    0x000010e4   0x00000068   Code   RO         3985    i.rt_mut_wait       RTX_CM4.lib(rt_mutex.o)
    0x0000114c   0x0000007c   Code   RO         4189    i.rt_pop_req        RTX_CM4.lib(rt_system.o)
    0x000011c8   0x00000020   Code   RO         4190    i.rt_psh_req        RTX_CM4.lib(rt_system.o)
    0x000011e8   0x0000005c   Code   RO         4320    i.rt_psq_enq        RTX_CM4.lib(rt_list.o)
    0x00001244   0x00000048   Code   RO         4321    i.rt_put_dly        RTX_CM4.lib(rt_list.o)
    0x0000128c   0x00000036   Code   RO         4322    i.rt_put_prio       RTX_CM4.lib(rt_list.o)
    0x000012c2   0x00000002   PAD
    0x000012c4   0x00000014   Code   RO         4323    i.rt_put_rdy_first  RTX_CM4.lib(rt_list.o)
    0x000012d8   0x00000034   Code   RO         4324    i.rt_resort_prio    RTX_CM4.lib(rt_list.o)
    0x0000130c   0x00000010   Code   RO         4574    i.rt_ret_regs       RTX_CM4.lib(hal_cm.o)
    0x0000131c   0x0000000c   Code   RO         4575    i.rt_ret_val        RTX_CM4.lib(hal_cm.o)
    0x00001328   0x00000010   Code   RO         4576    i.rt_ret_val2       RTX_CM4.lib(hal_cm.o)
    0x00001338   0x00000028   Code   RO         4325    i.rt_rmv_dly        RTX_CM4.lib(rt_list.o)
    0x00001360   0x00000030   Code   RO         4326    i.rt_rmv_list       RTX_CM4.lib(rt_list.o)
    0x00001390   0x00000034   Code   RO         4444    i.rt_sem_psh        RTX_CM4.lib(rt_semaphore.o)
    0x000013c4   0x00000024   Code   RO         4192    i.rt_stk_check      RTX_CM4.lib(rt_system.o)
    0x000013e8   0x00000028   Code   RO         3901    i.rt_switch_req     RTX_CM4.lib(rt_task.o)
    0x00001410   0x000000cc   Code   RO         3902    i.rt_sys_init       RTX_CM4.lib(rt_task.o)
    0x000014dc   0x00000078   Code   RO         3903    i.rt_sys_start      RTX_CM4.lib(rt_task.o)
    0x00001554   0x00000040   Code   RO         4194    i.rt_systick        RTX_CM4.lib(rt_system.o)
    0x00001594   0x00000012   Code   RO         3325    i.rt_tid2ptcb       RTX_CM4.lib(rt_cmsis.o)
    0x000015a6   0x00000002   PAD
    0x000015a8   0x00000034   Code   RO         3326    i.rt_timer_insert   RTX_CM4.lib(rt_cmsis.o)
    0x000015dc   0x00000088   Code   RO         3904    i.rt_tsk_create     RTX_CM4.lib(rt_task.o)
    0x00001664   0x0000017c   Code   RO         3905    i.rt_tsk_delete     RTX_CM4.lib(rt_task.o)
    0x000017e0   0x0000007c   Code   RO         3907    i.rt_tsk_prio       RTX_CM4.lib(rt_task.o)
    0x0000185c   0x00000010   Code   RO         3908    i.rt_tsk_self       RTX_CM4.lib(rt_task.o)
    0x0000186c   0x00000070   Code   RO         3329    i.svcKernelInitialize  RTX_CM4.lib(rt_cmsis.o)
    0x000018dc   0x00000048   Code   RO         3331    i.svcKernelStart    RTX_CM4.lib(rt_cmsis.o)
    0x00001924   0x00000024   Code   RO         3334    i.svcMessageCreate  RTX_CM4.lib(rt_cmsis.o)
    0x00001948   0x0000003a   Code   RO         3335    i.svcMessageGet     RTX_CM4.lib(rt_cmsis.o)
    0x00001982   0x00000002   PAD
    0x00001984   0x00000070   Code   RO         3349    i.svcThreadCreate   RTX_CM4.lib(rt_cmsis.o)
    0x000019f4   0x0000001c   Code   RO         3350    i.svcThreadGetId    RTX_CM4.lib(rt_cmsis.o)
    0x00001a10   0x00000038   Code   RO         3353    i.svcThreadTerminate  RTX_CM4.lib(rt_cmsis.o)
    0x00001a48   0x00000018   Code   RO         3355    i.svcTimerCall      RTX_CM4.lib(rt_cmsis.o)
    0x00001a60   0x0000005c   Code   RO         3364    i.sysTimerTick      RTX_CM4.lib(rt_cmsis.o)
    0x00001abc   0x0000000a   Code   RO         5106    x$fpl$fpinit        fz_wm.l(fpinit.o)
    0x00001ac6   0x00000002   PAD
    0x00001ac8   0x00000056   Data   RO           25    .constdata          rtx_conf_cm.o
    0x00001b1e   0x00000002   PAD
    0x00001b20   0x00000020   Data   RO         5203    Region$$Table       anon$$obj.o


    Execution Region RW_m_data (Base: 0x1fff0000, Size: 0x00000000, Max: 0x00010000, ABSOLUTE)

    **** No section assigned to this execution region ****


    Execution Region RW_m_data_2 (Base: 0x20000000, Size: 0x00006418, Max: 0x0002f800, ABSOLUTE)

    Base Addr    Size         Type   Attr      Idx    E Section Name        Object

    0x20000000   0x00000024   Data   RW           26    .data               rtx_conf_cm.o
    0x20000024   0x00000008   Data   RW         3367    .data               RTX_CM4.lib(rt_cmsis.o)
    0x2000002c   0x00000008   Data   RW         3910    .data               RTX_CM4.lib(rt_task.o)
    0x20000034   0x00000008   Data   RW         4197    .data               RTX_CM4.lib(rt_system.o)
    0x2000003c   0x00000004   Data   RW         4487    .data               RTX_CM4.lib(rt_time.o)
    0x20000040   0x00000001   Data   RW         4577    .data               RTX_CM4.lib(hal_cm.o)
    0x20000041   0x00000007   PAD
    0x20000048   0x00003e50   Zero   RW           24    .bss                rtx_conf_cm.o
    0x20003e98   0x00000008   PAD
    0x20003ea0   0x00002514   Zero   RW          123    .bss                emac_mk64f.o
    0x200063b4   0x00000034   Zero   RW         3909    .bss                RTX_CM4.lib(rt_task.o)
    0x200063e8   0x00000030   Zero   RW         4327    .bss                RTX_CM4.lib(rt_list.o)


    Execution Region ARM_LIB_HEAP (Base: 0x20006418, Size: 0x00000400, Max: 0x00000400, ABSOLUTE)

    Base Addr    Size         Type   Attr      Idx    E Section Name        Object

    0x20006418   0x00000400   Zero   RW            1    ARM_LIB_HEAP.bss    anon$$obj.o


    Execution Region ARM_LIB_STACK (Base: 0x2002fc00, Size: 0x00000400, Max: 0x00000400, ABSOLUTE)

    Base Addr    Size         Type   Attr      Idx    E Section Name        Object

    0x2002fc00   0x00000400   Zero   RW            2    ARM_LIB_STACK.bss   anon$$obj.o



  Load Region LR_m_interrupts (Base: 0x00000000, Size: 0x00000400, Max: 0x00000400, ABSOLUTE)

    Execution Region VECTOR_RAM (Base: 0x00000000, Size: 0x00000000, Max: 0x00000000, ABSOLUTE)

    Base Addr    Size         Type   Attr      Idx    E Section Name        Object

    0x00000000   0x00000000   Zero   RW            3    VECTOR_RAM.bss      anon$$obj.o


    Execution Region VECTOR_ROM (Base: 0x00000000, Size: 0x00000400, Max: 0x00000400, ABSOLUTE)

    Base Addr    Size         Type   Attr      Idx    E Section Name        Object

    0x00000000   0x00000400   Data   RO         3130    RESET               startup_mk64f12.o



  Load Region LR_m_flash_config (Base: 0x00000400, Size: 0x00000010, Max: 0x00000010, ABSOLUTE)

    Execution Region ER_m_flash_config (Base: 0x00000400, Size: 0x00000010, Max: 0x00000010, ABSOLUTE)

    Base Addr    Size         Type   Attr      Idx    E Section Name        Object

    0x00000400   0x00000010   Data   RO         3131    FlashConfig         startup_mk64f12.o


==============================================================================

Image component sizes


      Code (inc. data)   RO Data    RW Data    ZI Data      Debug   Object Name

       164         24          0          0       9492     639431   emac_mk64f.o
         4          0          0          0          0       1867   main.o
       130         26         86         36      15952      13350   rtx_conf_cm.o
        72         18          0          0          0        580   startup.o
        56         18       1040          0          0        856   startup_mk64f12.o
        44         10          0          0          0        505   system_mk64f12.o

    ----------------------------------------------------------------------
       474         96       1160         36      27500     656589   Object Totals
         0          0         32          0       2048          0   (incl. Generated)
         4          0          2          0          8          0   (incl. Padding)

    ----------------------------------------------------------------------

      Code (inc. data)   RO Data    RW Data    ZI Data      Debug   Library Member Name

       268         24          0          1          0       4452   hal_cm.o
       408         34          0          0          0        816   hal_cm4.o
      1118        140          0          8          0      33869   rt_cmsis.o
        80          4          0          0          0        701   rt_event.o
       530         34          0          0         48       8597   rt_list.o
       550         10          0          0          0       4185   rt_mailbox.o
       140          0          0          0          0       2045   rt_membox.o
       128          0          0          0          0       2419   rt_memory.o
       320         12          0          0          0       1699   rt_mutex.o
        52          4          0          0          0        613   rt_semaphore.o
       298         52          0          8          0       6439   rt_system.o
      1216        174          0          8         52      10025   rt_task.o
         0          0          0          4          0        206   rt_time.o
         4          4          0          0          0        200   svc_table.o
         8          0          0          0          0         68   __main.o
         0          0          0          0          0          0   __rtentry.o
        20          0          0          0          0          0   __rtentry2.o
         8          4          0          0          0          0   __rtentry7.o
        52          8          0          0          0          0   __scatter.o
        26          0          0          0          0          0   __scatter_copy.o
        28          0          0          0          0          0   __scatter_zi.o
        18          0          0          0          0         80   exit.o
         0          0          0          0          0          0   indicate_semi.o
         2          0          0          0          0          0   libinit.o
         6          0          0          0          0          0   libinit2.o
         2          0          0          0          0          0   libshutdown.o
         2          0          0          0          0          0   libshutdown2.o
         2          0          0          0          0          0   rtexit.o
        10          0          0          0          0          0   rtexit2.o
        12          4          0          0          0         68   sys_exit.o
         2          0          0          0          0         68   use_no_semi.o
        10          0          0          0          0        116   fpinit.o

    ----------------------------------------------------------------------
      5342        508          0         32        104      76666   Library Totals
        22          0          0          3          4          0   (incl. Padding)

    ----------------------------------------------------------------------

      Code (inc. data)   RO Data    RW Data    ZI Data      Debug   Library Name

      5112        492          0         29        100      76266   RTX_CM4.lib
       198         16          0          0          0        284   c_w.l
        10          0          0          0          0        116   fz_wm.l

    ----------------------------------------------------------------------
      5342        508          0         32        104      76666   Library Totals

    ----------------------------------------------------------------------

==============================================================================


      Code (inc. data)   RO Data    RW Data    ZI Data      Debug   

      5816        604       1160         68      27604     725755   Grand Totals
      5816        604       1160         68      27604     725755   ELF Image Totals
      5816        604       1160         68          0          0   ROM Totals

==============================================================================

    Total RO  Size (Code + RO Data)                 6976 (   6.81kB)
    Total RW  Size (RW Data + ZI Data)             27672 (  27.02kB)
    Total ROM Size (Code + RO Data + RW Data)       7044 (   6.88kB)

==============================================================================

